[INFO] Scanning for projects...
[INFO] 
[INFO] ------------------------< com.jpmc:midas-core >-------------------------
[INFO] Building midas-core 1.0.0
[INFO] --------------------------------[ jar ]---------------------------------
[INFO] 
[INFO] --- maven-resources-plugin:3.3.1:resources (default-resources) @ midas-core ---
[INFO] skip non existing resourceDirectory /Users/alijebril/repos/forage-midas/src/main/resources
[INFO] skip non existing resourceDirectory /Users/alijebril/repos/forage-midas/src/main/resources
[INFO] 
[INFO] --- maven-compiler-plugin:3.11.0:compile (default-compile) @ midas-core ---
[INFO] Nothing to compile - all classes are up to date
[INFO] 
[INFO] --- maven-resources-plugin:3.3.1:testResources (default-testResources) @ midas-core ---
[INFO] Copying 5 resources from src/test/resources to target/test-classes
[INFO] 
[INFO] --- maven-compiler-plugin:3.11.0:testCompile (default-testCompile) @ midas-core ---
[INFO] Nothing to compile - all classes are up to date
[INFO] 
[INFO] --- maven-surefire-plugin:3.1.2:test (default-test) @ midas-core ---
[INFO] Using auto detected provider org.apache.maven.surefire.junitplatform.JUnitPlatformProvider
[INFO] 
[INFO] -------------------------------------------------------
[INFO]  T E S T S
[INFO] -------------------------------------------------------
[INFO] Running com.jpmc.midascore.TaskTwoTests
20:18:47.591 [main] INFO org.springframework.test.context.support.AnnotationConfigContextLoaderUtils -- Could not detect default configuration classes for test class [com.jpmc.midascore.TaskTwoTests]: TaskTwoTests does not declare any static, non-private, non-final, nested classes annotated with @Configuration.
20:18:47.643 [main] INFO org.springframework.boot.test.context.SpringBootTestContextBootstrapper -- Found @SpringBootConfiguration com.jpmc.midascore.MidasCoreApplication for test class com.jpmc.midascore.TaskTwoTests

  .   ____          _            __ _ _
 /\\ / ___'_ __ _ _(_)_ __  __ _ \ \ \ \
( ( )\___ | '_ | '_| | '_ \/ _` | \ \ \ \
 \\/  ___)| |_)| | | | | || (_| |  ) ) ) )
  '  |____| .__|_| |_|_| |_\__, | / / / /
 =========|_|==============|___/=/_/_/_/
 :: Spring Boot ::                (v3.2.5)

2026-05-13T20:18:48.067-05:00  INFO 84603 --- [           main] k.utils.Log4jControllerRegistration$     : Registered kafka:type=kafka.Log4jController MBean
2026-05-13T20:18:48.084-05:00  INFO 84603 --- [           main] org.apache.zookeeper.common.X509Util     : Setting -D jdk.tls.rejectClientInitiatedRenegotiation=true to disable client-initiated TLS renegotiation
2026-05-13T20:18:48.149-05:00  INFO 84603 --- [-kit-executor-1] kafka.server.ControllerServer            : Formatting /var/folders/4b/78jh3wg557g9b0y05m2_3bwc0000gn/T/kafka-16318625058273804632/controller_0 with metadata.version 3.3-IV0.
2026-05-13T20:18:48.150-05:00  INFO 84603 --- [-kit-executor-3] kafka.server.BrokerServer                : [BrokerServer id=0] Transition from SHUTDOWN to STARTING
2026-05-13T20:18:48.150-05:00  INFO 84603 --- [-kit-executor-2] kafka.server.ControllerServer            : [ControllerServer id=0] Starting controller
2026-05-13T20:18:48.150-05:00  INFO 84603 --- [-kit-executor-3] kafka.server.SharedServer                : [SharedServer id=0] Starting SharedServer
2026-05-13T20:18:48.160-05:00  INFO 84603 --- [-kit-executor-2] o.a.k.s.network.EndpointReadyFutures     : authorizerStart completed for endpoint CONTROLLER. Endpoint is now READY.
2026-05-13T20:18:48.205-05:00  INFO 84603 --- [-kit-executor-3] kafka.log.UnifiedLog$                    : [LogLoader partition=__cluster_metadata-0, dir=/var/folders/4b/78jh3wg557g9b0y05m2_3bwc0000gn/T/kafka-16318625058273804632/controller_0] Loading producer state till offset 0 with message format version 2
2026-05-13T20:18:48.206-05:00  INFO 84603 --- [-kit-executor-3] kafka.log.UnifiedLog$                    : [LogLoader partition=__cluster_metadata-0, dir=/var/folders/4b/78jh3wg557g9b0y05m2_3bwc0000gn/T/kafka-16318625058273804632/controller_0] Reloading from producer snapshot and rebuilding producer state from offset 0
2026-05-13T20:18:48.206-05:00  INFO 84603 --- [-kit-executor-3] kafka.log.UnifiedLog$                    : [LogLoader partition=__cluster_metadata-0, dir=/var/folders/4b/78jh3wg557g9b0y05m2_3bwc0000gn/T/kafka-16318625058273804632/controller_0] Producer state recovery took 0ms for snapshot load and 0ms for segment recovery from offset 0
2026-05-13T20:18:48.229-05:00  INFO 84603 --- [-kit-executor-3] kafka.raft.KafkaMetadataLog$             : Initialized snapshots with IDs SortedSet() from /var/folders/4b/78jh3wg557g9b0y05m2_3bwc0000gn/T/kafka-16318625058273804632/controller_0/__cluster_metadata-0
2026-05-13T20:18:48.254-05:00  INFO 84603 --- [piration-reaper] ExpirationService$ExpiredOperationReaper : [raft-expiration-reaper]: Starting
2026-05-13T20:18:48.278-05:00  INFO 84603 --- [-kit-executor-3] org.apache.kafka.raft.QuorumState        : [RaftManager id=0] Completed transition to Unattached(epoch=0, voters=[0], electionTimeoutMs=1191) from null
2026-05-13T20:18:48.282-05:00  INFO 84603 --- [-kit-executor-3] org.apache.kafka.raft.QuorumState        : [RaftManager id=0] Completed transition to CandidateState(localId=0, epoch=1, retries=1, voteStates={0=GRANTED}, highWatermark=Optional.empty, electionTimeoutMs=1244) from Unattached(epoch=0, voters=[0], electionTimeoutMs=1191)
2026-05-13T20:18:48.288-05:00  INFO 84603 --- [-kit-executor-3] org.apache.kafka.raft.QuorumState        : [RaftManager id=0] Completed transition to Leader(localId=0, epoch=1, epochStartOffset=0, highWatermark=Optional.empty, voterStates={0=ReplicaState(nodeId=0, endOffset=Optional.empty, lastFetchTimestamp=-1, lastCaughtUpTimestamp=-1, hasAcknowledgedLeader=true)}) from CandidateState(localId=0, epoch=1, retries=1, voteStates={0=GRANTED}, highWatermark=Optional.empty, electionTimeoutMs=1244)
2026-05-13T20:18:48.324-05:00  INFO 84603 --- [-kit-executor-2] kafka.network.ConnectionQuotas           : Updated connection-accept-rate max connection creation rate to 2147483647
2026-05-13T20:18:48.336-05:00  INFO 84603 --- [-kit-executor-2] kafka.network.DataPlaneAcceptor          : Awaiting socket connections on localhost:59881.
2026-05-13T20:18:48.336-05:00  INFO 84603 --- [-kit-executor-2] kafka.network.DataPlaneAcceptor          : Opened wildcard endpoint localhost:59881
2026-05-13T20:18:48.344-05:00  INFO 84603 --- [-kit-executor-2] kafka.network.SocketServer               : [SocketServer listenerType=CONTROLLER, nodeId=0] Created data-plane acceptor and processors for endpoint : ListenerName(CONTROLLER)
2026-05-13T20:18:48.346-05:00  INFO 84603 --- [-request-thread] kafka.raft.RaftSendThread                : [kafka-0-raft-outbound-request-thread]: Starting
2026-05-13T20:18:48.346-05:00  INFO 84603 --- [-raft-io-thread] k.raft.KafkaRaftManager$RaftIoThread     : [kafka-0-raft-io-thread]: Starting
2026-05-13T20:18:48.353-05:00  INFO 84603 --- [-raft-io-thread] org.apache.kafka.raft.LeaderState        : [RaftManager id=0] High watermark set to LogOffsetMetadata(offset=1, metadata=Optional[(segmentBaseOffset=0,relativePositionInSegment=91)]) for the first time for epoch 1 based on indexOfHw 0 and voters [ReplicaState(nodeId=0, endOffset=Optional[LogOffsetMetadata(offset=1, metadata=Optional[(segmentBaseOffset=0,relativePositionInSegment=91)])], lastFetchTimestamp=-1, lastCaughtUpTimestamp=-1, hasAcknowledgedLeader=true)]
2026-05-13T20:18:48.357-05:00  INFO 84603 --- [r-event-handler] o.a.kafka.image.loader.MetadataLoader    : [MetadataLoader id=0] initializeNewPublishers: The loader is still catching up because we have loaded up to offset -1, but the high water mark is 1
2026-05-13T20:18:48.357-05:00  INFO 84603 --- [-kit-executor-3] kafka.server.BrokerServer                : [BrokerServer id=0] Starting broker
2026-05-13T20:18:48.357-05:00  INFO 84603 --- [-kit-executor-2] kafka.server.ControllerServer            : [ControllerServer id=0] Waiting for controller quorum voters future
2026-05-13T20:18:48.357-05:00  INFO 84603 --- [-kit-executor-2] kafka.server.ControllerServer            : [ControllerServer id=0] Finished waiting for controller quorum voters future
2026-05-13T20:18:48.361-05:00  INFO 84603 --- [-raft-io-thread] org.apache.kafka.raft.KafkaRaftClient    : [RaftManager id=0] Registered the listener org.apache.kafka.image.loader.MetadataLoader@573042146
2026-05-13T20:18:48.365-05:00  INFO 84603 --- [nelReaper-Fetch] lientQuotaManager$ThrottledChannelReaper : [broker-0-ThrottledChannelReaper-Fetch]: Starting
2026-05-13T20:18:48.365-05:00  INFO 84603 --- [lReaper-Produce] lientQuotaManager$ThrottledChannelReaper : [broker-0-ThrottledChannelReaper-Produce]: Starting
2026-05-13T20:18:48.366-05:00  INFO 84603 --- [r-event-handler] o.a.kafka.image.loader.MetadataLoader    : [MetadataLoader id=0] maybePublishMetadata(LOG_DELTA): The loader is still catching up because we have not loaded a controller record as of offset 0 and high water mark is 1
2026-05-13T20:18:48.366-05:00  INFO 84603 --- [lReaper-Request] lientQuotaManager$ThrottledChannelReaper : [broker-0-ThrottledChannelReaper-Request]: Starting
2026-05-13T20:18:48.367-05:00  INFO 84603 --- [trollerMutation] lientQuotaManager$ThrottledChannelReaper : [broker-0-ThrottledChannelReaper-ControllerMutation]: Starting
2026-05-13T20:18:48.371-05:00  INFO 84603 --- [-kit-executor-2] o.a.kafka.controller.QuorumController    : [QuorumController id=0] Creating new QuorumController with clusterId kaYIZJaqTH6ZDMJDQAdMJg.
2026-05-13T20:18:48.372-05:00  INFO 84603 --- [-raft-io-thread] org.apache.kafka.raft.KafkaRaftClient    : [RaftManager id=0] Registered the listener org.apache.kafka.controller.QuorumController$QuorumMetaLogListener@262966170
2026-05-13T20:18:48.372-05:00  INFO 84603 --- [nelReaper-Fetch] lientQuotaManager$ThrottledChannelReaper : [controller-0-ThrottledChannelReaper-Fetch]: Starting
2026-05-13T20:18:48.372-05:00  INFO 84603 --- [lReaper-Produce] lientQuotaManager$ThrottledChannelReaper : [controller-0-ThrottledChannelReaper-Produce]: Starting
2026-05-13T20:18:48.372-05:00  INFO 84603 --- [lReaper-Request] lientQuotaManager$ThrottledChannelReaper : [controller-0-ThrottledChannelReaper-Request]: Starting
2026-05-13T20:18:48.372-05:00  INFO 84603 --- [trollerMutation] lientQuotaManager$ThrottledChannelReaper : [controller-0-ThrottledChannelReaper-ControllerMutation]: Starting
2026-05-13T20:18:48.373-05:00  INFO 84603 --- [0-event-handler] o.a.kafka.controller.QuorumController    : [QuorumController id=0] Becoming the active controller at epoch 1, next write offset 1.
2026-05-13T20:18:48.375-05:00  INFO 84603 --- [-kit-executor-3] kafka.log.LogManager                     : Log directory /var/folders/4b/78jh3wg557g9b0y05m2_3bwc0000gn/T/kafka-16318625058273804632/broker_0_data0 not found, creating it.
2026-05-13T20:18:48.375-05:00  WARN 84603 --- [0-event-handler] o.a.kafka.controller.QuorumController    : [QuorumController id=0] Performing controller activation. The metadata log appears to be empty. Appending 1 bootstrap record(s) in metadata transaction at metadata.version 3.6-IV2 from bootstrap source 'testkit'. Setting the ZK migration state to NONE since this is a de-novo KRaft cluster.
2026-05-13T20:18:48.376-05:00  INFO 84603 --- [0-event-handler] o.a.k.controller.OffsetControlManager    : [QuorumController id=0] Replayed BeginTransactionRecord(name='Bootstrap records') at offset 1.
2026-05-13T20:18:48.376-05:00  INFO 84603 --- [0-event-handler] o.a.k.controller.FeatureControlManager   : [QuorumController id=0] Replayed a FeatureLevelRecord setting metadata version to 3.6-IV2
2026-05-13T20:18:48.376-05:00  INFO 84603 --- [0-event-handler] o.a.k.controller.OffsetControlManager    : [QuorumController id=0] Replayed EndTransactionRecord() at offset 4.
2026-05-13T20:18:48.379-05:00  INFO 84603 --- [-kit-executor-3] kafka.server.BrokerServer                : [BrokerServer id=0] Waiting for controller quorum voters future
2026-05-13T20:18:48.379-05:00  INFO 84603 --- [-kit-executor-3] kafka.server.BrokerServer                : [BrokerServer id=0] Finished waiting for controller quorum voters future
2026-05-13T20:18:48.380-05:00  INFO 84603 --- [per-0-AlterAcls] perationPurgatory$ExpiredOperationReaper : [ExpirationReaper-0-AlterAcls]: Starting
2026-05-13T20:18:48.382-05:00  INFO 84603 --- [channel-manager] k.s.BrokerToControllerRequestThread      : [broker-0-to-controller-forwarding-channel-manager]: Starting
2026-05-13T20:18:48.382-05:00  INFO 84603 --- [channel-manager] k.s.BrokerToControllerRequestThread      : [broker-0-to-controller-forwarding-channel-manager]: Recorded new controller, from now on will use node localhost:59881 (id: 0 rack: null)
2026-05-13T20:18:48.385-05:00  INFO 84603 --- [r-event-handler] o.a.kafka.image.loader.MetadataLoader    : [MetadataLoader id=0] initializeNewPublishers: The loader finished catching up to the current high water mark of 1
2026-05-13T20:18:48.385-05:00  INFO 84603 --- [-kit-executor-2] kafka.server.ControllerServer            : [ControllerServer id=0] Waiting for the controller metadata publishers to be installed
2026-05-13T20:18:48.386-05:00  INFO 84603 --- [-kit-executor-2] kafka.server.ControllerServer            : [ControllerServer id=0] Finished waiting for the controller metadata publishers to be installed
2026-05-13T20:18:48.386-05:00  INFO 84603 --- [-kit-executor-2] kafka.network.SocketServer               : [SocketServer listenerType=CONTROLLER, nodeId=0] Enabling request processing.
2026-05-13T20:18:48.387-05:00  INFO 84603 --- [-kit-executor-2] kafka.server.ControllerServer            : [ControllerServer id=0] Waiting for all of the authorizer futures to be completed
2026-05-13T20:18:48.387-05:00  INFO 84603 --- [-kit-executor-2] kafka.server.ControllerServer            : [ControllerServer id=0] Finished waiting for all of the authorizer futures to be completed
2026-05-13T20:18:48.387-05:00  INFO 84603 --- [-kit-executor-2] kafka.server.ControllerServer            : [ControllerServer id=0] Waiting for all of the SocketServer Acceptors to be started
2026-05-13T20:18:48.387-05:00  INFO 84603 --- [-kit-executor-2] kafka.server.ControllerServer            : [ControllerServer id=0] Finished waiting for all of the SocketServer Acceptors to be started
2026-05-13T20:18:48.388-05:00  INFO 84603 --- [r-event-handler] o.a.kafka.image.loader.MetadataLoader    : [MetadataLoader id=0] InitializeNewPublishers: initializing SnapshotGenerator with a snapshot at offset 0
2026-05-13T20:18:48.388-05:00  INFO 84603 --- [r-event-handler] o.a.kafka.image.loader.MetadataLoader    : [MetadataLoader id=0] InitializeNewPublishers: initializing FeaturesPublisher with a snapshot at offset 0
2026-05-13T20:18:48.388-05:00  INFO 84603 --- [r-event-handler] o.a.kafka.image.loader.MetadataLoader    : [MetadataLoader id=0] InitializeNewPublishers: initializing DynamicConfigPublisher controller id=0 with a snapshot at offset 0
2026-05-13T20:18:48.388-05:00  INFO 84603 --- [r-event-handler] o.a.kafka.image.loader.MetadataLoader    : [MetadataLoader id=0] InitializeNewPublishers: initializing DynamicClientQuotaPublisher controller id=0 with a snapshot at offset 0
2026-05-13T20:18:48.389-05:00  INFO 84603 --- [r-event-handler] o.a.kafka.image.loader.MetadataLoader    : [MetadataLoader id=0] InitializeNewPublishers: initializing ScramPublisher controller id=0 with a snapshot at offset 0
2026-05-13T20:18:48.389-05:00  INFO 84603 --- [r-event-handler] o.a.kafka.image.loader.MetadataLoader    : [MetadataLoader id=0] InitializeNewPublishers: initializing DelegationTokenPublisher controller id=0 with a snapshot at offset 0
2026-05-13T20:18:48.390-05:00  INFO 84603 --- [r-event-handler] o.a.kafka.image.loader.MetadataLoader    : [MetadataLoader id=0] InitializeNewPublishers: initializing ControllerMetadataMetricsPublisher with a snapshot at offset 0
2026-05-13T20:18:48.390-05:00  INFO 84603 --- [r-event-handler] o.a.kafka.image.loader.MetadataLoader    : [MetadataLoader id=0] InitializeNewPublishers: initializing AclPublisher controller id=0 with a snapshot at offset 0
2026-05-13T20:18:48.394-05:00  INFO 84603 --- [-kit-executor-3] kafka.network.ConnectionQuotas           : Updated connection-accept-rate max connection creation rate to 2147483647
2026-05-13T20:18:48.395-05:00  INFO 84603 --- [-kit-executor-3] kafka.network.DataPlaneAcceptor          : Awaiting socket connections on localhost:59882.
2026-05-13T20:18:48.395-05:00  INFO 84603 --- [-kit-executor-3] kafka.network.DataPlaneAcceptor          : Opened wildcard endpoint localhost:59882
2026-05-13T20:18:48.396-05:00  INFO 84603 --- [-kit-executor-3] kafka.network.SocketServer               : [SocketServer listenerType=BROKER, nodeId=0] Created data-plane acceptor and processors for endpoint : ListenerName(EXTERNAL)
2026-05-13T20:18:48.398-05:00  INFO 84603 --- [channel-manager] k.s.BrokerToControllerRequestThread      : [broker-0-to-controller-alter-partition-channel-manager]: Starting
2026-05-13T20:18:48.398-05:00  INFO 84603 --- [channel-manager] k.s.BrokerToControllerRequestThread      : [broker-0-to-controller-alter-partition-channel-manager]: Recorded new controller, from now on will use node localhost:59881 (id: 0 rack: null)
2026-05-13T20:18:48.407-05:00  INFO 84603 --- [eaper-0-Produce] perationPurgatory$ExpiredOperationReaper : [ExpirationReaper-0-Produce]: Starting
2026-05-13T20:18:48.407-05:00  INFO 84603 --- [nReaper-0-Fetch] perationPurgatory$ExpiredOperationReaper : [ExpirationReaper-0-Fetch]: Starting
2026-05-13T20:18:48.408-05:00  INFO 84603 --- [0-DeleteRecords] perationPurgatory$ExpiredOperationReaper : [ExpirationReaper-0-DeleteRecords]: Starting
2026-05-13T20:18:48.408-05:00  INFO 84603 --- [r-0-ElectLeader] perationPurgatory$ExpiredOperationReaper : [ExpirationReaper-0-ElectLeader]: Starting
2026-05-13T20:18:48.408-05:00  INFO 84603 --- [r-0-RemoteFetch] perationPurgatory$ExpiredOperationReaper : [ExpirationReaper-0-RemoteFetch]: Starting
2026-05-13T20:18:48.421-05:00  INFO 84603 --- [per-0-Heartbeat] perationPurgatory$ExpiredOperationReaper : [ExpirationReaper-0-Heartbeat]: Starting
2026-05-13T20:18:48.422-05:00  INFO 84603 --- [per-0-Rebalance] perationPurgatory$ExpiredOperationReaper : [ExpirationReaper-0-Rebalance]: Starting
2026-05-13T20:18:48.437-05:00  INFO 84603 --- [channel-manager] k.s.BrokerToControllerRequestThread      : [broker-0-to-controller-heartbeat-channel-manager]: Starting
2026-05-13T20:18:48.438-05:00  INFO 84603 --- [channel-manager] k.s.BrokerToControllerRequestThread      : [broker-0-to-controller-heartbeat-channel-manager]: Recorded new controller, from now on will use node localhost:59881 (id: 0 rack: null)
2026-05-13T20:18:48.439-05:00  INFO 84603 --- [r-event-handler] kafka.server.BrokerLifecycleManager      : [BrokerLifecycleManager id=0] Incarnation uhb6IJqwQDK78af9ex9VoA of broker 0 in cluster kaYIZJaqTH6ZDMJDQAdMJg is now STARTING.
2026-05-13T20:18:48.448-05:00  INFO 84603 --- [per-0-AlterAcls] perationPurgatory$ExpiredOperationReaper : [ExpirationReaper-0-AlterAcls]: Starting
2026-05-13T20:18:48.458-05:00  INFO 84603 --- [-kit-executor-3] kafka.server.BrokerServer                : [BrokerServer id=0] Waiting for the broker metadata publishers to be installed
2026-05-13T20:18:48.458-05:00  INFO 84603 --- [-kit-executor-3] kafka.server.BrokerServer                : [BrokerServer id=0] Finished waiting for the broker metadata publishers to be installed
2026-05-13T20:18:48.458-05:00  INFO 84603 --- [r-event-handler] o.a.kafka.image.loader.MetadataLoader    : [MetadataLoader id=0] InitializeNewPublishers: initializing BrokerMetadataPublisher with a snapshot at offset 4
2026-05-13T20:18:48.458-05:00  INFO 84603 --- [-kit-executor-3] kafka.server.BrokerServer                : [BrokerServer id=0] Waiting for the controller to acknowledge that we are caught up
2026-05-13T20:18:48.458-05:00  INFO 84603 --- [r-event-handler] k.s.metadata.BrokerMetadataPublisher     : [BrokerMetadataPublisher id=0] Publishing initial metadata at offset OffsetAndEpoch(offset=4, epoch=1) with metadata.version 3.6-IV2.
2026-05-13T20:18:48.458-05:00  INFO 84603 --- [r-event-handler] kafka.log.LogManager                     : Loading logs from log dirs ArraySeq(/var/folders/4b/78jh3wg557g9b0y05m2_3bwc0000gn/T/kafka-16318625058273804632/broker_0_data0)
2026-05-13T20:18:48.460-05:00  INFO 84603 --- [r-event-handler] kafka.log.LogManager                     : No logs found to be loaded in /var/folders/4b/78jh3wg557g9b0y05m2_3bwc0000gn/T/kafka-16318625058273804632/broker_0_data0
2026-05-13T20:18:48.463-05:00  INFO 84603 --- [r-event-handler] kafka.log.LogManager                     : Loaded 0 logs in 4ms
2026-05-13T20:18:48.463-05:00  INFO 84603 --- [r-event-handler] kafka.log.LogManager                     : Starting log cleanup with a period of 300000 ms.
2026-05-13T20:18:48.463-05:00  INFO 84603 --- [r-event-handler] kafka.log.LogManager                     : Starting log flusher with a default period of 9223372036854775807 ms.
2026-05-13T20:18:48.466-05:00  INFO 84603 --- [0-event-handler] o.a.k.controller.ClusterControlManager   : [QuorumController id=0] Replayed initial RegisterBrokerRecord for broker 0: RegisterBrokerRecord(brokerId=0, isMigratingZkBroker=false, incarnationId=uhb6IJqwQDK78af9ex9VoA, brokerEpoch=5, endPoints=[BrokerEndpoint(name='EXTERNAL', host='localhost', port=59882, securityProtocol=0)], features=[BrokerFeature(name='metadata.version', minSupportedVersion=1, maxSupportedVersion=14)], rack=null, fenced=true, inControlledShutdown=false)
2026-05-13T20:18:48.468-05:00  INFO 84603 --- [r-event-handler] kafka.log.LogCleaner                     : Starting the log cleaner
2026-05-13T20:18:48.471-05:00  INFO 84603 --- [leaner-thread-0] kafka.log.LogCleaner$CleanerThread       : [kafka-log-cleaner-thread-0]: Starting
2026-05-13T20:18:48.472-05:00  INFO 84603 --- [rFailureHandler] k.s.ReplicaManager$LogDirFailureHandler  : [LogDirFailureHandler]: Starting
2026-05-13T20:18:48.472-05:00  INFO 84603 --- [nSenderThread-0] kafka.server.AddPartitionsToTxnManager   : [AddPartitionsToTxnSenderThread-0]: Starting
2026-05-13T20:18:48.473-05:00  INFO 84603 --- [r-event-handler] k.coordinator.group.GroupCoordinator     : [GroupCoordinator 0]: Starting up.
2026-05-13T20:18:48.473-05:00  INFO 84603 --- [r-event-handler] k.coordinator.group.GroupCoordinator     : [GroupCoordinator 0]: Startup complete.
2026-05-13T20:18:48.473-05:00  INFO 84603 --- [r-event-handler] k.c.transaction.TransactionCoordinator   : [TransactionCoordinator id=0] Starting up.
2026-05-13T20:18:48.474-05:00  INFO 84603 --- [rSenderThread-0] k.c.t.TransactionMarkerChannelManager    : [TxnMarkerSenderThread-0]: Starting
2026-05-13T20:18:48.474-05:00  INFO 84603 --- [r-event-handler] k.c.transaction.TransactionCoordinator   : [TransactionCoordinator id=0] Startup complete.
2026-05-13T20:18:48.474-05:00  INFO 84603 --- [r-event-handler] k.s.metadata.BrokerMetadataPublisher     : [BrokerMetadataPublisher id=0] Updating metadata.version to 14 at offset OffsetAndEpoch(offset=4, epoch=1).
2026-05-13T20:18:48.496-05:00  INFO 84603 --- [channel-manager] kafka.server.BrokerLifecycleManager      : [BrokerLifecycleManager id=0] Successfully registered broker 0 with broker epoch 5
2026-05-13T20:18:48.498-05:00  INFO 84603 --- [channel-manager] kafka.server.BrokerLifecycleManager      : [BrokerLifecycleManager id=0] The broker has caught up. Transitioning from STARTING to RECOVERY.
2026-05-13T20:18:48.498-05:00  INFO 84603 --- [-kit-executor-3] kafka.server.BrokerServer                : [BrokerServer id=0] Finished waiting for the controller to acknowledge that we are caught up
2026-05-13T20:18:48.498-05:00  INFO 84603 --- [-kit-executor-3] kafka.server.BrokerServer                : [BrokerServer id=0] Waiting for the initial broker metadata update to be published
2026-05-13T20:18:48.498-05:00  INFO 84603 --- [-kit-executor-3] kafka.server.BrokerServer                : [BrokerServer id=0] Finished waiting for the initial broker metadata update to be published
2026-05-13T20:18:48.499-05:00  INFO 84603 --- [-kit-executor-3] kafka.server.KafkaConfig                 : KafkaConfig values: 
	advertised.listeners = null
	alter.config.policy.class.name = null
	alter.log.dirs.replication.quota.window.num = 11
	alter.log.dirs.replication.quota.window.size.seconds = 1
	authorizer.class.name = 
	auto.create.topics.enable = true
	auto.include.jmx.reporter = true
	auto.leader.rebalance.enable = true
	background.threads = 10
	broker.heartbeat.interval.ms = 2000
	broker.id = 0
	broker.id.generation.enable = true
	broker.rack = null
	broker.session.timeout.ms = 9000
	client.quota.callback.class = null
	compression.type = producer
	connection.failed.authentication.delay.ms = 100
	connections.max.idle.ms = 600000
	connections.max.reauth.ms = 0
	control.plane.listener.name = null
	controlled.shutdown.enable = true
	controlled.shutdown.max.retries = 3
	controlled.shutdown.retry.backoff.ms = 5000
	controller.listener.names = CONTROLLER
	controller.quorum.append.linger.ms = 25
	controller.quorum.election.backoff.max.ms = 1000
	controller.quorum.election.timeout.ms = 1000
	controller.quorum.fetch.timeout.ms = 2000
	controller.quorum.request.timeout.ms = 2000
	controller.quorum.retry.backoff.ms = 20
	controller.quorum.voters = [0@0.0.0.0:0]
	controller.quota.window.num = 11
	controller.quota.window.size.seconds = 1
	controller.socket.timeout.ms = 30000
	create.topic.policy.class.name = null
	default.replication.factor = 1
	delegation.token.expiry.check.interval.ms = 3600000
	delegation.token.expiry.time.ms = 86400000
	delegation.token.master.key = null
	delegation.token.max.lifetime.ms = 604800000
	delegation.token.secret.key = null
	delete.records.purgatory.purge.interval.requests = 1
	delete.topic.enable = true
	early.start.listeners = null
	fetch.max.bytes = 57671680
	fetch.purgatory.purge.interval.requests = 1000
	group.consumer.assignors = [org.apache.kafka.coordinator.group.assignor.RangeAssignor]
	group.consumer.heartbeat.interval.ms = 5000
	group.consumer.max.heartbeat.interval.ms = 15000
	group.consumer.max.session.timeout.ms = 60000
	group.consumer.max.size = 2147483647
	group.consumer.min.heartbeat.interval.ms = 5000
	group.consumer.min.session.timeout.ms = 45000
	group.consumer.session.timeout.ms = 45000
	group.coordinator.new.enable = false
	group.coordinator.threads = 1
	group.initial.rebalance.delay.ms = 0
	group.max.session.timeout.ms = 1800000
	group.max.size = 2147483647
	group.min.session.timeout.ms = 6000
	initial.broker.registration.timeout.ms = 60000
	inter.broker.listener.name = EXTERNAL
	inter.broker.protocol.version = 3.6-IV2
	kafka.metrics.polling.interval.secs = 10
	kafka.metrics.reporters = []
	leader.imbalance.check.interval.seconds = 300
	leader.imbalance.per.broker.percentage = 10
	listener.security.protocol.map = EXTERNAL:PLAINTEXT,CONTROLLER:PLAINTEXT
	listeners = EXTERNAL://localhost:0,CONTROLLER://localhost:0
	log.cleaner.backoff.ms = 15000
	log.cleaner.dedupe.buffer.size = 2097152
	log.cleaner.delete.retention.ms = 86400000
	log.cleaner.enable = true
	log.cleaner.io.buffer.load.factor = 0.9
	log.cleaner.io.buffer.size = 524288
	log.cleaner.io.max.bytes.per.second = 1.7976931348623157E308
	log.cleaner.max.compaction.lag.ms = 9223372036854775807
	log.cleaner.min.cleanable.ratio = 0.5
	log.cleaner.min.compaction.lag.ms = 0
	log.cleaner.threads = 1
	log.cleanup.policy = [delete]
	log.dir = /tmp/kafka-logs
	log.dirs = /var/folders/4b/78jh3wg557g9b0y05m2_3bwc0000gn/T/kafka-16318625058273804632/broker_0_data0
	log.flush.interval.messages = 9223372036854775807
	log.flush.interval.ms = null
	log.flush.offset.checkpoint.interval.ms = 60000
	log.flush.scheduler.interval.ms = 9223372036854775807
	log.flush.start.offset.checkpoint.interval.ms = 60000
	log.index.interval.bytes = 4096
	log.index.size.max.bytes = 10485760
	log.local.retention.bytes = -2
	log.local.retention.ms = -2
	log.message.downconversion.enable = true
	log.message.format.version = 3.0-IV1
	log.message.timestamp.after.max.ms = 9223372036854775807
	log.message.timestamp.before.max.ms = 9223372036854775807
	log.message.timestamp.difference.max.ms = 9223372036854775807
	log.message.timestamp.type = CreateTime
	log.preallocate = false
	log.retention.bytes = -1
	log.retention.check.interval.ms = 300000
	log.retention.hours = 168
	log.retention.minutes = null
	log.retention.ms = null
	log.roll.hours = 168
	log.roll.jitter.hours = 0
	log.roll.jitter.ms = null
	log.roll.ms = null
	log.segment.bytes = 1073741824
	log.segment.delete.delay.ms = 60000
	max.connection.creation.rate = 2147483647
	max.connections = 2147483647
	max.connections.per.ip = 2147483647
	max.connections.per.ip.overrides = 
	max.incremental.fetch.session.cache.slots = 1000
	message.max.bytes = 1048588
	metadata.log.dir = /var/folders/4b/78jh3wg557g9b0y05m2_3bwc0000gn/T/kafka-16318625058273804632/controller_0
	metadata.log.max.record.bytes.between.snapshots = 20971520
	metadata.log.max.snapshot.interval.ms = 3600000
	metadata.log.segment.bytes = 1073741824
	metadata.log.segment.min.bytes = 8388608
	metadata.log.segment.ms = 604800000
	metadata.max.idle.interval.ms = 500
	metadata.max.retention.bytes = 104857600
	metadata.max.retention.ms = 604800000
	metric.reporters = []
	metrics.num.samples = 2
	metrics.recording.level = INFO
	metrics.sample.window.ms = 30000
	min.insync.replicas = 1
	node.id = 0
	num.io.threads = 8
	num.network.threads = 3
	num.partitions = 1
	num.recovery.threads.per.data.dir = 1
	num.replica.alter.log.dirs.threads = null
	num.replica.fetchers = 1
	offset.metadata.max.bytes = 4096
	offsets.commit.required.acks = -1
	offsets.commit.timeout.ms = 5000
	offsets.load.buffer.size = 5242880
	offsets.retention.check.interval.ms = 600000
	offsets.retention.minutes = 10080
	offsets.topic.compression.codec = 0
	offsets.topic.num.partitions = 50
	offsets.topic.replication.factor = 1
	offsets.topic.segment.bytes = 104857600
	password.encoder.cipher.algorithm = AES/CBC/PKCS5Padding
	password.encoder.iterations = 4096
	password.encoder.key.length = 128
	password.encoder.keyfactory.algorithm = null
	password.encoder.old.secret = null
	password.encoder.secret = null
	principal.builder.class = class org.apache.kafka.common.security.authenticator.DefaultKafkaPrincipalBuilder
	process.roles = [broker, controller]
	producer.id.expiration.check.interval.ms = 600000
	producer.id.expiration.ms = 86400000
	producer.purgatory.purge.interval.requests = 1000
	queued.max.request.bytes = -1
	queued.max.requests = 500
	quota.window.num = 11
	quota.window.size.seconds = 1
	remote.log.index.file.cache.total.size.bytes = 1073741824
	remote.log.manager.task.interval.ms = 30000
	remote.log.manager.task.retry.backoff.max.ms = 30000
	remote.log.manager.task.retry.backoff.ms = 500
	remote.log.manager.task.retry.jitter = 0.2
	remote.log.manager.thread.pool.size = 10
	remote.log.metadata.custom.metadata.max.bytes = 128
	remote.log.metadata.manager.class.name = org.apache.kafka.server.log.remote.metadata.storage.TopicBasedRemoteLogMetadataManager
	remote.log.metadata.manager.class.path = null
	remote.log.metadata.manager.impl.prefix = rlmm.config.
	remote.log.metadata.manager.listener.name = null
	remote.log.reader.max.pending.tasks = 100
	remote.log.reader.threads = 10
	remote.log.storage.manager.class.name = null
	remote.log.storage.manager.class.path = null
	remote.log.storage.manager.impl.prefix = rsm.config.
	remote.log.storage.system.enable = false
	replica.fetch.backoff.ms = 1000
	replica.fetch.max.bytes = 1048576
	replica.fetch.min.bytes = 1
	replica.fetch.response.max.bytes = 10485760
	replica.fetch.wait.max.ms = 500
	replica.high.watermark.checkpoint.interval.ms = 5000
	replica.lag.time.max.ms = 30000
	replica.selector.class = null
	replica.socket.receive.buffer.bytes = 65536
	replica.socket.timeout.ms = 30000
	replication.quota.window.num = 11
	replication.quota.window.size.seconds = 1
	request.timeout.ms = 30000
	reserved.broker.max.id = 1000
	sasl.client.callback.handler.class = null
	sasl.enabled.mechanisms = [GSSAPI]
	sasl.jaas.config = null
	sasl.kerberos.kinit.cmd = /usr/bin/kinit
	sasl.kerberos.min.time.before.relogin = 60000
	sasl.kerberos.principal.to.local.rules = [DEFAULT]
	sasl.kerberos.service.name = null
	sasl.kerberos.ticket.renew.jitter = 0.05
	sasl.kerberos.ticket.renew.window.factor = 0.8
	sasl.login.callback.handler.class = null
	sasl.login.class = null
	sasl.login.connect.timeout.ms = null
	sasl.login.read.timeout.ms = null
	sasl.login.refresh.buffer.seconds = 300
	sasl.login.refresh.min.period.seconds = 60
	sasl.login.refresh.window.factor = 0.8
	sasl.login.refresh.window.jitter = 0.05
	sasl.login.retry.backoff.max.ms = 10000
	sasl.login.retry.backoff.ms = 100
	sasl.mechanism.controller.protocol = GSSAPI
	sasl.mechanism.inter.broker.protocol = GSSAPI
	sasl.oauthbearer.clock.skew.seconds = 30
	sasl.oauthbearer.expected.audience = null
	sasl.oauthbearer.expected.issuer = null
	sasl.oauthbearer.jwks.endpoint.refresh.ms = 3600000
	sasl.oauthbearer.jwks.endpoint.retry.backoff.max.ms = 10000
	sasl.oauthbearer.jwks.endpoint.retry.backoff.ms = 100
	sasl.oauthbearer.jwks.endpoint.url = null
	sasl.oauthbearer.scope.claim.name = scope
	sasl.oauthbearer.sub.claim.name = sub
	sasl.oauthbearer.token.endpoint.url = null
	sasl.server.callback.handler.class = null
	sasl.server.max.receive.size = 524288
	security.inter.broker.protocol = PLAINTEXT
	security.providers = null
	server.max.startup.time.ms = 600000
	socket.connection.setup.timeout.max.ms = 30000
	socket.connection.setup.timeout.ms = 10000
	socket.listen.backlog.size = 50
	socket.receive.buffer.bytes = 102400
	socket.request.max.bytes = 104857600
	socket.send.buffer.bytes = 102400
	ssl.cipher.suites = []
	ssl.client.auth = none
	ssl.enabled.protocols = [TLSv1.2, TLSv1.3]
	ssl.endpoint.identification.algorithm = https
	ssl.engine.factory.class = null
	ssl.key.password = null
	ssl.keymanager.algorithm = SunX509
	ssl.keystore.certificate.chain = null
	ssl.keystore.key = null
	ssl.keystore.location = null
	ssl.keystore.password = null
	ssl.keystore.type = JKS
	ssl.principal.mapping.rules = DEFAULT
	ssl.protocol = TLSv1.3
	ssl.provider = null
	ssl.secure.random.implementation = null
	ssl.trustmanager.algorithm = PKIX
	ssl.truststore.certificates = null
	ssl.truststore.location = null
	ssl.truststore.password = null
	ssl.truststore.type = JKS
	transaction.abort.timed.out.transaction.cleanup.interval.ms = 10000
	transaction.max.timeout.ms = 900000
	transaction.partition.verification.enable = true
	transaction.remove.expired.transaction.cleanup.interval.ms = 3600000
	transaction.state.log.load.buffer.size = 5242880
	transaction.state.log.min.isr = 2
	transaction.state.log.num.partitions = 50
	transaction.state.log.replication.factor = 3
	transaction.state.log.segment.bytes = 104857600
	transactional.id.expiration.ms = 604800000
	unclean.leader.election.enable = false
	unstable.api.versions.enable = false
	zookeeper.clientCnxnSocket = null
	zookeeper.connect = null
	zookeeper.connection.timeout.ms = null
	zookeeper.max.in.flight.requests = 10
	zookeeper.metadata.migration.enable = false
	zookeeper.metadata.migration.min.batch.size = 200
	zookeeper.session.timeout.ms = 18000
	zookeeper.set.acl = false
	zookeeper.ssl.cipher.suites = null
	zookeeper.ssl.client.enable = false
	zookeeper.ssl.crl.enable = false
	zookeeper.ssl.enabled.protocols = null
	zookeeper.ssl.endpoint.identification.algorithm = HTTPS
	zookeeper.ssl.keystore.location = null
	zookeeper.ssl.keystore.password = null
	zookeeper.ssl.keystore.type = null
	zookeeper.ssl.ocsp.enable = false
	zookeeper.ssl.protocol = TLSv1.2
	zookeeper.ssl.truststore.location = null
	zookeeper.ssl.truststore.password = null
	zookeeper.ssl.truststore.type = null

2026-05-13T20:18:48.502-05:00  INFO 84603 --- [-kit-executor-3] kafka.server.BrokerServer                : [BrokerServer id=0] Waiting for the broker to be unfenced
2026-05-13T20:18:48.502-05:00  INFO 84603 --- [0-event-handler] o.a.k.controller.BrokerHeartbeatManager  : [QuorumController id=0] The request from broker 0 to unfence has been granted because it has caught up with the offset of its register broker record 5.
2026-05-13T20:18:48.505-05:00  INFO 84603 --- [0-event-handler] o.a.k.controller.ClusterControlManager   : [QuorumController id=0] Replayed BrokerRegistrationChangeRecord modifying the registration for broker 0: BrokerRegistrationChangeRecord(brokerId=0, brokerEpoch=5, fenced=-1, inControlledShutdown=0)
2026-05-13T20:18:48.537-05:00  INFO 84603 --- [channel-manager] kafka.server.BrokerLifecycleManager      : [BrokerLifecycleManager id=0] The broker has been unfenced. Transitioning from RECOVERY to RUNNING.
2026-05-13T20:18:48.537-05:00  INFO 84603 --- [-kit-executor-3] kafka.server.BrokerServer                : [BrokerServer id=0] Finished waiting for the broker to be unfenced
2026-05-13T20:18:48.537-05:00  INFO 84603 --- [-kit-executor-3] o.a.k.s.network.EndpointReadyFutures     : authorizerStart completed for endpoint EXTERNAL. Endpoint is now READY.
2026-05-13T20:18:48.537-05:00  INFO 84603 --- [-kit-executor-3] kafka.network.SocketServer               : [SocketServer listenerType=BROKER, nodeId=0] Enabling request processing.
2026-05-13T20:18:48.537-05:00  INFO 84603 --- [-kit-executor-3] kafka.server.BrokerServer                : [BrokerServer id=0] Waiting for all of the authorizer futures to be completed
2026-05-13T20:18:48.538-05:00  INFO 84603 --- [-kit-executor-3] kafka.server.BrokerServer                : [BrokerServer id=0] Finished waiting for all of the authorizer futures to be completed
2026-05-13T20:18:48.538-05:00  INFO 84603 --- [-kit-executor-3] kafka.server.BrokerServer                : [BrokerServer id=0] Waiting for all of the SocketServer Acceptors to be started
2026-05-13T20:18:48.538-05:00  INFO 84603 --- [-kit-executor-3] kafka.server.BrokerServer                : [BrokerServer id=0] Finished waiting for all of the SocketServer Acceptors to be started
2026-05-13T20:18:48.538-05:00  INFO 84603 --- [-kit-executor-3] kafka.server.BrokerServer                : [BrokerServer id=0] Transition from STARTING to STARTED
2026-05-13T20:18:48.546-05:00  INFO 84603 --- [           main] o.a.k.clients.admin.AdminClientConfig    : AdminClientConfig values: 
	auto.include.jmx.reporter = true
	bootstrap.servers = [localhost:59882]
	client.dns.lookup = use_all_dns_ips
	client.id = 
	connections.max.idle.ms = 300000
	default.api.timeout.ms = 60000
	metadata.max.age.ms = 300000
	metric.reporters = []
	metrics.num.samples = 2
	metrics.recording.level = INFO
	metrics.sample.window.ms = 30000
	receive.buffer.bytes = 65536
	reconnect.backoff.max.ms = 1000
	reconnect.backoff.ms = 50
	request.timeout.ms = 30000
	retries = 2147483647
	retry.backoff.ms = 100
	sasl.client.callback.handler.class = null
	sasl.jaas.config = null
	sasl.kerberos.kinit.cmd = /usr/bin/kinit
	sasl.kerberos.min.time.before.relogin = 60000
	sasl.kerberos.service.name = null
	sasl.kerberos.ticket.renew.jitter = 0.05
	sasl.kerberos.ticket.renew.window.factor = 0.8
	sasl.login.callback.handler.class = null
	sasl.login.class = null
	sasl.login.connect.timeout.ms = null
	sasl.login.read.timeout.ms = null
	sasl.login.refresh.buffer.seconds = 300
	sasl.login.refresh.min.period.seconds = 60
	sasl.login.refresh.window.factor = 0.8
	sasl.login.refresh.window.jitter = 0.05
	sasl.login.retry.backoff.max.ms = 10000
	sasl.login.retry.backoff.ms = 100
	sasl.mechanism = GSSAPI
	sasl.oauthbearer.clock.skew.seconds = 30
	sasl.oauthbearer.expected.audience = null
	sasl.oauthbearer.expected.issuer = null
	sasl.oauthbearer.jwks.endpoint.refresh.ms = 3600000
	sasl.oauthbearer.jwks.endpoint.retry.backoff.max.ms = 10000
	sasl.oauthbearer.jwks.endpoint.retry.backoff.ms = 100
	sasl.oauthbearer.jwks.endpoint.url = null
	sasl.oauthbearer.scope.claim.name = scope
	sasl.oauthbearer.sub.claim.name = sub
	sasl.oauthbearer.token.endpoint.url = null
	security.protocol = PLAINTEXT
	security.providers = null
	send.buffer.bytes = 131072
	socket.connection.setup.timeout.max.ms = 30000
	socket.connection.setup.timeout.ms = 10000
	ssl.cipher.suites = null
	ssl.enabled.protocols = [TLSv1.2, TLSv1.3]
	ssl.endpoint.identification.algorithm = https
	ssl.engine.factory.class = null
	ssl.key.password = null
	ssl.keymanager.algorithm = SunX509
	ssl.keystore.certificate.chain = null
	ssl.keystore.key = null
	ssl.keystore.location = null
	ssl.keystore.password = null
	ssl.keystore.type = JKS
	ssl.protocol = TLSv1.3
	ssl.provider = null
	ssl.secure.random.implementation = null
	ssl.trustmanager.algorithm = PKIX
	ssl.truststore.certificates = null
	ssl.truststore.location = null
	ssl.truststore.password = null
	ssl.truststore.type = JKS

2026-05-13T20:18:48.556-05:00  INFO 84603 --- [           main] o.a.kafka.common.utils.AppInfoParser     : Kafka version: 3.6.2
2026-05-13T20:18:48.556-05:00  INFO 84603 --- [           main] o.a.kafka.common.utils.AppInfoParser     : Kafka commitId: c4deed513057c94e
2026-05-13T20:18:48.556-05:00  INFO 84603 --- [           main] o.a.kafka.common.utils.AppInfoParser     : Kafka startTimeMs: 1778721528556
2026-05-13T20:18:48.558-05:00  INFO 84603 --- [| adminclient-1] o.a.kafka.common.utils.AppInfoParser     : App info kafka.admin.client for adminclient-1 unregistered
2026-05-13T20:18:48.558-05:00  INFO 84603 --- [| adminclient-1] o.a.k.c.a.i.AdminMetadataManager         : [AdminClient clientId=adminclient-1] Metadata update failed

org.apache.kafka.common.errors.TimeoutException: Timed out waiting to send the call. Call: fetchMetadata

2026-05-13T20:18:48.559-05:00  INFO 84603 --- [| adminclient-1] o.a.k.clients.admin.KafkaAdminClient     : [AdminClient clientId=adminclient-1] Timed out 1 remaining operation(s) during close.
2026-05-13T20:18:48.561-05:00  INFO 84603 --- [| adminclient-1] o.apache.kafka.common.metrics.Metrics    : Metrics scheduler closed
2026-05-13T20:18:48.561-05:00  INFO 84603 --- [| adminclient-1] o.apache.kafka.common.metrics.Metrics    : Closing reporter org.apache.kafka.common.metrics.JmxReporter
2026-05-13T20:18:48.562-05:00  INFO 84603 --- [| adminclient-1] o.apache.kafka.common.metrics.Metrics    : Metrics reporters closed
2026-05-13T20:18:48.565-05:00  INFO 84603 --- [           main] com.jpmc.midascore.TaskTwoTests          : Starting TaskTwoTests using Java 21.0.10 with PID 84603 (started by alijebril in /Users/alijebril/repos/forage-midas)
2026-05-13T20:18:48.566-05:00  INFO 84603 --- [           main] com.jpmc.midascore.TaskTwoTests          : No active profile set, falling back to 1 default profile: "default"
2026-05-13T20:18:48.842-05:00  INFO 84603 --- [           main] .s.d.r.c.RepositoryConfigurationDelegate : Bootstrapping Spring Data JPA repositories in DEFAULT mode.
2026-05-13T20:18:48.865-05:00  INFO 84603 --- [           main] .s.d.r.c.RepositoryConfigurationDelegate : Finished Spring Data repository scanning in 18 ms. Found 1 JPA repository interface.
2026-05-13T20:18:49.074-05:00  INFO 84603 --- [           main] com.zaxxer.hikari.HikariDataSource       : HikariPool-1 - Starting...
2026-05-13T20:18:49.176-05:00  INFO 84603 --- [           main] com.zaxxer.hikari.pool.HikariPool        : HikariPool-1 - Added connection conn0: url=jdbc:h2:mem:f3ca19c0-51b7-4c71-ad4b-6e1641d828e4 user=SA
2026-05-13T20:18:49.176-05:00  INFO 84603 --- [           main] com.zaxxer.hikari.HikariDataSource       : HikariPool-1 - Start completed.
2026-05-13T20:18:49.202-05:00  INFO 84603 --- [           main] o.hibernate.jpa.internal.util.LogHelper  : HHH000204: Processing PersistenceUnitInfo [name: default]
2026-05-13T20:18:49.237-05:00  INFO 84603 --- [           main] org.hibernate.Version                    : HHH000412: Hibernate ORM core version 6.4.4.Final
2026-05-13T20:18:49.254-05:00  INFO 84603 --- [           main] o.h.c.internal.RegionFactoryInitiator    : HHH000026: Second-level cache disabled
2026-05-13T20:18:49.363-05:00  INFO 84603 --- [           main] o.s.o.j.p.SpringPersistenceUnitInfo      : No LoadTimeWeaver setup: ignoring JPA class transformer
2026-05-13T20:18:49.808-05:00  INFO 84603 --- [           main] o.h.e.t.j.p.i.JtaPlatformInitiator       : HHH000489: No JTA platform available (set 'hibernate.transaction.jta.platform' to enable JTA platform integration)
2026-05-13T20:18:49.821-05:00  INFO 84603 --- [           main] j.LocalContainerEntityManagerFactoryBean : Initialized JPA EntityManagerFactory for persistence unit 'default'
2026-05-13T20:18:50.057-05:00  WARN 84603 --- [           main] JpaBaseConfiguration$JpaWebConfiguration : spring.jpa.open-in-view is enabled by default. Therefore, database queries may be performed during view rendering. Explicitly configure spring.jpa.open-in-view to disable this warning
2026-05-13T20:18:50.234-05:00  INFO 84603 --- [           main] o.a.k.clients.consumer.ConsumerConfig    : ConsumerConfig values: 
	allow.auto.create.topics = true
	auto.commit.interval.ms = 5000
	auto.include.jmx.reporter = true
	auto.offset.reset = earliest
	bootstrap.servers = [localhost:59882]
	check.crcs = true
	client.dns.lookup = use_all_dns_ips
	client.id = consumer-midas-core-1
	client.rack = 
	connections.max.idle.ms = 540000
	default.api.timeout.ms = 60000
	enable.auto.commit = false
	exclude.internal.topics = true
	fetch.max.bytes = 52428800
	fetch.max.wait.ms = 500
	fetch.min.bytes = 1
	group.id = midas-core
	group.instance.id = null
	heartbeat.interval.ms = 3000
	interceptor.classes = []
	internal.leave.group.on.close = true
	internal.throw.on.fetch.stable.offset.unsupported = false
	isolation.level = read_uncommitted
	key.deserializer = class org.apache.kafka.common.serialization.StringDeserializer
	max.partition.fetch.bytes = 1048576
	max.poll.interval.ms = 300000
	max.poll.records = 500
	metadata.max.age.ms = 300000
	metric.reporters = []
	metrics.num.samples = 2
	metrics.recording.level = INFO
	metrics.sample.window.ms = 30000
	partition.assignment.strategy = [class org.apache.kafka.clients.consumer.RangeAssignor, class org.apache.kafka.clients.consumer.CooperativeStickyAssignor]
	receive.buffer.bytes = 65536
	reconnect.backoff.max.ms = 1000
	reconnect.backoff.ms = 50
	request.timeout.ms = 30000
	retry.backoff.ms = 100
	sasl.client.callback.handler.class = null
	sasl.jaas.config = null
	sasl.kerberos.kinit.cmd = /usr/bin/kinit
	sasl.kerberos.min.time.before.relogin = 60000
	sasl.kerberos.service.name = null
	sasl.kerberos.ticket.renew.jitter = 0.05
	sasl.kerberos.ticket.renew.window.factor = 0.8
	sasl.login.callback.handler.class = null
	sasl.login.class = null
	sasl.login.connect.timeout.ms = null
	sasl.login.read.timeout.ms = null
	sasl.login.refresh.buffer.seconds = 300
	sasl.login.refresh.min.period.seconds = 60
	sasl.login.refresh.window.factor = 0.8
	sasl.login.refresh.window.jitter = 0.05
	sasl.login.retry.backoff.max.ms = 10000
	sasl.login.retry.backoff.ms = 100
	sasl.mechanism = GSSAPI
	sasl.oauthbearer.clock.skew.seconds = 30
	sasl.oauthbearer.expected.audience = null
	sasl.oauthbearer.expected.issuer = null
	sasl.oauthbearer.jwks.endpoint.refresh.ms = 3600000
	sasl.oauthbearer.jwks.endpoint.retry.backoff.max.ms = 10000
	sasl.oauthbearer.jwks.endpoint.retry.backoff.ms = 100
	sasl.oauthbearer.jwks.endpoint.url = null
	sasl.oauthbearer.scope.claim.name = scope
	sasl.oauthbearer.sub.claim.name = sub
	sasl.oauthbearer.token.endpoint.url = null
	security.protocol = PLAINTEXT
	security.providers = null
	send.buffer.bytes = 131072
	session.timeout.ms = 45000
	socket.connection.setup.timeout.max.ms = 30000
	socket.connection.setup.timeout.ms = 10000
	ssl.cipher.suites = null
	ssl.enabled.protocols = [TLSv1.2, TLSv1.3]
	ssl.endpoint.identification.algorithm = https
	ssl.engine.factory.class = null
	ssl.key.password = null
	ssl.keymanager.algorithm = SunX509
	ssl.keystore.certificate.chain = null
	ssl.keystore.key = null
	ssl.keystore.location = null
	ssl.keystore.password = null
	ssl.keystore.type = JKS
	ssl.protocol = TLSv1.3
	ssl.provider = null
	ssl.secure.random.implementation = null
	ssl.trustmanager.algorithm = PKIX
	ssl.truststore.certificates = null
	ssl.truststore.location = null
	ssl.truststore.password = null
	ssl.truststore.type = JKS
	value.deserializer = class org.springframework.kafka.support.serializer.JsonDeserializer

2026-05-13T20:18:50.253-05:00  INFO 84603 --- [           main] o.a.kafka.common.utils.AppInfoParser     : Kafka version: 3.6.2
2026-05-13T20:18:50.253-05:00  INFO 84603 --- [           main] o.a.kafka.common.utils.AppInfoParser     : Kafka commitId: c4deed513057c94e
2026-05-13T20:18:50.253-05:00  INFO 84603 --- [           main] o.a.kafka.common.utils.AppInfoParser     : Kafka startTimeMs: 1778721530253
2026-05-13T20:18:50.253-05:00  INFO 84603 --- [           main] fkaConsumerFactory$ExtendedKafkaConsumer : [Consumer clientId=consumer-midas-core-1, groupId=midas-core] Subscribed to topic(s): trader-updates
2026-05-13T20:18:50.263-05:00  INFO 84603 --- [           main] com.jpmc.midascore.TaskTwoTests          : Started TaskTwoTests in 2.554 seconds (process running for 3.085)
2026-05-13T20:18:50.269-05:00  INFO 84603 --- [quest-handler-5] k.s.DefaultAutoTopicCreationManager      : Sent auto-creation request for Set(trader-updates) to the active controller.
2026-05-13T20:18:50.274-05:00  INFO 84603 --- [quest-handler-2] k.s.DefaultAutoTopicCreationManager      : Sent auto-creation request for Set(__consumer_offsets) to the active controller.
2026-05-13T20:18:50.275-05:00  WARN 84603 --- [ntainer#0-0-C-1] org.apache.kafka.clients.NetworkClient   : [Consumer clientId=consumer-midas-core-1, groupId=midas-core] Error while fetching metadata with correlation id 2 : {trader-updates=UNKNOWN_TOPIC_OR_PARTITION}
2026-05-13T20:18:50.276-05:00  INFO 84603 --- [ntainer#0-0-C-1] org.apache.kafka.clients.Metadata        : [Consumer clientId=consumer-midas-core-1, groupId=midas-core] Cluster ID: kaYIZJaqTH6ZDMJDQAdMJg
2026-05-13T20:18:50.279-05:00  INFO 84603 --- [0-event-handler] o.a.k.c.ReplicationControlManager        : [QuorumController id=0] CreateTopics result(s): CreatableTopic(name='trader-updates', numPartitions=1, replicationFactor=1, assignments=[], configs=[]): SUCCESS
2026-05-13T20:18:50.279-05:00  INFO 84603 --- [0-event-handler] o.a.k.c.ReplicationControlManager        : [QuorumController id=0] Replayed TopicRecord for topic trader-updates with topic ID DRDheOh8TACOPk6eY8ez3w.
2026-05-13T20:18:50.279-05:00  INFO 84603 --- [0-event-handler] o.a.k.c.ReplicationControlManager        : [QuorumController id=0] Replayed PartitionRecord for new partition trader-updates-0 with topic ID DRDheOh8TACOPk6eY8ez3w and PartitionRegistration(replicas=[0], isr=[0], removingReplicas=[], addingReplicas=[], leader=0, leaderRecoveryState=RECOVERED, leaderEpoch=0, partitionEpoch=0).
2026-05-13T20:18:50.311-05:00  INFO 84603 --- [r-event-handler] state.change.logger                      : [Broker id=0] Transitioning 1 partition(s) to local leaders.
2026-05-13T20:18:50.312-05:00  INFO 84603 --- [r-event-handler] kafka.server.ReplicaFetcherManager       : [ReplicaFetcherManager on broker 0] Removed fetcher for partitions Set(trader-updates-0)
2026-05-13T20:18:50.312-05:00  INFO 84603 --- [r-event-handler] state.change.logger                      : [Broker id=0] Creating new partition trader-updates-0 with topic id DRDheOh8TACOPk6eY8ez3w.
2026-05-13T20:18:50.313-05:00  INFO 84603 --- [0-event-handler] o.a.k.c.ReplicationControlManager        : [QuorumController id=0] CreateTopics result(s): CreatableTopic(name='__consumer_offsets', numPartitions=50, replicationFactor=1, assignments=[], configs=[CreateableTopicConfig(name='compression.type', value='producer'), CreateableTopicConfig(name='cleanup.policy', value='compact'), CreateableTopicConfig(name='segment.bytes', value='104857600')]): SUCCESS
2026-05-13T20:18:50.314-05:00  INFO 84603 --- [0-event-handler] o.a.k.c.ReplicationControlManager        : [QuorumController id=0] Replayed TopicRecord for topic __consumer_offsets with topic ID mLHGpngGTE2rn--FeEA7jQ.
2026-05-13T20:18:50.314-05:00  INFO 84603 --- [0-event-handler] o.a.k.c.ConfigurationControlManager      : [QuorumController id=0] Replayed ConfigRecord for ConfigResource(type=TOPIC, name='__consumer_offsets') which set configuration compression.type to producer
2026-05-13T20:18:50.314-05:00  INFO 84603 --- [0-event-handler] o.a.k.c.ConfigurationControlManager      : [QuorumController id=0] Replayed ConfigRecord for ConfigResource(type=TOPIC, name='__consumer_offsets') which set configuration cleanup.policy to compact
2026-05-13T20:18:50.314-05:00  INFO 84603 --- [0-event-handler] o.a.k.c.ConfigurationControlManager      : [QuorumController id=0] Replayed ConfigRecord for ConfigResource(type=TOPIC, name='__consumer_offsets') which set configuration segment.bytes to 104857600
2026-05-13T20:18:50.314-05:00  INFO 84603 --- [0-event-handler] o.a.k.c.ReplicationControlManager        : [QuorumController id=0] Replayed PartitionRecord for new partition __consumer_offsets-0 with topic ID mLHGpngGTE2rn--FeEA7jQ and PartitionRegistration(replicas=[0], isr=[0], removingReplicas=[], addingReplicas=[], leader=0, leaderRecoveryState=RECOVERED, leaderEpoch=0, partitionEpoch=0).
2026-05-13T20:18:50.314-05:00  INFO 84603 --- [0-event-handler] o.a.k.c.ReplicationControlManager        : [QuorumController id=0] Replayed PartitionRecord for new partition __consumer_offsets-1 with topic ID mLHGpngGTE2rn--FeEA7jQ and PartitionRegistration(replicas=[0], isr=[0], removingReplicas=[], addingReplicas=[], leader=0, leaderRecoveryState=RECOVERED, leaderEpoch=0, partitionEpoch=0).
2026-05-13T20:18:50.314-05:00  INFO 84603 --- [0-event-handler] o.a.k.c.ReplicationControlManager        : [QuorumController id=0] Replayed PartitionRecord for new partition __consumer_offsets-2 with topic ID mLHGpngGTE2rn--FeEA7jQ and PartitionRegistration(replicas=[0], isr=[0], removingReplicas=[], addingReplicas=[], leader=0, leaderRecoveryState=RECOVERED, leaderEpoch=0, partitionEpoch=0).
2026-05-13T20:18:50.314-05:00  INFO 84603 --- [0-event-handler] o.a.k.c.ReplicationControlManager        : [QuorumController id=0] Replayed PartitionRecord for new partition __consumer_offsets-3 with topic ID mLHGpngGTE2rn--FeEA7jQ and PartitionRegistration(replicas=[0], isr=[0], removingReplicas=[], addingReplicas=[], leader=0, leaderRecoveryState=RECOVERED, leaderEpoch=0, partitionEpoch=0).
2026-05-13T20:18:50.314-05:00  INFO 84603 --- [0-event-handler] o.a.k.c.ReplicationControlManager        : [QuorumController id=0] Replayed PartitionRecord for new partition __consumer_offsets-4 with topic ID mLHGpngGTE2rn--FeEA7jQ and PartitionRegistration(replicas=[0], isr=[0], removingReplicas=[], addingReplicas=[], leader=0, leaderRecoveryState=RECOVERED, leaderEpoch=0, partitionEpoch=0).
2026-05-13T20:18:50.314-05:00  INFO 84603 --- [0-event-handler] o.a.k.c.ReplicationControlManager        : [QuorumController id=0] Replayed PartitionRecord for new partition __consumer_offsets-5 with topic ID mLHGpngGTE2rn--FeEA7jQ and PartitionRegistration(replicas=[0], isr=[0], removingReplicas=[], addingReplicas=[], leader=0, leaderRecoveryState=RECOVERED, leaderEpoch=0, partitionEpoch=0).
2026-05-13T20:18:50.314-05:00  INFO 84603 --- [0-event-handler] o.a.k.c.ReplicationControlManager        : [QuorumController id=0] Replayed PartitionRecord for new partition __consumer_offsets-6 with topic ID mLHGpngGTE2rn--FeEA7jQ and PartitionRegistration(replicas=[0], isr=[0], removingReplicas=[], addingReplicas=[], leader=0, leaderRecoveryState=RECOVERED, leaderEpoch=0, partitionEpoch=0).
2026-05-13T20:18:50.314-05:00  INFO 84603 --- [0-event-handler] o.a.k.c.ReplicationControlManager        : [QuorumController id=0] Replayed PartitionRecord for new partition __consumer_offsets-7 with topic ID mLHGpngGTE2rn--FeEA7jQ and PartitionRegistration(replicas=[0], isr=[0], removingReplicas=[], addingReplicas=[], leader=0, leaderRecoveryState=RECOVERED, leaderEpoch=0, partitionEpoch=0).
2026-05-13T20:18:50.314-05:00  INFO 84603 --- [0-event-handler] o.a.k.c.ReplicationControlManager        : [QuorumController id=0] Replayed PartitionRecord for new partition __consumer_offsets-8 with topic ID mLHGpngGTE2rn--FeEA7jQ and PartitionRegistration(replicas=[0], isr=[0], removingReplicas=[], addingReplicas=[], leader=0, leaderRecoveryState=RECOVERED, leaderEpoch=0, partitionEpoch=0).
2026-05-13T20:18:50.314-05:00  INFO 84603 --- [0-event-handler] o.a.k.c.ReplicationControlManager        : [QuorumController id=0] Replayed PartitionRecord for new partition __consumer_offsets-9 with topic ID mLHGpngGTE2rn--FeEA7jQ and PartitionRegistration(replicas=[0], isr=[0], removingReplicas=[], addingReplicas=[], leader=0, leaderRecoveryState=RECOVERED, leaderEpoch=0, partitionEpoch=0).
2026-05-13T20:18:50.314-05:00  INFO 84603 --- [0-event-handler] o.a.k.c.ReplicationControlManager        : [QuorumController id=0] Replayed PartitionRecord for new partition __consumer_offsets-10 with topic ID mLHGpngGTE2rn--FeEA7jQ and PartitionRegistration(replicas=[0], isr=[0], removingReplicas=[], addingReplicas=[], leader=0, leaderRecoveryState=RECOVERED, leaderEpoch=0, partitionEpoch=0).
2026-05-13T20:18:50.314-05:00  INFO 84603 --- [0-event-handler] o.a.k.c.ReplicationControlManager        : [QuorumController id=0] Replayed PartitionRecord for new partition __consumer_offsets-11 with topic ID mLHGpngGTE2rn--FeEA7jQ and PartitionRegistration(replicas=[0], isr=[0], removingReplicas=[], addingReplicas=[], leader=0, leaderRecoveryState=RECOVERED, leaderEpoch=0, partitionEpoch=0).
2026-05-13T20:18:50.314-05:00  INFO 84603 --- [0-event-handler] o.a.k.c.ReplicationControlManager        : [QuorumController id=0] Replayed PartitionRecord for new partition __consumer_offsets-12 with topic ID mLHGpngGTE2rn--FeEA7jQ and PartitionRegistration(replicas=[0], isr=[0], removingReplicas=[], addingReplicas=[], leader=0, leaderRecoveryState=RECOVERED, leaderEpoch=0, partitionEpoch=0).
2026-05-13T20:18:50.314-05:00  INFO 84603 --- [0-event-handler] o.a.k.c.ReplicationControlManager        : [QuorumController id=0] Replayed PartitionRecord for new partition __consumer_offsets-13 with topic ID mLHGpngGTE2rn--FeEA7jQ and PartitionRegistration(replicas=[0], isr=[0], removingReplicas=[], addingReplicas=[], leader=0, leaderRecoveryState=RECOVERED, leaderEpoch=0, partitionEpoch=0).
2026-05-13T20:18:50.315-05:00  INFO 84603 --- [0-event-handler] o.a.k.c.ReplicationControlManager        : [QuorumController id=0] Replayed PartitionRecord for new partition __consumer_offsets-14 with topic ID mLHGpngGTE2rn--FeEA7jQ and PartitionRegistration(replicas=[0], isr=[0], removingReplicas=[], addingReplicas=[], leader=0, leaderRecoveryState=RECOVERED, leaderEpoch=0, partitionEpoch=0).
2026-05-13T20:18:50.315-05:00  INFO 84603 --- [0-event-handler] o.a.k.c.ReplicationControlManager        : [QuorumController id=0] Replayed PartitionRecord for new partition __consumer_offsets-15 with topic ID mLHGpngGTE2rn--FeEA7jQ and PartitionRegistration(replicas=[0], isr=[0], removingReplicas=[], addingReplicas=[], leader=0, leaderRecoveryState=RECOVERED, leaderEpoch=0, partitionEpoch=0).
2026-05-13T20:18:50.315-05:00  INFO 84603 --- [0-event-handler] o.a.k.c.ReplicationControlManager        : [QuorumController id=0] Replayed PartitionRecord for new partition __consumer_offsets-16 with topic ID mLHGpngGTE2rn--FeEA7jQ and PartitionRegistration(replicas=[0], isr=[0], removingReplicas=[], addingReplicas=[], leader=0, leaderRecoveryState=RECOVERED, leaderEpoch=0, partitionEpoch=0).
2026-05-13T20:18:50.315-05:00  INFO 84603 --- [0-event-handler] o.a.k.c.ReplicationControlManager        : [QuorumController id=0] Replayed PartitionRecord for new partition __consumer_offsets-17 with topic ID mLHGpngGTE2rn--FeEA7jQ and PartitionRegistration(replicas=[0], isr=[0], removingReplicas=[], addingReplicas=[], leader=0, leaderRecoveryState=RECOVERED, leaderEpoch=0, partitionEpoch=0).
2026-05-13T20:18:50.315-05:00  INFO 84603 --- [0-event-handler] o.a.k.c.ReplicationControlManager        : [QuorumController id=0] Replayed PartitionRecord for new partition __consumer_offsets-18 with topic ID mLHGpngGTE2rn--FeEA7jQ and PartitionRegistration(replicas=[0], isr=[0], removingReplicas=[], addingReplicas=[], leader=0, leaderRecoveryState=RECOVERED, leaderEpoch=0, partitionEpoch=0).
2026-05-13T20:18:50.315-05:00  INFO 84603 --- [0-event-handler] o.a.k.c.ReplicationControlManager        : [QuorumController id=0] Replayed PartitionRecord for new partition __consumer_offsets-19 with topic ID mLHGpngGTE2rn--FeEA7jQ and PartitionRegistration(replicas=[0], isr=[0], removingReplicas=[], addingReplicas=[], leader=0, leaderRecoveryState=RECOVERED, leaderEpoch=0, partitionEpoch=0).
2026-05-13T20:18:50.315-05:00  INFO 84603 --- [0-event-handler] o.a.k.c.ReplicationControlManager        : [QuorumController id=0] Replayed PartitionRecord for new partition __consumer_offsets-20 with topic ID mLHGpngGTE2rn--FeEA7jQ and PartitionRegistration(replicas=[0], isr=[0], removingReplicas=[], addingReplicas=[], leader=0, leaderRecoveryState=RECOVERED, leaderEpoch=0, partitionEpoch=0).
2026-05-13T20:18:50.315-05:00  INFO 84603 --- [0-event-handler] o.a.k.c.ReplicationControlManager        : [QuorumController id=0] Replayed PartitionRecord for new partition __consumer_offsets-21 with topic ID mLHGpngGTE2rn--FeEA7jQ and PartitionRegistration(replicas=[0], isr=[0], removingReplicas=[], addingReplicas=[], leader=0, leaderRecoveryState=RECOVERED, leaderEpoch=0, partitionEpoch=0).
2026-05-13T20:18:50.315-05:00  INFO 84603 --- [0-event-handler] o.a.k.c.ReplicationControlManager        : [QuorumController id=0] Replayed PartitionRecord for new partition __consumer_offsets-22 with topic ID mLHGpngGTE2rn--FeEA7jQ and PartitionRegistration(replicas=[0], isr=[0], removingReplicas=[], addingReplicas=[], leader=0, leaderRecoveryState=RECOVERED, leaderEpoch=0, partitionEpoch=0).
2026-05-13T20:18:50.315-05:00  INFO 84603 --- [0-event-handler] o.a.k.c.ReplicationControlManager        : [QuorumController id=0] Replayed PartitionRecord for new partition __consumer_offsets-23 with topic ID mLHGpngGTE2rn--FeEA7jQ and PartitionRegistration(replicas=[0], isr=[0], removingReplicas=[], addingReplicas=[], leader=0, leaderRecoveryState=RECOVERED, leaderEpoch=0, partitionEpoch=0).
2026-05-13T20:18:50.315-05:00  INFO 84603 --- [0-event-handler] o.a.k.c.ReplicationControlManager        : [QuorumController id=0] Replayed PartitionRecord for new partition __consumer_offsets-24 with topic ID mLHGpngGTE2rn--FeEA7jQ and PartitionRegistration(replicas=[0], isr=[0], removingReplicas=[], addingReplicas=[], leader=0, leaderRecoveryState=RECOVERED, leaderEpoch=0, partitionEpoch=0).
2026-05-13T20:18:50.315-05:00  INFO 84603 --- [0-event-handler] o.a.k.c.ReplicationControlManager        : [QuorumController id=0] Replayed PartitionRecord for new partition __consumer_offsets-25 with topic ID mLHGpngGTE2rn--FeEA7jQ and PartitionRegistration(replicas=[0], isr=[0], removingReplicas=[], addingReplicas=[], leader=0, leaderRecoveryState=RECOVERED, leaderEpoch=0, partitionEpoch=0).
2026-05-13T20:18:50.315-05:00  INFO 84603 --- [0-event-handler] o.a.k.c.ReplicationControlManager        : [QuorumController id=0] Replayed PartitionRecord for new partition __consumer_offsets-26 with topic ID mLHGpngGTE2rn--FeEA7jQ and PartitionRegistration(replicas=[0], isr=[0], removingReplicas=[], addingReplicas=[], leader=0, leaderRecoveryState=RECOVERED, leaderEpoch=0, partitionEpoch=0).
2026-05-13T20:18:50.315-05:00  INFO 84603 --- [0-event-handler] o.a.k.c.ReplicationControlManager        : [QuorumController id=0] Replayed PartitionRecord for new partition __consumer_offsets-27 with topic ID mLHGpngGTE2rn--FeEA7jQ and PartitionRegistration(replicas=[0], isr=[0], removingReplicas=[], addingReplicas=[], leader=0, leaderRecoveryState=RECOVERED, leaderEpoch=0, partitionEpoch=0).
2026-05-13T20:18:50.315-05:00  INFO 84603 --- [0-event-handler] o.a.k.c.ReplicationControlManager        : [QuorumController id=0] Replayed PartitionRecord for new partition __consumer_offsets-28 with topic ID mLHGpngGTE2rn--FeEA7jQ and PartitionRegistration(replicas=[0], isr=[0], removingReplicas=[], addingReplicas=[], leader=0, leaderRecoveryState=RECOVERED, leaderEpoch=0, partitionEpoch=0).
2026-05-13T20:18:50.315-05:00  INFO 84603 --- [0-event-handler] o.a.k.c.ReplicationControlManager        : [QuorumController id=0] Replayed PartitionRecord for new partition __consumer_offsets-29 with topic ID mLHGpngGTE2rn--FeEA7jQ and PartitionRegistration(replicas=[0], isr=[0], removingReplicas=[], addingReplicas=[], leader=0, leaderRecoveryState=RECOVERED, leaderEpoch=0, partitionEpoch=0).
2026-05-13T20:18:50.315-05:00  INFO 84603 --- [0-event-handler] o.a.k.c.ReplicationControlManager        : [QuorumController id=0] Replayed PartitionRecord for new partition __consumer_offsets-30 with topic ID mLHGpngGTE2rn--FeEA7jQ and PartitionRegistration(replicas=[0], isr=[0], removingReplicas=[], addingReplicas=[], leader=0, leaderRecoveryState=RECOVERED, leaderEpoch=0, partitionEpoch=0).
2026-05-13T20:18:50.315-05:00  INFO 84603 --- [0-event-handler] o.a.k.c.ReplicationControlManager        : [QuorumController id=0] Replayed PartitionRecord for new partition __consumer_offsets-31 with topic ID mLHGpngGTE2rn--FeEA7jQ and PartitionRegistration(replicas=[0], isr=[0], removingReplicas=[], addingReplicas=[], leader=0, leaderRecoveryState=RECOVERED, leaderEpoch=0, partitionEpoch=0).
2026-05-13T20:18:50.315-05:00  INFO 84603 --- [0-event-handler] o.a.k.c.ReplicationControlManager        : [QuorumController id=0] Replayed PartitionRecord for new partition __consumer_offsets-32 with topic ID mLHGpngGTE2rn--FeEA7jQ and PartitionRegistration(replicas=[0], isr=[0], removingReplicas=[], addingReplicas=[], leader=0, leaderRecoveryState=RECOVERED, leaderEpoch=0, partitionEpoch=0).
2026-05-13T20:18:50.315-05:00  INFO 84603 --- [0-event-handler] o.a.k.c.ReplicationControlManager        : [QuorumController id=0] Replayed PartitionRecord for new partition __consumer_offsets-33 with topic ID mLHGpngGTE2rn--FeEA7jQ and PartitionRegistration(replicas=[0], isr=[0], removingReplicas=[], addingReplicas=[], leader=0, leaderRecoveryState=RECOVERED, leaderEpoch=0, partitionEpoch=0).
2026-05-13T20:18:50.315-05:00  INFO 84603 --- [0-event-handler] o.a.k.c.ReplicationControlManager        : [QuorumController id=0] Replayed PartitionRecord for new partition __consumer_offsets-34 with topic ID mLHGpngGTE2rn--FeEA7jQ and PartitionRegistration(replicas=[0], isr=[0], removingReplicas=[], addingReplicas=[], leader=0, leaderRecoveryState=RECOVERED, leaderEpoch=0, partitionEpoch=0).
2026-05-13T20:18:50.315-05:00  INFO 84603 --- [0-event-handler] o.a.k.c.ReplicationControlManager        : [QuorumController id=0] Replayed PartitionRecord for new partition __consumer_offsets-35 with topic ID mLHGpngGTE2rn--FeEA7jQ and PartitionRegistration(replicas=[0], isr=[0], removingReplicas=[], addingReplicas=[], leader=0, leaderRecoveryState=RECOVERED, leaderEpoch=0, partitionEpoch=0).
2026-05-13T20:18:50.315-05:00  INFO 84603 --- [0-event-handler] o.a.k.c.ReplicationControlManager        : [QuorumController id=0] Replayed PartitionRecord for new partition __consumer_offsets-36 with topic ID mLHGpngGTE2rn--FeEA7jQ and PartitionRegistration(replicas=[0], isr=[0], removingReplicas=[], addingReplicas=[], leader=0, leaderRecoveryState=RECOVERED, leaderEpoch=0, partitionEpoch=0).
2026-05-13T20:18:50.316-05:00  INFO 84603 --- [0-event-handler] o.a.k.c.ReplicationControlManager        : [QuorumController id=0] Replayed PartitionRecord for new partition __consumer_offsets-37 with topic ID mLHGpngGTE2rn--FeEA7jQ and PartitionRegistration(replicas=[0], isr=[0], removingReplicas=[], addingReplicas=[], leader=0, leaderRecoveryState=RECOVERED, leaderEpoch=0, partitionEpoch=0).
2026-05-13T20:18:50.316-05:00  INFO 84603 --- [0-event-handler] o.a.k.c.ReplicationControlManager        : [QuorumController id=0] Replayed PartitionRecord for new partition __consumer_offsets-38 with topic ID mLHGpngGTE2rn--FeEA7jQ and PartitionRegistration(replicas=[0], isr=[0], removingReplicas=[], addingReplicas=[], leader=0, leaderRecoveryState=RECOVERED, leaderEpoch=0, partitionEpoch=0).
2026-05-13T20:18:50.316-05:00  INFO 84603 --- [0-event-handler] o.a.k.c.ReplicationControlManager        : [QuorumController id=0] Replayed PartitionRecord for new partition __consumer_offsets-39 with topic ID mLHGpngGTE2rn--FeEA7jQ and PartitionRegistration(replicas=[0], isr=[0], removingReplicas=[], addingReplicas=[], leader=0, leaderRecoveryState=RECOVERED, leaderEpoch=0, partitionEpoch=0).
2026-05-13T20:18:50.316-05:00  INFO 84603 --- [0-event-handler] o.a.k.c.ReplicationControlManager        : [QuorumController id=0] Replayed PartitionRecord for new partition __consumer_offsets-40 with topic ID mLHGpngGTE2rn--FeEA7jQ and PartitionRegistration(replicas=[0], isr=[0], removingReplicas=[], addingReplicas=[], leader=0, leaderRecoveryState=RECOVERED, leaderEpoch=0, partitionEpoch=0).
2026-05-13T20:18:50.316-05:00  INFO 84603 --- [0-event-handler] o.a.k.c.ReplicationControlManager        : [QuorumController id=0] Replayed PartitionRecord for new partition __consumer_offsets-41 with topic ID mLHGpngGTE2rn--FeEA7jQ and PartitionRegistration(replicas=[0], isr=[0], removingReplicas=[], addingReplicas=[], leader=0, leaderRecoveryState=RECOVERED, leaderEpoch=0, partitionEpoch=0).
2026-05-13T20:18:50.316-05:00  INFO 84603 --- [0-event-handler] o.a.k.c.ReplicationControlManager        : [QuorumController id=0] Replayed PartitionRecord for new partition __consumer_offsets-42 with topic ID mLHGpngGTE2rn--FeEA7jQ and PartitionRegistration(replicas=[0], isr=[0], removingReplicas=[], addingReplicas=[], leader=0, leaderRecoveryState=RECOVERED, leaderEpoch=0, partitionEpoch=0).
2026-05-13T20:18:50.316-05:00  INFO 84603 --- [0-event-handler] o.a.k.c.ReplicationControlManager        : [QuorumController id=0] Replayed PartitionRecord for new partition __consumer_offsets-43 with topic ID mLHGpngGTE2rn--FeEA7jQ and PartitionRegistration(replicas=[0], isr=[0], removingReplicas=[], addingReplicas=[], leader=0, leaderRecoveryState=RECOVERED, leaderEpoch=0, partitionEpoch=0).
2026-05-13T20:18:50.316-05:00  INFO 84603 --- [0-event-handler] o.a.k.c.ReplicationControlManager        : [QuorumController id=0] Replayed PartitionRecord for new partition __consumer_offsets-44 with topic ID mLHGpngGTE2rn--FeEA7jQ and PartitionRegistration(replicas=[0], isr=[0], removingReplicas=[], addingReplicas=[], leader=0, leaderRecoveryState=RECOVERED, leaderEpoch=0, partitionEpoch=0).
2026-05-13T20:18:50.316-05:00  INFO 84603 --- [0-event-handler] o.a.k.c.ReplicationControlManager        : [QuorumController id=0] Replayed PartitionRecord for new partition __consumer_offsets-45 with topic ID mLHGpngGTE2rn--FeEA7jQ and PartitionRegistration(replicas=[0], isr=[0], removingReplicas=[], addingReplicas=[], leader=0, leaderRecoveryState=RECOVERED, leaderEpoch=0, partitionEpoch=0).
2026-05-13T20:18:50.316-05:00  INFO 84603 --- [0-event-handler] o.a.k.c.ReplicationControlManager        : [QuorumController id=0] Replayed PartitionRecord for new partition __consumer_offsets-46 with topic ID mLHGpngGTE2rn--FeEA7jQ and PartitionRegistration(replicas=[0], isr=[0], removingReplicas=[], addingReplicas=[], leader=0, leaderRecoveryState=RECOVERED, leaderEpoch=0, partitionEpoch=0).
2026-05-13T20:18:50.316-05:00  INFO 84603 --- [0-event-handler] o.a.k.c.ReplicationControlManager        : [QuorumController id=0] Replayed PartitionRecord for new partition __consumer_offsets-47 with topic ID mLHGpngGTE2rn--FeEA7jQ and PartitionRegistration(replicas=[0], isr=[0], removingReplicas=[], addingReplicas=[], leader=0, leaderRecoveryState=RECOVERED, leaderEpoch=0, partitionEpoch=0).
2026-05-13T20:18:50.316-05:00  INFO 84603 --- [0-event-handler] o.a.k.c.ReplicationControlManager        : [QuorumController id=0] Replayed PartitionRecord for new partition __consumer_offsets-48 with topic ID mLHGpngGTE2rn--FeEA7jQ and PartitionRegistration(replicas=[0], isr=[0], removingReplicas=[], addingReplicas=[], leader=0, leaderRecoveryState=RECOVERED, leaderEpoch=0, partitionEpoch=0).
2026-05-13T20:18:50.316-05:00  INFO 84603 --- [0-event-handler] o.a.k.c.ReplicationControlManager        : [QuorumController id=0] Replayed PartitionRecord for new partition __consumer_offsets-49 with topic ID mLHGpngGTE2rn--FeEA7jQ and PartitionRegistration(replicas=[0], isr=[0], removingReplicas=[], addingReplicas=[], leader=0, leaderRecoveryState=RECOVERED, leaderEpoch=0, partitionEpoch=0).
2026-05-13T20:18:50.321-05:00  INFO 84603 --- [r-event-handler] kafka.log.UnifiedLog$                    : [LogLoader partition=trader-updates-0, dir=/var/folders/4b/78jh3wg557g9b0y05m2_3bwc0000gn/T/kafka-16318625058273804632/broker_0_data0] Loading producer state till offset 0 with message format version 2
2026-05-13T20:18:50.322-05:00  INFO 84603 --- [r-event-handler] kafka.log.LogManager                     : Created log for partition trader-updates-0 in /var/folders/4b/78jh3wg557g9b0y05m2_3bwc0000gn/T/kafka-16318625058273804632/broker_0_data0/trader-updates-0 with properties {}
2026-05-13T20:18:50.323-05:00  INFO 84603 --- [r-event-handler] kafka.cluster.Partition                  : [Partition trader-updates-0 broker=0] No checkpointed highwatermark is found for partition trader-updates-0
2026-05-13T20:18:50.324-05:00  INFO 84603 --- [r-event-handler] kafka.cluster.Partition                  : [Partition trader-updates-0 broker=0] Log loaded for partition trader-updates-0 with initial high watermark 0
2026-05-13T20:18:50.325-05:00  INFO 84603 --- [r-event-handler] state.change.logger                      : [Broker id=0] Leader trader-updates-0 with topic id Some(DRDheOh8TACOPk6eY8ez3w) starts at leader epoch 0 from offset 0 with partition epoch 0, high watermark 0, ISR [0], adding replicas [] and removing replicas [] . Previous leader None and previous leader epoch was -1.
2026-05-13T20:18:50.346-05:00  INFO 84603 --- [r-event-handler] state.change.logger                      : [Broker id=0] Transitioning 50 partition(s) to local leaders.
2026-05-13T20:18:50.346-05:00  INFO 84603 --- [r-event-handler] kafka.server.ReplicaFetcherManager       : [ReplicaFetcherManager on broker 0] Removed fetcher for partitions Set(__consumer_offsets-13, __consumer_offsets-46, __consumer_offsets-9, __consumer_offsets-42, __consumer_offsets-21, __consumer_offsets-17, __consumer_offsets-30, __consumer_offsets-26, __consumer_offsets-5, __consumer_offsets-38, __consumer_offsets-1, __consumer_offsets-34, __consumer_offsets-16, __consumer_offsets-45, __consumer_offsets-12, __consumer_offsets-41, __consumer_offsets-24, __consumer_offsets-20, __consumer_offsets-49, __consumer_offsets-0, __consumer_offsets-29, __consumer_offsets-25, __consumer_offsets-8, __consumer_offsets-37, __consumer_offsets-4, __consumer_offsets-33, __consumer_offsets-15, __consumer_offsets-48, __consumer_offsets-11, __consumer_offsets-44, __consumer_offsets-23, __consumer_offsets-19, __consumer_offsets-32, __consumer_offsets-28, __consumer_offsets-7, __consumer_offsets-40, __consumer_offsets-3, __consumer_offsets-36, __consumer_offsets-47, __consumer_offsets-14, __consumer_offsets-43, __consumer_offsets-10, __consumer_offsets-22, __consumer_offsets-18, __consumer_offsets-31, __consumer_offsets-27, __consumer_offsets-39, __consumer_offsets-6, __consumer_offsets-35, __consumer_offsets-2)
2026-05-13T20:18:50.346-05:00  INFO 84603 --- [r-event-handler] state.change.logger                      : [Broker id=0] Creating new partition __consumer_offsets-13 with topic id mLHGpngGTE2rn--FeEA7jQ.
2026-05-13T20:18:50.352-05:00  INFO 84603 --- [r-event-handler] kafka.log.UnifiedLog$                    : [LogLoader partition=__consumer_offsets-13, dir=/var/folders/4b/78jh3wg557g9b0y05m2_3bwc0000gn/T/kafka-16318625058273804632/broker_0_data0] Loading producer state till offset 0 with message format version 2
2026-05-13T20:18:50.352-05:00  INFO 84603 --- [r-event-handler] kafka.log.LogManager                     : Created log for partition __consumer_offsets-13 in /var/folders/4b/78jh3wg557g9b0y05m2_3bwc0000gn/T/kafka-16318625058273804632/broker_0_data0/__consumer_offsets-13 with properties {cleanup.policy=compact, compression.type="producer", segment.bytes=104857600}
2026-05-13T20:18:50.352-05:00  INFO 84603 --- [r-event-handler] kafka.cluster.Partition                  : [Partition __consumer_offsets-13 broker=0] No checkpointed highwatermark is found for partition __consumer_offsets-13
2026-05-13T20:18:50.352-05:00  INFO 84603 --- [r-event-handler] kafka.cluster.Partition                  : [Partition __consumer_offsets-13 broker=0] Log loaded for partition __consumer_offsets-13 with initial high watermark 0
2026-05-13T20:18:50.353-05:00  INFO 84603 --- [r-event-handler] state.change.logger                      : [Broker id=0] Leader __consumer_offsets-13 with topic id Some(mLHGpngGTE2rn--FeEA7jQ) starts at leader epoch 0 from offset 0 with partition epoch 0, high watermark 0, ISR [0], adding replicas [] and removing replicas [] . Previous leader None and previous leader epoch was -1.
2026-05-13T20:18:50.360-05:00  INFO 84603 --- [r-event-handler] state.change.logger                      : [Broker id=0] Creating new partition __consumer_offsets-46 with topic id mLHGpngGTE2rn--FeEA7jQ.
2026-05-13T20:18:50.363-05:00  INFO 84603 --- [r-event-handler] kafka.log.UnifiedLog$                    : [LogLoader partition=__consumer_offsets-46, dir=/var/folders/4b/78jh3wg557g9b0y05m2_3bwc0000gn/T/kafka-16318625058273804632/broker_0_data0] Loading producer state till offset 0 with message format version 2
2026-05-13T20:18:50.363-05:00  INFO 84603 --- [r-event-handler] kafka.log.LogManager                     : Created log for partition __consumer_offsets-46 in /var/folders/4b/78jh3wg557g9b0y05m2_3bwc0000gn/T/kafka-16318625058273804632/broker_0_data0/__consumer_offsets-46 with properties {cleanup.policy=compact, compression.type="producer", segment.bytes=104857600}
2026-05-13T20:18:50.363-05:00  INFO 84603 --- [r-event-handler] kafka.cluster.Partition                  : [Partition __consumer_offsets-46 broker=0] No checkpointed highwatermark is found for partition __consumer_offsets-46
2026-05-13T20:18:50.363-05:00  INFO 84603 --- [r-event-handler] kafka.cluster.Partition                  : [Partition __consumer_offsets-46 broker=0] Log loaded for partition __consumer_offsets-46 with initial high watermark 0
2026-05-13T20:18:50.363-05:00  INFO 84603 --- [r-event-handler] state.change.logger                      : [Broker id=0] Leader __consumer_offsets-46 with topic id Some(mLHGpngGTE2rn--FeEA7jQ) starts at leader epoch 0 from offset 0 with partition epoch 0, high watermark 0, ISR [0], adding replicas [] and removing replicas [] . Previous leader None and previous leader epoch was -1.
2026-05-13T20:18:50.371-05:00  INFO 84603 --- [r-event-handler] state.change.logger                      : [Broker id=0] Creating new partition __consumer_offsets-9 with topic id mLHGpngGTE2rn--FeEA7jQ.
2026-05-13T20:18:50.373-05:00  INFO 84603 --- [r-event-handler] kafka.log.UnifiedLog$                    : [LogLoader partition=__consumer_offsets-9, dir=/var/folders/4b/78jh3wg557g9b0y05m2_3bwc0000gn/T/kafka-16318625058273804632/broker_0_data0] Loading producer state till offset 0 with message format version 2
2026-05-13T20:18:50.373-05:00  INFO 84603 --- [r-event-handler] kafka.log.LogManager                     : Created log for partition __consumer_offsets-9 in /var/folders/4b/78jh3wg557g9b0y05m2_3bwc0000gn/T/kafka-16318625058273804632/broker_0_data0/__consumer_offsets-9 with properties {cleanup.policy=compact, compression.type="producer", segment.bytes=104857600}
2026-05-13T20:18:50.373-05:00  INFO 84603 --- [r-event-handler] kafka.cluster.Partition                  : [Partition __consumer_offsets-9 broker=0] No checkpointed highwatermark is found for partition __consumer_offsets-9
2026-05-13T20:18:50.373-05:00  INFO 84603 --- [r-event-handler] kafka.cluster.Partition                  : [Partition __consumer_offsets-9 broker=0] Log loaded for partition __consumer_offsets-9 with initial high watermark 0
2026-05-13T20:18:50.373-05:00  INFO 84603 --- [r-event-handler] state.change.logger                      : [Broker id=0] Leader __consumer_offsets-9 with topic id Some(mLHGpngGTE2rn--FeEA7jQ) starts at leader epoch 0 from offset 0 with partition epoch 0, high watermark 0, ISR [0], adding replicas [] and removing replicas [] . Previous leader None and previous leader epoch was -1.
2026-05-13T20:18:50.381-05:00  INFO 84603 --- [ntainer#0-0-C-1] o.a.k.c.c.internals.ConsumerCoordinator  : [Consumer clientId=consumer-midas-core-1, groupId=midas-core] Discovered group coordinator localhost:59882 (id: 2147483647 rack: null)
2026-05-13T20:18:50.381-05:00  INFO 84603 --- [r-event-handler] state.change.logger                      : [Broker id=0] Creating new partition __consumer_offsets-42 with topic id mLHGpngGTE2rn--FeEA7jQ.
2026-05-13T20:18:50.382-05:00  INFO 84603 --- [ntainer#0-0-C-1] o.a.k.c.c.internals.ConsumerCoordinator  : [Consumer clientId=consumer-midas-core-1, groupId=midas-core] (Re-)joining group
2026-05-13T20:18:50.383-05:00  INFO 84603 --- [r-event-handler] kafka.log.UnifiedLog$                    : [LogLoader partition=__consumer_offsets-42, dir=/var/folders/4b/78jh3wg557g9b0y05m2_3bwc0000gn/T/kafka-16318625058273804632/broker_0_data0] Loading producer state till offset 0 with message format version 2
2026-05-13T20:18:50.383-05:00  INFO 84603 --- [r-event-handler] kafka.log.LogManager                     : Created log for partition __consumer_offsets-42 in /var/folders/4b/78jh3wg557g9b0y05m2_3bwc0000gn/T/kafka-16318625058273804632/broker_0_data0/__consumer_offsets-42 with properties {cleanup.policy=compact, compression.type="producer", segment.bytes=104857600}
2026-05-13T20:18:50.383-05:00  INFO 84603 --- [r-event-handler] kafka.cluster.Partition                  : [Partition __consumer_offsets-42 broker=0] No checkpointed highwatermark is found for partition __consumer_offsets-42
2026-05-13T20:18:50.383-05:00  INFO 84603 --- [r-event-handler] kafka.cluster.Partition                  : [Partition __consumer_offsets-42 broker=0] Log loaded for partition __consumer_offsets-42 with initial high watermark 0
2026-05-13T20:18:50.384-05:00  INFO 84603 --- [r-event-handler] state.change.logger                      : [Broker id=0] Leader __consumer_offsets-42 with topic id Some(mLHGpngGTE2rn--FeEA7jQ) starts at leader epoch 0 from offset 0 with partition epoch 0, high watermark 0, ISR [0], adding replicas [] and removing replicas [] . Previous leader None and previous leader epoch was -1.
2026-05-13T20:18:50.388-05:00  INFO 84603 --- [ntainer#0-0-C-1] o.a.k.c.c.internals.ConsumerCoordinator  : [Consumer clientId=consumer-midas-core-1, groupId=midas-core] Group coordinator localhost:59882 (id: 2147483647 rack: null) is unavailable or invalid due to cause: error response NOT_COORDINATOR. isDisconnected: false. Rediscovery will be attempted.
2026-05-13T20:18:50.388-05:00  INFO 84603 --- [r-event-handler] state.change.logger                      : [Broker id=0] Creating new partition __consumer_offsets-21 with topic id mLHGpngGTE2rn--FeEA7jQ.
2026-05-13T20:18:50.388-05:00  INFO 84603 --- [ntainer#0-0-C-1] o.a.k.c.c.internals.ConsumerCoordinator  : [Consumer clientId=consumer-midas-core-1, groupId=midas-core] Requesting disconnect from last known coordinator localhost:59882 (id: 2147483647 rack: null)
2026-05-13T20:18:50.388-05:00  INFO 84603 --- [ntainer#0-0-C-1] o.a.k.c.c.internals.ConsumerCoordinator  : [Consumer clientId=consumer-midas-core-1, groupId=midas-core] JoinGroup failed: This is not the correct coordinator. Marking coordinator unknown. Sent generation was Generation{generationId=-1, memberId='', protocol='null'}
2026-05-13T20:18:50.388-05:00  INFO 84603 --- [ntainer#0-0-C-1] org.apache.kafka.clients.NetworkClient   : [Consumer clientId=consumer-midas-core-1, groupId=midas-core] Client requested disconnect from node 2147483647
2026-05-13T20:18:50.389-05:00  INFO 84603 --- [ntainer#0-0-C-1] o.a.k.c.c.internals.ConsumerCoordinator  : [Consumer clientId=consumer-midas-core-1, groupId=midas-core] Discovered group coordinator localhost:59882 (id: 2147483647 rack: null)
2026-05-13T20:18:50.390-05:00  INFO 84603 --- [ntainer#0-0-C-1] o.a.k.c.c.internals.ConsumerCoordinator  : [Consumer clientId=consumer-midas-core-1, groupId=midas-core] Group coordinator localhost:59882 (id: 2147483647 rack: null) is unavailable or invalid due to cause: coordinator unavailable. isDisconnected: false. Rediscovery will be attempted.
2026-05-13T20:18:50.390-05:00  INFO 84603 --- [ntainer#0-0-C-1] o.a.k.c.c.internals.ConsumerCoordinator  : [Consumer clientId=consumer-midas-core-1, groupId=midas-core] Requesting disconnect from last known coordinator localhost:59882 (id: 2147483647 rack: null)
2026-05-13T20:18:50.390-05:00  INFO 84603 --- [r-event-handler] kafka.log.UnifiedLog$                    : [LogLoader partition=__consumer_offsets-21, dir=/var/folders/4b/78jh3wg557g9b0y05m2_3bwc0000gn/T/kafka-16318625058273804632/broker_0_data0] Loading producer state till offset 0 with message format version 2
2026-05-13T20:18:50.390-05:00  INFO 84603 --- [r-event-handler] kafka.log.LogManager                     : Created log for partition __consumer_offsets-21 in /var/folders/4b/78jh3wg557g9b0y05m2_3bwc0000gn/T/kafka-16318625058273804632/broker_0_data0/__consumer_offsets-21 with properties {cleanup.policy=compact, compression.type="producer", segment.bytes=104857600}
2026-05-13T20:18:50.390-05:00  INFO 84603 --- [r-event-handler] kafka.cluster.Partition                  : [Partition __consumer_offsets-21 broker=0] No checkpointed highwatermark is found for partition __consumer_offsets-21
2026-05-13T20:18:50.390-05:00  INFO 84603 --- [r-event-handler] kafka.cluster.Partition                  : [Partition __consumer_offsets-21 broker=0] Log loaded for partition __consumer_offsets-21 with initial high watermark 0
2026-05-13T20:18:50.390-05:00  INFO 84603 --- [r-event-handler] state.change.logger                      : [Broker id=0] Leader __consumer_offsets-21 with topic id Some(mLHGpngGTE2rn--FeEA7jQ) starts at leader epoch 0 from offset 0 with partition epoch 0, high watermark 0, ISR [0], adding replicas [] and removing replicas [] . Previous leader None and previous leader epoch was -1.
2026-05-13T20:18:50.398-05:00  INFO 84603 --- [r-event-handler] state.change.logger                      : [Broker id=0] Creating new partition __consumer_offsets-17 with topic id mLHGpngGTE2rn--FeEA7jQ.
2026-05-13T20:18:50.400-05:00  INFO 84603 --- [r-event-handler] kafka.log.UnifiedLog$                    : [LogLoader partition=__consumer_offsets-17, dir=/var/folders/4b/78jh3wg557g9b0y05m2_3bwc0000gn/T/kafka-16318625058273804632/broker_0_data0] Loading producer state till offset 0 with message format version 2
2026-05-13T20:18:50.400-05:00  INFO 84603 --- [r-event-handler] kafka.log.LogManager                     : Created log for partition __consumer_offsets-17 in /var/folders/4b/78jh3wg557g9b0y05m2_3bwc0000gn/T/kafka-16318625058273804632/broker_0_data0/__consumer_offsets-17 with properties {cleanup.policy=compact, compression.type="producer", segment.bytes=104857600}
2026-05-13T20:18:50.400-05:00  INFO 84603 --- [r-event-handler] kafka.cluster.Partition                  : [Partition __consumer_offsets-17 broker=0] No checkpointed highwatermark is found for partition __consumer_offsets-17
2026-05-13T20:18:50.400-05:00  INFO 84603 --- [r-event-handler] kafka.cluster.Partition                  : [Partition __consumer_offsets-17 broker=0] Log loaded for partition __consumer_offsets-17 with initial high watermark 0
2026-05-13T20:18:50.400-05:00  INFO 84603 --- [r-event-handler] state.change.logger                      : [Broker id=0] Leader __consumer_offsets-17 with topic id Some(mLHGpngGTE2rn--FeEA7jQ) starts at leader epoch 0 from offset 0 with partition epoch 0, high watermark 0, ISR [0], adding replicas [] and removing replicas [] . Previous leader None and previous leader epoch was -1.
2026-05-13T20:18:50.408-05:00  INFO 84603 --- [r-event-handler] state.change.logger                      : [Broker id=0] Creating new partition __consumer_offsets-30 with topic id mLHGpngGTE2rn--FeEA7jQ.
2026-05-13T20:18:50.410-05:00  INFO 84603 --- [r-event-handler] kafka.log.UnifiedLog$                    : [LogLoader partition=__consumer_offsets-30, dir=/var/folders/4b/78jh3wg557g9b0y05m2_3bwc0000gn/T/kafka-16318625058273804632/broker_0_data0] Loading producer state till offset 0 with message format version 2
2026-05-13T20:18:50.410-05:00  INFO 84603 --- [r-event-handler] kafka.log.LogManager                     : Created log for partition __consumer_offsets-30 in /var/folders/4b/78jh3wg557g9b0y05m2_3bwc0000gn/T/kafka-16318625058273804632/broker_0_data0/__consumer_offsets-30 with properties {cleanup.policy=compact, compression.type="producer", segment.bytes=104857600}
2026-05-13T20:18:50.410-05:00  INFO 84603 --- [r-event-handler] kafka.cluster.Partition                  : [Partition __consumer_offsets-30 broker=0] No checkpointed highwatermark is found for partition __consumer_offsets-30
2026-05-13T20:18:50.410-05:00  INFO 84603 --- [r-event-handler] kafka.cluster.Partition                  : [Partition __consumer_offsets-30 broker=0] Log loaded for partition __consumer_offsets-30 with initial high watermark 0
2026-05-13T20:18:50.410-05:00  INFO 84603 --- [r-event-handler] state.change.logger                      : [Broker id=0] Leader __consumer_offsets-30 with topic id Some(mLHGpngGTE2rn--FeEA7jQ) starts at leader epoch 0 from offset 0 with partition epoch 0, high watermark 0, ISR [0], adding replicas [] and removing replicas [] . Previous leader None and previous leader epoch was -1.
2026-05-13T20:18:50.418-05:00  INFO 84603 --- [r-event-handler] state.change.logger                      : [Broker id=0] Creating new partition __consumer_offsets-26 with topic id mLHGpngGTE2rn--FeEA7jQ.
2026-05-13T20:18:50.423-05:00  INFO 84603 --- [r-event-handler] kafka.log.UnifiedLog$                    : [LogLoader partition=__consumer_offsets-26, dir=/var/folders/4b/78jh3wg557g9b0y05m2_3bwc0000gn/T/kafka-16318625058273804632/broker_0_data0] Loading producer state till offset 0 with message format version 2
2026-05-13T20:18:50.424-05:00  INFO 84603 --- [r-event-handler] kafka.log.LogManager                     : Created log for partition __consumer_offsets-26 in /var/folders/4b/78jh3wg557g9b0y05m2_3bwc0000gn/T/kafka-16318625058273804632/broker_0_data0/__consumer_offsets-26 with properties {cleanup.policy=compact, compression.type="producer", segment.bytes=104857600}
2026-05-13T20:18:50.424-05:00  INFO 84603 --- [r-event-handler] kafka.cluster.Partition                  : [Partition __consumer_offsets-26 broker=0] No checkpointed highwatermark is found for partition __consumer_offsets-26
2026-05-13T20:18:50.424-05:00  INFO 84603 --- [r-event-handler] kafka.cluster.Partition                  : [Partition __consumer_offsets-26 broker=0] Log loaded for partition __consumer_offsets-26 with initial high watermark 0
2026-05-13T20:18:50.424-05:00  INFO 84603 --- [r-event-handler] state.change.logger                      : [Broker id=0] Leader __consumer_offsets-26 with topic id Some(mLHGpngGTE2rn--FeEA7jQ) starts at leader epoch 0 from offset 0 with partition epoch 0, high watermark 0, ISR [0], adding replicas [] and removing replicas [] . Previous leader None and previous leader epoch was -1.
2026-05-13T20:18:50.432-05:00  INFO 84603 --- [r-event-handler] state.change.logger                      : [Broker id=0] Creating new partition __consumer_offsets-5 with topic id mLHGpngGTE2rn--FeEA7jQ.
2026-05-13T20:18:50.438-05:00  INFO 84603 --- [r-event-handler] kafka.log.UnifiedLog$                    : [LogLoader partition=__consumer_offsets-5, dir=/var/folders/4b/78jh3wg557g9b0y05m2_3bwc0000gn/T/kafka-16318625058273804632/broker_0_data0] Loading producer state till offset 0 with message format version 2
2026-05-13T20:18:50.438-05:00  INFO 84603 --- [r-event-handler] kafka.log.LogManager                     : Created log for partition __consumer_offsets-5 in /var/folders/4b/78jh3wg557g9b0y05m2_3bwc0000gn/T/kafka-16318625058273804632/broker_0_data0/__consumer_offsets-5 with properties {cleanup.policy=compact, compression.type="producer", segment.bytes=104857600}
2026-05-13T20:18:50.438-05:00  INFO 84603 --- [r-event-handler] kafka.cluster.Partition                  : [Partition __consumer_offsets-5 broker=0] No checkpointed highwatermark is found for partition __consumer_offsets-5
2026-05-13T20:18:50.438-05:00  INFO 84603 --- [r-event-handler] kafka.cluster.Partition                  : [Partition __consumer_offsets-5 broker=0] Log loaded for partition __consumer_offsets-5 with initial high watermark 0
2026-05-13T20:18:50.438-05:00  INFO 84603 --- [r-event-handler] state.change.logger                      : [Broker id=0] Leader __consumer_offsets-5 with topic id Some(mLHGpngGTE2rn--FeEA7jQ) starts at leader epoch 0 from offset 0 with partition epoch 0, high watermark 0, ISR [0], adding replicas [] and removing replicas [] . Previous leader None and previous leader epoch was -1.
2026-05-13T20:18:50.445-05:00  INFO 84603 --- [r-event-handler] state.change.logger                      : [Broker id=0] Creating new partition __consumer_offsets-38 with topic id mLHGpngGTE2rn--FeEA7jQ.
2026-05-13T20:18:50.447-05:00  INFO 84603 --- [r-event-handler] kafka.log.UnifiedLog$                    : [LogLoader partition=__consumer_offsets-38, dir=/var/folders/4b/78jh3wg557g9b0y05m2_3bwc0000gn/T/kafka-16318625058273804632/broker_0_data0] Loading producer state till offset 0 with message format version 2
2026-05-13T20:18:50.447-05:00  INFO 84603 --- [r-event-handler] kafka.log.LogManager                     : Created log for partition __consumer_offsets-38 in /var/folders/4b/78jh3wg557g9b0y05m2_3bwc0000gn/T/kafka-16318625058273804632/broker_0_data0/__consumer_offsets-38 with properties {cleanup.policy=compact, compression.type="producer", segment.bytes=104857600}
2026-05-13T20:18:50.447-05:00  INFO 84603 --- [r-event-handler] kafka.cluster.Partition                  : [Partition __consumer_offsets-38 broker=0] No checkpointed highwatermark is found for partition __consumer_offsets-38
2026-05-13T20:18:50.447-05:00  INFO 84603 --- [r-event-handler] kafka.cluster.Partition                  : [Partition __consumer_offsets-38 broker=0] Log loaded for partition __consumer_offsets-38 with initial high watermark 0
2026-05-13T20:18:50.447-05:00  INFO 84603 --- [r-event-handler] state.change.logger                      : [Broker id=0] Leader __consumer_offsets-38 with topic id Some(mLHGpngGTE2rn--FeEA7jQ) starts at leader epoch 0 from offset 0 with partition epoch 0, high watermark 0, ISR [0], adding replicas [] and removing replicas [] . Previous leader None and previous leader epoch was -1.
2026-05-13T20:18:50.454-05:00  INFO 84603 --- [r-event-handler] state.change.logger                      : [Broker id=0] Creating new partition __consumer_offsets-1 with topic id mLHGpngGTE2rn--FeEA7jQ.
2026-05-13T20:18:50.456-05:00  INFO 84603 --- [r-event-handler] kafka.log.UnifiedLog$                    : [LogLoader partition=__consumer_offsets-1, dir=/var/folders/4b/78jh3wg557g9b0y05m2_3bwc0000gn/T/kafka-16318625058273804632/broker_0_data0] Loading producer state till offset 0 with message format version 2
2026-05-13T20:18:50.456-05:00  INFO 84603 --- [r-event-handler] kafka.log.LogManager                     : Created log for partition __consumer_offsets-1 in /var/folders/4b/78jh3wg557g9b0y05m2_3bwc0000gn/T/kafka-16318625058273804632/broker_0_data0/__consumer_offsets-1 with properties {cleanup.policy=compact, compression.type="producer", segment.bytes=104857600}
2026-05-13T20:18:50.456-05:00  INFO 84603 --- [r-event-handler] kafka.cluster.Partition                  : [Partition __consumer_offsets-1 broker=0] No checkpointed highwatermark is found for partition __consumer_offsets-1
2026-05-13T20:18:50.456-05:00  INFO 84603 --- [r-event-handler] kafka.cluster.Partition                  : [Partition __consumer_offsets-1 broker=0] Log loaded for partition __consumer_offsets-1 with initial high watermark 0
2026-05-13T20:18:50.456-05:00  INFO 84603 --- [r-event-handler] state.change.logger                      : [Broker id=0] Leader __consumer_offsets-1 with topic id Some(mLHGpngGTE2rn--FeEA7jQ) starts at leader epoch 0 from offset 0 with partition epoch 0, high watermark 0, ISR [0], adding replicas [] and removing replicas [] . Previous leader None and previous leader epoch was -1.
OpenJDK 64-Bit Server VM warning: Sharing is only supported for boot loader classes because bootstrap classpath has been appended
2026-05-13T20:18:50.464-05:00  INFO 84603 --- [r-event-handler] state.change.logger                      : [Broker id=0] Creating new partition __consumer_offsets-34 with topic id mLHGpngGTE2rn--FeEA7jQ.
2026-05-13T20:18:50.466-05:00  INFO 84603 --- [r-event-handler] kafka.log.UnifiedLog$                    : [LogLoader partition=__consumer_offsets-34, dir=/var/folders/4b/78jh3wg557g9b0y05m2_3bwc0000gn/T/kafka-16318625058273804632/broker_0_data0] Loading producer state till offset 0 with message format version 2
2026-05-13T20:18:50.466-05:00  INFO 84603 --- [r-event-handler] kafka.log.LogManager                     : Created log for partition __consumer_offsets-34 in /var/folders/4b/78jh3wg557g9b0y05m2_3bwc0000gn/T/kafka-16318625058273804632/broker_0_data0/__consumer_offsets-34 with properties {cleanup.policy=compact, compression.type="producer", segment.bytes=104857600}
2026-05-13T20:18:50.466-05:00  INFO 84603 --- [r-event-handler] kafka.cluster.Partition                  : [Partition __consumer_offsets-34 broker=0] No checkpointed highwatermark is found for partition __consumer_offsets-34
2026-05-13T20:18:50.466-05:00  INFO 84603 --- [r-event-handler] kafka.cluster.Partition                  : [Partition __consumer_offsets-34 broker=0] Log loaded for partition __consumer_offsets-34 with initial high watermark 0
2026-05-13T20:18:50.466-05:00  INFO 84603 --- [r-event-handler] state.change.logger                      : [Broker id=0] Leader __consumer_offsets-34 with topic id Some(mLHGpngGTE2rn--FeEA7jQ) starts at leader epoch 0 from offset 0 with partition epoch 0, high watermark 0, ISR [0], adding replicas [] and removing replicas [] . Previous leader None and previous leader epoch was -1.
2026-05-13T20:18:50.470-05:00  INFO 84603 --- [r-event-handler] state.change.logger                      : [Broker id=0] Creating new partition __consumer_offsets-16 with topic id mLHGpngGTE2rn--FeEA7jQ.
2026-05-13T20:18:50.472-05:00  INFO 84603 --- [r-event-handler] kafka.log.UnifiedLog$                    : [LogLoader partition=__consumer_offsets-16, dir=/var/folders/4b/78jh3wg557g9b0y05m2_3bwc0000gn/T/kafka-16318625058273804632/broker_0_data0] Loading producer state till offset 0 with message format version 2
2026-05-13T20:18:50.472-05:00  INFO 84603 --- [r-event-handler] kafka.log.LogManager                     : Created log for partition __consumer_offsets-16 in /var/folders/4b/78jh3wg557g9b0y05m2_3bwc0000gn/T/kafka-16318625058273804632/broker_0_data0/__consumer_offsets-16 with properties {cleanup.policy=compact, compression.type="producer", segment.bytes=104857600}
2026-05-13T20:18:50.472-05:00  INFO 84603 --- [r-event-handler] kafka.cluster.Partition                  : [Partition __consumer_offsets-16 broker=0] No checkpointed highwatermark is found for partition __consumer_offsets-16
2026-05-13T20:18:50.472-05:00  INFO 84603 --- [r-event-handler] kafka.cluster.Partition                  : [Partition __consumer_offsets-16 broker=0] Log loaded for partition __consumer_offsets-16 with initial high watermark 0
2026-05-13T20:18:50.472-05:00  INFO 84603 --- [r-event-handler] state.change.logger                      : [Broker id=0] Leader __consumer_offsets-16 with topic id Some(mLHGpngGTE2rn--FeEA7jQ) starts at leader epoch 0 from offset 0 with partition epoch 0, high watermark 0, ISR [0], adding replicas [] and removing replicas [] . Previous leader None and previous leader epoch was -1.
WARNING: A Java agent has been loaded dynamically (/Users/alijebril/.m2/repository/net/bytebuddy/byte-buddy-agent/1.14.13/byte-buddy-agent-1.14.13.jar)
WARNING: If a serviceability tool is in use, please run with -XX:+EnableDynamicAgentLoading to hide this warning
WARNING: If a serviceability tool is not in use, please run with -Djdk.instrument.traceUsage for more information
WARNING: Dynamic loading of agents will be disallowed by default in a future release
2026-05-13T20:18:50.481-05:00  INFO 84603 --- [r-event-handler] state.change.logger                      : [Broker id=0] Creating new partition __consumer_offsets-45 with topic id mLHGpngGTE2rn--FeEA7jQ.
2026-05-13T20:18:50.483-05:00  INFO 84603 --- [r-event-handler] kafka.log.UnifiedLog$                    : [LogLoader partition=__consumer_offsets-45, dir=/var/folders/4b/78jh3wg557g9b0y05m2_3bwc0000gn/T/kafka-16318625058273804632/broker_0_data0] Loading producer state till offset 0 with message format version 2
2026-05-13T20:18:50.483-05:00  INFO 84603 --- [r-event-handler] kafka.log.LogManager                     : Created log for partition __consumer_offsets-45 in /var/folders/4b/78jh3wg557g9b0y05m2_3bwc0000gn/T/kafka-16318625058273804632/broker_0_data0/__consumer_offsets-45 with properties {cleanup.policy=compact, compression.type="producer", segment.bytes=104857600}
2026-05-13T20:18:50.483-05:00  INFO 84603 --- [r-event-handler] kafka.cluster.Partition                  : [Partition __consumer_offsets-45 broker=0] No checkpointed highwatermark is found for partition __consumer_offsets-45
2026-05-13T20:18:50.483-05:00  INFO 84603 --- [r-event-handler] kafka.cluster.Partition                  : [Partition __consumer_offsets-45 broker=0] Log loaded for partition __consumer_offsets-45 with initial high watermark 0
2026-05-13T20:18:50.483-05:00  INFO 84603 --- [r-event-handler] state.change.logger                      : [Broker id=0] Leader __consumer_offsets-45 with topic id Some(mLHGpngGTE2rn--FeEA7jQ) starts at leader epoch 0 from offset 0 with partition epoch 0, high watermark 0, ISR [0], adding replicas [] and removing replicas [] . Previous leader None and previous leader epoch was -1.
2026-05-13T20:18:50.490-05:00  INFO 84603 --- [r-event-handler] state.change.logger                      : [Broker id=0] Creating new partition __consumer_offsets-12 with topic id mLHGpngGTE2rn--FeEA7jQ.
2026-05-13T20:18:50.492-05:00  INFO 84603 --- [r-event-handler] kafka.log.UnifiedLog$                    : [LogLoader partition=__consumer_offsets-12, dir=/var/folders/4b/78jh3wg557g9b0y05m2_3bwc0000gn/T/kafka-16318625058273804632/broker_0_data0] Loading producer state till offset 0 with message format version 2
2026-05-13T20:18:50.492-05:00  INFO 84603 --- [r-event-handler] kafka.log.LogManager                     : Created log for partition __consumer_offsets-12 in /var/folders/4b/78jh3wg557g9b0y05m2_3bwc0000gn/T/kafka-16318625058273804632/broker_0_data0/__consumer_offsets-12 with properties {cleanup.policy=compact, compression.type="producer", segment.bytes=104857600}
2026-05-13T20:18:50.492-05:00  INFO 84603 --- [r-event-handler] kafka.cluster.Partition                  : [Partition __consumer_offsets-12 broker=0] No checkpointed highwatermark is found for partition __consumer_offsets-12
2026-05-13T20:18:50.492-05:00  INFO 84603 --- [r-event-handler] kafka.cluster.Partition                  : [Partition __consumer_offsets-12 broker=0] Log loaded for partition __consumer_offsets-12 with initial high watermark 0
2026-05-13T20:18:50.492-05:00  INFO 84603 --- [r-event-handler] state.change.logger                      : [Broker id=0] Leader __consumer_offsets-12 with topic id Some(mLHGpngGTE2rn--FeEA7jQ) starts at leader epoch 0 from offset 0 with partition epoch 0, high watermark 0, ISR [0], adding replicas [] and removing replicas [] . Previous leader None and previous leader epoch was -1.
2026-05-13T20:18:50.496-05:00  INFO 84603 --- [ntainer#0-0-C-1] o.a.k.c.c.internals.ConsumerCoordinator  : [Consumer clientId=consumer-midas-core-1, groupId=midas-core] Discovered group coordinator localhost:59882 (id: 2147483647 rack: null)
2026-05-13T20:18:50.496-05:00  INFO 84603 --- [ntainer#0-0-C-1] o.a.k.c.c.internals.ConsumerCoordinator  : [Consumer clientId=consumer-midas-core-1, groupId=midas-core] Request joining group due to: rebalance failed due to 'This is not the correct coordinator.' (NotCoordinatorException)
2026-05-13T20:18:50.496-05:00  INFO 84603 --- [ntainer#0-0-C-1] o.a.k.c.c.internals.ConsumerCoordinator  : [Consumer clientId=consumer-midas-core-1, groupId=midas-core] (Re-)joining group
2026-05-13T20:18:50.497-05:00  INFO 84603 --- [ntainer#0-0-C-1] o.a.k.c.c.internals.ConsumerCoordinator  : [Consumer clientId=consumer-midas-core-1, groupId=midas-core] Group coordinator localhost:59882 (id: 2147483647 rack: null) is unavailable or invalid due to cause: error response NOT_COORDINATOR. isDisconnected: false. Rediscovery will be attempted.
2026-05-13T20:18:50.497-05:00  INFO 84603 --- [ntainer#0-0-C-1] o.a.k.c.c.internals.ConsumerCoordinator  : [Consumer clientId=consumer-midas-core-1, groupId=midas-core] Requesting disconnect from last known coordinator localhost:59882 (id: 2147483647 rack: null)
2026-05-13T20:18:50.498-05:00  INFO 84603 --- [ntainer#0-0-C-1] o.a.k.c.c.internals.ConsumerCoordinator  : [Consumer clientId=consumer-midas-core-1, groupId=midas-core] JoinGroup failed: This is not the correct coordinator. Marking coordinator unknown. Sent generation was Generation{generationId=-1, memberId='', protocol='null'}
2026-05-13T20:18:50.498-05:00  INFO 84603 --- [ntainer#0-0-C-1] org.apache.kafka.clients.NetworkClient   : [Consumer clientId=consumer-midas-core-1, groupId=midas-core] Client requested disconnect from node 2147483647
2026-05-13T20:18:50.498-05:00  INFO 84603 --- [ntainer#0-0-C-1] o.a.k.c.c.internals.ConsumerCoordinator  : [Consumer clientId=consumer-midas-core-1, groupId=midas-core] Discovered group coordinator localhost:59882 (id: 2147483647 rack: null)
2026-05-13T20:18:50.498-05:00  INFO 84603 --- [ntainer#0-0-C-1] o.a.k.c.c.internals.ConsumerCoordinator  : [Consumer clientId=consumer-midas-core-1, groupId=midas-core] Group coordinator localhost:59882 (id: 2147483647 rack: null) is unavailable or invalid due to cause: coordinator unavailable. isDisconnected: false. Rediscovery will be attempted.
2026-05-13T20:18:50.498-05:00  INFO 84603 --- [ntainer#0-0-C-1] o.a.k.c.c.internals.ConsumerCoordinator  : [Consumer clientId=consumer-midas-core-1, groupId=midas-core] Requesting disconnect from last known coordinator localhost:59882 (id: 2147483647 rack: null)
2026-05-13T20:18:50.500-05:00  INFO 84603 --- [r-event-handler] state.change.logger                      : [Broker id=0] Creating new partition __consumer_offsets-41 with topic id mLHGpngGTE2rn--FeEA7jQ.
2026-05-13T20:18:50.502-05:00  INFO 84603 --- [r-event-handler] kafka.log.UnifiedLog$                    : [LogLoader partition=__consumer_offsets-41, dir=/var/folders/4b/78jh3wg557g9b0y05m2_3bwc0000gn/T/kafka-16318625058273804632/broker_0_data0] Loading producer state till offset 0 with message format version 2
2026-05-13T20:18:50.502-05:00  INFO 84603 --- [r-event-handler] kafka.log.LogManager                     : Created log for partition __consumer_offsets-41 in /var/folders/4b/78jh3wg557g9b0y05m2_3bwc0000gn/T/kafka-16318625058273804632/broker_0_data0/__consumer_offsets-41 with properties {cleanup.policy=compact, compression.type="producer", segment.bytes=104857600}
2026-05-13T20:18:50.502-05:00  INFO 84603 --- [r-event-handler] kafka.cluster.Partition                  : [Partition __consumer_offsets-41 broker=0] No checkpointed highwatermark is found for partition __consumer_offsets-41
2026-05-13T20:18:50.502-05:00  INFO 84603 --- [r-event-handler] kafka.cluster.Partition                  : [Partition __consumer_offsets-41 broker=0] Log loaded for partition __consumer_offsets-41 with initial high watermark 0
2026-05-13T20:18:50.502-05:00  INFO 84603 --- [r-event-handler] state.change.logger                      : [Broker id=0] Leader __consumer_offsets-41 with topic id Some(mLHGpngGTE2rn--FeEA7jQ) starts at leader epoch 0 from offset 0 with partition epoch 0, high watermark 0, ISR [0], adding replicas [] and removing replicas [] . Previous leader None and previous leader epoch was -1.
2026-05-13T20:18:50.511-05:00  INFO 84603 --- [r-event-handler] state.change.logger                      : [Broker id=0] Creating new partition __consumer_offsets-24 with topic id mLHGpngGTE2rn--FeEA7jQ.
2026-05-13T20:18:50.513-05:00  INFO 84603 --- [r-event-handler] kafka.log.UnifiedLog$                    : [LogLoader partition=__consumer_offsets-24, dir=/var/folders/4b/78jh3wg557g9b0y05m2_3bwc0000gn/T/kafka-16318625058273804632/broker_0_data0] Loading producer state till offset 0 with message format version 2
2026-05-13T20:18:50.513-05:00  INFO 84603 --- [r-event-handler] kafka.log.LogManager                     : Created log for partition __consumer_offsets-24 in /var/folders/4b/78jh3wg557g9b0y05m2_3bwc0000gn/T/kafka-16318625058273804632/broker_0_data0/__consumer_offsets-24 with properties {cleanup.policy=compact, compression.type="producer", segment.bytes=104857600}
2026-05-13T20:18:50.513-05:00  INFO 84603 --- [r-event-handler] kafka.cluster.Partition                  : [Partition __consumer_offsets-24 broker=0] No checkpointed highwatermark is found for partition __consumer_offsets-24
2026-05-13T20:18:50.513-05:00  INFO 84603 --- [r-event-handler] kafka.cluster.Partition                  : [Partition __consumer_offsets-24 broker=0] Log loaded for partition __consumer_offsets-24 with initial high watermark 0
2026-05-13T20:18:50.514-05:00  INFO 84603 --- [r-event-handler] state.change.logger                      : [Broker id=0] Leader __consumer_offsets-24 with topic id Some(mLHGpngGTE2rn--FeEA7jQ) starts at leader epoch 0 from offset 0 with partition epoch 0, high watermark 0, ISR [0], adding replicas [] and removing replicas [] . Previous leader None and previous leader epoch was -1.
2026-05-13T20:18:50.521-05:00  INFO 84603 --- [r-event-handler] state.change.logger                      : [Broker id=0] Creating new partition __consumer_offsets-20 with topic id mLHGpngGTE2rn--FeEA7jQ.
2026-05-13T20:18:50.527-05:00  INFO 84603 --- [r-event-handler] kafka.log.UnifiedLog$                    : [LogLoader partition=__consumer_offsets-20, dir=/var/folders/4b/78jh3wg557g9b0y05m2_3bwc0000gn/T/kafka-16318625058273804632/broker_0_data0] Loading producer state till offset 0 with message format version 2
2026-05-13T20:18:50.527-05:00  INFO 84603 --- [r-event-handler] kafka.log.LogManager                     : Created log for partition __consumer_offsets-20 in /var/folders/4b/78jh3wg557g9b0y05m2_3bwc0000gn/T/kafka-16318625058273804632/broker_0_data0/__consumer_offsets-20 with properties {cleanup.policy=compact, compression.type="producer", segment.bytes=104857600}
2026-05-13T20:18:50.527-05:00  INFO 84603 --- [r-event-handler] kafka.cluster.Partition                  : [Partition __consumer_offsets-20 broker=0] No checkpointed highwatermark is found for partition __consumer_offsets-20
2026-05-13T20:18:50.527-05:00  INFO 84603 --- [r-event-handler] kafka.cluster.Partition                  : [Partition __consumer_offsets-20 broker=0] Log loaded for partition __consumer_offsets-20 with initial high watermark 0
2026-05-13T20:18:50.527-05:00  INFO 84603 --- [r-event-handler] state.change.logger                      : [Broker id=0] Leader __consumer_offsets-20 with topic id Some(mLHGpngGTE2rn--FeEA7jQ) starts at leader epoch 0 from offset 0 with partition epoch 0, high watermark 0, ISR [0], adding replicas [] and removing replicas [] . Previous leader None and previous leader epoch was -1.
2026-05-13T20:18:50.533-05:00  INFO 84603 --- [r-event-handler] state.change.logger                      : [Broker id=0] Creating new partition __consumer_offsets-49 with topic id mLHGpngGTE2rn--FeEA7jQ.
2026-05-13T20:18:50.535-05:00  INFO 84603 --- [r-event-handler] kafka.log.UnifiedLog$                    : [LogLoader partition=__consumer_offsets-49, dir=/var/folders/4b/78jh3wg557g9b0y05m2_3bwc0000gn/T/kafka-16318625058273804632/broker_0_data0] Loading producer state till offset 0 with message format version 2
2026-05-13T20:18:50.535-05:00  INFO 84603 --- [r-event-handler] kafka.log.LogManager                     : Created log for partition __consumer_offsets-49 in /var/folders/4b/78jh3wg557g9b0y05m2_3bwc0000gn/T/kafka-16318625058273804632/broker_0_data0/__consumer_offsets-49 with properties {cleanup.policy=compact, compression.type="producer", segment.bytes=104857600}
2026-05-13T20:18:50.535-05:00  INFO 84603 --- [r-event-handler] kafka.cluster.Partition                  : [Partition __consumer_offsets-49 broker=0] No checkpointed highwatermark is found for partition __consumer_offsets-49
2026-05-13T20:18:50.535-05:00  INFO 84603 --- [r-event-handler] kafka.cluster.Partition                  : [Partition __consumer_offsets-49 broker=0] Log loaded for partition __consumer_offsets-49 with initial high watermark 0
2026-05-13T20:18:50.535-05:00  INFO 84603 --- [r-event-handler] state.change.logger                      : [Broker id=0] Leader __consumer_offsets-49 with topic id Some(mLHGpngGTE2rn--FeEA7jQ) starts at leader epoch 0 from offset 0 with partition epoch 0, high watermark 0, ISR [0], adding replicas [] and removing replicas [] . Previous leader None and previous leader epoch was -1.
2026-05-13T20:18:50.543-05:00  INFO 84603 --- [r-event-handler] state.change.logger                      : [Broker id=0] Creating new partition __consumer_offsets-0 with topic id mLHGpngGTE2rn--FeEA7jQ.
2026-05-13T20:18:50.545-05:00  INFO 84603 --- [r-event-handler] kafka.log.UnifiedLog$                    : [LogLoader partition=__consumer_offsets-0, dir=/var/folders/4b/78jh3wg557g9b0y05m2_3bwc0000gn/T/kafka-16318625058273804632/broker_0_data0] Loading producer state till offset 0 with message format version 2
2026-05-13T20:18:50.545-05:00  INFO 84603 --- [r-event-handler] kafka.log.LogManager                     : Created log for partition __consumer_offsets-0 in /var/folders/4b/78jh3wg557g9b0y05m2_3bwc0000gn/T/kafka-16318625058273804632/broker_0_data0/__consumer_offsets-0 with properties {cleanup.policy=compact, compression.type="producer", segment.bytes=104857600}
2026-05-13T20:18:50.546-05:00  INFO 84603 --- [r-event-handler] kafka.cluster.Partition                  : [Partition __consumer_offsets-0 broker=0] No checkpointed highwatermark is found for partition __consumer_offsets-0
2026-05-13T20:18:50.546-05:00  INFO 84603 --- [r-event-handler] kafka.cluster.Partition                  : [Partition __consumer_offsets-0 broker=0] Log loaded for partition __consumer_offsets-0 with initial high watermark 0
2026-05-13T20:18:50.546-05:00  INFO 84603 --- [r-event-handler] state.change.logger                      : [Broker id=0] Leader __consumer_offsets-0 with topic id Some(mLHGpngGTE2rn--FeEA7jQ) starts at leader epoch 0 from offset 0 with partition epoch 0, high watermark 0, ISR [0], adding replicas [] and removing replicas [] . Previous leader None and previous leader epoch was -1.
2026-05-13T20:18:50.552-05:00  INFO 84603 --- [r-event-handler] state.change.logger                      : [Broker id=0] Creating new partition __consumer_offsets-29 with topic id mLHGpngGTE2rn--FeEA7jQ.
2026-05-13T20:18:50.554-05:00  INFO 84603 --- [r-event-handler] kafka.log.UnifiedLog$                    : [LogLoader partition=__consumer_offsets-29, dir=/var/folders/4b/78jh3wg557g9b0y05m2_3bwc0000gn/T/kafka-16318625058273804632/broker_0_data0] Loading producer state till offset 0 with message format version 2
2026-05-13T20:18:50.554-05:00  INFO 84603 --- [r-event-handler] kafka.log.LogManager                     : Created log for partition __consumer_offsets-29 in /var/folders/4b/78jh3wg557g9b0y05m2_3bwc0000gn/T/kafka-16318625058273804632/broker_0_data0/__consumer_offsets-29 with properties {cleanup.policy=compact, compression.type="producer", segment.bytes=104857600}
2026-05-13T20:18:50.554-05:00  INFO 84603 --- [r-event-handler] kafka.cluster.Partition                  : [Partition __consumer_offsets-29 broker=0] No checkpointed highwatermark is found for partition __consumer_offsets-29
2026-05-13T20:18:50.554-05:00  INFO 84603 --- [r-event-handler] kafka.cluster.Partition                  : [Partition __consumer_offsets-29 broker=0] Log loaded for partition __consumer_offsets-29 with initial high watermark 0
2026-05-13T20:18:50.554-05:00  INFO 84603 --- [r-event-handler] state.change.logger                      : [Broker id=0] Leader __consumer_offsets-29 with topic id Some(mLHGpngGTE2rn--FeEA7jQ) starts at leader epoch 0 from offset 0 with partition epoch 0, high watermark 0, ISR [0], adding replicas [] and removing replicas [] . Previous leader None and previous leader epoch was -1.
2026-05-13T20:18:50.563-05:00  INFO 84603 --- [r-event-handler] state.change.logger                      : [Broker id=0] Creating new partition __consumer_offsets-25 with topic id mLHGpngGTE2rn--FeEA7jQ.
2026-05-13T20:18:50.567-05:00  INFO 84603 --- [r-event-handler] kafka.log.UnifiedLog$                    : [LogLoader partition=__consumer_offsets-25, dir=/var/folders/4b/78jh3wg557g9b0y05m2_3bwc0000gn/T/kafka-16318625058273804632/broker_0_data0] Loading producer state till offset 0 with message format version 2
2026-05-13T20:18:50.568-05:00  INFO 84603 --- [r-event-handler] kafka.log.LogManager                     : Created log for partition __consumer_offsets-25 in /var/folders/4b/78jh3wg557g9b0y05m2_3bwc0000gn/T/kafka-16318625058273804632/broker_0_data0/__consumer_offsets-25 with properties {cleanup.policy=compact, compression.type="producer", segment.bytes=104857600}
2026-05-13T20:18:50.568-05:00  INFO 84603 --- [r-event-handler] kafka.cluster.Partition                  : [Partition __consumer_offsets-25 broker=0] No checkpointed highwatermark is found for partition __consumer_offsets-25
2026-05-13T20:18:50.568-05:00  INFO 84603 --- [r-event-handler] kafka.cluster.Partition                  : [Partition __consumer_offsets-25 broker=0] Log loaded for partition __consumer_offsets-25 with initial high watermark 0
2026-05-13T20:18:50.568-05:00  INFO 84603 --- [r-event-handler] state.change.logger                      : [Broker id=0] Leader __consumer_offsets-25 with topic id Some(mLHGpngGTE2rn--FeEA7jQ) starts at leader epoch 0 from offset 0 with partition epoch 0, high watermark 0, ISR [0], adding replicas [] and removing replicas [] . Previous leader None and previous leader epoch was -1.
2026-05-13T20:18:50.572-05:00  INFO 84603 --- [r-event-handler] state.change.logger                      : [Broker id=0] Creating new partition __consumer_offsets-8 with topic id mLHGpngGTE2rn--FeEA7jQ.
2026-05-13T20:18:50.574-05:00  INFO 84603 --- [r-event-handler] kafka.log.UnifiedLog$                    : [LogLoader partition=__consumer_offsets-8, dir=/var/folders/4b/78jh3wg557g9b0y05m2_3bwc0000gn/T/kafka-16318625058273804632/broker_0_data0] Loading producer state till offset 0 with message format version 2
2026-05-13T20:18:50.574-05:00  INFO 84603 --- [r-event-handler] kafka.log.LogManager                     : Created log for partition __consumer_offsets-8 in /var/folders/4b/78jh3wg557g9b0y05m2_3bwc0000gn/T/kafka-16318625058273804632/broker_0_data0/__consumer_offsets-8 with properties {cleanup.policy=compact, compression.type="producer", segment.bytes=104857600}
2026-05-13T20:18:50.574-05:00  INFO 84603 --- [r-event-handler] kafka.cluster.Partition                  : [Partition __consumer_offsets-8 broker=0] No checkpointed highwatermark is found for partition __consumer_offsets-8
2026-05-13T20:18:50.574-05:00  INFO 84603 --- [r-event-handler] kafka.cluster.Partition                  : [Partition __consumer_offsets-8 broker=0] Log loaded for partition __consumer_offsets-8 with initial high watermark 0
2026-05-13T20:18:50.574-05:00  INFO 84603 --- [r-event-handler] state.change.logger                      : [Broker id=0] Leader __consumer_offsets-8 with topic id Some(mLHGpngGTE2rn--FeEA7jQ) starts at leader epoch 0 from offset 0 with partition epoch 0, high watermark 0, ISR [0], adding replicas [] and removing replicas [] . Previous leader None and previous leader epoch was -1.
2026-05-13T20:18:50.583-05:00  INFO 84603 --- [r-event-handler] state.change.logger                      : [Broker id=0] Creating new partition __consumer_offsets-37 with topic id mLHGpngGTE2rn--FeEA7jQ.
2026-05-13T20:18:50.585-05:00  INFO 84603 --- [r-event-handler] kafka.log.UnifiedLog$                    : [LogLoader partition=__consumer_offsets-37, dir=/var/folders/4b/78jh3wg557g9b0y05m2_3bwc0000gn/T/kafka-16318625058273804632/broker_0_data0] Loading producer state till offset 0 with message format version 2
2026-05-13T20:18:50.586-05:00  INFO 84603 --- [r-event-handler] kafka.log.LogManager                     : Created log for partition __consumer_offsets-37 in /var/folders/4b/78jh3wg557g9b0y05m2_3bwc0000gn/T/kafka-16318625058273804632/broker_0_data0/__consumer_offsets-37 with properties {cleanup.policy=compact, compression.type="producer", segment.bytes=104857600}
2026-05-13T20:18:50.586-05:00  INFO 84603 --- [r-event-handler] kafka.cluster.Partition                  : [Partition __consumer_offsets-37 broker=0] No checkpointed highwatermark is found for partition __consumer_offsets-37
2026-05-13T20:18:50.586-05:00  INFO 84603 --- [r-event-handler] kafka.cluster.Partition                  : [Partition __consumer_offsets-37 broker=0] Log loaded for partition __consumer_offsets-37 with initial high watermark 0
2026-05-13T20:18:50.586-05:00  INFO 84603 --- [r-event-handler] state.change.logger                      : [Broker id=0] Leader __consumer_offsets-37 with topic id Some(mLHGpngGTE2rn--FeEA7jQ) starts at leader epoch 0 from offset 0 with partition epoch 0, high watermark 0, ISR [0], adding replicas [] and removing replicas [] . Previous leader None and previous leader epoch was -1.
2026-05-13T20:18:50.594-05:00  INFO 84603 --- [r-event-handler] state.change.logger                      : [Broker id=0] Creating new partition __consumer_offsets-4 with topic id mLHGpngGTE2rn--FeEA7jQ.
2026-05-13T20:18:50.601-05:00  INFO 84603 --- [r-event-handler] kafka.log.UnifiedLog$                    : [LogLoader partition=__consumer_offsets-4, dir=/var/folders/4b/78jh3wg557g9b0y05m2_3bwc0000gn/T/kafka-16318625058273804632/broker_0_data0] Loading producer state till offset 0 with message format version 2
2026-05-13T20:18:50.601-05:00  INFO 84603 --- [r-event-handler] kafka.log.LogManager                     : Created log for partition __consumer_offsets-4 in /var/folders/4b/78jh3wg557g9b0y05m2_3bwc0000gn/T/kafka-16318625058273804632/broker_0_data0/__consumer_offsets-4 with properties {cleanup.policy=compact, compression.type="producer", segment.bytes=104857600}
2026-05-13T20:18:50.601-05:00  INFO 84603 --- [r-event-handler] kafka.cluster.Partition                  : [Partition __consumer_offsets-4 broker=0] No checkpointed highwatermark is found for partition __consumer_offsets-4
2026-05-13T20:18:50.601-05:00  INFO 84603 --- [r-event-handler] kafka.cluster.Partition                  : [Partition __consumer_offsets-4 broker=0] Log loaded for partition __consumer_offsets-4 with initial high watermark 0
2026-05-13T20:18:50.601-05:00  INFO 84603 --- [r-event-handler] state.change.logger                      : [Broker id=0] Leader __consumer_offsets-4 with topic id Some(mLHGpngGTE2rn--FeEA7jQ) starts at leader epoch 0 from offset 0 with partition epoch 0, high watermark 0, ISR [0], adding replicas [] and removing replicas [] . Previous leader None and previous leader epoch was -1.
2026-05-13T20:18:50.604-05:00  INFO 84603 --- [ntainer#0-0-C-1] o.a.k.c.c.internals.ConsumerCoordinator  : [Consumer clientId=consumer-midas-core-1, groupId=midas-core] Discovered group coordinator localhost:59882 (id: 2147483647 rack: null)
2026-05-13T20:18:50.605-05:00  INFO 84603 --- [ntainer#0-0-C-1] o.a.k.c.c.internals.ConsumerCoordinator  : [Consumer clientId=consumer-midas-core-1, groupId=midas-core] Request joining group due to: rebalance failed due to 'This is not the correct coordinator.' (NotCoordinatorException)
2026-05-13T20:18:50.605-05:00  INFO 84603 --- [ntainer#0-0-C-1] o.a.k.c.c.internals.ConsumerCoordinator  : [Consumer clientId=consumer-midas-core-1, groupId=midas-core] (Re-)joining group
2026-05-13T20:18:50.606-05:00  INFO 84603 --- [ntainer#0-0-C-1] o.a.k.c.c.internals.ConsumerCoordinator  : [Consumer clientId=consumer-midas-core-1, groupId=midas-core] Group coordinator localhost:59882 (id: 2147483647 rack: null) is unavailable or invalid due to cause: error response NOT_COORDINATOR. isDisconnected: false. Rediscovery will be attempted.
2026-05-13T20:18:50.606-05:00  INFO 84603 --- [ntainer#0-0-C-1] o.a.k.c.c.internals.ConsumerCoordinator  : [Consumer clientId=consumer-midas-core-1, groupId=midas-core] Requesting disconnect from last known coordinator localhost:59882 (id: 2147483647 rack: null)
2026-05-13T20:18:50.606-05:00  INFO 84603 --- [ntainer#0-0-C-1] o.a.k.c.c.internals.ConsumerCoordinator  : [Consumer clientId=consumer-midas-core-1, groupId=midas-core] JoinGroup failed: This is not the correct coordinator. Marking coordinator unknown. Sent generation was Generation{generationId=-1, memberId='', protocol='null'}
2026-05-13T20:18:50.606-05:00  INFO 84603 --- [ntainer#0-0-C-1] org.apache.kafka.clients.NetworkClient   : [Consumer clientId=consumer-midas-core-1, groupId=midas-core] Client requested disconnect from node 2147483647
2026-05-13T20:18:50.607-05:00  INFO 84603 --- [ntainer#0-0-C-1] o.a.k.c.c.internals.ConsumerCoordinator  : [Consumer clientId=consumer-midas-core-1, groupId=midas-core] Discovered group coordinator localhost:59882 (id: 2147483647 rack: null)
2026-05-13T20:18:50.607-05:00  INFO 84603 --- [ntainer#0-0-C-1] o.a.k.c.c.internals.ConsumerCoordinator  : [Consumer clientId=consumer-midas-core-1, groupId=midas-core] Group coordinator localhost:59882 (id: 2147483647 rack: null) is unavailable or invalid due to cause: coordinator unavailable. isDisconnected: false. Rediscovery will be attempted.
2026-05-13T20:18:50.607-05:00  INFO 84603 --- [ntainer#0-0-C-1] o.a.k.c.c.internals.ConsumerCoordinator  : [Consumer clientId=consumer-midas-core-1, groupId=midas-core] Requesting disconnect from last known coordinator localhost:59882 (id: 2147483647 rack: null)
2026-05-13T20:18:50.608-05:00  INFO 84603 --- [r-event-handler] state.change.logger                      : [Broker id=0] Creating new partition __consumer_offsets-33 with topic id mLHGpngGTE2rn--FeEA7jQ.
2026-05-13T20:18:50.610-05:00  INFO 84603 --- [r-event-handler] kafka.log.UnifiedLog$                    : [LogLoader partition=__consumer_offsets-33, dir=/var/folders/4b/78jh3wg557g9b0y05m2_3bwc0000gn/T/kafka-16318625058273804632/broker_0_data0] Loading producer state till offset 0 with message format version 2
2026-05-13T20:18:50.611-05:00  INFO 84603 --- [r-event-handler] kafka.log.LogManager                     : Created log for partition __consumer_offsets-33 in /var/folders/4b/78jh3wg557g9b0y05m2_3bwc0000gn/T/kafka-16318625058273804632/broker_0_data0/__consumer_offsets-33 with properties {cleanup.policy=compact, compression.type="producer", segment.bytes=104857600}
2026-05-13T20:18:50.611-05:00  INFO 84603 --- [r-event-handler] kafka.cluster.Partition                  : [Partition __consumer_offsets-33 broker=0] No checkpointed highwatermark is found for partition __consumer_offsets-33
2026-05-13T20:18:50.611-05:00  INFO 84603 --- [r-event-handler] kafka.cluster.Partition                  : [Partition __consumer_offsets-33 broker=0] Log loaded for partition __consumer_offsets-33 with initial high watermark 0
2026-05-13T20:18:50.611-05:00  INFO 84603 --- [r-event-handler] state.change.logger                      : [Broker id=0] Leader __consumer_offsets-33 with topic id Some(mLHGpngGTE2rn--FeEA7jQ) starts at leader epoch 0 from offset 0 with partition epoch 0, high watermark 0, ISR [0], adding replicas [] and removing replicas [] . Previous leader None and previous leader epoch was -1.
2026-05-13T20:18:50.615-05:00  INFO 84603 --- [           main] o.a.k.clients.producer.ProducerConfig    : ProducerConfig values: 
	acks = -1
	auto.include.jmx.reporter = true
	batch.size = 16384
	bootstrap.servers = [localhost:59882]
	buffer.memory = 33554432
	client.dns.lookup = use_all_dns_ips
	client.id = producer-1
	compression.type = none
	connections.max.idle.ms = 540000
	delivery.timeout.ms = 120000
	enable.idempotence = true
	interceptor.classes = []
	key.serializer = class org.apache.kafka.common.serialization.StringSerializer
	linger.ms = 0
	max.block.ms = 60000
	max.in.flight.requests.per.connection = 5
	max.request.size = 1048576
	metadata.max.age.ms = 300000
	metadata.max.idle.ms = 300000
	metric.reporters = []
	metrics.num.samples = 2
	metrics.recording.level = INFO
	metrics.sample.window.ms = 30000
	partitioner.adaptive.partitioning.enable = true
	partitioner.availability.timeout.ms = 0
	partitioner.class = null
	partitioner.ignore.keys = false
	receive.buffer.bytes = 32768
	reconnect.backoff.max.ms = 1000
	reconnect.backoff.ms = 50
	request.timeout.ms = 30000
	retries = 2147483647
	retry.backoff.ms = 100
	sasl.client.callback.handler.class = null
	sasl.jaas.config = null
	sasl.kerberos.kinit.cmd = /usr/bin/kinit
	sasl.kerberos.min.time.before.relogin = 60000
	sasl.kerberos.service.name = null
	sasl.kerberos.ticket.renew.jitter = 0.05
	sasl.kerberos.ticket.renew.window.factor = 0.8
	sasl.login.callback.handler.class = null
	sasl.login.class = null
	sasl.login.connect.timeout.ms = null
	sasl.login.read.timeout.ms = null
	sasl.login.refresh.buffer.seconds = 300
	sasl.login.refresh.min.period.seconds = 60
	sasl.login.refresh.window.factor = 0.8
	sasl.login.refresh.window.jitter = 0.05
	sasl.login.retry.backoff.max.ms = 10000
	sasl.login.retry.backoff.ms = 100
	sasl.mechanism = GSSAPI
	sasl.oauthbearer.clock.skew.seconds = 30
	sasl.oauthbearer.expected.audience = null
	sasl.oauthbearer.expected.issuer = null
	sasl.oauthbearer.jwks.endpoint.refresh.ms = 3600000
	sasl.oauthbearer.jwks.endpoint.retry.backoff.max.ms = 10000
	sasl.oauthbearer.jwks.endpoint.retry.backoff.ms = 100
	sasl.oauthbearer.jwks.endpoint.url = null
	sasl.oauthbearer.scope.claim.name = scope
	sasl.oauthbearer.sub.claim.name = sub
	sasl.oauthbearer.token.endpoint.url = null
	security.protocol = PLAINTEXT
	security.providers = null
	send.buffer.bytes = 131072
	socket.connection.setup.timeout.max.ms = 30000
	socket.connection.setup.timeout.ms = 10000
	ssl.cipher.suites = null
	ssl.enabled.protocols = [TLSv1.2, TLSv1.3]
	ssl.endpoint.identification.algorithm = https
	ssl.engine.factory.class = null
	ssl.key.password = null
	ssl.keymanager.algorithm = SunX509
	ssl.keystore.certificate.chain = null
	ssl.keystore.key = null
	ssl.keystore.location = null
	ssl.keystore.password = null
	ssl.keystore.type = JKS
	ssl.protocol = TLSv1.3
	ssl.provider = null
	ssl.secure.random.implementation = null
	ssl.trustmanager.algorithm = PKIX
	ssl.truststore.certificates = null
	ssl.truststore.location = null
	ssl.truststore.password = null
	ssl.truststore.type = JKS
	transaction.timeout.ms = 60000
	transactional.id = null
	value.serializer = class org.springframework.kafka.support.serializer.JsonSerializer

2026-05-13T20:18:50.618-05:00  INFO 84603 --- [r-event-handler] state.change.logger                      : [Broker id=0] Creating new partition __consumer_offsets-15 with topic id mLHGpngGTE2rn--FeEA7jQ.
2026-05-13T20:18:50.620-05:00  INFO 84603 --- [           main] o.a.k.clients.producer.KafkaProducer     : [Producer clientId=producer-1] Instantiated an idempotent producer.
2026-05-13T20:18:50.620-05:00  INFO 84603 --- [r-event-handler] kafka.log.UnifiedLog$                    : [LogLoader partition=__consumer_offsets-15, dir=/var/folders/4b/78jh3wg557g9b0y05m2_3bwc0000gn/T/kafka-16318625058273804632/broker_0_data0] Loading producer state till offset 0 with message format version 2
2026-05-13T20:18:50.620-05:00  INFO 84603 --- [r-event-handler] kafka.log.LogManager                     : Created log for partition __consumer_offsets-15 in /var/folders/4b/78jh3wg557g9b0y05m2_3bwc0000gn/T/kafka-16318625058273804632/broker_0_data0/__consumer_offsets-15 with properties {cleanup.policy=compact, compression.type="producer", segment.bytes=104857600}
2026-05-13T20:18:50.620-05:00  INFO 84603 --- [r-event-handler] kafka.cluster.Partition                  : [Partition __consumer_offsets-15 broker=0] No checkpointed highwatermark is found for partition __consumer_offsets-15
2026-05-13T20:18:50.620-05:00  INFO 84603 --- [r-event-handler] kafka.cluster.Partition                  : [Partition __consumer_offsets-15 broker=0] Log loaded for partition __consumer_offsets-15 with initial high watermark 0
2026-05-13T20:18:50.620-05:00  INFO 84603 --- [r-event-handler] state.change.logger                      : [Broker id=0] Leader __consumer_offsets-15 with topic id Some(mLHGpngGTE2rn--FeEA7jQ) starts at leader epoch 0 from offset 0 with partition epoch 0, high watermark 0, ISR [0], adding replicas [] and removing replicas [] . Previous leader None and previous leader epoch was -1.
2026-05-13T20:18:50.625-05:00  INFO 84603 --- [           main] o.a.kafka.common.utils.AppInfoParser     : Kafka version: 3.6.2
2026-05-13T20:18:50.625-05:00  INFO 84603 --- [           main] o.a.kafka.common.utils.AppInfoParser     : Kafka commitId: c4deed513057c94e
2026-05-13T20:18:50.625-05:00  INFO 84603 --- [           main] o.a.kafka.common.utils.AppInfoParser     : Kafka startTimeMs: 1778721530625
2026-05-13T20:18:50.626-05:00  INFO 84603 --- [r-event-handler] state.change.logger                      : [Broker id=0] Creating new partition __consumer_offsets-48 with topic id mLHGpngGTE2rn--FeEA7jQ.
2026-05-13T20:18:50.628-05:00  INFO 84603 --- [ad | producer-1] org.apache.kafka.clients.Metadata        : [Producer clientId=producer-1] Cluster ID: kaYIZJaqTH6ZDMJDQAdMJg
2026-05-13T20:18:50.629-05:00  INFO 84603 --- [r-event-handler] kafka.log.UnifiedLog$                    : [LogLoader partition=__consumer_offsets-48, dir=/var/folders/4b/78jh3wg557g9b0y05m2_3bwc0000gn/T/kafka-16318625058273804632/broker_0_data0] Loading producer state till offset 0 with message format version 2
2026-05-13T20:18:50.629-05:00  INFO 84603 --- [r-event-handler] kafka.log.LogManager                     : Created log for partition __consumer_offsets-48 in /var/folders/4b/78jh3wg557g9b0y05m2_3bwc0000gn/T/kafka-16318625058273804632/broker_0_data0/__consumer_offsets-48 with properties {cleanup.policy=compact, compression.type="producer", segment.bytes=104857600}
2026-05-13T20:18:50.629-05:00  INFO 84603 --- [r-event-handler] kafka.cluster.Partition                  : [Partition __consumer_offsets-48 broker=0] No checkpointed highwatermark is found for partition __consumer_offsets-48
2026-05-13T20:18:50.630-05:00  INFO 84603 --- [r-event-handler] kafka.cluster.Partition                  : [Partition __consumer_offsets-48 broker=0] Log loaded for partition __consumer_offsets-48 with initial high watermark 0
2026-05-13T20:18:50.630-05:00  INFO 84603 --- [r-event-handler] state.change.logger                      : [Broker id=0] Leader __consumer_offsets-48 with topic id Some(mLHGpngGTE2rn--FeEA7jQ) starts at leader epoch 0 from offset 0 with partition epoch 0, high watermark 0, ISR [0], adding replicas [] and removing replicas [] . Previous leader None and previous leader epoch was -1.
2026-05-13T20:18:50.631-05:00  INFO 84603 --- [0-event-handler] o.a.k.c.ProducerIdControlManager         : [QuorumController id=0] Replaying ProducerIdsRecord ProducerIdsRecord(brokerId=0, brokerEpoch=5, nextProducerId=1000)
2026-05-13T20:18:50.640-05:00  INFO 84603 --- [r-event-handler] state.change.logger                      : [Broker id=0] Creating new partition __consumer_offsets-11 with topic id mLHGpngGTE2rn--FeEA7jQ.
2026-05-13T20:18:50.642-05:00  INFO 84603 --- [r-event-handler] kafka.log.UnifiedLog$                    : [LogLoader partition=__consumer_offsets-11, dir=/var/folders/4b/78jh3wg557g9b0y05m2_3bwc0000gn/T/kafka-16318625058273804632/broker_0_data0] Loading producer state till offset 0 with message format version 2
2026-05-13T20:18:50.642-05:00  INFO 84603 --- [r-event-handler] kafka.log.LogManager                     : Created log for partition __consumer_offsets-11 in /var/folders/4b/78jh3wg557g9b0y05m2_3bwc0000gn/T/kafka-16318625058273804632/broker_0_data0/__consumer_offsets-11 with properties {cleanup.policy=compact, compression.type="producer", segment.bytes=104857600}
2026-05-13T20:18:50.642-05:00  INFO 84603 --- [r-event-handler] kafka.cluster.Partition                  : [Partition __consumer_offsets-11 broker=0] No checkpointed highwatermark is found for partition __consumer_offsets-11
2026-05-13T20:18:50.642-05:00  INFO 84603 --- [r-event-handler] kafka.cluster.Partition                  : [Partition __consumer_offsets-11 broker=0] Log loaded for partition __consumer_offsets-11 with initial high watermark 0
2026-05-13T20:18:50.642-05:00  INFO 84603 --- [r-event-handler] state.change.logger                      : [Broker id=0] Leader __consumer_offsets-11 with topic id Some(mLHGpngGTE2rn--FeEA7jQ) starts at leader epoch 0 from offset 0 with partition epoch 0, high watermark 0, ISR [0], adding replicas [] and removing replicas [] . Previous leader None and previous leader epoch was -1.
2026-05-13T20:18:50.647-05:00  INFO 84603 --- [r-event-handler] state.change.logger                      : [Broker id=0] Creating new partition __consumer_offsets-44 with topic id mLHGpngGTE2rn--FeEA7jQ.
2026-05-13T20:18:50.649-05:00  INFO 84603 --- [r-event-handler] kafka.log.UnifiedLog$                    : [LogLoader partition=__consumer_offsets-44, dir=/var/folders/4b/78jh3wg557g9b0y05m2_3bwc0000gn/T/kafka-16318625058273804632/broker_0_data0] Loading producer state till offset 0 with message format version 2
2026-05-13T20:18:50.649-05:00  INFO 84603 --- [r-event-handler] kafka.log.LogManager                     : Created log for partition __consumer_offsets-44 in /var/folders/4b/78jh3wg557g9b0y05m2_3bwc0000gn/T/kafka-16318625058273804632/broker_0_data0/__consumer_offsets-44 with properties {cleanup.policy=compact, compression.type="producer", segment.bytes=104857600}
2026-05-13T20:18:50.649-05:00  INFO 84603 --- [r-event-handler] kafka.cluster.Partition                  : [Partition __consumer_offsets-44 broker=0] No checkpointed highwatermark is found for partition __consumer_offsets-44
2026-05-13T20:18:50.649-05:00  INFO 84603 --- [r-event-handler] kafka.cluster.Partition                  : [Partition __consumer_offsets-44 broker=0] Log loaded for partition __consumer_offsets-44 with initial high watermark 0
2026-05-13T20:18:50.649-05:00  INFO 84603 --- [r-event-handler] state.change.logger                      : [Broker id=0] Leader __consumer_offsets-44 with topic id Some(mLHGpngGTE2rn--FeEA7jQ) starts at leader epoch 0 from offset 0 with partition epoch 0, high watermark 0, ISR [0], adding replicas [] and removing replicas [] . Previous leader None and previous leader epoch was -1.
2026-05-13T20:18:50.660-05:00  INFO 84603 --- [r-event-handler] state.change.logger                      : [Broker id=0] Creating new partition __consumer_offsets-23 with topic id mLHGpngGTE2rn--FeEA7jQ.
2026-05-13T20:18:50.662-05:00  INFO 84603 --- [r-event-handler] kafka.log.UnifiedLog$                    : [LogLoader partition=__consumer_offsets-23, dir=/var/folders/4b/78jh3wg557g9b0y05m2_3bwc0000gn/T/kafka-16318625058273804632/broker_0_data0] Loading producer state till offset 0 with message format version 2
2026-05-13T20:18:50.662-05:00  INFO 84603 --- [r-event-handler] kafka.log.LogManager                     : Created log for partition __consumer_offsets-23 in /var/folders/4b/78jh3wg557g9b0y05m2_3bwc0000gn/T/kafka-16318625058273804632/broker_0_data0/__consumer_offsets-23 with properties {cleanup.policy=compact, compression.type="producer", segment.bytes=104857600}
2026-05-13T20:18:50.662-05:00  INFO 84603 --- [r-event-handler] kafka.cluster.Partition                  : [Partition __consumer_offsets-23 broker=0] No checkpointed highwatermark is found for partition __consumer_offsets-23
2026-05-13T20:18:50.662-05:00  INFO 84603 --- [r-event-handler] kafka.cluster.Partition                  : [Partition __consumer_offsets-23 broker=0] Log loaded for partition __consumer_offsets-23 with initial high watermark 0
2026-05-13T20:18:50.663-05:00  INFO 84603 --- [r-event-handler] state.change.logger                      : [Broker id=0] Leader __consumer_offsets-23 with topic id Some(mLHGpngGTE2rn--FeEA7jQ) starts at leader epoch 0 from offset 0 with partition epoch 0, high watermark 0, ISR [0], adding replicas [] and removing replicas [] . Previous leader None and previous leader epoch was -1.
2026-05-13T20:18:50.671-05:00  INFO 84603 --- [r-event-handler] state.change.logger                      : [Broker id=0] Creating new partition __consumer_offsets-19 with topic id mLHGpngGTE2rn--FeEA7jQ.
2026-05-13T20:18:50.676-05:00  INFO 84603 --- [r-event-handler] kafka.log.UnifiedLog$                    : [LogLoader partition=__consumer_offsets-19, dir=/var/folders/4b/78jh3wg557g9b0y05m2_3bwc0000gn/T/kafka-16318625058273804632/broker_0_data0] Loading producer state till offset 0 with message format version 2
2026-05-13T20:18:50.676-05:00  INFO 84603 --- [r-event-handler] kafka.log.LogManager                     : Created log for partition __consumer_offsets-19 in /var/folders/4b/78jh3wg557g9b0y05m2_3bwc0000gn/T/kafka-16318625058273804632/broker_0_data0/__consumer_offsets-19 with properties {cleanup.policy=compact, compression.type="producer", segment.bytes=104857600}
2026-05-13T20:18:50.676-05:00  INFO 84603 --- [r-event-handler] kafka.cluster.Partition                  : [Partition __consumer_offsets-19 broker=0] No checkpointed highwatermark is found for partition __consumer_offsets-19
2026-05-13T20:18:50.676-05:00  INFO 84603 --- [r-event-handler] kafka.cluster.Partition                  : [Partition __consumer_offsets-19 broker=0] Log loaded for partition __consumer_offsets-19 with initial high watermark 0
2026-05-13T20:18:50.676-05:00  INFO 84603 --- [r-event-handler] state.change.logger                      : [Broker id=0] Leader __consumer_offsets-19 with topic id Some(mLHGpngGTE2rn--FeEA7jQ) starts at leader epoch 0 from offset 0 with partition epoch 0, high watermark 0, ISR [0], adding replicas [] and removing replicas [] . Previous leader None and previous leader epoch was -1.
2026-05-13T20:18:50.683-05:00  INFO 84603 --- [r-event-handler] state.change.logger                      : [Broker id=0] Creating new partition __consumer_offsets-32 with topic id mLHGpngGTE2rn--FeEA7jQ.
2026-05-13T20:18:50.685-05:00  INFO 84603 --- [r-event-handler] kafka.log.UnifiedLog$                    : [LogLoader partition=__consumer_offsets-32, dir=/var/folders/4b/78jh3wg557g9b0y05m2_3bwc0000gn/T/kafka-16318625058273804632/broker_0_data0] Loading producer state till offset 0 with message format version 2
2026-05-13T20:18:50.685-05:00  INFO 84603 --- [r-event-handler] kafka.log.LogManager                     : Created log for partition __consumer_offsets-32 in /var/folders/4b/78jh3wg557g9b0y05m2_3bwc0000gn/T/kafka-16318625058273804632/broker_0_data0/__consumer_offsets-32 with properties {cleanup.policy=compact, compression.type="producer", segment.bytes=104857600}
2026-05-13T20:18:50.685-05:00  INFO 84603 --- [r-event-handler] kafka.cluster.Partition                  : [Partition __consumer_offsets-32 broker=0] No checkpointed highwatermark is found for partition __consumer_offsets-32
2026-05-13T20:18:50.685-05:00  INFO 84603 --- [r-event-handler] kafka.cluster.Partition                  : [Partition __consumer_offsets-32 broker=0] Log loaded for partition __consumer_offsets-32 with initial high watermark 0
2026-05-13T20:18:50.685-05:00  INFO 84603 --- [r-event-handler] state.change.logger                      : [Broker id=0] Leader __consumer_offsets-32 with topic id Some(mLHGpngGTE2rn--FeEA7jQ) starts at leader epoch 0 from offset 0 with partition epoch 0, high watermark 0, ISR [0], adding replicas [] and removing replicas [] . Previous leader None and previous leader epoch was -1.
2026-05-13T20:18:50.693-05:00  INFO 84603 --- [r-event-handler] state.change.logger                      : [Broker id=0] Creating new partition __consumer_offsets-28 with topic id mLHGpngGTE2rn--FeEA7jQ.
2026-05-13T20:18:50.695-05:00  INFO 84603 --- [r-event-handler] kafka.log.UnifiedLog$                    : [LogLoader partition=__consumer_offsets-28, dir=/var/folders/4b/78jh3wg557g9b0y05m2_3bwc0000gn/T/kafka-16318625058273804632/broker_0_data0] Loading producer state till offset 0 with message format version 2
2026-05-13T20:18:50.695-05:00  INFO 84603 --- [r-event-handler] kafka.log.LogManager                     : Created log for partition __consumer_offsets-28 in /var/folders/4b/78jh3wg557g9b0y05m2_3bwc0000gn/T/kafka-16318625058273804632/broker_0_data0/__consumer_offsets-28 with properties {cleanup.policy=compact, compression.type="producer", segment.bytes=104857600}
2026-05-13T20:18:50.695-05:00  INFO 84603 --- [r-event-handler] kafka.cluster.Partition                  : [Partition __consumer_offsets-28 broker=0] No checkpointed highwatermark is found for partition __consumer_offsets-28
2026-05-13T20:18:50.695-05:00  INFO 84603 --- [r-event-handler] kafka.cluster.Partition                  : [Partition __consumer_offsets-28 broker=0] Log loaded for partition __consumer_offsets-28 with initial high watermark 0
2026-05-13T20:18:50.696-05:00  INFO 84603 --- [r-event-handler] state.change.logger                      : [Broker id=0] Leader __consumer_offsets-28 with topic id Some(mLHGpngGTE2rn--FeEA7jQ) starts at leader epoch 0 from offset 0 with partition epoch 0, high watermark 0, ISR [0], adding replicas [] and removing replicas [] . Previous leader None and previous leader epoch was -1.
2026-05-13T20:18:50.703-05:00  INFO 84603 --- [r-event-handler] state.change.logger                      : [Broker id=0] Creating new partition __consumer_offsets-7 with topic id mLHGpngGTE2rn--FeEA7jQ.
2026-05-13T20:18:50.705-05:00  INFO 84603 --- [r-event-handler] kafka.log.UnifiedLog$                    : [LogLoader partition=__consumer_offsets-7, dir=/var/folders/4b/78jh3wg557g9b0y05m2_3bwc0000gn/T/kafka-16318625058273804632/broker_0_data0] Loading producer state till offset 0 with message format version 2
2026-05-13T20:18:50.705-05:00  INFO 84603 --- [r-event-handler] kafka.log.LogManager                     : Created log for partition __consumer_offsets-7 in /var/folders/4b/78jh3wg557g9b0y05m2_3bwc0000gn/T/kafka-16318625058273804632/broker_0_data0/__consumer_offsets-7 with properties {cleanup.policy=compact, compression.type="producer", segment.bytes=104857600}
2026-05-13T20:18:50.705-05:00  INFO 84603 --- [r-event-handler] kafka.cluster.Partition                  : [Partition __consumer_offsets-7 broker=0] No checkpointed highwatermark is found for partition __consumer_offsets-7
2026-05-13T20:18:50.705-05:00  INFO 84603 --- [r-event-handler] kafka.cluster.Partition                  : [Partition __consumer_offsets-7 broker=0] Log loaded for partition __consumer_offsets-7 with initial high watermark 0
2026-05-13T20:18:50.705-05:00  INFO 84603 --- [r-event-handler] state.change.logger                      : [Broker id=0] Leader __consumer_offsets-7 with topic id Some(mLHGpngGTE2rn--FeEA7jQ) starts at leader epoch 0 from offset 0 with partition epoch 0, high watermark 0, ISR [0], adding replicas [] and removing replicas [] . Previous leader None and previous leader epoch was -1.
2026-05-13T20:18:50.711-05:00  INFO 84603 --- [ntainer#0-0-C-1] o.a.k.c.c.internals.ConsumerCoordinator  : [Consumer clientId=consumer-midas-core-1, groupId=midas-core] Discovered group coordinator localhost:59882 (id: 2147483647 rack: null)
2026-05-13T20:18:50.712-05:00  INFO 84603 --- [ntainer#0-0-C-1] o.a.k.c.c.internals.ConsumerCoordinator  : [Consumer clientId=consumer-midas-core-1, groupId=midas-core] Request joining group due to: rebalance failed due to 'This is not the correct coordinator.' (NotCoordinatorException)
2026-05-13T20:18:50.712-05:00  INFO 84603 --- [ntainer#0-0-C-1] o.a.k.c.c.internals.ConsumerCoordinator  : [Consumer clientId=consumer-midas-core-1, groupId=midas-core] (Re-)joining group
2026-05-13T20:18:50.713-05:00  INFO 84603 --- [r-event-handler] state.change.logger                      : [Broker id=0] Creating new partition __consumer_offsets-40 with topic id mLHGpngGTE2rn--FeEA7jQ.
2026-05-13T20:18:50.714-05:00  INFO 84603 --- [ntainer#0-0-C-1] o.a.k.c.c.internals.ConsumerCoordinator  : [Consumer clientId=consumer-midas-core-1, groupId=midas-core] Group coordinator localhost:59882 (id: 2147483647 rack: null) is unavailable or invalid due to cause: error response NOT_COORDINATOR. isDisconnected: false. Rediscovery will be attempted.
2026-05-13T20:18:50.714-05:00  INFO 84603 --- [ntainer#0-0-C-1] o.a.k.c.c.internals.ConsumerCoordinator  : [Consumer clientId=consumer-midas-core-1, groupId=midas-core] Requesting disconnect from last known coordinator localhost:59882 (id: 2147483647 rack: null)
2026-05-13T20:18:50.714-05:00  INFO 84603 --- [ntainer#0-0-C-1] o.a.k.c.c.internals.ConsumerCoordinator  : [Consumer clientId=consumer-midas-core-1, groupId=midas-core] JoinGroup failed: This is not the correct coordinator. Marking coordinator unknown. Sent generation was Generation{generationId=-1, memberId='', protocol='null'}
2026-05-13T20:18:50.714-05:00  INFO 84603 --- [ntainer#0-0-C-1] org.apache.kafka.clients.NetworkClient   : [Consumer clientId=consumer-midas-core-1, groupId=midas-core] Client requested disconnect from node 2147483647
2026-05-13T20:18:50.715-05:00  INFO 84603 --- [r-event-handler] kafka.log.UnifiedLog$                    : [LogLoader partition=__consumer_offsets-40, dir=/var/folders/4b/78jh3wg557g9b0y05m2_3bwc0000gn/T/kafka-16318625058273804632/broker_0_data0] Loading producer state till offset 0 with message format version 2
2026-05-13T20:18:50.715-05:00  INFO 84603 --- [ntainer#0-0-C-1] o.a.k.c.c.internals.ConsumerCoordinator  : [Consumer clientId=consumer-midas-core-1, groupId=midas-core] Discovered group coordinator localhost:59882 (id: 2147483647 rack: null)
2026-05-13T20:18:50.716-05:00  INFO 84603 --- [ntainer#0-0-C-1] o.a.k.c.c.internals.ConsumerCoordinator  : [Consumer clientId=consumer-midas-core-1, groupId=midas-core] Group coordinator localhost:59882 (id: 2147483647 rack: null) is unavailable or invalid due to cause: coordinator unavailable. isDisconnected: false. Rediscovery will be attempted.
2026-05-13T20:18:50.716-05:00  INFO 84603 --- [ntainer#0-0-C-1] o.a.k.c.c.internals.ConsumerCoordinator  : [Consumer clientId=consumer-midas-core-1, groupId=midas-core] Requesting disconnect from last known coordinator localhost:59882 (id: 2147483647 rack: null)
2026-05-13T20:18:50.716-05:00  INFO 84603 --- [r-event-handler] kafka.log.LogManager                     : Created log for partition __consumer_offsets-40 in /var/folders/4b/78jh3wg557g9b0y05m2_3bwc0000gn/T/kafka-16318625058273804632/broker_0_data0/__consumer_offsets-40 with properties {cleanup.policy=compact, compression.type="producer", segment.bytes=104857600}
2026-05-13T20:18:50.716-05:00  INFO 84603 --- [r-event-handler] kafka.cluster.Partition                  : [Partition __consumer_offsets-40 broker=0] No checkpointed highwatermark is found for partition __consumer_offsets-40
2026-05-13T20:18:50.716-05:00  INFO 84603 --- [r-event-handler] kafka.cluster.Partition                  : [Partition __consumer_offsets-40 broker=0] Log loaded for partition __consumer_offsets-40 with initial high watermark 0
2026-05-13T20:18:50.716-05:00  INFO 84603 --- [r-event-handler] state.change.logger                      : [Broker id=0] Leader __consumer_offsets-40 with topic id Some(mLHGpngGTE2rn--FeEA7jQ) starts at leader epoch 0 from offset 0 with partition epoch 0, high watermark 0, ISR [0], adding replicas [] and removing replicas [] . Previous leader None and previous leader epoch was -1.
2026-05-13T20:18:50.719-05:00  INFO 84603 --- [r-event-handler] state.change.logger                      : [Broker id=0] Creating new partition __consumer_offsets-3 with topic id mLHGpngGTE2rn--FeEA7jQ.
2026-05-13T20:18:50.721-05:00  INFO 84603 --- [r-event-handler] kafka.log.UnifiedLog$                    : [LogLoader partition=__consumer_offsets-3, dir=/var/folders/4b/78jh3wg557g9b0y05m2_3bwc0000gn/T/kafka-16318625058273804632/broker_0_data0] Loading producer state till offset 0 with message format version 2
2026-05-13T20:18:50.721-05:00  INFO 84603 --- [r-event-handler] kafka.log.LogManager                     : Created log for partition __consumer_offsets-3 in /var/folders/4b/78jh3wg557g9b0y05m2_3bwc0000gn/T/kafka-16318625058273804632/broker_0_data0/__consumer_offsets-3 with properties {cleanup.policy=compact, compression.type="producer", segment.bytes=104857600}
2026-05-13T20:18:50.721-05:00  INFO 84603 --- [r-event-handler] kafka.cluster.Partition                  : [Partition __consumer_offsets-3 broker=0] No checkpointed highwatermark is found for partition __consumer_offsets-3
2026-05-13T20:18:50.721-05:00  INFO 84603 --- [r-event-handler] kafka.cluster.Partition                  : [Partition __consumer_offsets-3 broker=0] Log loaded for partition __consumer_offsets-3 with initial high watermark 0
2026-05-13T20:18:50.721-05:00  INFO 84603 --- [r-event-handler] state.change.logger                      : [Broker id=0] Leader __consumer_offsets-3 with topic id Some(mLHGpngGTE2rn--FeEA7jQ) starts at leader epoch 0 from offset 0 with partition epoch 0, high watermark 0, ISR [0], adding replicas [] and removing replicas [] . Previous leader None and previous leader epoch was -1.
2026-05-13T20:18:50.725-05:00  INFO 84603 --- [r-event-handler] state.change.logger                      : [Broker id=0] Creating new partition __consumer_offsets-36 with topic id mLHGpngGTE2rn--FeEA7jQ.
2026-05-13T20:18:50.727-05:00  INFO 84603 --- [r-event-handler] kafka.log.UnifiedLog$                    : [LogLoader partition=__consumer_offsets-36, dir=/var/folders/4b/78jh3wg557g9b0y05m2_3bwc0000gn/T/kafka-16318625058273804632/broker_0_data0] Loading producer state till offset 0 with message format version 2
2026-05-13T20:18:50.728-05:00  INFO 84603 --- [r-event-handler] kafka.log.LogManager                     : Created log for partition __consumer_offsets-36 in /var/folders/4b/78jh3wg557g9b0y05m2_3bwc0000gn/T/kafka-16318625058273804632/broker_0_data0/__consumer_offsets-36 with properties {cleanup.policy=compact, compression.type="producer", segment.bytes=104857600}
2026-05-13T20:18:50.728-05:00  INFO 84603 --- [r-event-handler] kafka.cluster.Partition                  : [Partition __consumer_offsets-36 broker=0] No checkpointed highwatermark is found for partition __consumer_offsets-36
2026-05-13T20:18:50.728-05:00  INFO 84603 --- [r-event-handler] kafka.cluster.Partition                  : [Partition __consumer_offsets-36 broker=0] Log loaded for partition __consumer_offsets-36 with initial high watermark 0
2026-05-13T20:18:50.728-05:00  INFO 84603 --- [r-event-handler] state.change.logger                      : [Broker id=0] Leader __consumer_offsets-36 with topic id Some(mLHGpngGTE2rn--FeEA7jQ) starts at leader epoch 0 from offset 0 with partition epoch 0, high watermark 0, ISR [0], adding replicas [] and removing replicas [] . Previous leader None and previous leader epoch was -1.
2026-05-13T20:18:50.736-05:00  INFO 84603 --- [r-event-handler] state.change.logger                      : [Broker id=0] Creating new partition __consumer_offsets-47 with topic id mLHGpngGTE2rn--FeEA7jQ.
2026-05-13T20:18:50.738-05:00  INFO 84603 --- [r-event-handler] kafka.log.UnifiedLog$                    : [LogLoader partition=__consumer_offsets-47, dir=/var/folders/4b/78jh3wg557g9b0y05m2_3bwc0000gn/T/kafka-16318625058273804632/broker_0_data0] Loading producer state till offset 0 with message format version 2
2026-05-13T20:18:50.738-05:00  INFO 84603 --- [r-event-handler] kafka.log.LogManager                     : Created log for partition __consumer_offsets-47 in /var/folders/4b/78jh3wg557g9b0y05m2_3bwc0000gn/T/kafka-16318625058273804632/broker_0_data0/__consumer_offsets-47 with properties {cleanup.policy=compact, compression.type="producer", segment.bytes=104857600}
2026-05-13T20:18:50.738-05:00  INFO 84603 --- [r-event-handler] kafka.cluster.Partition                  : [Partition __consumer_offsets-47 broker=0] No checkpointed highwatermark is found for partition __consumer_offsets-47
2026-05-13T20:18:50.738-05:00  INFO 84603 --- [r-event-handler] kafka.cluster.Partition                  : [Partition __consumer_offsets-47 broker=0] Log loaded for partition __consumer_offsets-47 with initial high watermark 0
2026-05-13T20:18:50.738-05:00  INFO 84603 --- [r-event-handler] state.change.logger                      : [Broker id=0] Leader __consumer_offsets-47 with topic id Some(mLHGpngGTE2rn--FeEA7jQ) starts at leader epoch 0 from offset 0 with partition epoch 0, high watermark 0, ISR [0], adding replicas [] and removing replicas [] . Previous leader None and previous leader epoch was -1.
2026-05-13T20:18:50.738-05:00  INFO 84603 --- [ad | producer-1] o.a.k.c.p.internals.TransactionManager   : [Producer clientId=producer-1] ProducerId set to 0 with epoch 0
2026-05-13T20:18:50.745-05:00  INFO 84603 --- [r-event-handler] state.change.logger                      : [Broker id=0] Creating new partition __consumer_offsets-14 with topic id mLHGpngGTE2rn--FeEA7jQ.
2026-05-13T20:18:50.747-05:00  INFO 84603 --- [r-event-handler] kafka.log.UnifiedLog$                    : [LogLoader partition=__consumer_offsets-14, dir=/var/folders/4b/78jh3wg557g9b0y05m2_3bwc0000gn/T/kafka-16318625058273804632/broker_0_data0] Loading producer state till offset 0 with message format version 2
2026-05-13T20:18:50.747-05:00  INFO 84603 --- [r-event-handler] kafka.log.LogManager                     : Created log for partition __consumer_offsets-14 in /var/folders/4b/78jh3wg557g9b0y05m2_3bwc0000gn/T/kafka-16318625058273804632/broker_0_data0/__consumer_offsets-14 with properties {cleanup.policy=compact, compression.type="producer", segment.bytes=104857600}
2026-05-13T20:18:50.747-05:00  INFO 84603 --- [r-event-handler] kafka.cluster.Partition                  : [Partition __consumer_offsets-14 broker=0] No checkpointed highwatermark is found for partition __consumer_offsets-14
2026-05-13T20:18:50.747-05:00  INFO 84603 --- [r-event-handler] kafka.cluster.Partition                  : [Partition __consumer_offsets-14 broker=0] Log loaded for partition __consumer_offsets-14 with initial high watermark 0
2026-05-13T20:18:50.747-05:00  INFO 84603 --- [r-event-handler] state.change.logger                      : [Broker id=0] Leader __consumer_offsets-14 with topic id Some(mLHGpngGTE2rn--FeEA7jQ) starts at leader epoch 0 from offset 0 with partition epoch 0, high watermark 0, ISR [0], adding replicas [] and removing replicas [] . Previous leader None and previous leader epoch was -1.
2026-05-13T20:18:50.755-05:00  INFO 84603 --- [r-event-handler] state.change.logger                      : [Broker id=0] Creating new partition __consumer_offsets-43 with topic id mLHGpngGTE2rn--FeEA7jQ.
2026-05-13T20:18:50.757-05:00  INFO 84603 --- [r-event-handler] kafka.log.UnifiedLog$                    : [LogLoader partition=__consumer_offsets-43, dir=/var/folders/4b/78jh3wg557g9b0y05m2_3bwc0000gn/T/kafka-16318625058273804632/broker_0_data0] Loading producer state till offset 0 with message format version 2
2026-05-13T20:18:50.758-05:00  INFO 84603 --- [r-event-handler] kafka.log.LogManager                     : Created log for partition __consumer_offsets-43 in /var/folders/4b/78jh3wg557g9b0y05m2_3bwc0000gn/T/kafka-16318625058273804632/broker_0_data0/__consumer_offsets-43 with properties {cleanup.policy=compact, compression.type="producer", segment.bytes=104857600}
2026-05-13T20:18:50.758-05:00  INFO 84603 --- [r-event-handler] kafka.cluster.Partition                  : [Partition __consumer_offsets-43 broker=0] No checkpointed highwatermark is found for partition __consumer_offsets-43
2026-05-13T20:18:50.758-05:00  INFO 84603 --- [r-event-handler] kafka.cluster.Partition                  : [Partition __consumer_offsets-43 broker=0] Log loaded for partition __consumer_offsets-43 with initial high watermark 0
2026-05-13T20:18:50.758-05:00  INFO 84603 --- [r-event-handler] state.change.logger                      : [Broker id=0] Leader __consumer_offsets-43 with topic id Some(mLHGpngGTE2rn--FeEA7jQ) starts at leader epoch 0 from offset 0 with partition epoch 0, high watermark 0, ISR [0], adding replicas [] and removing replicas [] . Previous leader None and previous leader epoch was -1.
2026-05-13T20:18:50.766-05:00  INFO 84603 --- [r-event-handler] state.change.logger                      : [Broker id=0] Creating new partition __consumer_offsets-10 with topic id mLHGpngGTE2rn--FeEA7jQ.
2026-05-13T20:18:50.768-05:00  INFO 84603 --- [r-event-handler] kafka.log.UnifiedLog$                    : [LogLoader partition=__consumer_offsets-10, dir=/var/folders/4b/78jh3wg557g9b0y05m2_3bwc0000gn/T/kafka-16318625058273804632/broker_0_data0] Loading producer state till offset 0 with message format version 2
2026-05-13T20:18:50.768-05:00  INFO 84603 --- [r-event-handler] kafka.log.LogManager                     : Created log for partition __consumer_offsets-10 in /var/folders/4b/78jh3wg557g9b0y05m2_3bwc0000gn/T/kafka-16318625058273804632/broker_0_data0/__consumer_offsets-10 with properties {cleanup.policy=compact, compression.type="producer", segment.bytes=104857600}
2026-05-13T20:18:50.768-05:00  INFO 84603 --- [r-event-handler] kafka.cluster.Partition                  : [Partition __consumer_offsets-10 broker=0] No checkpointed highwatermark is found for partition __consumer_offsets-10
2026-05-13T20:18:50.768-05:00  INFO 84603 --- [r-event-handler] kafka.cluster.Partition                  : [Partition __consumer_offsets-10 broker=0] Log loaded for partition __consumer_offsets-10 with initial high watermark 0
2026-05-13T20:18:50.768-05:00  INFO 84603 --- [r-event-handler] state.change.logger                      : [Broker id=0] Leader __consumer_offsets-10 with topic id Some(mLHGpngGTE2rn--FeEA7jQ) starts at leader epoch 0 from offset 0 with partition epoch 0, high watermark 0, ISR [0], adding replicas [] and removing replicas [] . Previous leader None and previous leader epoch was -1.
2026-05-13T20:18:50.776-05:00  INFO 84603 --- [r-event-handler] state.change.logger                      : [Broker id=0] Creating new partition __consumer_offsets-22 with topic id mLHGpngGTE2rn--FeEA7jQ.
2026-05-13T20:18:50.778-05:00  INFO 84603 --- [r-event-handler] kafka.log.UnifiedLog$                    : [LogLoader partition=__consumer_offsets-22, dir=/var/folders/4b/78jh3wg557g9b0y05m2_3bwc0000gn/T/kafka-16318625058273804632/broker_0_data0] Loading producer state till offset 0 with message format version 2
2026-05-13T20:18:50.778-05:00  INFO 84603 --- [r-event-handler] kafka.log.LogManager                     : Created log for partition __consumer_offsets-22 in /var/folders/4b/78jh3wg557g9b0y05m2_3bwc0000gn/T/kafka-16318625058273804632/broker_0_data0/__consumer_offsets-22 with properties {cleanup.policy=compact, compression.type="producer", segment.bytes=104857600}
2026-05-13T20:18:50.778-05:00  INFO 84603 --- [r-event-handler] kafka.cluster.Partition                  : [Partition __consumer_offsets-22 broker=0] No checkpointed highwatermark is found for partition __consumer_offsets-22
2026-05-13T20:18:50.778-05:00  INFO 84603 --- [r-event-handler] kafka.cluster.Partition                  : [Partition __consumer_offsets-22 broker=0] Log loaded for partition __consumer_offsets-22 with initial high watermark 0
2026-05-13T20:18:50.778-05:00  INFO 84603 --- [r-event-handler] state.change.logger                      : [Broker id=0] Leader __consumer_offsets-22 with topic id Some(mLHGpngGTE2rn--FeEA7jQ) starts at leader epoch 0 from offset 0 with partition epoch 0, high watermark 0, ISR [0], adding replicas [] and removing replicas [] . Previous leader None and previous leader epoch was -1.
2026-05-13T20:18:50.785-05:00  INFO 84603 --- [r-event-handler] state.change.logger                      : [Broker id=0] Creating new partition __consumer_offsets-18 with topic id mLHGpngGTE2rn--FeEA7jQ.
2026-05-13T20:18:50.787-05:00  INFO 84603 --- [r-event-handler] kafka.log.UnifiedLog$                    : [LogLoader partition=__consumer_offsets-18, dir=/var/folders/4b/78jh3wg557g9b0y05m2_3bwc0000gn/T/kafka-16318625058273804632/broker_0_data0] Loading producer state till offset 0 with message format version 2
2026-05-13T20:18:50.787-05:00  INFO 84603 --- [r-event-handler] kafka.log.LogManager                     : Created log for partition __consumer_offsets-18 in /var/folders/4b/78jh3wg557g9b0y05m2_3bwc0000gn/T/kafka-16318625058273804632/broker_0_data0/__consumer_offsets-18 with properties {cleanup.policy=compact, compression.type="producer", segment.bytes=104857600}
2026-05-13T20:18:50.787-05:00  INFO 84603 --- [r-event-handler] kafka.cluster.Partition                  : [Partition __consumer_offsets-18 broker=0] No checkpointed highwatermark is found for partition __consumer_offsets-18
2026-05-13T20:18:50.787-05:00  INFO 84603 --- [r-event-handler] kafka.cluster.Partition                  : [Partition __consumer_offsets-18 broker=0] Log loaded for partition __consumer_offsets-18 with initial high watermark 0
2026-05-13T20:18:50.787-05:00  INFO 84603 --- [r-event-handler] state.change.logger                      : [Broker id=0] Leader __consumer_offsets-18 with topic id Some(mLHGpngGTE2rn--FeEA7jQ) starts at leader epoch 0 from offset 0 with partition epoch 0, high watermark 0, ISR [0], adding replicas [] and removing replicas [] . Previous leader None and previous leader epoch was -1.
2026-05-13T20:18:50.791-05:00  INFO 84603 --- [r-event-handler] state.change.logger                      : [Broker id=0] Creating new partition __consumer_offsets-31 with topic id mLHGpngGTE2rn--FeEA7jQ.
2026-05-13T20:18:50.792-05:00  INFO 84603 --- [r-event-handler] kafka.log.UnifiedLog$                    : [LogLoader partition=__consumer_offsets-31, dir=/var/folders/4b/78jh3wg557g9b0y05m2_3bwc0000gn/T/kafka-16318625058273804632/broker_0_data0] Loading producer state till offset 0 with message format version 2
2026-05-13T20:18:50.793-05:00  INFO 84603 --- [r-event-handler] kafka.log.LogManager                     : Created log for partition __consumer_offsets-31 in /var/folders/4b/78jh3wg557g9b0y05m2_3bwc0000gn/T/kafka-16318625058273804632/broker_0_data0/__consumer_offsets-31 with properties {cleanup.policy=compact, compression.type="producer", segment.bytes=104857600}
2026-05-13T20:18:50.793-05:00  INFO 84603 --- [r-event-handler] kafka.cluster.Partition                  : [Partition __consumer_offsets-31 broker=0] No checkpointed highwatermark is found for partition __consumer_offsets-31
2026-05-13T20:18:50.793-05:00  INFO 84603 --- [r-event-handler] kafka.cluster.Partition                  : [Partition __consumer_offsets-31 broker=0] Log loaded for partition __consumer_offsets-31 with initial high watermark 0
2026-05-13T20:18:50.793-05:00  INFO 84603 --- [r-event-handler] state.change.logger                      : [Broker id=0] Leader __consumer_offsets-31 with topic id Some(mLHGpngGTE2rn--FeEA7jQ) starts at leader epoch 0 from offset 0 with partition epoch 0, high watermark 0, ISR [0], adding replicas [] and removing replicas [] . Previous leader None and previous leader epoch was -1.
2026-05-13T20:18:50.800-05:00  INFO 84603 --- [r-event-handler] state.change.logger                      : [Broker id=0] Creating new partition __consumer_offsets-27 with topic id mLHGpngGTE2rn--FeEA7jQ.
2026-05-13T20:18:50.802-05:00  INFO 84603 --- [r-event-handler] kafka.log.UnifiedLog$                    : [LogLoader partition=__consumer_offsets-27, dir=/var/folders/4b/78jh3wg557g9b0y05m2_3bwc0000gn/T/kafka-16318625058273804632/broker_0_data0] Loading producer state till offset 0 with message format version 2
2026-05-13T20:18:50.802-05:00  INFO 84603 --- [r-event-handler] kafka.log.LogManager                     : Created log for partition __consumer_offsets-27 in /var/folders/4b/78jh3wg557g9b0y05m2_3bwc0000gn/T/kafka-16318625058273804632/broker_0_data0/__consumer_offsets-27 with properties {cleanup.policy=compact, compression.type="producer", segment.bytes=104857600}
2026-05-13T20:18:50.802-05:00  INFO 84603 --- [r-event-handler] kafka.cluster.Partition                  : [Partition __consumer_offsets-27 broker=0] No checkpointed highwatermark is found for partition __consumer_offsets-27
2026-05-13T20:18:50.802-05:00  INFO 84603 --- [r-event-handler] kafka.cluster.Partition                  : [Partition __consumer_offsets-27 broker=0] Log loaded for partition __consumer_offsets-27 with initial high watermark 0
2026-05-13T20:18:50.802-05:00  INFO 84603 --- [r-event-handler] state.change.logger                      : [Broker id=0] Leader __consumer_offsets-27 with topic id Some(mLHGpngGTE2rn--FeEA7jQ) starts at leader epoch 0 from offset 0 with partition epoch 0, high watermark 0, ISR [0], adding replicas [] and removing replicas [] . Previous leader None and previous leader epoch was -1.
2026-05-13T20:18:50.810-05:00  INFO 84603 --- [r-event-handler] state.change.logger                      : [Broker id=0] Creating new partition __consumer_offsets-39 with topic id mLHGpngGTE2rn--FeEA7jQ.
2026-05-13T20:18:50.812-05:00  INFO 84603 --- [r-event-handler] kafka.log.UnifiedLog$                    : [LogLoader partition=__consumer_offsets-39, dir=/var/folders/4b/78jh3wg557g9b0y05m2_3bwc0000gn/T/kafka-16318625058273804632/broker_0_data0] Loading producer state till offset 0 with message format version 2
2026-05-13T20:18:50.812-05:00  INFO 84603 --- [r-event-handler] kafka.log.LogManager                     : Created log for partition __consumer_offsets-39 in /var/folders/4b/78jh3wg557g9b0y05m2_3bwc0000gn/T/kafka-16318625058273804632/broker_0_data0/__consumer_offsets-39 with properties {cleanup.policy=compact, compression.type="producer", segment.bytes=104857600}
2026-05-13T20:18:50.812-05:00  INFO 84603 --- [r-event-handler] kafka.cluster.Partition                  : [Partition __consumer_offsets-39 broker=0] No checkpointed highwatermark is found for partition __consumer_offsets-39
2026-05-13T20:18:50.812-05:00  INFO 84603 --- [r-event-handler] kafka.cluster.Partition                  : [Partition __consumer_offsets-39 broker=0] Log loaded for partition __consumer_offsets-39 with initial high watermark 0
2026-05-13T20:18:50.812-05:00  INFO 84603 --- [r-event-handler] state.change.logger                      : [Broker id=0] Leader __consumer_offsets-39 with topic id Some(mLHGpngGTE2rn--FeEA7jQ) starts at leader epoch 0 from offset 0 with partition epoch 0, high watermark 0, ISR [0], adding replicas [] and removing replicas [] . Previous leader None and previous leader epoch was -1.
2026-05-13T20:18:50.819-05:00  INFO 84603 --- [r-event-handler] state.change.logger                      : [Broker id=0] Creating new partition __consumer_offsets-6 with topic id mLHGpngGTE2rn--FeEA7jQ.
2026-05-13T20:18:50.820-05:00  INFO 84603 --- [ntainer#0-0-C-1] o.a.k.c.c.internals.ConsumerCoordinator  : [Consumer clientId=consumer-midas-core-1, groupId=midas-core] Discovered group coordinator localhost:59882 (id: 2147483647 rack: null)
2026-05-13T20:18:50.820-05:00  INFO 84603 --- [r-event-handler] kafka.log.UnifiedLog$                    : [LogLoader partition=__consumer_offsets-6, dir=/var/folders/4b/78jh3wg557g9b0y05m2_3bwc0000gn/T/kafka-16318625058273804632/broker_0_data0] Loading producer state till offset 0 with message format version 2
2026-05-13T20:18:50.821-05:00  INFO 84603 --- [ntainer#0-0-C-1] o.a.k.c.c.internals.ConsumerCoordinator  : [Consumer clientId=consumer-midas-core-1, groupId=midas-core] Request joining group due to: rebalance failed due to 'This is not the correct coordinator.' (NotCoordinatorException)
2026-05-13T20:18:50.821-05:00  INFO 84603 --- [r-event-handler] kafka.log.LogManager                     : Created log for partition __consumer_offsets-6 in /var/folders/4b/78jh3wg557g9b0y05m2_3bwc0000gn/T/kafka-16318625058273804632/broker_0_data0/__consumer_offsets-6 with properties {cleanup.policy=compact, compression.type="producer", segment.bytes=104857600}
2026-05-13T20:18:50.821-05:00  INFO 84603 --- [r-event-handler] kafka.cluster.Partition                  : [Partition __consumer_offsets-6 broker=0] No checkpointed highwatermark is found for partition __consumer_offsets-6
2026-05-13T20:18:50.821-05:00  INFO 84603 --- [r-event-handler] kafka.cluster.Partition                  : [Partition __consumer_offsets-6 broker=0] Log loaded for partition __consumer_offsets-6 with initial high watermark 0
2026-05-13T20:18:50.821-05:00  INFO 84603 --- [r-event-handler] state.change.logger                      : [Broker id=0] Leader __consumer_offsets-6 with topic id Some(mLHGpngGTE2rn--FeEA7jQ) starts at leader epoch 0 from offset 0 with partition epoch 0, high watermark 0, ISR [0], adding replicas [] and removing replicas [] . Previous leader None and previous leader epoch was -1.
2026-05-13T20:18:50.821-05:00  INFO 84603 --- [ntainer#0-0-C-1] o.a.k.c.c.internals.ConsumerCoordinator  : [Consumer clientId=consumer-midas-core-1, groupId=midas-core] (Re-)joining group
2026-05-13T20:18:50.822-05:00  INFO 84603 --- [ntainer#0-0-C-1] o.a.k.c.c.internals.ConsumerCoordinator  : [Consumer clientId=consumer-midas-core-1, groupId=midas-core] Group coordinator localhost:59882 (id: 2147483647 rack: null) is unavailable or invalid due to cause: error response NOT_COORDINATOR. isDisconnected: false. Rediscovery will be attempted.
2026-05-13T20:18:50.822-05:00  INFO 84603 --- [ntainer#0-0-C-1] o.a.k.c.c.internals.ConsumerCoordinator  : [Consumer clientId=consumer-midas-core-1, groupId=midas-core] Requesting disconnect from last known coordinator localhost:59882 (id: 2147483647 rack: null)
2026-05-13T20:18:50.822-05:00  INFO 84603 --- [ntainer#0-0-C-1] o.a.k.c.c.internals.ConsumerCoordinator  : [Consumer clientId=consumer-midas-core-1, groupId=midas-core] JoinGroup failed: This is not the correct coordinator. Marking coordinator unknown. Sent generation was Generation{generationId=-1, memberId='', protocol='null'}
2026-05-13T20:18:50.822-05:00  INFO 84603 --- [ntainer#0-0-C-1] org.apache.kafka.clients.NetworkClient   : [Consumer clientId=consumer-midas-core-1, groupId=midas-core] Client requested disconnect from node 2147483647
2026-05-13T20:18:50.823-05:00  INFO 84603 --- [ntainer#0-0-C-1] o.a.k.c.c.internals.ConsumerCoordinator  : [Consumer clientId=consumer-midas-core-1, groupId=midas-core] Discovered group coordinator localhost:59882 (id: 2147483647 rack: null)
2026-05-13T20:18:50.823-05:00  INFO 84603 --- [ntainer#0-0-C-1] o.a.k.c.c.internals.ConsumerCoordinator  : [Consumer clientId=consumer-midas-core-1, groupId=midas-core] Group coordinator localhost:59882 (id: 2147483647 rack: null) is unavailable or invalid due to cause: coordinator unavailable. isDisconnected: false. Rediscovery will be attempted.
2026-05-13T20:18:50.823-05:00  INFO 84603 --- [ntainer#0-0-C-1] o.a.k.c.c.internals.ConsumerCoordinator  : [Consumer clientId=consumer-midas-core-1, groupId=midas-core] Requesting disconnect from last known coordinator localhost:59882 (id: 2147483647 rack: null)
2026-05-13T20:18:50.824-05:00  INFO 84603 --- [r-event-handler] state.change.logger                      : [Broker id=0] Creating new partition __consumer_offsets-35 with topic id mLHGpngGTE2rn--FeEA7jQ.
2026-05-13T20:18:50.826-05:00  INFO 84603 --- [r-event-handler] kafka.log.UnifiedLog$                    : [LogLoader partition=__consumer_offsets-35, dir=/var/folders/4b/78jh3wg557g9b0y05m2_3bwc0000gn/T/kafka-16318625058273804632/broker_0_data0] Loading producer state till offset 0 with message format version 2
2026-05-13T20:18:50.826-05:00  INFO 84603 --- [r-event-handler] kafka.log.LogManager                     : Created log for partition __consumer_offsets-35 in /var/folders/4b/78jh3wg557g9b0y05m2_3bwc0000gn/T/kafka-16318625058273804632/broker_0_data0/__consumer_offsets-35 with properties {cleanup.policy=compact, compression.type="producer", segment.bytes=104857600}
2026-05-13T20:18:50.826-05:00  INFO 84603 --- [r-event-handler] kafka.cluster.Partition                  : [Partition __consumer_offsets-35 broker=0] No checkpointed highwatermark is found for partition __consumer_offsets-35
2026-05-13T20:18:50.826-05:00  INFO 84603 --- [r-event-handler] kafka.cluster.Partition                  : [Partition __consumer_offsets-35 broker=0] Log loaded for partition __consumer_offsets-35 with initial high watermark 0
2026-05-13T20:18:50.826-05:00  INFO 84603 --- [r-event-handler] state.change.logger                      : [Broker id=0] Leader __consumer_offsets-35 with topic id Some(mLHGpngGTE2rn--FeEA7jQ) starts at leader epoch 0 from offset 0 with partition epoch 0, high watermark 0, ISR [0], adding replicas [] and removing replicas [] . Previous leader None and previous leader epoch was -1.
2026-05-13T20:18:50.833-05:00  INFO 84603 --- [r-event-handler] state.change.logger                      : [Broker id=0] Creating new partition __consumer_offsets-2 with topic id mLHGpngGTE2rn--FeEA7jQ.
2026-05-13T20:18:50.835-05:00  INFO 84603 --- [r-event-handler] kafka.log.UnifiedLog$                    : [LogLoader partition=__consumer_offsets-2, dir=/var/folders/4b/78jh3wg557g9b0y05m2_3bwc0000gn/T/kafka-16318625058273804632/broker_0_data0] Loading producer state till offset 0 with message format version 2
2026-05-13T20:18:50.835-05:00  INFO 84603 --- [r-event-handler] kafka.log.LogManager                     : Created log for partition __consumer_offsets-2 in /var/folders/4b/78jh3wg557g9b0y05m2_3bwc0000gn/T/kafka-16318625058273804632/broker_0_data0/__consumer_offsets-2 with properties {cleanup.policy=compact, compression.type="producer", segment.bytes=104857600}
2026-05-13T20:18:50.835-05:00  INFO 84603 --- [r-event-handler] kafka.cluster.Partition                  : [Partition __consumer_offsets-2 broker=0] No checkpointed highwatermark is found for partition __consumer_offsets-2
2026-05-13T20:18:50.835-05:00  INFO 84603 --- [r-event-handler] kafka.cluster.Partition                  : [Partition __consumer_offsets-2 broker=0] Log loaded for partition __consumer_offsets-2 with initial high watermark 0
2026-05-13T20:18:50.835-05:00  INFO 84603 --- [r-event-handler] state.change.logger                      : [Broker id=0] Leader __consumer_offsets-2 with topic id Some(mLHGpngGTE2rn--FeEA7jQ) starts at leader epoch 0 from offset 0 with partition epoch 0, high watermark 0, ISR [0], adding replicas [] and removing replicas [] . Previous leader None and previous leader epoch was -1.
2026-05-13T20:18:50.844-05:00  INFO 84603 --- [r-event-handler] k.coordinator.group.GroupCoordinator     : [GroupCoordinator 0]: Elected as the group coordinator for partition 13 in epoch 0
2026-05-13T20:18:50.844-05:00  INFO 84603 --- [r-event-handler] k.c.group.GroupMetadataManager           : [GroupMetadataManager brokerId=0] Scheduling loading of offsets and group metadata from __consumer_offsets-13 for epoch 0
2026-05-13T20:18:50.845-05:00  INFO 84603 --- [r-event-handler] k.coordinator.group.GroupCoordinator     : [GroupCoordinator 0]: Elected as the group coordinator for partition 46 in epoch 0
2026-05-13T20:18:50.845-05:00  INFO 84603 --- [r-event-handler] k.c.group.GroupMetadataManager           : [GroupMetadataManager brokerId=0] Scheduling loading of offsets and group metadata from __consumer_offsets-46 for epoch 0
2026-05-13T20:18:50.845-05:00  INFO 84603 --- [r-event-handler] k.coordinator.group.GroupCoordinator     : [GroupCoordinator 0]: Elected as the group coordinator for partition 9 in epoch 0
2026-05-13T20:18:50.845-05:00  INFO 84603 --- [r-event-handler] k.c.group.GroupMetadataManager           : [GroupMetadataManager brokerId=0] Scheduling loading of offsets and group metadata from __consumer_offsets-9 for epoch 0
2026-05-13T20:18:50.845-05:00  INFO 84603 --- [r-event-handler] k.coordinator.group.GroupCoordinator     : [GroupCoordinator 0]: Elected as the group coordinator for partition 42 in epoch 0
2026-05-13T20:18:50.845-05:00  INFO 84603 --- [r-event-handler] k.c.group.GroupMetadataManager           : [GroupMetadataManager brokerId=0] Scheduling loading of offsets and group metadata from __consumer_offsets-42 for epoch 0
2026-05-13T20:18:50.845-05:00  INFO 84603 --- [r-event-handler] k.coordinator.group.GroupCoordinator     : [GroupCoordinator 0]: Elected as the group coordinator for partition 21 in epoch 0
2026-05-13T20:18:50.845-05:00  INFO 84603 --- [r-event-handler] k.c.group.GroupMetadataManager           : [GroupMetadataManager brokerId=0] Scheduling loading of offsets and group metadata from __consumer_offsets-21 for epoch 0
2026-05-13T20:18:50.845-05:00  INFO 84603 --- [r-event-handler] k.coordinator.group.GroupCoordinator     : [GroupCoordinator 0]: Elected as the group coordinator for partition 17 in epoch 0
2026-05-13T20:18:50.845-05:00  INFO 84603 --- [r-event-handler] k.c.group.GroupMetadataManager           : [GroupMetadataManager brokerId=0] Scheduling loading of offsets and group metadata from __consumer_offsets-17 for epoch 0
2026-05-13T20:18:50.845-05:00  INFO 84603 --- [r-event-handler] k.coordinator.group.GroupCoordinator     : [GroupCoordinator 0]: Elected as the group coordinator for partition 30 in epoch 0
2026-05-13T20:18:50.845-05:00  INFO 84603 --- [r-event-handler] k.c.group.GroupMetadataManager           : [GroupMetadataManager brokerId=0] Scheduling loading of offsets and group metadata from __consumer_offsets-30 for epoch 0
2026-05-13T20:18:50.845-05:00  INFO 84603 --- [r-event-handler] k.coordinator.group.GroupCoordinator     : [GroupCoordinator 0]: Elected as the group coordinator for partition 26 in epoch 0
2026-05-13T20:18:50.845-05:00  INFO 84603 --- [r-event-handler] k.c.group.GroupMetadataManager           : [GroupMetadataManager brokerId=0] Scheduling loading of offsets and group metadata from __consumer_offsets-26 for epoch 0
2026-05-13T20:18:50.845-05:00  INFO 84603 --- [r-event-handler] k.coordinator.group.GroupCoordinator     : [GroupCoordinator 0]: Elected as the group coordinator for partition 5 in epoch 0
2026-05-13T20:18:50.845-05:00  INFO 84603 --- [r-event-handler] k.c.group.GroupMetadataManager           : [GroupMetadataManager brokerId=0] Scheduling loading of offsets and group metadata from __consumer_offsets-5 for epoch 0
2026-05-13T20:18:50.845-05:00  INFO 84603 --- [r-event-handler] k.coordinator.group.GroupCoordinator     : [GroupCoordinator 0]: Elected as the group coordinator for partition 38 in epoch 0
2026-05-13T20:18:50.845-05:00  INFO 84603 --- [r-event-handler] k.c.group.GroupMetadataManager           : [GroupMetadataManager brokerId=0] Scheduling loading of offsets and group metadata from __consumer_offsets-38 for epoch 0
2026-05-13T20:18:50.845-05:00  INFO 84603 --- [r-event-handler] k.coordinator.group.GroupCoordinator     : [GroupCoordinator 0]: Elected as the group coordinator for partition 1 in epoch 0
2026-05-13T20:18:50.845-05:00  INFO 84603 --- [r-event-handler] k.c.group.GroupMetadataManager           : [GroupMetadataManager brokerId=0] Scheduling loading of offsets and group metadata from __consumer_offsets-1 for epoch 0
2026-05-13T20:18:50.845-05:00  INFO 84603 --- [r-event-handler] k.coordinator.group.GroupCoordinator     : [GroupCoordinator 0]: Elected as the group coordinator for partition 34 in epoch 0
2026-05-13T20:18:50.845-05:00  INFO 84603 --- [r-event-handler] k.c.group.GroupMetadataManager           : [GroupMetadataManager brokerId=0] Scheduling loading of offsets and group metadata from __consumer_offsets-34 for epoch 0
2026-05-13T20:18:50.845-05:00  INFO 84603 --- [r-event-handler] k.coordinator.group.GroupCoordinator     : [GroupCoordinator 0]: Elected as the group coordinator for partition 16 in epoch 0
2026-05-13T20:18:50.845-05:00  INFO 84603 --- [r-event-handler] k.c.group.GroupMetadataManager           : [GroupMetadataManager brokerId=0] Scheduling loading of offsets and group metadata from __consumer_offsets-16 for epoch 0
2026-05-13T20:18:50.845-05:00  INFO 84603 --- [r-event-handler] k.coordinator.group.GroupCoordinator     : [GroupCoordinator 0]: Elected as the group coordinator for partition 45 in epoch 0
2026-05-13T20:18:50.845-05:00  INFO 84603 --- [r-event-handler] k.c.group.GroupMetadataManager           : [GroupMetadataManager brokerId=0] Scheduling loading of offsets and group metadata from __consumer_offsets-45 for epoch 0
2026-05-13T20:18:50.845-05:00  INFO 84603 --- [r-event-handler] k.coordinator.group.GroupCoordinator     : [GroupCoordinator 0]: Elected as the group coordinator for partition 12 in epoch 0
2026-05-13T20:18:50.845-05:00  INFO 84603 --- [r-event-handler] k.c.group.GroupMetadataManager           : [GroupMetadataManager brokerId=0] Scheduling loading of offsets and group metadata from __consumer_offsets-12 for epoch 0
2026-05-13T20:18:50.845-05:00  INFO 84603 --- [r-event-handler] k.coordinator.group.GroupCoordinator     : [GroupCoordinator 0]: Elected as the group coordinator for partition 41 in epoch 0
2026-05-13T20:18:50.845-05:00  INFO 84603 --- [r-event-handler] k.c.group.GroupMetadataManager           : [GroupMetadataManager brokerId=0] Scheduling loading of offsets and group metadata from __consumer_offsets-41 for epoch 0
2026-05-13T20:18:50.845-05:00  INFO 84603 --- [r-event-handler] k.coordinator.group.GroupCoordinator     : [GroupCoordinator 0]: Elected as the group coordinator for partition 24 in epoch 0
2026-05-13T20:18:50.845-05:00  INFO 84603 --- [r-event-handler] k.c.group.GroupMetadataManager           : [GroupMetadataManager brokerId=0] Scheduling loading of offsets and group metadata from __consumer_offsets-24 for epoch 0
2026-05-13T20:18:50.845-05:00  INFO 84603 --- [r-event-handler] k.coordinator.group.GroupCoordinator     : [GroupCoordinator 0]: Elected as the group coordinator for partition 20 in epoch 0
2026-05-13T20:18:50.845-05:00  INFO 84603 --- [r-event-handler] k.c.group.GroupMetadataManager           : [GroupMetadataManager brokerId=0] Scheduling loading of offsets and group metadata from __consumer_offsets-20 for epoch 0
2026-05-13T20:18:50.845-05:00  INFO 84603 --- [r-event-handler] k.coordinator.group.GroupCoordinator     : [GroupCoordinator 0]: Elected as the group coordinator for partition 49 in epoch 0
2026-05-13T20:18:50.845-05:00  INFO 84603 --- [r-event-handler] k.c.group.GroupMetadataManager           : [GroupMetadataManager brokerId=0] Scheduling loading of offsets and group metadata from __consumer_offsets-49 for epoch 0
2026-05-13T20:18:50.845-05:00  INFO 84603 --- [r-event-handler] k.coordinator.group.GroupCoordinator     : [GroupCoordinator 0]: Elected as the group coordinator for partition 0 in epoch 0
2026-05-13T20:18:50.845-05:00  INFO 84603 --- [r-event-handler] k.c.group.GroupMetadataManager           : [GroupMetadataManager brokerId=0] Scheduling loading of offsets and group metadata from __consumer_offsets-0 for epoch 0
2026-05-13T20:18:50.845-05:00  INFO 84603 --- [r-event-handler] k.coordinator.group.GroupCoordinator     : [GroupCoordinator 0]: Elected as the group coordinator for partition 29 in epoch 0
2026-05-13T20:18:50.845-05:00  INFO 84603 --- [r-event-handler] k.c.group.GroupMetadataManager           : [GroupMetadataManager brokerId=0] Scheduling loading of offsets and group metadata from __consumer_offsets-29 for epoch 0
2026-05-13T20:18:50.845-05:00  INFO 84603 --- [r-event-handler] k.coordinator.group.GroupCoordinator     : [GroupCoordinator 0]: Elected as the group coordinator for partition 25 in epoch 0
2026-05-13T20:18:50.845-05:00  INFO 84603 --- [r-event-handler] k.c.group.GroupMetadataManager           : [GroupMetadataManager brokerId=0] Scheduling loading of offsets and group metadata from __consumer_offsets-25 for epoch 0
2026-05-13T20:18:50.845-05:00  INFO 84603 --- [r-event-handler] k.coordinator.group.GroupCoordinator     : [GroupCoordinator 0]: Elected as the group coordinator for partition 8 in epoch 0
2026-05-13T20:18:50.845-05:00  INFO 84603 --- [r-event-handler] k.c.group.GroupMetadataManager           : [GroupMetadataManager brokerId=0] Scheduling loading of offsets and group metadata from __consumer_offsets-8 for epoch 0
2026-05-13T20:18:50.845-05:00  INFO 84603 --- [r-event-handler] k.coordinator.group.GroupCoordinator     : [GroupCoordinator 0]: Elected as the group coordinator for partition 37 in epoch 0
2026-05-13T20:18:50.845-05:00  INFO 84603 --- [r-event-handler] k.c.group.GroupMetadataManager           : [GroupMetadataManager brokerId=0] Scheduling loading of offsets and group metadata from __consumer_offsets-37 for epoch 0
2026-05-13T20:18:50.845-05:00  INFO 84603 --- [r-event-handler] k.coordinator.group.GroupCoordinator     : [GroupCoordinator 0]: Elected as the group coordinator for partition 4 in epoch 0
2026-05-13T20:18:50.845-05:00  INFO 84603 --- [r-event-handler] k.c.group.GroupMetadataManager           : [GroupMetadataManager brokerId=0] Scheduling loading of offsets and group metadata from __consumer_offsets-4 for epoch 0
2026-05-13T20:18:50.845-05:00  INFO 84603 --- [r-event-handler] k.coordinator.group.GroupCoordinator     : [GroupCoordinator 0]: Elected as the group coordinator for partition 33 in epoch 0
2026-05-13T20:18:50.845-05:00  INFO 84603 --- [r-event-handler] k.c.group.GroupMetadataManager           : [GroupMetadataManager brokerId=0] Scheduling loading of offsets and group metadata from __consumer_offsets-33 for epoch 0
2026-05-13T20:18:50.845-05:00  INFO 84603 --- [r-event-handler] k.coordinator.group.GroupCoordinator     : [GroupCoordinator 0]: Elected as the group coordinator for partition 15 in epoch 0
2026-05-13T20:18:50.845-05:00  INFO 84603 --- [r-event-handler] k.c.group.GroupMetadataManager           : [GroupMetadataManager brokerId=0] Scheduling loading of offsets and group metadata from __consumer_offsets-15 for epoch 0
2026-05-13T20:18:50.845-05:00  INFO 84603 --- [r-event-handler] k.coordinator.group.GroupCoordinator     : [GroupCoordinator 0]: Elected as the group coordinator for partition 48 in epoch 0
2026-05-13T20:18:50.845-05:00  INFO 84603 --- [r-event-handler] k.c.group.GroupMetadataManager           : [GroupMetadataManager brokerId=0] Scheduling loading of offsets and group metadata from __consumer_offsets-48 for epoch 0
2026-05-13T20:18:50.845-05:00  INFO 84603 --- [r-event-handler] k.coordinator.group.GroupCoordinator     : [GroupCoordinator 0]: Elected as the group coordinator for partition 11 in epoch 0
2026-05-13T20:18:50.845-05:00  INFO 84603 --- [r-event-handler] k.c.group.GroupMetadataManager           : [GroupMetadataManager brokerId=0] Scheduling loading of offsets and group metadata from __consumer_offsets-11 for epoch 0
2026-05-13T20:18:50.845-05:00  INFO 84603 --- [r-event-handler] k.coordinator.group.GroupCoordinator     : [GroupCoordinator 0]: Elected as the group coordinator for partition 44 in epoch 0
2026-05-13T20:18:50.845-05:00  INFO 84603 --- [r-event-handler] k.c.group.GroupMetadataManager           : [GroupMetadataManager brokerId=0] Scheduling loading of offsets and group metadata from __consumer_offsets-44 for epoch 0
2026-05-13T20:18:50.845-05:00  INFO 84603 --- [r-event-handler] k.coordinator.group.GroupCoordinator     : [GroupCoordinator 0]: Elected as the group coordinator for partition 23 in epoch 0
2026-05-13T20:18:50.845-05:00  INFO 84603 --- [r-event-handler] k.c.group.GroupMetadataManager           : [GroupMetadataManager brokerId=0] Scheduling loading of offsets and group metadata from __consumer_offsets-23 for epoch 0
2026-05-13T20:18:50.845-05:00  INFO 84603 --- [r-event-handler] k.coordinator.group.GroupCoordinator     : [GroupCoordinator 0]: Elected as the group coordinator for partition 19 in epoch 0
2026-05-13T20:18:50.845-05:00  INFO 84603 --- [r-event-handler] k.c.group.GroupMetadataManager           : [GroupMetadataManager brokerId=0] Scheduling loading of offsets and group metadata from __consumer_offsets-19 for epoch 0
2026-05-13T20:18:50.845-05:00  INFO 84603 --- [r-event-handler] k.coordinator.group.GroupCoordinator     : [GroupCoordinator 0]: Elected as the group coordinator for partition 32 in epoch 0
2026-05-13T20:18:50.845-05:00  INFO 84603 --- [r-event-handler] k.c.group.GroupMetadataManager           : [GroupMetadataManager brokerId=0] Scheduling loading of offsets and group metadata from __consumer_offsets-32 for epoch 0
2026-05-13T20:18:50.846-05:00  INFO 84603 --- [r-event-handler] k.coordinator.group.GroupCoordinator     : [GroupCoordinator 0]: Elected as the group coordinator for partition 28 in epoch 0
2026-05-13T20:18:50.846-05:00  INFO 84603 --- [r-event-handler] k.c.group.GroupMetadataManager           : [GroupMetadataManager brokerId=0] Scheduling loading of offsets and group metadata from __consumer_offsets-28 for epoch 0
2026-05-13T20:18:50.846-05:00  INFO 84603 --- [r-event-handler] k.coordinator.group.GroupCoordinator     : [GroupCoordinator 0]: Elected as the group coordinator for partition 7 in epoch 0
2026-05-13T20:18:50.846-05:00  INFO 84603 --- [r-event-handler] k.c.group.GroupMetadataManager           : [GroupMetadataManager brokerId=0] Scheduling loading of offsets and group metadata from __consumer_offsets-7 for epoch 0
2026-05-13T20:18:50.846-05:00  INFO 84603 --- [r-event-handler] k.coordinator.group.GroupCoordinator     : [GroupCoordinator 0]: Elected as the group coordinator for partition 40 in epoch 0
2026-05-13T20:18:50.846-05:00  INFO 84603 --- [r-event-handler] k.c.group.GroupMetadataManager           : [GroupMetadataManager brokerId=0] Scheduling loading of offsets and group metadata from __consumer_offsets-40 for epoch 0
2026-05-13T20:18:50.846-05:00  INFO 84603 --- [r-event-handler] k.coordinator.group.GroupCoordinator     : [GroupCoordinator 0]: Elected as the group coordinator for partition 3 in epoch 0
2026-05-13T20:18:50.846-05:00  INFO 84603 --- [r-event-handler] k.c.group.GroupMetadataManager           : [GroupMetadataManager brokerId=0] Scheduling loading of offsets and group metadata from __consumer_offsets-3 for epoch 0
2026-05-13T20:18:50.846-05:00  INFO 84603 --- [r-event-handler] k.coordinator.group.GroupCoordinator     : [GroupCoordinator 0]: Elected as the group coordinator for partition 36 in epoch 0
2026-05-13T20:18:50.846-05:00  INFO 84603 --- [r-event-handler] k.c.group.GroupMetadataManager           : [GroupMetadataManager brokerId=0] Scheduling loading of offsets and group metadata from __consumer_offsets-36 for epoch 0
2026-05-13T20:18:50.846-05:00  INFO 84603 --- [r-event-handler] k.coordinator.group.GroupCoordinator     : [GroupCoordinator 0]: Elected as the group coordinator for partition 47 in epoch 0
2026-05-13T20:18:50.846-05:00  INFO 84603 --- [r-event-handler] k.c.group.GroupMetadataManager           : [GroupMetadataManager brokerId=0] Scheduling loading of offsets and group metadata from __consumer_offsets-47 for epoch 0
2026-05-13T20:18:50.846-05:00  INFO 84603 --- [r-event-handler] k.coordinator.group.GroupCoordinator     : [GroupCoordinator 0]: Elected as the group coordinator for partition 14 in epoch 0
2026-05-13T20:18:50.846-05:00  INFO 84603 --- [r-event-handler] k.c.group.GroupMetadataManager           : [GroupMetadataManager brokerId=0] Scheduling loading of offsets and group metadata from __consumer_offsets-14 for epoch 0
2026-05-13T20:18:50.846-05:00  INFO 84603 --- [r-event-handler] k.coordinator.group.GroupCoordinator     : [GroupCoordinator 0]: Elected as the group coordinator for partition 43 in epoch 0
2026-05-13T20:18:50.846-05:00  INFO 84603 --- [r-event-handler] k.c.group.GroupMetadataManager           : [GroupMetadataManager brokerId=0] Scheduling loading of offsets and group metadata from __consumer_offsets-43 for epoch 0
2026-05-13T20:18:50.846-05:00  INFO 84603 --- [r-event-handler] k.coordinator.group.GroupCoordinator     : [GroupCoordinator 0]: Elected as the group coordinator for partition 10 in epoch 0
2026-05-13T20:18:50.846-05:00  INFO 84603 --- [r-event-handler] k.c.group.GroupMetadataManager           : [GroupMetadataManager brokerId=0] Scheduling loading of offsets and group metadata from __consumer_offsets-10 for epoch 0
2026-05-13T20:18:50.846-05:00  INFO 84603 --- [r-event-handler] k.coordinator.group.GroupCoordinator     : [GroupCoordinator 0]: Elected as the group coordinator for partition 22 in epoch 0
2026-05-13T20:18:50.846-05:00  INFO 84603 --- [r-event-handler] k.c.group.GroupMetadataManager           : [GroupMetadataManager brokerId=0] Scheduling loading of offsets and group metadata from __consumer_offsets-22 for epoch 0
2026-05-13T20:18:50.846-05:00  INFO 84603 --- [r-event-handler] k.coordinator.group.GroupCoordinator     : [GroupCoordinator 0]: Elected as the group coordinator for partition 18 in epoch 0
2026-05-13T20:18:50.846-05:00  INFO 84603 --- [r-event-handler] k.c.group.GroupMetadataManager           : [GroupMetadataManager brokerId=0] Scheduling loading of offsets and group metadata from __consumer_offsets-18 for epoch 0
2026-05-13T20:18:50.846-05:00  INFO 84603 --- [r-event-handler] k.coordinator.group.GroupCoordinator     : [GroupCoordinator 0]: Elected as the group coordinator for partition 31 in epoch 0
2026-05-13T20:18:50.846-05:00  INFO 84603 --- [r-event-handler] k.c.group.GroupMetadataManager           : [GroupMetadataManager brokerId=0] Scheduling loading of offsets and group metadata from __consumer_offsets-31 for epoch 0
2026-05-13T20:18:50.846-05:00  INFO 84603 --- [r-event-handler] k.coordinator.group.GroupCoordinator     : [GroupCoordinator 0]: Elected as the group coordinator for partition 27 in epoch 0
2026-05-13T20:18:50.846-05:00  INFO 84603 --- [r-event-handler] k.c.group.GroupMetadataManager           : [GroupMetadataManager brokerId=0] Scheduling loading of offsets and group metadata from __consumer_offsets-27 for epoch 0
2026-05-13T20:18:50.846-05:00  INFO 84603 --- [r-event-handler] k.coordinator.group.GroupCoordinator     : [GroupCoordinator 0]: Elected as the group coordinator for partition 39 in epoch 0
2026-05-13T20:18:50.846-05:00  INFO 84603 --- [r-event-handler] k.c.group.GroupMetadataManager           : [GroupMetadataManager brokerId=0] Scheduling loading of offsets and group metadata from __consumer_offsets-39 for epoch 0
2026-05-13T20:18:50.846-05:00  INFO 84603 --- [r-event-handler] k.coordinator.group.GroupCoordinator     : [GroupCoordinator 0]: Elected as the group coordinator for partition 6 in epoch 0
2026-05-13T20:18:50.846-05:00  INFO 84603 --- [r-event-handler] k.c.group.GroupMetadataManager           : [GroupMetadataManager brokerId=0] Scheduling loading of offsets and group metadata from __consumer_offsets-6 for epoch 0
2026-05-13T20:18:50.846-05:00  INFO 84603 --- [r-event-handler] k.coordinator.group.GroupCoordinator     : [GroupCoordinator 0]: Elected as the group coordinator for partition 35 in epoch 0
2026-05-13T20:18:50.846-05:00  INFO 84603 --- [r-event-handler] k.c.group.GroupMetadataManager           : [GroupMetadataManager brokerId=0] Scheduling loading of offsets and group metadata from __consumer_offsets-35 for epoch 0
2026-05-13T20:18:50.846-05:00  INFO 84603 --- [r-event-handler] k.coordinator.group.GroupCoordinator     : [GroupCoordinator 0]: Elected as the group coordinator for partition 2 in epoch 0
2026-05-13T20:18:50.846-05:00  INFO 84603 --- [r-event-handler] k.c.group.GroupMetadataManager           : [GroupMetadataManager brokerId=0] Scheduling loading of offsets and group metadata from __consumer_offsets-2 for epoch 0
2026-05-13T20:18:50.847-05:00  INFO 84603 --- [adata-manager-0] k.c.group.GroupMetadataManager           : [GroupMetadataManager brokerId=0] Finished loading offsets and group metadata from __consumer_offsets-13 in 2 milliseconds for epoch 0, of which 1 milliseconds was spent in the scheduler.
2026-05-13T20:18:50.848-05:00  INFO 84603 --- [adata-manager-0] k.c.group.GroupMetadataManager           : [GroupMetadataManager brokerId=0] Finished loading offsets and group metadata from __consumer_offsets-46 in 3 milliseconds for epoch 0, of which 3 milliseconds was spent in the scheduler.
2026-05-13T20:18:50.848-05:00  INFO 84603 --- [adata-manager-0] k.c.group.GroupMetadataManager           : [GroupMetadataManager brokerId=0] Finished loading offsets and group metadata from __consumer_offsets-9 in 3 milliseconds for epoch 0, of which 3 milliseconds was spent in the scheduler.
2026-05-13T20:18:50.848-05:00  INFO 84603 --- [adata-manager-0] k.c.group.GroupMetadataManager           : [GroupMetadataManager brokerId=0] Finished loading offsets and group metadata from __consumer_offsets-42 in 3 milliseconds for epoch 0, of which 3 milliseconds was spent in the scheduler.
2026-05-13T20:18:50.848-05:00  INFO 84603 --- [adata-manager-0] k.c.group.GroupMetadataManager           : [GroupMetadataManager brokerId=0] Finished loading offsets and group metadata from __consumer_offsets-21 in 3 milliseconds for epoch 0, of which 3 milliseconds was spent in the scheduler.
2026-05-13T20:18:50.848-05:00  INFO 84603 --- [adata-manager-0] k.c.group.GroupMetadataManager           : [GroupMetadataManager brokerId=0] Finished loading offsets and group metadata from __consumer_offsets-17 in 3 milliseconds for epoch 0, of which 3 milliseconds was spent in the scheduler.
2026-05-13T20:18:50.848-05:00  INFO 84603 --- [adata-manager-0] k.c.group.GroupMetadataManager           : [GroupMetadataManager brokerId=0] Finished loading offsets and group metadata from __consumer_offsets-30 in 3 milliseconds for epoch 0, of which 3 milliseconds was spent in the scheduler.
2026-05-13T20:18:50.848-05:00  INFO 84603 --- [adata-manager-0] k.c.group.GroupMetadataManager           : [GroupMetadataManager brokerId=0] Finished loading offsets and group metadata from __consumer_offsets-26 in 3 milliseconds for epoch 0, of which 3 milliseconds was spent in the scheduler.
2026-05-13T20:18:50.848-05:00  INFO 84603 --- [adata-manager-0] k.c.group.GroupMetadataManager           : [GroupMetadataManager brokerId=0] Finished loading offsets and group metadata from __consumer_offsets-5 in 3 milliseconds for epoch 0, of which 3 milliseconds was spent in the scheduler.
2026-05-13T20:18:50.848-05:00  INFO 84603 --- [adata-manager-0] k.c.group.GroupMetadataManager           : [GroupMetadataManager brokerId=0] Finished loading offsets and group metadata from __consumer_offsets-38 in 3 milliseconds for epoch 0, of which 3 milliseconds was spent in the scheduler.
2026-05-13T20:18:50.848-05:00  INFO 84603 --- [adata-manager-0] k.c.group.GroupMetadataManager           : [GroupMetadataManager brokerId=0] Finished loading offsets and group metadata from __consumer_offsets-1 in 3 milliseconds for epoch 0, of which 3 milliseconds was spent in the scheduler.
2026-05-13T20:18:50.848-05:00  INFO 84603 --- [adata-manager-0] k.c.group.GroupMetadataManager           : [GroupMetadataManager brokerId=0] Finished loading offsets and group metadata from __consumer_offsets-34 in 3 milliseconds for epoch 0, of which 3 milliseconds was spent in the scheduler.
2026-05-13T20:18:50.848-05:00  INFO 84603 --- [adata-manager-0] k.c.group.GroupMetadataManager           : [GroupMetadataManager brokerId=0] Finished loading offsets and group metadata from __consumer_offsets-16 in 3 milliseconds for epoch 0, of which 3 milliseconds was spent in the scheduler.
2026-05-13T20:18:50.848-05:00  INFO 84603 --- [adata-manager-0] k.c.group.GroupMetadataManager           : [GroupMetadataManager brokerId=0] Finished loading offsets and group metadata from __consumer_offsets-45 in 3 milliseconds for epoch 0, of which 3 milliseconds was spent in the scheduler.
2026-05-13T20:18:50.848-05:00  INFO 84603 --- [adata-manager-0] k.c.group.GroupMetadataManager           : [GroupMetadataManager brokerId=0] Finished loading offsets and group metadata from __consumer_offsets-12 in 3 milliseconds for epoch 0, of which 3 milliseconds was spent in the scheduler.
2026-05-13T20:18:50.848-05:00  INFO 84603 --- [adata-manager-0] k.c.group.GroupMetadataManager           : [GroupMetadataManager brokerId=0] Finished loading offsets and group metadata from __consumer_offsets-41 in 3 milliseconds for epoch 0, of which 3 milliseconds was spent in the scheduler.
2026-05-13T20:18:50.848-05:00  INFO 84603 --- [adata-manager-0] k.c.group.GroupMetadataManager           : [GroupMetadataManager brokerId=0] Finished loading offsets and group metadata from __consumer_offsets-24 in 3 milliseconds for epoch 0, of which 3 milliseconds was spent in the scheduler.
2026-05-13T20:18:50.848-05:00  INFO 84603 --- [adata-manager-0] k.c.group.GroupMetadataManager           : [GroupMetadataManager brokerId=0] Finished loading offsets and group metadata from __consumer_offsets-20 in 3 milliseconds for epoch 0, of which 3 milliseconds was spent in the scheduler.
2026-05-13T20:18:50.848-05:00  INFO 84603 --- [adata-manager-0] k.c.group.GroupMetadataManager           : [GroupMetadataManager brokerId=0] Finished loading offsets and group metadata from __consumer_offsets-49 in 3 milliseconds for epoch 0, of which 3 milliseconds was spent in the scheduler.
2026-05-13T20:18:50.848-05:00  INFO 84603 --- [adata-manager-0] k.c.group.GroupMetadataManager           : [GroupMetadataManager brokerId=0] Finished loading offsets and group metadata from __consumer_offsets-0 in 3 milliseconds for epoch 0, of which 3 milliseconds was spent in the scheduler.
2026-05-13T20:18:50.848-05:00  INFO 84603 --- [adata-manager-0] k.c.group.GroupMetadataManager           : [GroupMetadataManager brokerId=0] Finished loading offsets and group metadata from __consumer_offsets-29 in 3 milliseconds for epoch 0, of which 3 milliseconds was spent in the scheduler.
2026-05-13T20:18:50.848-05:00  INFO 84603 --- [adata-manager-0] k.c.group.GroupMetadataManager           : [GroupMetadataManager brokerId=0] Finished loading offsets and group metadata from __consumer_offsets-25 in 3 milliseconds for epoch 0, of which 3 milliseconds was spent in the scheduler.
2026-05-13T20:18:50.848-05:00  INFO 84603 --- [adata-manager-0] k.c.group.GroupMetadataManager           : [GroupMetadataManager brokerId=0] Finished loading offsets and group metadata from __consumer_offsets-8 in 3 milliseconds for epoch 0, of which 3 milliseconds was spent in the scheduler.
2026-05-13T20:18:50.849-05:00  INFO 84603 --- [adata-manager-0] k.c.group.GroupMetadataManager           : [GroupMetadataManager brokerId=0] Finished loading offsets and group metadata from __consumer_offsets-37 in 4 milliseconds for epoch 0, of which 4 milliseconds was spent in the scheduler.
2026-05-13T20:18:50.849-05:00  INFO 84603 --- [adata-manager-0] k.c.group.GroupMetadataManager           : [GroupMetadataManager brokerId=0] Finished loading offsets and group metadata from __consumer_offsets-4 in 4 milliseconds for epoch 0, of which 4 milliseconds was spent in the scheduler.
2026-05-13T20:18:50.849-05:00  INFO 84603 --- [adata-manager-0] k.c.group.GroupMetadataManager           : [GroupMetadataManager brokerId=0] Finished loading offsets and group metadata from __consumer_offsets-33 in 4 milliseconds for epoch 0, of which 4 milliseconds was spent in the scheduler.
2026-05-13T20:18:50.849-05:00  INFO 84603 --- [adata-manager-0] k.c.group.GroupMetadataManager           : [GroupMetadataManager brokerId=0] Finished loading offsets and group metadata from __consumer_offsets-15 in 4 milliseconds for epoch 0, of which 4 milliseconds was spent in the scheduler.
2026-05-13T20:18:50.849-05:00  INFO 84603 --- [adata-manager-0] k.c.group.GroupMetadataManager           : [GroupMetadataManager brokerId=0] Finished loading offsets and group metadata from __consumer_offsets-48 in 4 milliseconds for epoch 0, of which 4 milliseconds was spent in the scheduler.
2026-05-13T20:18:50.849-05:00  INFO 84603 --- [adata-manager-0] k.c.group.GroupMetadataManager           : [GroupMetadataManager brokerId=0] Finished loading offsets and group metadata from __consumer_offsets-11 in 4 milliseconds for epoch 0, of which 4 milliseconds was spent in the scheduler.
2026-05-13T20:18:50.849-05:00  INFO 84603 --- [adata-manager-0] k.c.group.GroupMetadataManager           : [GroupMetadataManager brokerId=0] Finished loading offsets and group metadata from __consumer_offsets-44 in 4 milliseconds for epoch 0, of which 4 milliseconds was spent in the scheduler.
2026-05-13T20:18:50.849-05:00  INFO 84603 --- [adata-manager-0] k.c.group.GroupMetadataManager           : [GroupMetadataManager brokerId=0] Finished loading offsets and group metadata from __consumer_offsets-23 in 4 milliseconds for epoch 0, of which 4 milliseconds was spent in the scheduler.
2026-05-13T20:18:50.849-05:00  INFO 84603 --- [adata-manager-0] k.c.group.GroupMetadataManager           : [GroupMetadataManager brokerId=0] Finished loading offsets and group metadata from __consumer_offsets-19 in 4 milliseconds for epoch 0, of which 4 milliseconds was spent in the scheduler.
2026-05-13T20:18:50.849-05:00  INFO 84603 --- [adata-manager-0] k.c.group.GroupMetadataManager           : [GroupMetadataManager brokerId=0] Finished loading offsets and group metadata from __consumer_offsets-32 in 3 milliseconds for epoch 0, of which 3 milliseconds was spent in the scheduler.
2026-05-13T20:18:50.849-05:00  INFO 84603 --- [adata-manager-0] k.c.group.GroupMetadataManager           : [GroupMetadataManager brokerId=0] Finished loading offsets and group metadata from __consumer_offsets-28 in 3 milliseconds for epoch 0, of which 3 milliseconds was spent in the scheduler.
2026-05-13T20:18:50.849-05:00  INFO 84603 --- [adata-manager-0] k.c.group.GroupMetadataManager           : [GroupMetadataManager brokerId=0] Finished loading offsets and group metadata from __consumer_offsets-7 in 3 milliseconds for epoch 0, of which 3 milliseconds was spent in the scheduler.
2026-05-13T20:18:50.849-05:00  INFO 84603 --- [adata-manager-0] k.c.group.GroupMetadataManager           : [GroupMetadataManager brokerId=0] Finished loading offsets and group metadata from __consumer_offsets-40 in 3 milliseconds for epoch 0, of which 3 milliseconds was spent in the scheduler.
2026-05-13T20:18:50.849-05:00  INFO 84603 --- [r-event-handler] k.s.metadata.DynamicConfigPublisher      : [DynamicConfigPublisher broker id=0] Updating topic __consumer_offsets with new configuration : compression.type -> producer,cleanup.policy -> compact,segment.bytes -> 104857600
2026-05-13T20:18:50.849-05:00  INFO 84603 --- [adata-manager-0] k.c.group.GroupMetadataManager           : [GroupMetadataManager brokerId=0] Finished loading offsets and group metadata from __consumer_offsets-3 in 3 milliseconds for epoch 0, of which 3 milliseconds was spent in the scheduler.
2026-05-13T20:18:50.849-05:00  INFO 84603 --- [adata-manager-0] k.c.group.GroupMetadataManager           : [GroupMetadataManager brokerId=0] Finished loading offsets and group metadata from __consumer_offsets-36 in 3 milliseconds for epoch 0, of which 3 milliseconds was spent in the scheduler.
2026-05-13T20:18:50.849-05:00  INFO 84603 --- [adata-manager-0] k.c.group.GroupMetadataManager           : [GroupMetadataManager brokerId=0] Finished loading offsets and group metadata from __consumer_offsets-47 in 3 milliseconds for epoch 0, of which 3 milliseconds was spent in the scheduler.
2026-05-13T20:18:50.849-05:00  INFO 84603 --- [adata-manager-0] k.c.group.GroupMetadataManager           : [GroupMetadataManager brokerId=0] Finished loading offsets and group metadata from __consumer_offsets-14 in 3 milliseconds for epoch 0, of which 3 milliseconds was spent in the scheduler.
2026-05-13T20:18:50.849-05:00  INFO 84603 --- [adata-manager-0] k.c.group.GroupMetadataManager           : [GroupMetadataManager brokerId=0] Finished loading offsets and group metadata from __consumer_offsets-43 in 3 milliseconds for epoch 0, of which 3 milliseconds was spent in the scheduler.
2026-05-13T20:18:50.849-05:00  INFO 84603 --- [adata-manager-0] k.c.group.GroupMetadataManager           : [GroupMetadataManager brokerId=0] Finished loading offsets and group metadata from __consumer_offsets-10 in 3 milliseconds for epoch 0, of which 3 milliseconds was spent in the scheduler.
2026-05-13T20:18:50.849-05:00  INFO 84603 --- [adata-manager-0] k.c.group.GroupMetadataManager           : [GroupMetadataManager brokerId=0] Finished loading offsets and group metadata from __consumer_offsets-22 in 3 milliseconds for epoch 0, of which 3 milliseconds was spent in the scheduler.
2026-05-13T20:18:50.849-05:00  INFO 84603 --- [adata-manager-0] k.c.group.GroupMetadataManager           : [GroupMetadataManager brokerId=0] Finished loading offsets and group metadata from __consumer_offsets-18 in 3 milliseconds for epoch 0, of which 3 milliseconds was spent in the scheduler.
2026-05-13T20:18:50.849-05:00  INFO 84603 --- [adata-manager-0] k.c.group.GroupMetadataManager           : [GroupMetadataManager brokerId=0] Finished loading offsets and group metadata from __consumer_offsets-31 in 3 milliseconds for epoch 0, of which 3 milliseconds was spent in the scheduler.
2026-05-13T20:18:50.849-05:00  INFO 84603 --- [adata-manager-0] k.c.group.GroupMetadataManager           : [GroupMetadataManager brokerId=0] Finished loading offsets and group metadata from __consumer_offsets-27 in 3 milliseconds for epoch 0, of which 3 milliseconds was spent in the scheduler.
2026-05-13T20:18:50.849-05:00  INFO 84603 --- [adata-manager-0] k.c.group.GroupMetadataManager           : [GroupMetadataManager brokerId=0] Finished loading offsets and group metadata from __consumer_offsets-39 in 3 milliseconds for epoch 0, of which 3 milliseconds was spent in the scheduler.
2026-05-13T20:18:50.849-05:00  INFO 84603 --- [adata-manager-0] k.c.group.GroupMetadataManager           : [GroupMetadataManager brokerId=0] Finished loading offsets and group metadata from __consumer_offsets-6 in 3 milliseconds for epoch 0, of which 3 milliseconds was spent in the scheduler.
2026-05-13T20:18:50.850-05:00  INFO 84603 --- [adata-manager-0] k.c.group.GroupMetadataManager           : [GroupMetadataManager brokerId=0] Finished loading offsets and group metadata from __consumer_offsets-35 in 4 milliseconds for epoch 0, of which 4 milliseconds was spent in the scheduler.
2026-05-13T20:18:50.850-05:00  INFO 84603 --- [adata-manager-0] k.c.group.GroupMetadataManager           : [GroupMetadataManager brokerId=0] Finished loading offsets and group metadata from __consumer_offsets-2 in 4 milliseconds for epoch 0, of which 4 milliseconds was spent in the scheduler.
2026-05-13T20:18:50.929-05:00  INFO 84603 --- [ntainer#0-0-C-1] o.a.k.c.c.internals.ConsumerCoordinator  : [Consumer clientId=consumer-midas-core-1, groupId=midas-core] Discovered group coordinator localhost:59882 (id: 2147483647 rack: null)
2026-05-13T20:18:50.929-05:00  INFO 84603 --- [ntainer#0-0-C-1] o.a.k.c.c.internals.ConsumerCoordinator  : [Consumer clientId=consumer-midas-core-1, groupId=midas-core] Request joining group due to: rebalance failed due to 'This is not the correct coordinator.' (NotCoordinatorException)
2026-05-13T20:18:50.929-05:00  INFO 84603 --- [ntainer#0-0-C-1] o.a.k.c.c.internals.ConsumerCoordinator  : [Consumer clientId=consumer-midas-core-1, groupId=midas-core] (Re-)joining group
2026-05-13T20:18:50.933-05:00  INFO 84603 --- [quest-handler-5] k.coordinator.group.GroupCoordinator     : [GroupCoordinator 0]: Dynamic member with unknown member id joins group midas-core in Empty state. Created a new member id consumer-midas-core-1-f84cb447-a26e-46f5-a958-a6e6a8615547 and request the member to rejoin with this id.
2026-05-13T20:18:50.935-05:00  INFO 84603 --- [ntainer#0-0-C-1] o.a.k.c.c.internals.ConsumerCoordinator  : [Consumer clientId=consumer-midas-core-1, groupId=midas-core] Request joining group due to: need to re-join with the given member-id: consumer-midas-core-1-f84cb447-a26e-46f5-a958-a6e6a8615547
2026-05-13T20:18:50.935-05:00  INFO 84603 --- [ntainer#0-0-C-1] o.a.k.c.c.internals.ConsumerCoordinator  : [Consumer clientId=consumer-midas-core-1, groupId=midas-core] Request joining group due to: rebalance failed due to 'The group member needs to have a valid member id before actually entering a consumer group.' (MemberIdRequiredException)
2026-05-13T20:18:50.935-05:00  INFO 84603 --- [ntainer#0-0-C-1] o.a.k.c.c.internals.ConsumerCoordinator  : [Consumer clientId=consumer-midas-core-1, groupId=midas-core] (Re-)joining group
2026-05-13T20:18:50.938-05:00  INFO 84603 --- [quest-handler-2] k.coordinator.group.GroupCoordinator     : [GroupCoordinator 0]: Preparing to rebalance group midas-core in state PreparingRebalance with old generation 0 (__consumer_offsets-20) (reason: Adding new member consumer-midas-core-1-f84cb447-a26e-46f5-a958-a6e6a8615547 with group instance id None; client reason: rebalance failed due to MemberIdRequiredException)
2026-05-13T20:18:50.940-05:00  INFO 84603 --- [cutor-Rebalance] k.coordinator.group.GroupCoordinator     : [GroupCoordinator 0]: Stabilized group midas-core generation 1 (__consumer_offsets-20) with 1 members
2026-05-13T20:18:50.941-05:00  INFO 84603 --- [ntainer#0-0-C-1] o.a.k.c.c.internals.ConsumerCoordinator  : [Consumer clientId=consumer-midas-core-1, groupId=midas-core] Successfully joined group with generation Generation{generationId=1, memberId='consumer-midas-core-1-f84cb447-a26e-46f5-a958-a6e6a8615547', protocol='range'}
2026-05-13T20:18:50.943-05:00  INFO 84603 --- [ntainer#0-0-C-1] o.a.k.c.c.internals.ConsumerCoordinator  : [Consumer clientId=consumer-midas-core-1, groupId=midas-core] Finished assignment for group at generation 1: {consumer-midas-core-1-f84cb447-a26e-46f5-a958-a6e6a8615547=Assignment(partitions=[trader-updates-0])}
2026-05-13T20:18:50.947-05:00  INFO 84603 --- [quest-handler-0] k.coordinator.group.GroupCoordinator     : [GroupCoordinator 0]: Assignment received from leader consumer-midas-core-1-f84cb447-a26e-46f5-a958-a6e6a8615547 for group midas-core for generation 1. The group has 1 members, 0 of which are static.
2026-05-13T20:18:50.953-05:00  INFO 84603 --- [ntainer#0-0-C-1] o.a.k.c.c.internals.ConsumerCoordinator  : [Consumer clientId=consumer-midas-core-1, groupId=midas-core] Successfully synced group in generation Generation{generationId=1, memberId='consumer-midas-core-1-f84cb447-a26e-46f5-a958-a6e6a8615547', protocol='range'}
2026-05-13T20:18:50.953-05:00  INFO 84603 --- [ntainer#0-0-C-1] o.a.k.c.c.internals.ConsumerCoordinator  : [Consumer clientId=consumer-midas-core-1, groupId=midas-core] Notifying assignor about the new Assignment(partitions=[trader-updates-0])
2026-05-13T20:18:50.954-05:00  INFO 84603 --- [ntainer#0-0-C-1] o.a.k.c.c.internals.ConsumerCoordinator  : [Consumer clientId=consumer-midas-core-1, groupId=midas-core] Adding newly assigned partitions: trader-updates-0
2026-05-13T20:18:50.959-05:00  INFO 84603 --- [ntainer#0-0-C-1] o.a.k.c.c.internals.ConsumerCoordinator  : [Consumer clientId=consumer-midas-core-1, groupId=midas-core] Found no committed offset for partition trader-updates-0
2026-05-13T20:18:50.964-05:00  INFO 84603 --- [ntainer#0-0-C-1] o.a.k.c.c.internals.SubscriptionState    : [Consumer clientId=consumer-midas-core-1, groupId=midas-core] Resetting offset for partition trader-updates-0 to position FetchPosition{offset=0, offsetEpoch=Optional.empty, currentLeader=LeaderAndEpoch{leader=Optional[localhost:59882 (id: 0 rack: null)], epoch=0}}.
2026-05-13T20:18:50.964-05:00  INFO 84603 --- [ntainer#0-0-C-1] o.s.k.l.KafkaMessageListenerContainer    : midas-core: partitions assigned: [trader-updates-0]
2026-05-13T20:18:51.001-05:00  INFO 84603 --- [ntainer#0-0-C-1] c.j.m.component.TransactionListener      : RECEIVED TRANSACTION: amount=122.86
2026-05-13T20:18:51.001-05:00  INFO 84603 --- [ntainer#0-0-C-1] c.j.m.component.TransactionListener      : RECEIVED TRANSACTION: amount=42.87
2026-05-13T20:18:51.004-05:00  INFO 84603 --- [ntainer#0-0-C-1] c.j.m.component.TransactionListener      : RECEIVED TRANSACTION: amount=161.79
2026-05-13T20:18:51.004-05:00  INFO 84603 --- [ntainer#0-0-C-1] c.j.m.component.TransactionListener      : RECEIVED TRANSACTION: amount=22.22
2026-05-13T20:18:51.004-05:00  INFO 84603 --- [ntainer#0-0-C-1] c.j.m.component.TransactionListener      : RECEIVED TRANSACTION: amount=160.79
2026-05-13T20:18:51.004-05:00  INFO 84603 --- [ntainer#0-0-C-1] c.j.m.component.TransactionListener      : RECEIVED TRANSACTION: amount=90.6
2026-05-13T20:18:51.004-05:00  INFO 84603 --- [ntainer#0-0-C-1] c.j.m.component.TransactionListener      : RECEIVED TRANSACTION: amount=93.31
2026-05-13T20:18:51.004-05:00  INFO 84603 --- [ntainer#0-0-C-1] c.j.m.component.TransactionListener      : RECEIVED TRANSACTION: amount=7.12
2026-05-13T20:18:51.004-05:00  INFO 84603 --- [ntainer#0-0-C-1] c.j.m.component.TransactionListener      : RECEIVED TRANSACTION: amount=49.2
2026-05-13T20:18:51.004-05:00  INFO 84603 --- [ntainer#0-0-C-1] c.j.m.component.TransactionListener      : RECEIVED TRANSACTION: amount=147.2
2026-05-13T20:18:51.004-05:00  INFO 84603 --- [ntainer#0-0-C-1] c.j.m.component.TransactionListener      : RECEIVED TRANSACTION: amount=135.77
2026-05-13T20:18:51.004-05:00  INFO 84603 --- [ntainer#0-0-C-1] c.j.m.component.TransactionListener      : RECEIVED TRANSACTION: amount2026-05-13T20:18:51.356-05:00  INFO 84448 --- [           main] com.jpmc.midascore.TaskTwoTests          : ...
2026-05-13T20:19:11.360-05:00  INFO 84448 --- [           main] com.jpmc.midascore.TaskTwoTests          : ...
2026-05-13T20:19:31.365-05:00  INFO 84448 --- [           main] com.jpmc.midascore.TaskTwoTests          : ...
2026-05-13T20:19:51.367-05:00  INFO 84448 --- [           main] com.jpmc.midascore.TaskTwoTests          : ...
2026-05-13T20:20:11.372-05:00  INFO 84448 --- [           main] com.jpmc.midascore.TaskTwoTests          : ...
2026-05-13T20:20:31.378-05:00  INFO 84448 --- [           main] com.jpmc.midascore.TaskTwoTests          : ...
2026-05-13T20:20:51.380-05:00  INFO 84448 --- [           main] com.jpmc.midascore.TaskTwoTests          : ...
2026-05-13T20:21:11.384-05:00  INFO 84448 --- [           main] com.jpmc.midascore.TaskTwoTests          : ...
2026-05-13T20:21:31.390-05:00  INFO 84448 --- [           main] com.jpmc.midascore.TaskTwoTests          : ...
2026-05-13T20:21:51.394-05:00  INFO 84448 --- [           main] com.jpmc.midascore.TaskTwoTests          : ...
2026-05-13T20:22:11.394-05:00  INFO 84448 --- [           main] com.jpmc.midascore.TaskTwoTests          : ...
2026-05-13T20:22:31.397-05:00  INFO 84448 --- [           main] com.jpmc.midascore.TaskTwoTests          : ...
2026-05-13T20:22:51.402-05:00  INFO 84448 --- [           main] com.jpmc.midascore.TaskTwoTests          : ...
2026-05-13T20:23:11.403-05:00  INFO 84448 --- [           main] com.jpmc.midascore.TaskTwoTests          : ...
2026-05-13T20:23:31.407-05:00  INFO 84448 --- [           main] com.jpmc.midascore.TaskTwoTests          : ...
2026-05-13T20:23:51.413-05:00  INFO 84448 --- [           main] com.jpmc.midascore.TaskTwoTests          : ...
2026-05-13T20:24:11.414-05:00  INFO 84448 --- [           main] com.jpmc.midascore.TaskTwoTests          : ...
2026-05-13T20:24:31.420-05:00  INFO 84448 --- [           main] com.jpmc.midascore.TaskTwoTests          : ...
2026-05-13T20:24:51.424-05:00  INFO 84448 --- [           main] com.jpmc.midascore.TaskTwoTests          : ...
2026-05-13T20:25:11.429-05:00  INFO 84448 --- [           main] com.jpmc.midascore.TaskTwoTests          : ...
2026-05-13T20:25:28.979-05:00  INFO 84448 --- [ntainer#0-0-C-1] org.apache.kafka.clients.NetworkClient   : [Consumer clientId=consumer-midas-core-1, groupId=midas-core] Node -1 disconnected.
2026-05-13T20:25:29.339-05:00  INFO 84448 --- [ad | producer-1] org.apache.kafka.clients.NetworkClient   : [Producer clientId=producer-1] Node -1 disconnected.
2026-05-13T20:25:31.434-05:00  INFO 84448 --- [           main] com.jpmc.midascore.TaskTwoTests          : ...
2026-05-13T20:25:51.437-05:00  INFO 84448 --- [           main] com.jpmc.midascore.TaskTwoTests          : ...
2026-05-13T20:26:11.442-05:00  INFO 84448 --- [           main] com.jpmc.midascore.TaskTwoTests          : ...
2026-05-13T20:26:29.466-05:00  INFO 84448 --- [channel-manager] org.apache.kafka.clients.NetworkClient   : [BrokerToControllerChannelManager id=0 name=forwarding] Node 0 disconnected.
2026-05-13T20:26:31.447-05:00  INFO 84448 --- [           main] com.jpmc.midascore.TaskTwoTests          : ...
2026-05-13T20:26:51.452-05:00  INFO 84448 --- [           main] com.jpmc.midascore.TaskTwoTests          : ...
2026-05-13T20:27:11.457-05:00  INFO 84448 --- [           main] com.jpmc.midascore.TaskTwoTests          : ...
2026-05-13T20:27:31.462-05:00  INFO 84448 --- [           main] com.jpmc.midascore.TaskTwoTests          : ...
2026-05-13T20:27:51.463-05:00  INFO 84448 --- [           main] com.jpmc.midascore.TaskTwoTests          : ...
2026-05-13T20:37:33.216-05:00  INFO 84448 --- [ad | midas-core] o.a.k.c.c.internals.ConsumerCoordinator  : [Consumer clientId=consumer-midas-core-1, groupId=midas-core] Group coordinator localhost:59705 (id: 2147483647 rack: null) is unavailable or invalid due to cause: session timed out without receiving a heartbeat response. isDisconnected: false. Rediscovery will be attempted.
2026-05-13T20:37:33.219-05:00  INFO 84448 --- [ad | midas-core] o.a.k.c.c.internals.ConsumerCoordinator  : [Consumer clientId=consumer-midas-core-1, groupId=midas-core] Requesting disconnect from last known coordinator localhost:59705 (id: 2147483647 rack: null)
2026-05-13T20:37:33.219-05:00  INFO 84448 --- [ad | midas-core] org.apache.kafka.clients.NetworkClient   : [Consumer clientId=consumer-midas-core-1, groupId=midas-core] Client requested disconnect from node 2147483647
2026-05-13T20:37:33.235-05:00  INFO 84448 --- [ntainer#0-0-C-1] o.a.k.c.c.internals.ConsumerCoordinator  : [Consumer clientId=consumer-midas-core-1, groupId=midas-core] Discovered group coordinator localhost:59705 (id: 2147483647 rack: null)
2026-05-13T20:37:33.236-05:00  INFO 84448 --- [ntainer#0-0-C-1] o.a.k.c.c.internals.ConsumerCoordinator  : [Consumer clientId=consumer-midas-core-1, groupId=midas-core] Discovered group coordinator localhost:59705 (id: 2147483647 rack: null)
2026-05-13T20:37:33.236-05:00  INFO 84448 --- [ntainer#0-0-C-1] o.a.k.c.c.internals.ConsumerCoordinator  : [Consumer clientId=consumer-midas-core-1, groupId=midas-core] Group coordinator localhost:59705 (id: 2147483647 rack: null) is unavailable or invalid due to cause: coordinator unavailable. isDisconnected: false. Rediscovery will be attempted.
2026-05-13T20:37:33.236-05:00  INFO 84448 --- [ntainer#0-0-C-1] o.a.k.c.c.internals.ConsumerCoordinator  : [Consumer clientId=consumer-midas-core-1, groupId=midas-core] Requesting disconnect from last known coordinator localhost:59705 (id: 2147483647 rack: null)
2026-05-13T20:37:33.343-05:00  INFO 84448 --- [ntainer#0-0-C-1] o.a.k.c.c.internals.ConsumerCoordinator  : [Consumer clientId=consumer-midas-core-1, groupId=midas-core] Discovered group coordinator localhost:59705 (id: 2147483647 rack: null)
2026-05-13T20:37:45.010-05:00  INFO 84448 --- [           main] com.jpmc.midascore.TaskTwoTests          : ...
2026-05-13T20:38:42.207-05:00  WARN 84448 --- [l-1 housekeeper] com.zaxxer.hikari.pool.HikariPool        : HikariPool-1 - Thread starvation or clock leap detected (housekeeper delta=10m44s202ms).
2026-05-13T20:38:45.656-05:00  INFO 84448 --- [           main] com.jpmc.midascore.TaskTwoTests          : ...
2026-05-13T20:48:01.818-05:00  INFO 84448 --- [ad | midas-core] o.a.k.c.c.internals.ConsumerCoordinator  : [Consumer clientId=consumer-midas-core-1, groupId=midas-core] Group coordinator localhost:59705 (id: 2147483647 rack: null) is unavailable or invalid due to cause: session timed out without receiving a heartbeat response. isDisconnected: false. Rediscovery will be attempted.
2026-05-13T20:48:01.819-05:00  INFO 84448 --- [ad | midas-core] o.a.k.c.c.internals.ConsumerCoordinator  : [Consumer clientId=consumer-midas-core-1, groupId=midas-core] Requesting disconnect from last known coordinator localhost:59705 (id: 2147483647 rack: null)
2026-05-13T20:48:01.819-05:00  INFO 84448 --- [ad | midas-core] org.apache.kafka.clients.NetworkClient   : [Consumer clientId=consumer-midas-core-1, groupId=midas-core] Client requested disconnect fr2026-05-13T20:48:01.833-05:00  INFO 84603 --- [ad | midas-core] o.a.k.c.c.internals.ConsumerCoordinator  : [Consumer clientId=consumer-midas-core-1, groupId=midas-core] Group coordinator localhost:59882 (id: 2147483647 rack: null) is unavailable or invalid due to cause: session timed out without receiving a heartbeat response. isDisconnected: false. Rediscovery will be attempted.
2026-05-13T20:48:01.833-05:00  INFO 84603 --- [ad | midas-core] o.a.k.c.c.internals.ConsumerCoordinator  : [Consumer clientId=consumer-midas-core-1, groupId=midas-core] Requesting disconnect from last known coordinator localhost:59882 (id: 2147483647 rack: null)
2026-05-13T20:48:01.833-05:00  INFO 84603 --- [ad | midas-core] org.apache.kafka.clients.NetworkClient   : [Consumer clientId=consumer-midas-core-1, groupId=midas-core] Client requested disconnect from node 2147483647
2026-05-132026-05-13T20:48:01.939-05:00  INFO 84448 --- [ntainer#0-0-C-1] o.a.k.c.c.internals.ConsumerCoordinator  : [Consumer clientId=consumer-midas-core-1, groupId=midas-core] Discovered group coordinator localhost:59705 (id: 2147483647 rack: null)
2026-05-13T20:57:22.157-05:00  INFO 84448 --- [ad | midas-core] o.a.k.c.c.internals.ConsumerCoordinator  : [Consumer clientId=consumer-midas-core-1, groupId=midas-core] Group coordinator localhost:59705 (id: 2147483647 rack: null) is unavailable or invalid due to cause: session timed out without receiving a heartbeat response. isDisconnected: false. Rediscovery will be attempted.
2026-05-13T20:57:22.157-05:00  INFO 84448 --- [ad | midas-core] o.a.k.c.c.internals.ConsumerCoordinator  : [Consumer clientId=consumer-midas-core-1, groupId=midas-core] Requesting disconnect from last known coordinator localhost:59705 (id: 2147483647 rack: null)
2026-05-13T20:57:22.157-05:00  INFO 84448 --- [ad | midas-core] org.apache.kafka.clients.NetworkClient   : [Consumer clientId=consumer-midas-core-1, groupId=midas-core] Client requested disconnect from node 2147483647
2026-05-13T20:57:22.159-05:00  INFO 84448 --- [ntainer#0-0-C-1] o.a.k.c.c.internals.ConsumerCoordinator  : [Consumer clientId=consumer-midas-core-1, groupId=midas-core] Discovered group coordinator localhost:59705 (id: 2147483647 rack: null)
2026-05-13T20:57:22.159-05:00  INFO 84448 --- [ntainer#0-0-C-1] o.a.k.c.c.internals.ConsumerCoordinator  : [Consumer clientId=consumer-midas-core-1, groupId=midas-core] Group coordinator localhost:59705 (id: 2147483647 rack: null) is unavailable or invalid due to cause: coordinator unavailable. isDisconnected: false. Rediscovery will be attempted.
2026-05-13T20:57:22.159-05:00  INFO 84448 --- [ntainer#0-0-C-1] o.a.k.c.c.internals.ConsumerCoordinator  : [Consumer clientId=consumer-midas-core-1, groupId=midas-core] Requesting disconnect from last known coordinator localhost:59705 (id: 2147483647 rack: null)
2026-05-13T20:57:22.261-05:00  INFO 84448 --- [ntainer#0-0-C-1] o.a.k.c.c.internals.ConsumerCoordinator  : [Consumer clientId=consumer-midas-core-1, groupId=midas-core] Discovered group coordinator localhost:59705 (id: 2147483647 rack: null)
2026-05-13T20:57:30.227-05:00  INFO 84448 --- [           main] com.jpmc.midascore.TaskTwoTests          : ...
2026-05-13T20:57:36.781-05:00  WARN 84448 --- [l-1 housekeeper] com.zaxxer.hikari.pool.HikariPool        : HikariPool-1 - Thread starvation or clock leap detected (housekeeper delta=18m54s575ms).
2026-05-13T21:13:08.451-05:00  INFO 84448 --- [ad | midas-core] o.a.k.c.c.internals.ConsumerCoordinator  : [Consumer clientId=consumer-midas-core-1, groupId=midas-core] Group coordinator localhost:59705 (id: 2147483647 rack: null) is unavailable or invalid due to cause: session timed out without receiving a heartbeat response. isDisconnected: false. Rediscovery will be attempted.
2026-05-13T21:13:08.452-05:00  INFO 84448 --- [ad | midas-core] o.a.k.c.c.internals.ConsumerCoordinator  : [Consumer clientId=consumer-midas-core-1, groupId=midas-core] Requesting disconnect from last known coordinator localhost:59705 (id: 2147483647 rack: null)
2026-05-13T21:13:08.452-05:00  INFO 84448 --- [ad | midas-core] org.apache.kafka.clients.NetworkClient   : [Consumer clientId=consumer-midas-core-1, groupId=midas-core] Client requested disconnect from node 2147483647
2026-05-13T21:13:08.463-05:00  INFO 84448 --- [ntainer#0-0-C-1] o.a.k.c.c.internals.ConsumerCoordinator  : [Consumer clientId=consumer-midas-core-1, groupId=midas-co2026-05-13T21:13:08.439-05:00  INFO 84603 --- [ad | midas-core] o.a.k.c.c.internals.ConsumerCoordinator  : [Consumer clientId=consumer-midas-core-1, groupId=midas-core] Group coordinator localhost:59882 (id: 2147483647 rack: null) is unavailable or invalid due to cause: session timed out without receiving a heartbeat response. isDisconnected: false. Rediscovery will be attempted.
2026-05-13T21:13:08.440-05:00  INFO 84603 --- [ad | midas-core] o.a.k.c.c.internals.ConsumerCoordinator  : [Consumer clientId=consumer-midas-core-1, groupId=midas-core] Requesting disconnect from last known coordinator localhost:59882 (id: 2147483647 rack: null)
2026-05-13T21:13:08.440-05:00  INFO 84603 --2026-05-13T21:13:08.571-05:00  INFO 84448 --- [ntainer#0-0-C-1] o.a.k.c.c.internals.ConsumerCoordinator  : [Consumer clientId=consumer-midas-core-1, groupId=midas-core] Discovered group coordinator localhost:59705 (id: 2147483647 rack: null)
2026-05-13T21:13:09.658-05:00  INFO 84448 --- [           main] com.jpmc.midascore.TaskTwoTests          : ...
2026-05-13T21:14:08.035-05:00  INFO 84448 --- [ntainer#0-0-C-1] org.apache.kafka.clients.NetworkClient   : [Consumer clientId=consumer-midas-core-1, groupId=midas-core] Disconnecting from node 0 due to request timeout.
2026-05-13T21:14:08.038-05:00  INFO 84448 --- [ntainer#0-0-C-1] org.apache.kafka.clients.NetworkClient   : [Consumer clientId=consumer-midas-core-1, groupId=midas-core] Cancelled in-flight FETCH request with correlation id 1826 due to node 0 being disconnected (elapsed time since creation: 54827ms, elapsed time since send: 54827ms, request timeout: 30000ms)
2026-05-13T21:14:08.041-05:00  INFO 84448 --- [ad | midas-core] o.a.k.c.c.internals.ConsumerCoordinator  : [Consumer clientId=consumer-midas-core-1, groupId=midas-core] Group coordinator localhost:59705 (id: 2147483647 rack: null) is unavailable or invalid due to cause: session timed out without receiving a heartbeat response. isDisconnected: false. Rediscovery will be attempted.
2026-05-13T21:14:08.041-05:00  INFO 84448 --- [ad | midas-core] o.a2026-05-13T21:14:08.029-05:00  INFO 84603 --- [ntainer#0-0-C-1] org.apache.kafka.clients.NetworkClient   : [Consumer clientId=consumer-midas-core-1, groupId=midas-core] Disconnecting from node 0 due to request timeout.
2026-05-13T21:14:08.033-05:00  INFO 84603 --- [ntainer#0-0-C-1] org.apache.kafka.clients.NetworkClient   : [Consumer clientId=consumer-midas-core-1, groupId=midas-core] Cancelled in-flight FETCH request with correlation id 1497 due to node 0 being disconnected (elapsed time since creation: 54834ms, elapsed time since send: 54834ms, request timeout: 30000ms)
2026-05-13T21:14:08.037-05:00  INFO 84603 --- [ad | midas-core] o.a.k.c.c.internals.ConsumerCoordinator  : [Consumer clientId=consumer-m2026-05-13T21:14:08.139-05:00  INFO 84448 --- [ntainer#0-0-C-1] o.a.k.c.c.internals.ConsumerCoordinator  : [Consumer clientId=consumer-midas-core-1, groupId=midas-core] Discovered group coordinator localhost:59705 (id: 2147483647 rack: null)
2026-05-13T21:14:20.737-05:00  WARN 84448 --- [l-1 housekeeper] com.zaxxer.hikari.pool.HikariPool        : HikariPool-1 - Thread starvation or clock leap detected (housekeeper delta=16m43s957ms).
2026-05-13T21:16:23.963-05:00  INFO 84448 --- [ad | midas-core] o.a.k.c.c.internals.ConsumerCoordinator  : [Consumer clientId=consumer-midas-core-1, groupId=midas-core] Group coordinator localhost:59705 (id: 2147483647 rack: null) is unavailable or invalid due to cause: session timed out without receiving a heartbeat response. isDisconnected: false. Rediscovery will be attempted.
2026-05-13T21:16:23.964-05:00  INFO 84448 --- [ad | midas-core] o.a.k.c.c.internals.ConsumerCoordinator  : [Consumer clientId=consumer-midas-core-1, groupId=midas-core] Requesting disconnect from last known coordinator localhost:59705 (id: 2147483647 rack: null)
2026-05-13T21:16:23.965-05:00  INFO 84448 --- [ad | midas-core] org.apache.kafka.clients.NetworkClient   : [Consumer clientId=consumer-midas-core-1, groupId=midas-core] Client requested disconnect from node 2147483647
2026-05-13T21:16:23.975-05:00  INFO 84448 --- [ntainer#0-0-C-1] o.a.k.c.c.internals.ConsumerCoordinator  : [Consumer clientId=consumer-midas-core-1, groupId=midas-cor2026-05-13T21:16:23.972-05:00  INFO 84603 --- [ad | midas-core] o.a.k.c.c.internals.ConsumerCoordinator  : [Consumer clientId=consumer-midas-core-1, groupId=midas-core] Group coordinator localhost:59882 (id: 2147483647 rack: null) is unavailable or invalid due to cause: session timed out without receiving a heartbeat response. isDisconnected: false. Rediscovery will be attempted.
2026-05-13T21:16:23.974-05:00  INFO 84603 --- [ad | midas-core] o.a.k.c.c.internals.ConsumerCoordinator  : [Consumer clientId=consumer-midas-core-1, groupId=midas-core] Requesting disconnect from last known coordinator localhost:59882 (id: 2147483647 rack: null)
2026-05-13T21:16:23.975-05:00  INFO 84603 -2026-05-13T21:16:24.081-05:00  INFO 84448 --- [ntainer#0-0-C-1] o.a.k.c.c.internals.ConsumerCoordinator  : [Consumer clientId=consumer-midas-core-1, groupId=midas-core] Discovered group coordinator localhost:59705 (id: 2147483647 rack: null)
2026-05-13T21:16:25.833-05:00  INFO 84448 --- [           main] com.jpmc.midascore.TaskTwoTests          : ...
2026-05-13T21:16:45.839-05:00  INFO 84448 --- [           main] com.jpmc.midascore.TaskTwoTests          : ...
2026-05-13T21:16:52.379-05:00  WARN 84448 --- [l-1 housekeeper] com.zaxxer.hikari.pool.HikariPool        : HikariPool-1 - Thread starvation or clock leap detected (housekeeper delta=2m31s641ms).
2026-05-13T21:17:05.844-05:00  INFO 84448 --- [           main] com.jpmc.midascore.TaskTwoTests          : ...
2026-05-13T21:17:25.849-05:00  INFO 84448 --- [           main] com.jpmc.midascore.TaskTwoTests          : ...
2026-05-13T21:17:45.853-05:00  INFO 84448 --- [           main] com.jpmc.midascore.TaskTwoTests          : ...
2026-05-13T21:18:05.859-05:00  INFO 84448 --- [           main] com.jpmc.midascore.TaskTwoTests          : ...
2026-05-13T21:18:25.863-05:00  INFO 84448 --- [           main] com.jpmc.midascore.TaskTwoTests          : ...
2026-05-13T21:18:45.864-05:00  INFO 84448 --- [           main] com.jpmc.midascore.TaskTwoTests          : ...
2026-05-13T21:19:05.866-05:00  INFO 84448 --- [           main] com.jpmc.midascore.TaskTwoTests          : ...
2026-05-13T21:19:25.870-05:00  INFO 84448 --- [           main] com.jpmc.midascore.TaskTwoTests          : ...
2026-05-13T21:19:45.885-05:00  INFO 84448 --- [           main] com.jpmc.midascore.TaskTwoTests          : ...
2026-05-13T21:20:05.889-05:00  INFO 84448 --- [           main] com.jpmc.midascore.TaskTwoTests          : ...
2026-05-13T21:20:25.894-05:00  INFO 84448 --- [           main] com.jpmc.midascore.TaskTwoTests          : ...
2026-05-13T21:20:45.899-05:00  INFO 84448 --- [           main] com.jpmc.midascore.TaskTwoTests          : ...
2026-05-13T21:21:05.904-05:00  INFO 84448 --- [           main] com.jpmc.midascore.TaskTwoTests          : ...
2026-05-13T21:21:25.905-05:00  INFO 84448 --- [           main] com.jpmc.midascore.TaskTwoTests          : ...
2026-05-13T21:21:45.909-05:00  INFO 84448 --- [           main] com.jpmc.midascore.TaskTwoTests          : ...
2026-05-13T21:22:05.914-05:00  INFO 84448 --- [           main] com.jpmc.midascore.TaskTwoTests          : ...
2026-05-13T21:22:25.919-05:00  INFO 84448 --- [           main] com.jpmc.midascore.TaskTwoTests          : ...
2026-05-13T21:22:45.924-05:00  INFO 84448 --- [           main] com.jpmc.midascore.TaskTwoTests          : ...
2026-05-13T21:23:05.927-05:00  INFO 84448 --- [           main] com.jpmc.midascore.TaskTwoTests          : ...
2026-05-13T21:23:25.929-05:00  INFO 84448 --- [           main] com.jpmc.midascore.TaskTwoTests          : ...
2026-05-13T21:23:45.934-05:00  INFO 84448 --- [           main] com.jpmc.midascore.TaskTwoTests          : ...
2026-05-13T21:24:05.935-05:00  INFO 84448 --- [           main] com.jpmc.midascore.TaskTwoTests          : ...
2026-05-13T21:24:25.937-05:00  INFO 84448 --- [           main] com.jpmc.midascore.TaskTwoTests          : ...
2026-05-13T21:24:45.939-05:00  INFO 84448 --- [           main] com.jpmc.midascore.TaskTwoTests          : ...
2026-05-13T21:25:05.944-05:00  INFO 84448 --- [           main] com.jpmc.midascore.TaskTwoTests          : ...
2026-05-13T21:25:25.948-05:00  INFO 84448 --- [           main] com.jpmc.midascore.TaskTwoTests          : ...
2026-05-13T21:25:45.953-05:00  INFO 84448 --- [           main] com.jpmc.midascore.TaskTwoTests          : ...
2026-05-13T21:26:05.958-05:00  INFO 84448 --- [           main] com.jpmc.midascore.TaskTwoTests          : ...
2026-05-13T21:26:25.962-05:00  INFO 84448 --- [           main] com.jpmc.midascore.TaskTwoTests          : ...
2026-05-13T21:26:45.965-05:00  INFO 84448 --- [           main] com.jpmc.midascore.TaskTwoTests          : ...
2026-05-13T21:27:05.970-05:00  INFO 84448 --- [           main] com.jpmc.midascore.TaskTwoTests          : ...
2026-05-13T21:27:25.971-05:00  INFO 84448 --- [           main] com.jpmc.midascore.TaskTwoTests          : ...
2026-05-13T21:27:45.976-05:00  INFO 84448 --- [           main] com.jpmc.midascore.TaskTwoTests          : ...
2026-05-13T21:28:05.977-05:00  INFO 84448 --- [           main] com.jpmc.midascore.TaskTwoTests          : ...
2026-05-13T21:28:25.982-05:00  INFO 84448 --- [           main] com.jpmc.midascore.TaskTwoTests          : ...
2026-05-13T21:28:45.988-05:00  INFO 84448 --- [           main] com.jpmc.midascore.TaskTwoTests          : ...
2026-05-13T21:29:05.989-05:00  INFO 84448 --- [           main] com.jpmc.midascore.TaskTwoTests          : ...
2026-05-13T21:29:25.994-05:00  INFO 84448 --- [           main] com.jpmc.midascore.TaskTwoTests          : ...
2026-05-13T21:29:46.015-05:00  INFO 84448 --- [           main] com.jpmc.midascore.TaskTwoTests          : ...
2026-05-13T21:30:06.031-05:00  INFO 84448 --- [           main] com.jpmc.midascore.TaskTwoTests          : ...
2026-05-13T21:30:26.040-05:00  INFO 84448 --- [           main] com.jpmc.midascore.TaskTwoTests          : ...
2026-05-13T21:30:46.043-05:00  INFO 84448 --- [           main] com.jpmc.midascore.TaskTwoTests          : ...
2026-05-13T21:31:06.048-05:00  INFO 84448 --- [           main] com.jpmc.midascore.TaskTwoTests          : ...
2026-05-13T21:31:26.053-05:00  INFO 84448 --- [           main] com.jpmc.midascore.TaskTwoTests          : ...
2026-05-13T21:31:46.055-05:00  INFO 84448 --- [           main] com.jpmc.midascore.TaskTwoTests          : ...
2026-05-13T21:32:06.059-05:00  INFO 84448 --- [           main] com.jpmc.midascore.TaskTwoTests          : ...
2026-05-13T21:32:26.065-05:00  INFO 84448 --- [           main] com.jpmc.midascore.TaskTwoTests          : ...
2026-05-13T21:32:46.069-05:00  INFO 84448 --- [           main] com.jpmc.midascore.TaskTwoTests          : ...
2026-05-13T21:33:06.072-05:00  INFO 84448 --- [           main] com.jpmc.midascore.TaskTwoTests          : ...
2026-05-13T21:33:26.076-05:00  INFO 84448 --- [           main] com.jpmc.midascore.TaskTwoTests          : ...
2026-05-13T21:33:46.081-05:00  INFO 84448 --- [           main] com.jpmc.midascore.TaskTwoTests          : ...
2026-05-13T21:34:06.086-05:00  INFO 84448 --- [           main] com.jpmc.midascore.TaskTwoTests          : ...
2026-05-13T21:34:26.087-05:00  INFO 84448 --- [           main] com.jpmc.midascore.TaskTwoTests          : ...
2026-05-13T21:34:46.088-05:00  INFO 84448 --- [           main] com.jpmc.midascore.TaskTwoTests          : ...
2026-05-13T21:35:06.091-05:00  INFO 84448 --- [           main] com.jpmc.midascore.TaskTwoTests          : ...
2026-05-13T21:35:26.093-05:00  INFO 84448 --- [           main] com.jpmc.midascore.TaskTwoTests          : ...
2026-05-13T21:35:46.098-05:00  INFO 84448 --- [           main] com.jpmc.midascore.TaskTwoTests          : ...
2026-05-13T21:36:06.099-05:00  INFO 84448 --- [           main] com.jpmc.midascore.TaskTwoTests          : ...
2026-05-13T21:36:26.102-05:00  INFO 84448 --- [           main] com.jpmc.midascore.TaskTwoTests          : ...
2026-05-13T21:36:46.104-05:00  INFO 84448 --- [           main] com.jpmc.midascore.TaskTwoTests          : ...
2026-05-13T21:37:06.104-05:00  INFO 84448 --- [           main] com.jpmc.midascore.TaskTwoTests          : ...
2026-05-13T21:37:26.109-05:00  INFO 84448 --- [           main] com.jpmc.midascore.TaskTwoTests          : ...
2026-05-13T21:37:46.115-05:00  INFO 84448 --- [           main] com.jpmc.midascore.TaskTwoTests          : ...
2026-05-13T21:38:06.117-05:00  INFO 84448 --- [           main] com.jpmc.midascore.TaskTwoTests          : ...
2026-05-13T21:38:26.122-05:00  INFO 84448 --- [           main] com.jpmc.midascore.TaskTwoTests          : ...
2026-05-13T21:38:46.123-05:00  INFO 84448 --- [           main] com.jpmc.midascore.TaskTwoTests          : ...
2026-05-13T21:39:06.125-05:00  INFO 84448 --- [           main] com.jpmc.midascore.TaskTwoTests          : ...
2026-05-13T21:39:26.130-05:00  INFO 84448 --- [           main] com.jpmc.midascore.TaskTwoTests          : ...
2026-05-13T21:39:46.133-05:00  INFO 84448 --- [           main] com.jpmc.midascore.TaskTwoTests          : ...
2026-05-13T21:40:06.138-05:00  INFO 84448 --- [           main] com.jpmc.midascore.TaskTwoTests          : ...
2026-05-13T21:40:26.143-05:00  INFO 84448 --- [           main] com.jpmc.midascore.TaskTwoTests          : ...
2026-05-13T21:40:46.146-05:00  INFO 84448 --- [           main] com.jpmc.midascore.TaskTwoTests          : ...
2026-05-13T21:41:06.146-05:00  INFO 84448 --- [           main] com.jpmc.midascore.TaskTwoTests          : ...
2026-05-13T21:41:26.151-05:00  INFO 84448 --- [           main] com.jpmc.midascore.TaskTwoTests          : ...
2026-05-13T21:41:46.151-05:00  INFO 84448 --- [           main] com.jpmc.midascore.TaskTwoTests          : ...
2026-05-13T21:42:06.154-05:00  INFO 84448 --- [           main] com.jpmc.midascore.TaskTwoTests          : ...
2026-05-13T21:42:26.157-05:00  INFO 84448 --- [           main] com.jpmc.midascore.TaskTwoTests          : ...
2026-05-13T21:42:46.162-05:00  INFO 84448 --- [           main] com.jpmc.midascore.TaskTwoTests          : ...
2026-05-13T21:43:06.163-05:00  INFO 84448 --- [           main] com.jpmc.midascore.TaskTwoTests          : ...
2026-05-13T21:43:26.167-05:00  INFO 84448 --- [           main] com.jpmc.midascore.TaskTwoTests          : ...
2026-05-13T21:43:46.169-05:00  INFO 84448 --- [           main] com.jpmc.midascore.TaskTwoTests          : ...
2026-05-13T21:44:06.173-05:00  INFO 84448 --- [           main] com.jpmc.midascore.TaskTwoTests          : ...
2026-05-13T21:44:26.178-05:00  INFO 84448 --- [           main] com.jpmc.midascore.TaskTwoTests          : ...
2026-05-13T21:44:46.183-05:00  INFO 84448 --- [           main] com.jpmc.midascore.TaskTwoTests          : ...
2026-05-13T21:45:06.185-05:00  INFO 84448 --- [           main] com.jpmc.midascore.TaskTwoTests          : ...
2026-05-13T21:45:26.187-05:00  INFO 84448 --- [           main] com.jpmc.midascore.TaskTwoTests          : ...
2026-05-13T21:45:46.192-05:00  INFO 84448 --- [           main] com.jpmc.midascore.TaskTwoTests          : ...
2026-05-13T21:46:06.194-05:00  INFO 84448 --- [           main] com.jpmc.midascore.TaskTwoTests          : ...
2026-05-13T21:46:26.200-05:00  INFO 84448 --- [           main] com.jpmc.midascore.TaskTwoTests          : ...
2026-05-13T21:46:46.201-05:00  INFO 84448 --- [           main] com.jpmc.midascore.TaskTwoTests          : ...
2026-05-13T21:47:06.203-05:00  INFO 84448 --- [           main] com.jpmc.midascore.TaskTwoTests          : ...
2026-05-13T21:47:26.204-05:00  INFO 84448 --- [           main] com.jpmc.midascore.TaskTwoTests          : ...
2026-05-13T21:47:46.207-05:00  INFO 84448 --- [           main] com.jpmc.midascore.TaskTwoTests          : ...
2026-05-13T21:48:06.212-05:00  INFO 84448 --- [           main] com.jpmc.midascore.TaskTwoTests          : ...
2026-05-13T21:48:26.218-05:00  INFO 84448 --- [           main] com.jpmc.midascore.TaskTwoTests          : ...
2026-05-13T21:48:46.222-05:00  INFO 84448 --- [           main] com.jpmc.midascore.TaskTwoTests          : ...
2026-05-13T21:49:06.226-05:00  INFO 84448 --- [           main] com.jpmc.midascore.TaskTwoTests          : ...
2026-05-13T21:49:26.231-05:00  INFO 84448 --- [           main] com.jpmc.midascore.TaskTwoTests          : ...
2026-05-13T21:49:46.237-05:00  INFO 84448 --- [           main] com.jpmc.midascore.TaskTwoTests          : ...
2026-05-13T21:50:06.242-05:00  INFO 84448 --- [           main] com.jpmc.midascore.TaskTwoTests          : ...
2026-05-13T21:50:26.245-05:00  INFO 84448 --- [           main] com.jpmc.midascore.TaskTwoTests          : ...
2026-05-13T21:50:46.248-05:00  INFO 84448 --- [           main] com.jpmc.midascore.TaskTwoTests          : ...
2026-05-13T21:51:06.254-05:00  INFO 84448 --- [           main] com.jpmc.midascore.TaskTwoTests          : ...
2026-05-13T21:51:26.259-05:00  INFO 84448 --- [           main] com.jpmc.midascore.TaskTwoTests          : ...
2026-05-13T21:51:46.261-05:00  INFO 84448 --- [           main] com.jpmc.midascore.TaskTwoTests          : ...
2026-05-13T21:52:06.263-05:00  INFO 84448 --- [           main] com.jpmc.midascore.TaskTwoTests          : ...
2026-05-13T21:52:26.266-05:00  INFO 84448 --- [           main] com.jpmc.midascore.TaskTwoTests          : ...
2026-05-13T21:52:46.271-05:00  INFO 84448 --- [           main] com.jpmc.midascore.TaskTwoTests          : ...
2026-05-13T21:53:06.274-05:00  INFO 84448 --- [           main] com.jpmc.midascore.TaskTwoTests          : ...
2026-05-13T21:53:26.278-05:00  INFO 84448 --- [           main] com.jpmc.midascore.TaskTwoTests          : ...
2026-05-13T21:53:46.284-05:00  INFO 84448 --- [           main] com.jpmc.midascore.TaskTwoTests          : ...
2026-05-13T21:54:06.285-05:00  INFO 84448 --- [           main] com.jpmc.midascore.TaskTwoTests          : ...
2026-05-13T21:54:26.291-05:00  INFO 84448 --- [           main] com.jpmc.midascore.TaskTwoTests          : ...
2026-05-13T21:54:46.293-05:00  INFO 84448 --- [           main] com.jpmc.midascore.TaskTwoTests          : ...
2026-05-13T21:55:06.297-05:00  INFO 84448 --- [           main] com.jpmc.midascore.TaskTwoTests          : ...
2026-05-13T21:55:26.300-05:00  INFO 84448 --- [           main] com.jpmc.midascore.TaskTwoTests          : ...
2026-05-13T21:55:46.305-05:00  INFO 84448 --- [           main] com.jpmc.midascore.TaskTwoTests          : ...
2026-05-13T21:56:06.310-05:00  INFO 84448 --- [           main] com.jpmc.midascore.TaskTwoTests          : ...
2026-05-13T21:56:26.314-05:00  INFO 84448 --- [           main] com.jpmc.midascore.TaskTwoTests          : ...
2026-05-13T21:56:46.319-05:00  INFO 84448 --- [           main] com.jpmc.midascore.TaskTwoTests          : ...
2026-05-13T21:57:06.325-05:00  INFO 84448 --- [           main] com.jpmc.midascore.TaskTwoTests          : ...
2026-05-13T21:57:26.327-05:00  INFO 84448 --- [           main] com.jpmc.midascore.TaskTwoTests          : ...
2026-05-13T21:57:46.332-05:00  INFO 84448 --- [           main] com.jpmc.midascore.TaskTwoTests          : ...
2026-05-13T21:58:06.336-05:00  INFO 84448 --- [           main] com.jpmc.midascore.TaskTwoTests          : ...
2026-05-13T21:58:26.338-05:00  INFO 84448 --- [           main] com.jpmc.midascore.TaskTwoTests          : ...
2026-05-13T21:58:46.341-05:00  INFO 84448 --- [           main] com.jpmc.midascore.TaskTwoTests          : ...
2026-05-13T21:59:06.342-05:00  INFO 84448 --- [           main] com.jpmc.midascore.TaskTwoTests          : ...
2026-05-13T21:59:26.347-05:00  INFO 84448 --- [           main] com.jpmc.midascore.TaskTwoTests          : ...
2026-05-13T21:59:46.350-05:00  INFO 84448 --- [           main] com.jpmc.midascore.TaskTwoTests          : ...
2026-05-13T22:00:06.352-05:00  INFO 84448 --- [           main] com.jpmc.midascore.TaskTwoTests          : ...
2026-05-13T22:00:26.357-05:00  INFO 84448 --- [           main] com.jpmc.midascore.TaskTwoTests          : ...
2026-05-13T22:00:46.364-05:00  INFO 84448 --- [           main] com.jpmc.midascore.TaskTwoTests          : ...
2026-05-13T22:01:06.365-05:00  INFO 84448 --- [           main] com.jpmc.midascore.TaskTwoTests          : ...
2026-05-13T22:01:26.374-05:00  INFO 84448 --- [           main] com.jpmc.midascore.TaskTwoTests          : ...
2026-05-13T22:01:46.386-05:00  INFO 84448 --- [           main] com.jpmc.midascore.TaskTwoTests          : ...
2026-05-13T22:02:06.393-05:00  INFO 84448 --- [           main] com.jpmc.midascore.TaskTwoTests          : ...
2026-05-13T22:02:26.396-05:00  INFO 84448 --- [           main] com.jpmc.midascore.TaskTwoTests          : ...
2026-05-13T22:02:46.399-05:00  INFO 84448 --- [           main] com.jpmc.midascore.TaskTwoTests          : ...
2026-05-13T22:03:06.405-05:00  INFO 84448 --- [           main] com.jpmc.midascore.TaskTwoTests          : ...
2026-05-13T22:03:21.501-05:00  INFO 84448 --- [r-event-handler] o.a.k.image.publisher.SnapshotGenerator  : [SnapshotGenerator id=0] Creating new KRaft snapshot file snapshot 00000000000000007215-0000000001 because we have waited at least 60 minute(s).
2026-05-13T22:03:21.546-05:00  INFO 84448 --- [r-event-handler] o.a.k.image.publisher.SnapshotEmitter    : [SnapshotEmitter id=0] Successfully wrote snapshot 00000000000000007215-0000000001
2026-05-13T22:03:26.410-05:00  INFO 84448 --- [           main] com.jpmc.midascore.TaskTwoTests          : ...
2026-05-13T22:03:46.416-05:00  INFO 84448 --- [           main] com.jpmc.midascore.TaskTwoTests          : ...
2026-05-13T22:04:06.421-05:00  INFO 84448 --- [           main] com.jpmc.midascore.TaskTwoTests          : ...
2026-05-13T22:04:26.426-05:00  INFO 84448 --- [           main] com.jpmc.midascore.TaskTwoTests          : ...
2026-05-13T22:04:46.431-05:00  INFO 84448 --- [           main] com.jpmc.midascore.TaskTwoTests          : ...
2026-05-13T22:05:06.435-05:00  INFO 84448 --- [           main] com.jpmc.midascore.TaskTwoTests          : ...
2026-05-13T22:11:11.252-05:00  INFO 84448 --- [ntainer#0-0-C-1] org.apache.kafka.clients.NetworkClient   : [Consumer clientId=consumer-midas-core-1, groupId=midas-core] Disconnecting from node 0 due to request timeout.
2026-05-13T22:11:11.281-05:00  INFO 84448 --- [ntainer#0-0-C-1] org.apache.kafka.clients.NetworkClient   : [Consumer clientId=consumer-midas-core-1, groupId=midas-core] Cancelled in-flight FETCH request with correlation id 8698 due to node 0 being disconnected (elapsed time since creation: 349257ms, elapsed time since send: 349257ms, request timeout: 30000ms)
2026-05-13T22:11:11.286-05:00  INFO 84448 --- [ntainer#0-0-C-1] o.a.kafka.clients.FetchSessionHandler    : [Consumer clientId=consumer-midas-core-1, groupId=midas-core] Error sending fetch request (sessionId=697578296, epoch=5870) to node 0:

org.apache.kafka.common.errors.DisconnectException: null

2026-05-13T22:11:11.290-05:00  INFO 84448 --- [ad | midas-core] o.a.k.c.c.internals.ConsumerCoordinator  : [Consumer clientId=consumer-midas-core-1, groupId=midas-core] Group coordinator localhost:59705 (id: 2147483647 rack: null) is unavailable or invalid due to cause: session timed out without receiving a heartbeat response. isDisconnected: false. Rediscovery will be attempted.
2026-05-13T22:11:11.290-05:00  INFO 84448 --- [ad | midas-core] o.a.k.c.c.internals.ConsumerCoordinator  : [Consumer clientId=consumer-midas-core-1, groupId=midas-core] Requesting disconnect from last known coordinator localhost:59705 (id: 2147483647 rack: null)
2026-05-13T22:11:11.291-05:00  INFO 84448 --- [ad | midas-core] org.apache.kafka.clients.NetworkClient   : [Consumer clientId=consumer-midas-core-1, groupId=midas-core] Client requested disconnect from node 2147483647
2026-05-13T22:11:11.324-05:00  INFO 84448 --- [ntainer#0-0-C-1] o.a.k.c.c.internals.ConsumerCoordinator  : [Consumer clientId=consumer-midas-core-1, groupId=midas-core] Discovered group coordinator localhost:59705 (id: 2147483647 rack: null)
2026-05-13T22:11:11.326-05:00  INFO 84448 --- [ntainer#0-0-C-1] o.a.k.c.c.internals.ConsumerCoordinator  : [Consumer clientId=consumer-midas-core-1, groupId=midas-core] Discovered group coordinator localhost:59705 (id: 2147483647 rack: null)
2026-05-13T22:11:11.326-05:00  INFO 84448 --- [ntainer#0-0-C-1] o.a.k.c.c.internals.ConsumerCoordinator  : [Consumer clientId=consumer-midas-core-1, groupId=midas-core] Group coordinator localhost:59705 (id: 2147483647 rack: null) is unavailable or invalid due to cause: coordinator unavailable. isDisconnected: false. Rediscovery will be attempted.
2026-05-13T22:11:11.326-05:00  INFO 84448 --- [ntainer#0-0-C-1] o.a.k.c.c.internals.ConsumerCoordinator  : [Consumer clientId=consumer-midas-core-1, groupId=midas-core] Requesting disconnect from last known coordinator localhost:59705 (id: 2147483647 rack: null)
2026-05-13T22:11:11.429-05:00  INFO 84448 --- [ntainer#0-0-C-1] o.a.k.c.c.internals.ConsumerCoordinator  : [Consumer clientId=consumer-midas-core-1, groupId=midas-core] Discovered group coordinator localhost:59705 (id: 2147483647 rack: null)
2026-05-13T22:11:11.666-05:00  WARN 84448 --- [l-1 housekeeper] com.zaxxer.hikari.pool.HikariPool        : HikariPool-1 - Thread starvation or clock leap detected (housekeeper delta=6m18s954ms).
2026-05-13T22:11:15.390-05:00  INFO 84448 --- [           main] com.jpmc.midascore.TaskTwoTests          : ...
2026-05-13T22:14:13.268-05:00  INFO 84448 --- [ad | midas-core] o.a.k.c.c.internals.ConsumerCoordinator  : [Consumer clientId=consumer-midas-core-1, gro2026-05-13T22:14:13.678-05:00  INFO 84603 --- [ad | midas-core] o.a.k.c.c.internals.ConsumerCoordinator  : [Consumer clientId=consumer-midas-core-1, groupId=midas-core] Group coordinator localhost:59882 (id: 2147483647 rack: null) is unavailable or invalid due to cause: session timed out without receiving a heartbeat response. isDisconnected: false. Rediscovery will be attempted.
2026-05-13T22:14:13.679-05:00  INFO 84603 --- [ad | midas-core] o.a.k.c.c.internals.ConsumerCoordinator  : [Consumer clientId=consumer-midas-core-1, groupId=midas-core] Requesting disconnect from last known coordinator localhost:59882 (id: 2147483647 rack: null)
2026-05-13T22:14:13.679-05:00  INFO 84603 --- [ad | midas-core] org.apache.kafka.clients.NetworkClient   : [Consumer clientId=consumer-midas-core-1, groupId=midas-core] Client requested disconnect from node 2147483647
2026-05-13T22:14:13.698-05:00  INFO 84603 --- [ntainer#0-0-C-1] o.a.k.c.c.internals.ConsumerCoordinator  : [Consumer clientId=consumer-midas-core-1, groupId=midas-core] Discovered group coordinator localhost:59882 (id: 2147483647 rack: null)
2026-05-13T22:14:13.698-05:00  INFO 84603 --- [ntainer#0-0-C-1] o.a.k.c.c.internals.ConsumerCoordinator  : [Consumer clientId=consumer-midas-core-1, groupId=midas-core] Group coordinator localhost:59882 (id: 2147483647 rack: null) is unavailable or invalid due to cause: coordinator unavailable. isDisconnected: false. Rediscovery will be attempted.
2026-05-13T22:14:13.698-05:00  INFO 84603 --- [ntainer#0-0-C-1] o.a.k.c.c.internals.ConsumerCoordinator  : [Consumer clientId=consumer-midas-core-1, groupId=midas-core] Requesting disconnect from last known coordinator localhost:59882 (id: 2147483647 rack: null)
2026-05-13T22:14:13.800-05:00  INFO 84603 --- [ntainer#0-0-C-1] o.a.k.c.c.internals.Consum2026-05-13T22:14:29.070-05:00  INFO 84448 --- [           main] com.jpmc.midascore.TaskTwoTests          : ...
2026-05-13T22:14:35.353-05:00  WARN 84448 --- [l-1 housekeeper] com.zaxxer.hikari.pool.HikariPool        : HikariPool-1 - Thread starvation or clock leap detected (housekeeper delta=3m23s687ms).
2026-05-13T22:14:49.073-05:00  INFO 84448 --- [           main] com.jpmc.midascore.TaskTwoTests          : ...
2026-05-13T22:15:09.076-05:00  INFO 84448 --- [           main] com.jpmc.midascore.TaskTwoTests          : ...
2026-05-13T22:15:29.080-05:00  INFO 84448 --- [           main] com.jpmc.midascore.TaskTwoTests          : ...
2026-05-13T22:15:49.082-05:00  INFO 84448 --- [           main] com.jpmc.midascore.TaskTwoTests          : ...
2026-05-13T22:16:09.087-05:00  INFO 84448 --- [           main] com.jpmc.midascore.TaskTwoTests          : ...
2026-05-13T22:16:29.088-05:00  INFO 84448 --- [           main] com.jpmc.midascore.TaskTwoTests          : ...
2026-05-13T22:24:39.104-05:00  INFO 84448 --- [ad | midas-core] o.a.k.c.c.internals.ConsumerCoordinator  : [Consumer clientId=consumer-midas-core-1, groupId=midas-core] Group coordinator localhost:59705 (id: 2147483647 rack: null) is unavailable or invalid due to cause: session timed out without receiving a heartbeat response. isDisconnected: false. Rediscovery will be attempted.
2026-05-13T22:24:39.107-05:00  INFO 84448 --- [ad | midas-core] o.a.k.c.c.internals.ConsumerCoordinator  : [Consumer clientId=consumer-midas-core-1, groupId=midas-core] Requesting disconnect from last known coor2026-05-13T22:24:39.107-05:00  INFO 84603 --- [ad | midas-core] o.a.k.c.c.internals.ConsumerCoordinator  : [Consumer clientId=consumer-midas-core-1, groupId=midas-core] Group coordinator localhost:59882 (id: 2147483647 rack: null) is unavailable or invalid due to cause: session timed out without receiving a heartbeat response. isDisconnected: false. Rediscovery will be attempted.
2026-05-13T22:24:39.108-05:00  INFO 84603 --- [ad | midas-core] o.a.k.c.c.internals.ConsumerCoordinator  : [Consumer clientId=consumer-midas-core-1, groupId=midas-core] Requesting disconnect from last known coordinator localhost:59882 (id: 2147483647 rack: null)
2026-05-13T22:24:39.108-05:00  INFO 84603 --- [ad | midas-core] org.apache.kafka.clients.NetworkClient   : [Consumer clientId=consumer-midas-core-1, groupId=midas-core] Client requested disconnect from node 2147483647
2026-05-13T22:24:39.163-05:00  INFO 84603 --- [ntainer#0-0-C-1] o.a.k.c.c.internals.ConsumerCoordinator  : [Consumer clientId=consumer-midas-core-1, groupId=midas-core] Discovered group coordinator localhost:59882 (id: 2147483647 rack: null)
2026-05-13T22:24:43.269-05:00  INFO 84603 --- [           main] com.jpmc.midascore.TaskTwoTests          : ...
2026-05-13T22:24:49.606-05:00  WARN 84603 --- [l-1 housekeeper] com.zaxxer.hikari.pool.HikariPool        : HikariPool-1 - Thread starvation or clock leap detected (housekeeper delta=8m22s932ms).
2026-05-13T22:25:03.272-05:00  INFO 84603 --- [           main] com.jpmc.midascore.TaskTwoTests          : ...
2026-05-13T22:25:23.277-05:00  INFO 84603 --- [           main] com.jpmc.midascore.TaskTwoTests          : ...
2026-05-13T22:25:43.279-05:00  INFO 84603 --- [           main] com.jpmc.midascore.TaskTwoTests          : ...
2026-05-13T22:26:03.283-05:00  INFO 84603 --- [           main] com.jpmc.midascore.TaskTwoTests          : ...
2026-05-13T22:26:23.287-05:00  INFO 84603 --- [           main] com.jpmc.midascore.TaskTwoTests          : ...
2026-05-13T22:26:43.289-05:00  INFO 84603 --- [           main] com.jpmc.midascore.TaskTwoTests          : ...
2026-05-13T22:27:03.292-05:00  INFO 84603 --- [           main] com.jpmc.midascore.TaskTwoTests          : ...
2026-05-13T22:27:23.298-05:00  INFO 84603 --- [           main] com.jpmc.midascore.TaskTwoTests          : ...
2026-05-13T22:27:43.301-05:00  INFO 84603 --- [           main] com.jpmc.midascore.TaskTwoTests          : ...
2026-05-13T22:28:03.308-05:00  INFO 84603 --- [           main] com.jpmc.midascore.TaskTwoTests          : ...
2026-05-13T22:28:23.314-05:00  INFO 84603 --- [           main] com.jpmc.midascore.TaskTwoTests          : ...
2026-05-13T22:28:43.317-05:00  INFO 84603 --- [           main] com.jpmc.midascore.TaskTwoTests          : ...
2026-05-13T22:29:03.322-05:00  INFO 84603 --- [           main] com.jpmc.midascore.TaskTwoTests          : ...
2026-05-13T22:29:23.325-05:00  INFO 84603 --- [           main] com.jpmc.midascore.TaskTwoTests          : ...
2026-05-13T22:29:43.330-05:00  INFO 84603 --- [           main] com.jpmc.midascore.TaskTwoTests          : ...
2026-05-13T22:30:03.332-05:00  INFO 84603 --- [           main] com.jpmc.midascore.TaskTwoTests          : ...
2026-05-13T22:30:23.336-05:00  INFO 84603 --- [           main] com.jpmc.midascore.TaskTwoTests          : ...
2026-05-13T22:30:43.340-05:00  INFO 84603 --- [           main] com.jpmc.midascore.TaskTwoTests          : ...
2026-05-13T22:31:03.344-05:00  INFO 84603 --- [           main] com.jpmc.midascore.TaskTwoTests          : ...
2026-05-13T22:31:23.347-05:00  INFO 84603 --- [           main] com.jpmc.midascore.TaskTwoTests          : ...
2026-05-13T22:31:43.350-05:00  INFO 84603 --- [           main] com.jpmc.midascore.TaskTwoTests          : ...
2026-05-13T22:32:03.353-05:00  INFO 84603 --- [           main] com.jpmc.midascore.TaskTwoTests          : ...
2026-05-13T22:32:23.357-05:00  INFO 84603 --- [           main] com.jpmc.midascore.TaskTwoTests          : ...
2026-05-13T22:32:43.361-05:00  INFO 84603 --- [           main] com.jpmc.midascore.TaskTwoTests          : ...
2026-05-13T22:33:03.367-05:00  INFO 84603 --- [           main] com.jpmc.midascore.TaskTwoTests          : ...
2026-05-13T22:33:23.371-05:00  INFO 84603 --- [           main] com.jpmc.midascore.TaskTwoTests          : ...
2026-05-13T22:33:43.374-05:00  INFO 84603 --- [           main] com.jpmc.midascore.TaskTwoTests          : ...
2026-05-13T22:34:03.375-05:00  INFO 84603 --- [           main] com.jpmc.midascore.TaskTwoTests          : ...
2026-05-13T22:34:23.382-05:00  INFO 84603 --- [           main] com.jpmc.midascore.TaskTwoTests          : ...
2026-05-13T22:34:43.385-05:00  INFO 84603 --- [           main] com.jpmc.midascore.TaskTwoTests          : ...
2026-05-13T22:35:03.391-05:00  INFO 84603 --- [           main] com.jpmc.midascore.TaskTwoTests          : ...
2026-05-13T22:35:23.392-05:00  INFO 84603 --- [           main] com.jpmc.midascore.TaskTwoTests          : ...
2026-05-13T22:35:43.393-05:00  INFO 84603 --- [           main] com.jpmc.midascore.TaskTwoTests          : ...
2026-05-13T22:36:03.396-05:00  INFO 84603 --- [           main] com.jpmc.midascore.TaskTwoTests          : ...
2026-05-13T22:36:23.401-05:00  INFO 84603 --- [           main] com.jpmc.midascore.TaskTwoTests          : ...
2026-05-13T22:36:43.407-05:00  INFO 84603 --- [           main] com.jpmc.midascore.TaskTwoTests          : ...
2026-05-13T22:37:03.412-05:00  INFO 84603 --- [           main] com.jpmc.midascore.TaskTwoTests          : ...
2026-05-13T22:37:23.418-05:00  INFO 84603 --- [           main] com.jpmc.midascore.TaskTwoTests          : ...
2026-05-13T22:37:43.422-05:00  INFO 84603 --- [           main] com.jpmc.midascore.TaskTwoTests          : ...
2026-05-13T22:38:03.428-05:00  INFO 84603 --- [           main] com.jpmc.midascore.TaskTwoTests          : ...
2026-05-13T22:38:23.432-05:00  INFO 84603 --- [           main] com.jpmc.midascore.TaskTwoTests          : ...
2026-05-13T22:38:43.433-05:00  INFO 84603 --- [           main] com.jpmc.midascore.TaskTwoTests          : ...
2026-05-13T22:39:03.439-05:00  INFO 84603 --- [           main] com.jpmc.midascore.TaskTwoTests          : ...
2026-05-13T22:39:23.442-05:00  INFO 84603 --- [           main] com.jpmc.midascore.TaskTwoTests          : ...
2026-05-13T22:39:43.387-05:00  INFO 84603 --- [           main] com.jpmc.midascore.TaskTwoTests          : ...
2026-05-13T22:40:03.393-05:00  INFO 84603 --- [           main] com.jpmc.midascore.TaskTwoTests          : ...
2026-05-13T22:40:23.396-05:00  INFO 84603 --- [           main] com.jpmc.midascore.TaskTwoTests          : ...
2026-05-13T22:40:43.403-05:00  INFO 84603 --- [           main] com.jpmc.midascore.TaskTwoTests          : ...
2026-05-13T22:41:03.407-05:00  INFO 84603 --- [           main] com.jpmc.midascore.TaskTwoTests          : ...
2026-05-13T22:41:23.408-05:00  INFO 84603 --- [           main] com.jpmc.midascore.TaskTwoTests          : ...
2026-05-13T22:41:43.412-05:00  INFO 84603 --- [           main] com.jpmc.midascore.TaskTwoTests          : ...
2026-05-13T22:42:03.418-05:00  INFO 84603 --- [           main] com.jpmc.midascore.TaskTwoTests          : ...
2026-05-13T22:42:23.423-05:00  INFO 84603 --- [           main] com.jpmc.midascore.TaskTwoTests          : ...
2026-05-13T22:42:43.424-05:00  INFO 84603 --- [           main] com.jpmc.midascore.TaskTwoTests          : ...
2026-05-13T22:43:03.429-05:00  INFO 84603 --- [           main] com.jpmc.midascore.TaskTwoTests          : ...
2026-05-13T22:43:23.434-05:00  INFO 84603 --- [           main] com.jpmc.midascore.TaskTwoTests          : ...
2026-05-13T22:43:43.440-05:00  INFO 84603 --- [           main] com.jpmc.midascore.TaskTwoTests          : ...
2026-05-13T22:44:03.445-05:00  INFO 84603 --- [           main] com.jpmc.midascore.TaskTwoTests          : ...
2026-05-13T22:44:23.451-05:00  INFO 84603 --- [           main] com.jpmc.midascore.TaskTwoTests          : ...
2026-05-13T22:44:43.453-05:00  INFO 84603 --- [           main] com.jpmc.midascore.TaskTwoTests          : ...
2026-05-13T22:45:03.458-05:00  INFO 84603 --- [           main] com.jpmc.midascore.TaskTwoTests          : ...
2026-05-13T22:45:23.461-05:00  INFO 84603 --- [           main] com.jpmc.midascore.TaskTwoTests          : ...
2026-05-13T22:45:43.464-05:00  INFO 84603 --- [           main] com.jpmc.midascore.TaskTwoTests          : ...
2026-05-13T22:46:03.469-05:00  INFO 84603 --- [           main] com.jpmc.midascore.TaskTwoTests          : ...
2026-05-13T22:46:23.473-05:00  INFO 84603 --- [           main] com.jpmc.midascore.TaskTwoTests          : ...
2026-05-13T22:46:43.478-05:00  INFO 84603 --- [           main] com.jpmc.midascore.TaskTwoTests          : ...
2026-05-13T22:47:03.484-05:00  INFO 84603 --- [           main] com.jpmc.midascore.TaskTwoTests          : ...
2026-05-13T22:47:23.495-05:00  INFO 84603 --- [           main] com.jpmc.midascore.TaskTwoTests          : ...
2026-05-13T22:47:43.505-05:00  INFO 84603 --- [           main] com.jpmc.midascore.TaskTwoTests          : ...
2026-05-13T22:48:03.508-05:00  INFO 84603 --- [           main] com.jpmc.midascore.TaskTwoTests          : ...
2026-05-13T22:48:23.511-05:00  INFO 84603 --- [           main] com.jpmc.midascore.TaskTwoTests          : ...
2026-05-13T22:48:43.514-05:00  INFO 84603 --- [           main] com.jpmc.midascore.TaskTwoTests          : ...
2026-05-13T22:49:03.517-05:00  INFO 84603 --- [           main] com.jpmc.midascore.TaskTwoTests          : ...
2026-05-13T22:49:23.519-05:00  INFO 84603 --- [           main] com.jpmc.midascore.TaskTwoTests          : ...
2026-05-13T22:49:43.520-05:00  INFO 84603 --- [           main] com.jpmc.midascore.TaskTwoTests          : ...
2026-05-13T22:50:03.526-05:00  INFO 84603 --- [           main] com.jpmc.midascore.TaskTwoTests          : ...
2026-05-13T22:50:23.531-05:00  INFO 84603 --- [           main] com.jpmc.midascore.TaskTwoTests          : ...
2026-05-13T22:50:43.535-05:00  INFO 84603 --- [           main] com.jpmc.midascore.TaskTwoTests          : ...
2026-05-13T22:51:03.539-05:00  INFO 84603 --- [           main] com.jpmc.midascore.TaskTwoTests          : ...
2026-05-13T22:51:23.544-05:00  INFO 84603 --- [           main] com.jpmc.midascore.TaskTwoTests          : ...
2026-05-13T22:51:43.547-05:00  INFO 84603 --- [           main] com.jpmc.midascore.TaskTwoTests          : ...
2026-05-13T22:52:03.551-05:00  INFO 84603 --- [           main] com.jpmc.midascore.TaskTwoTests          : ...
2026-05-13T22:52:23.555-05:00  INFO 84603 --- [           main] com.jpmc.midascore.TaskTwoTests          : ...
2026-05-13T22:52:43.556-05:00  INFO 84603 --- [           main] com.jpmc.midascore.TaskTwoTests          : ...
2026-05-13T22:53:03.562-05:00  INFO 84603 --- [           main] com.jpmc.midascore.TaskTwoTests          : ...
2026-05-13T22:53:23.572-05:00  INFO 84603 --- [           main] com.jpmc.midascore.TaskTwoTests          : ...
2026-05-13T22:53:43.573-05:00  INFO 84603 --- [           main] com.jpmc.midascore.TaskTwoTests          : ...
2026-05-13T22:54:03.574-05:00  INFO 84603 --- [           main] com.jpmc.midascore.TaskTwoTests          : ...
2026-05-13T22:54:23.578-05:00  INFO 84603 --- [           main] com.jpmc.midascore.TaskTwoTests          : ...
2026-05-13T22:54:43.582-05:00  INFO 84603 --- [           main] com.jpmc.midascore.TaskTwoTests          : ...
2026-05-13T22:55:03.587-05:00  INFO 84603 --- [           main] com.jpmc.midascore.TaskTwoTests          : ...
2026-05-13T22:55:23.588-05:00  INFO 84603 --- [           main] com.jpmc.midascore.TaskTwoTests          : ...
2026-05-13T22:55:43.594-05:00  INFO 84603 --- [           main] com.jpmc.midascore.TaskTwoTests          : ...
2026-05-13T22:56:03.600-05:00  INFO 84603 --- [           main] com.jpmc.midascore.TaskTwoTests          : ...
2026-05-13T22:56:23.601-05:00  INFO 84603 --- [           main] com.jpmc.midascore.TaskTwoTests          : ...
2026-05-13T22:56:43.602-05:00  INFO 84603 --- [           main] com.jpmc.midascore.TaskTwoTests          : ...
2026-05-13T22:57:03.607-05:00  INFO 84603 --- [           main] com.jpmc.midascore.TaskTwoTests          : ...
2026-05-13T22:57:23.612-05:00  INFO 84603 --- [           main] com.jpmc.midascore.TaskTwoTests          : ...
2026-05-13T22:57:43.617-05:00  INFO 84603 --- [           main] com.jpmc.midascore.TaskTwoTests          : ...
2026-05-13T22:58:03.618-05:00  INFO 84603 --- [           main] com.jpmc.midascore.TaskTwoTests          : ...
2026-05-13T22:58:23.622-05:00  INFO 84603 --- [           main] com.jpmc.midascore.TaskTwoTests          : ...
2026-05-13T22:58:43.628-05:00  INFO 84603 --- [           main] com.jpmc.midascore.TaskTwoTests          : ...
2026-05-13T22:59:03.643-05:00  INFO 84603 --- [           main] com.jpmc.midascore.TaskTwoTests          : ...
2026-05-13T22:59:23.650-05:00  INFO 84603 --- [           main] com.jpmc.midascore.TaskTwoTests          : ...
2026-05-13T22:59:43.653-05:00  INFO 84603 --- [           main] com.jpmc.midascore.TaskTwoTests          : ...
2026-05-13T23:00:03.660-05:00  INFO 84603 --- [           main] com.jpmc.midascore.TaskTwoTests          : ...
2026-05-13T23:00:23.663-05:00  INFO 84603 --- [           main] com.jpmc.midascore.TaskTwoTests          : ...
2026-05-13T23:00:43.668-05:00  INFO 84603 --- [           main] com.jpmc.midascore.TaskTwoTests          : ...
2026-05-13T23:01:03.671-05:00  INFO 84603 --- [           main] com.jpmc.midascore.TaskTwoTests          : ...
2026-05-13T23:01:23.676-05:00  INFO 84603 --- [           main] com.jpmc.midascore.TaskTwoTests          : ...
2026-05-13T23:01:43.679-05:00  INFO 84603 --- [           main] com.jpmc.midascore.TaskTwoTests          : ...
2026-05-13T23:02:03.685-05:00  INFO 84603 --- [           main] com.jpmc.midascore.TaskTwoTests          : ...
2026-05-13T23:02:23.691-05:00  INFO 84603 --- [           main] com.jpmc.midascore.TaskTwoTests          : ...
2026-05-13T23:02:43.693-05:00  INFO 84603 --- [           main] com.jpmc.midascore.TaskTwoTests          : ...
2026-05-13T23:03:03.698-05:00  INFO 84603 --- [           main] com.jpmc.midascore.TaskTwoTests          : ...
2026-05-13T23:03:23.700-05:00  INFO 84603 --- [           main] com.jpmc.midascore.TaskTwoTests          : ...
2026-05-13T23:03:43.702-05:00  INFO 84603 --- [           main] com.jpmc.midascore.TaskTwoTests          : ...
2026-05-13T23:04:03.702-05:00  INFO 84603 --- [           main] com.jpmc.midascore.TaskTwoTests          : ...
2026-05-13T23:04:23.703-05:00  INFO 84603 --- [           main] com.jpmc.midascore.TaskTwoTests          : ...
2026-05-13T23:04:43.706-05:00  INFO 84603 --- [           main] com.jpmc.midascore.TaskTwoTests          : ...
2026-05-13T23:05:03.707-05:00  INFO 84603 --- [           main] com.jpmc.midascore.TaskTwoTests          : ...
2026-05-13T23:05:23.711-05:00  INFO 84603 --- [           main] com.jpmc.midascore.TaskTwoTests          : ...
2026-05-13T23:05:43.717-05:00  INFO 84603 --- [           main] com.jpmc.midascore.TaskTwoTests          : ...
2026-05-13T23:06:03.722-05:00  INFO 84603 --- [           main] com.jpmc.midascore.TaskTwoTests          : ...
2026-05-13T23:06:23.726-05:00  INFO 84603 --- [           main] com.jpmc.midascore.TaskTwoTests          : ...
2026-05-13T23:06:43.731-05:00  INFO 84603 --- [           main] com.jpmc.midascore.TaskTwoTests          : ...
2026-05-13T23:07:03.735-05:00  INFO 84603 --- [           main] com.jpmc.midascore.TaskTwoTests          : ...
2026-05-13T23:07:23.737-05:00  INFO 84603 --- [           main] com.jpmc.midascore.TaskTwoTests          : ...
2026-05-13T23:07:43.742-05:00  INFO 84603 --- [           main] com.jpmc.midascore.TaskTwoTests          : ...
2026-05-13T23:08:03.748-05:00  INFO 84603 --- [           main] com.jpmc.midascore.TaskTwoTests          : ...
2026-05-13T23:08:23.749-05:00  INFO 84603 --- [           main] com.jpmc.midascore.TaskTwoTests          : ...
2026-05-13T23:08:43.753-05:00  INFO 84603 --- [           main] com.jpmc.midascore.TaskTwoTests          : ...
2026-05-13T23:09:03.757-05:00  INFO 84603 --- [           main] com.jpmc.midascore.TaskTwoTests          : ...
2026-05-13T23:09:23.761-05:00  INFO 84603 --- [           main] com.jpmc.midascore.TaskTwoTests          : ...
2026-05-13T23:09:43.767-05:00  INFO 84603 --- [           main] com.jpmc.midascore.TaskTwoTests          : ...
2026-05-13T23:10:03.772-05:00  INFO 84603 --- [           main] com.jpmc.midascore.TaskTwoTests          : ...
2026-05-13T23:10:23.775-05:00  INFO 84603 --- [           main] com.jpmc.midascore.TaskTwoTests          : ...
2026-05-13T23:10:43.780-05:00  INFO 84603 --- [           main] com.jpmc.midascore.TaskTwoTests          : ...
2026-05-13T23:11:03.782-05:00  INFO 84603 --- [           main] com.jpmc.midascore.TaskTwoTests          : ...
2026-05-13T23:11:23.783-05:00  INFO 84603 --- [           main] com.jpmc.midascore.TaskTwoTests          : ...
2026-05-13T23:11:43.784-05:00  INFO 84603 --- [           main] com.jpmc.midascore.TaskTwoTests          : ...
2026-05-13T23:12:03.786-05:00  INFO 84603 --- [           main] com.jpmc.midascore.TaskTwoTests          : ...
2026-05-13T23:12:23.791-05:00  INFO 84603 --- [           main] com.jpmc.midascore.TaskTwoTests          : ...
2026-05-13T23:12:43.795-05:00  INFO 84603 --- [           main] com.jpmc.midascore.TaskTwoTests          : ...
2026-05-13T23:13:03.797-05:00  INFO 84603 --- [           main] com.jpmc.midascore.TaskTwoTests          : ...
2026-05-13T23:13:23.803-05:00  INFO 84603 --- [           main] com.jpmc.midascore.TaskTwoTests          : ...
2026-05-13T23:13:43.806-05:00  INFO 84603 --- [           main] com.jpmc.midascore.TaskTwoTests          : ...
2026-05-13T23:14:03.811-05:00  INFO 84603 --- [           main] com.jpmc.midascore.TaskTwoTests          : ...
2026-05-13T23:14:23.812-05:00  INFO 84603 --- [           main] com.jpmc.midascore.TaskTwoTests          : ...
2026-05-13T23:14:43.815-05:00  INFO 84603 --- [           main] com.jpmc.midascore.TaskTwoTests          : ...
2026-05-13T23:15:03.821-05:00  INFO 84603 --- [           main] com.jpmc.midascore.TaskTwoTests          : ...
2026-05-13T23:15:23.823-05:00  INFO 84603 --- [           main] com.jpmc.midascore.TaskTwoTests          : ...
2026-05-13T23:15:43.825-05:00  INFO 84603 --- [           main] com.jpmc.midascore.TaskTwoTests          : ...
2026-05-13T23:16:03.828-05:00  INFO 84603 --- [           main] com.jpmc.midascore.TaskTwoTests          : ...
2026-05-13T23:16:23.833-05:00  INFO 84603 --- [           main] com.jpmc.midascore.TaskTwoTests          : ...
2026-05-13T23:16:43.836-05:00  INFO 84603 --- [           main] com.jpmc.midascore.TaskTwoTests          : ...
2026-05-13T23:17:03.839-05:00  INFO 84603 --- [           main] com.jpmc.midascore.TaskTwoTests          : ...
2026-05-13T23:17:23.841-05:00  INFO 84603 --- [           main] com.jpmc.midascore.TaskTwoTests          : ...
2026-05-13T23:17:43.846-05:00  INFO 84603 --- [           main] com.jpmc.midascore.TaskTwoTests          : ...
2026-05-13T23:18:03.850-05:00  INFO 84603 --- [           main] com.jpmc.midascore.TaskTwoTests          : ...
2026-05-13T23:18:23.861-05:00  INFO 84603 --- [           main] com.jpmc.midascore.TaskTwoTests          : ...
2026-05-13T23:18:43.867-05:00  INFO 84603 --- [           main] com.jpmc.midascore.TaskTwoTests          : ...
2026-05-13T23:19:03.872-05:00  INFO 84603 --- [           main] com.jpmc.midascore.TaskTwoTests          : ...
2026-05-13T23:19:23.873-05:00  INFO 84603 --- [           main] com.jpmc.midascore.TaskTwoTests          : ...
2026-05-13T23:19:43.877-05:00  INFO 84603 --- [           main] com.jpmc.midascore.TaskTwoTests          : ...
2026-05-13T23:20:03.878-05:00  INFO 84603 --- [           main] com.jpmc.midascore.TaskTwoTests          : ...
2026-05-13T23:20:23.883-05:00  INFO 84603 --- [           main] com.jpmc.midascore.TaskTwoTests          : ...
2026-05-13T23:20:43.886-05:00  INFO 84603 --- [           main] com.jpmc.midascore.TaskTwoTests          : ...
2026-05-13T23:21:03.890-05:00  INFO 84603 --- [           main] com.jpmc.midascore.TaskTwoTests          : ...
2026-05-13T23:21:23.895-05:00  INFO 84603 --- [           main] com.jpmc.midascore.TaskTwoTests          : ...
2026-05-13T23:21:43.900-05:00  INFO 84603 --- [           main] com.jpmc.midascore.TaskTwoTests          : ...
2026-05-13T23:22:03.910-05:00  INFO 84603 --- [           main] com.jpmc.midascore.TaskTwoTests          : ...
2026-05-13T23:22:19.076-05:00  INFO 84603 --- [r-event-handler] o.a.k.image.publisher.SnapshotGenerator  : [SnapshotGenerator id=0] Creating new KRaft snapshot file snapshot 00000000000000014365-0000000001 because we have waited at least 60 minute(s).
2026-05-13T23:22:19.110-05:00  INFO 84603 --- [r-event-handler] o.a.k.image.publisher.SnapshotEmitter    : [SnapshotEmitter id=0] Successfully wrote snapshot 00000000000000014365-0000000001
2026-05-13T23:22:23.913-05:00  INFO 84603 --- [           main] com.jpmc.midascore.TaskTwoTests          : ...
2026-05-13T23:22:43.919-05:00  INFO 84603 --- [           main] com.jpmc.midascore.TaskTwoTests          : ...
2026-05-13T23:23:03.926-05:00  INFO 84603 --- [           main] com.jpmc.midascore.TaskTwoTests          : ...
2026-05-13T23:23:23.929-05:00  INFO 84603 --- [           main] com.jpmc.midascore.TaskTwoTests          : ...
2026-05-13T23:23:43.935-05:00  INFO 84603 --- [           main] com.jpmc.midascore.TaskTwoTests          : ...
2026-05-13T23:24:03.940-05:00  INFO 84603 --- [           main] com.jpmc.midascore.TaskTwoTests          : ...
2026-05-13T23:24:23.943-05:00  INFO 84603 --- [           main] com.jpmc.midascore.TaskTwoTests          : ...
2026-05-13T23:24:43.944-05:00  INFO 84603 --- [           main] com.jpmc.midascore.TaskTwoTests          : ...
2026-05-13T23:25:03.948-05:00  INFO 84603 --- [           main] com.jpmc.midascore.TaskTwoTests          : ...
2026-05-13T23:25:23.949-05:00  INFO 84603 --- [           main] com.jpmc.midascore.TaskTwoTests          : ...
2026-05-13T23:25:43.951-05:00  INFO 84603 --- [           main] com.jpmc.midascore.TaskTwoTests          : ...
2026-05-13T23:26:03.957-05:00  INFO 84603 --- [           main] com.jpmc.midascore.TaskTwoTests          : ...
2026-05-13T23:26:23.960-05:00  INFO 84603 --- [           main] com.jpmc.midascore.TaskTwoTests          : ...
2026-05-13T23:26:43.963-05:00  INFO 84603 --- [           main] com.jpmc.midascore.TaskTwoTests          : ...
2026-05-13T23:27:03.969-05:00  INFO 84603 --- [           main] com.jpmc.midascore.TaskTwoTests          : ...
2026-05-13T23:27:23.974-05:00  INFO 84603 --- [           main] com.jpmc.midascore.TaskTwoTests          : ...
2026-05-13T23:27:43.979-05:00  INFO 84603 --- [           main] com.jpmc.midascore.TaskTwoTests          : ...
2026-05-13T23:28:03.983-05:00  INFO 84603 --- [           main] com.jpmc.midascore.TaskTwoTests          : ...
2026-05-13T23:28:23.989-05:00  INFO 84603 --- [           main] com.jpmc.midascore.TaskTwoTests          : ...
2026-05-13T23:28:43.996-05:00  INFO 84603 --- [           main] com.jpmc.midascore.TaskTwoTests          : ...
2026-05-13T23:29:03.996-05:00  INFO 84603 --- [           main] com.jpmc.midascore.TaskTwoTests          : ...
2026-05-13T23:29:23.996-05:00  INFO 84603 --- [           main] com.jpmc.midascore.TaskTwoTests          : ...
2026-05-13T23:29:43.996-05:00  INFO 84603 --- [           main] com.jpmc.midascore.TaskTwoTests          : ...
2026-05-13T23:30:04.001-05:00  INFO 84603 --- [           main] com.jpmc.midascore.TaskTwoTests          : ...
2026-05-13T23:30:24.004-05:00  INFO 84603 --- [           main] com.jpmc.midascore.TaskTwoTests          : ...
2026-05-13T23:30:44.010-05:00  INFO 84603 --- [           main] com.jpmc.midascore.TaskTwoTests          : ...
2026-05-13T23:31:04.013-05:00  INFO 84603 --- [           main] com.jpmc.midascore.TaskTwoTests          : ...
2026-05-13T23:31:24.018-05:00  INFO 84603 --- [           main] com.jpmc.midascore.TaskTwoTests          : ...
2026-05-13T23:31:44.019-05:00  INFO 84603 --- [           main] com.jpmc.midascore.TaskTwoTests          : ...
2026-05-13T23:32:04.022-05:00  INFO 84603 --- [           main] com.jpmc.midascore.TaskTwoTests          : ...
2026-05-13T23:32:24.028-05:00  INFO 84603 --- [           main] com.jpmc.midascore.TaskTwoTests          : ...
2026-05-13T23:32:44.033-05:00  INFO 84603 --- [           main] com.jpmc.midascore.TaskTwoTests          : ...
2026-05-13T23:33:04.036-05:00  INFO 84603 --- [           main] com.jpmc.midascore.TaskTwoTests          : ...
2026-05-13T23:33:24.041-05:00  INFO 84603 --- [           main] com.jpmc.midascore.TaskTwoTests          : ...
2026-05-13T23:33:44.047-05:00  INFO 84603 --- [           main] com.jpmc.midascore.TaskTwoTests          : ...
2026-05-13T23:34:04.049-05:00  INFO 84603 --- [           main] com.jpmc.midascore.TaskTwoTests          : ...
2026-05-13T23:34:24.050-05:00  INFO 84603 --- [           main] com.jpmc.midascore.TaskTwoTests          : ...
2026-05-13T23:34:44.051-05:00  INFO 84603 --- [           main] com.jpmc.midascore.TaskTwoTests          : ...
2026-05-13T23:35:04.055-05:00  INFO 84603 --- [           main] com.jpmc.midascore.TaskTwoTests          : ...
2026-05-13T23:35:24.057-05:00  INFO 84603 --- [           main] com.jpmc.midascore.TaskTwoTests          : ...
2026-05-13T23:35:44.062-05:00  INFO 84603 --- [           main] com.jpmc.midascore.TaskTwoTests          : ...
2026-05-13T23:36:04.067-05:00  INFO 84603 --- [           main] com.jpmc.midascore.TaskTwoTests          : ...
2026-05-13T23:36:24.068-05:00  INFO 84603 --- [           main] com.jpmc.midascore.TaskTwoTests          : ...
2026-05-13T23:36:44.072-05:00  INFO 84603 --- [           main] com.jpmc.midascore.TaskTwoTests          : ...
2026-05-13T23:37:04.082-05:00  INFO 84603 --- [           main] com.jpmc.midascore.TaskTwoTests          : ...
2026-05-13T23:37:24.092-05:00  INFO 84603 --- [           main] com.jpmc.midascore.TaskTwoTests          : ...
2026-05-13T23:37:44.096-05:00  INFO 84603 --- [           main] com.jpmc.midascore.TaskTwoTests          : ...
2026-05-13T23:38:04.105-05:00  INFO 84603 --- [           main] com.jpmc.midascore.TaskTwoTests          : ...
2026-05-13T23:38:24.110-05:00  INFO 84603 --- [           main] com.jpmc.midascore.TaskTwoTests          : ...
2026-05-13T23:38:44.118-05:00  INFO 84603 --- [           main] com.jpmc.midascore.TaskTwoTests          : ...
2026-05-13T23:39:04.121-05:00  INFO 84603 --- [           main] com.jpmc.midascore.TaskTwoTests          : ...
2026-05-13T23:39:24.126-05:00  INFO 84603 --- [           main] com.jpmc.midascore.TaskTwoTests          : ...
2026-05-13T23:39:44.125-05:00  INFO 84603 --- [           main] com.jpmc.midascore.TaskTwoTests          : ...
2026-05-13T23:40:04.103-05:00  INFO 84603 --- [           main] com.jpmc.midascore.TaskTwoTests          : ...
2026-05-13T23:40:24.103-05:00  INFO 84603 --- [           main] com.jpmc.midascore.TaskTwoTests          : ...
2026-05-13T23:40:44.108-05:00  INFO 84603 --- [           main] com.jpmc.midascore.TaskTwoTests          : ...
2026-05-13T23:41:04.113-05:00  INFO 84603 --- [           main] com.jpmc.midascore.TaskTwoTests          : ...
2026-05-13T23:41:24.120-05:00  INFO 84603 --- [           main] com.jpmc.midascore.TaskTwoTests          : ...
2026-05-13T23:41:44.121-05:00  INFO 84603 --- [           main] com.jpmc.midascore.TaskTwoTests          : ...
2026-05-13T23:42:04.128-05:00  INFO 84603 --- [           main] com.jpmc.midascore.TaskTwoTests          : ...
2026-05-13T23:42:24.137-05:00  INFO 84603 --- [           main] com.jpmc.midascore.TaskTwoTests          : ...
2026-05-13T23:42:44.141-05:00  INFO 84603 --- [           main] com.jpmc.midascore.TaskTwoTests          : ...
2026-05-13T23:43:04.151-05:00  INFO 84603 --- [           main] com.jpmc.midascore.TaskTwoTests          : ...
2026-05-13T23:43:24.158-05:00  INFO 84603 --- [           main] com.jpmc.midascore.TaskTwoTests          : ...
2026-05-13T23:43:44.162-05:00  INFO 84603 --- [           main] com.jpmc.midascore.TaskTwoTests          : ...
2026-05-13T23:44:04.167-05:00  INFO 84603 --- [           main] com.jpmc.midascore.TaskTwoTests          : ...
2026-05-13T23:44:24.169-05:00  INFO 84603 --- [           main] com.jpmc.midascore.TaskTwoTests          : ...
2026-05-13T23:44:44.172-05:00  INFO 84603 --- [           main] com.jpmc.midascore.TaskTwoTests          : ...
2026-05-13T23:45:04.174-05:00  INFO 84603 --- [           main] com.jpmc.midascore.TaskTwoTests          : ...
2026-05-13T23:45:24.177-05:00  INFO 84603 --- [           main] com.jpmc.midascore.TaskTwoTests          : ...
2026-05-13T23:45:44.183-05:00  INFO 84603 --- [           main] com.jpmc.midascore.TaskTwoTests          : ...
2026-05-13T23:46:04.190-05:00  INFO 84603 --- [           main] com.jpmc.midascore.TaskTwoTests          : ...
2026-05-13T23:46:24.195-05:00  INFO 84603 --- [           main] com.jpmc.midascore.TaskTwoTests          : ...
2026-05-13T23:46:44.200-05:00  INFO 84603 --- [           main] com.jpmc.midascore.TaskTwoTests          : ...
2026-05-13T23:47:04.201-05:00  INFO 84603 --- [           main] com.jpmc.midascore.TaskTwoTests          : ...
2026-05-13T23:47:24.205-05:00  INFO 84603 --- [           main] com.jpmc.midascore.TaskTwoTests          : ...
2026-05-13T23:47:44.205-05:00  INFO 84603 --- [           main] com.jpmc.midascore.TaskTwoTests          : ...
2026-05-13T23:48:04.210-05:00  INFO 84603 --- [           main] com.jpmc.midascore.TaskTwoTests          : ...
2026-05-13T23:48:24.211-05:00  INFO 84603 --- [           main] com.jpmc.midascore.TaskTwoTests          : ...
2026-05-13T23:48:44.214-05:00  INFO 84603 --- [           main] com.jpmc.midascore.TaskTwoTests          : ...
2026-05-13T23:49:04.218-05:00  INFO 84603 --- [           main] com.jpmc.midascore.TaskTwoTests          : ...
2026-05-13T23:49:24.220-05:00  INFO 84603 --- [           main] com.jpmc.midascore.TaskTwoTests          : ...
2026-05-13T23:49:44.225-05:00  INFO 84603 --- [           main] com.jpmc.midascore.TaskTwoTests          : ...
2026-05-13T23:50:04.227-05:00  INFO 84603 --- [           main] com.jpmc.midascore.TaskTwoTests          : ...
2026-05-13T23:50:24.233-05:00  INFO 84603 --- [           main] com.jpmc.midascore.TaskTwoTests          : ...
2026-05-13T23:50:44.233-05:00  INFO 84603 --- [           main] com.jpmc.midascore.TaskTwoTests          : ...
2026-05-13T23:51:04.237-05:00  INFO 84603 --- [           main] com.jpmc.midascore.TaskTwoTests          : ...
2026-05-13T23:51:24.239-05:00  INFO 84603 --- [           main] com.jpmc.midascore.TaskTwoTests          : ...
2026-05-13T23:51:44.245-05:00  INFO 84603 --- [           main] com.jpmc.midascore.TaskTwoTests          : ...
2026-05-13T23:52:04.247-05:00  INFO 84603 --- [           main] com.jpmc.midascore.TaskTwoTests          : ...
2026-05-13T23:52:24.252-05:00  INFO 84603 --- [           main] com.jpmc.midascore.TaskTwoTests          : ...
2026-05-13T23:52:44.253-05:00  INFO 84603 --- [           main] com.jpmc.midascore.TaskTwoTests          : ...
2026-05-13T23:53:04.258-05:00  INFO 84603 --- [           main] com.jpmc.midascore.TaskTwoTests          : ...
2026-05-13T23:53:24.260-05:00  INFO 84603 --- [           main] com.jpmc.midascore.TaskTwoTests          : ...
2026-05-13T23:53:44.261-05:00  INFO 84603 --- [           main] com.jpmc.midascore.TaskTwoTests          : ...
2026-05-13T23:54:04.261-05:00  INFO 84603 --- [           main] com.jpmc.midascore.TaskTwoTests          : ...
2026-05-13T23:54:24.263-05:00  INFO 84603 --- [           main] com.jpmc.midascore.TaskTwoTests          : ...
2026-05-13T23:54:44.265-05:00  INFO 84603 --- [           main] com.jpmc.midascore.TaskTwoTests          : ...
2026-05-13T23:55:04.267-05:00  INFO 84603 --- [           main] com.jpmc.midascore.TaskTwoTests          : ...
2026-05-13T23:55:24.271-05:00  INFO 84603 --- [           main] com.jpmc.midascore.TaskTwoTests          : ...
2026-05-13T23:55:44.276-05:00  INFO 84603 --- [           main] com.jpmc.midascore.TaskTwoTests          : ...
2026-05-13T23:56:04.282-05:00  INFO 84603 --- [           main] com.jpmc.midascore.TaskTwoTests          : ...
2026-05-13T23:56:24.286-05:00  INFO 84603 --- [           main] com.jpmc.midascore.TaskTwoTests          : ...
2026-05-13T23:56:44.288-05:00  INFO 84603 --- [           main] com.jpmc.midascore.TaskTwoTests          : ...
2026-05-13T23:57:04.290-05:00  INFO 84603 --- [           main] com.jpmc.midascore.TaskTwoTests          : ...
2026-05-13T23:57:24.292-05:00  INFO 84603 --- [           main] com.jpmc.midascore.TaskTwoTests          : ...
2026-05-13T23:57:44.294-05:00  INFO 84603 --- [           main] com.jpmc.midascore.TaskTwoTests          : ...
2026-05-13T23:58:04.294-05:00  INFO 84603 --- [           main] com.jpmc.midascore.TaskTwoTests          : ...
2026-05-13T23:58:24.298-05:00  INFO 84603 --- [           main] com.jpmc.midascore.TaskTwoTests          : ...
2026-05-13T23:58:44.303-05:00  INFO 84603 --- [           main] com.jpmc.midascore.TaskTwoTests          : ...
2026-05-13T23:59:04.304-05:00  INFO 84603 --- [           main] com.jpmc.midascore.TaskTwoTests          : ...
2026-05-13T23:59:24.309-05:00  INFO 84603 --- [           main] com.jpmc.midascore.TaskTwoTests          : ...
2026-05-13T23:59:44.312-05:00  INFO 84603 --- [           main] com.jpmc.midascore.TaskTwoTests          : ...
2026-05-14T00:00:04.317-05:00  INFO 84603 --- [           main] com.jpmc.midascore.TaskTwoTests          : ...
2026-05-14T00:00:24.323-05:00  INFO 84603 --- [           main] com.jpmc.midascore.TaskTwoTests          : ...
2026-05-14T00:00:44.324-05:00  INFO 84603 --- [           main] com.jpmc.midascore.TaskTwoTests          : ...
2026-05-14T00:01:04.328-05:00  INFO 84603 --- [           main] com.jpmc.midascore.TaskTwoTests          : ...
2026-05-14T00:01:24.328-05:00  INFO 84603 --- [           main] com.jpmc.midascore.TaskTwoTests          : ...
2026-05-14T00:01:44.329-05:00  INFO 84603 --- [           main] com.jpmc.midascore.TaskTwoTests          : ...
2026-05-14T00:02:04.337-05:00  INFO 84603 --- [           main] com.jpmc.midascore.TaskTwoTests          : ...
2026-05-14T00:02:24.358-05:00  INFO 84603 --- [           main] com.jpmc.midascore.TaskTwoTests          : ...
2026-05-14T00:02:44.366-05:00  INFO 84603 --- [           main] com.jpmc.midascore.TaskTwoTests          : ...
2026-05-14T00:03:04.373-05:00  INFO 84603 --- [           main] com.jpmc.midascore.TaskTwoTests          : ...
2026-05-14T00:03:24.378-05:00  INFO 84603 --- [           main] com.jpmc.midascore.TaskTwoTests          : ...
2026-05-14T00:03:44.381-05:00  INFO 84603 --- [           main] com.jpmc.midascore.TaskTwoTests          : ...
2026-05-14T00:04:04.385-05:00  INFO 84603 --- [           main] com.jpmc.midascore.TaskTwoTests          : ...
2026-05-14T00:04:24.387-05:00  INFO 84603 --- [           main] com.jpmc.midascore.TaskTwoTests          : ...
2026-05-14T00:04:44.389-05:00  INFO 84603 --- [           main] com.jpmc.midascore.TaskTwoTests          : ...
2026-05-14T00:05:04.390-05:00  INFO 84603 --- [           main] com.jpmc.midascore.TaskTwoTests          : ...
2026-05-14T00:05:24.395-05:00  INFO 84603 --- [           main] com.jpmc.midascore.TaskTwoTests          : ...
2026-05-14T00:05:44.395-05:00  INFO 84603 --- [           main] com.jpmc.midascore.TaskTwoTests          : ...
2026-05-14T00:06:04.399-05:00  INFO 84603 --- [           main] com.jpmc.midascore.TaskTwoTests          : ...
2026-05-14T00:06:24.402-05:00  INFO 84603 --- [           main] com.jpmc.midascore.TaskTwoTests          : ...
2026-05-14T00:06:44.406-05:00  INFO 84603 --- [           main] com.jpmc.midascore.TaskTwoTests          : ...
2026-05-14T00:07:04.410-05:00  INFO 84603 --- [           main] com.jpmc.midascore.TaskTwoTests          : ...
2026-05-14T00:07:24.415-05:00  INFO 84603 --- [           main] com.jpmc.midascore.TaskTwoTests          : ...
2026-05-14T00:07:44.417-05:00  INFO 84603 --- [           main] com.jpmc.midascore.TaskTwoTests          : ...
2026-05-14T00:08:04.421-05:00  INFO 84603 --- [           main] com.jpmc.midascore.TaskTwoTests          : ...
2026-05-14T00:08:24.426-05:00  INFO 84603 --- [           main] com.jpmc.midascore.TaskTwoTests          : ...
2026-05-14T00:08:44.431-05:00  INFO 84603 --- [           main] com.jpmc.midascore.TaskTwoTests          : ...
2026-05-14T00:09:04.436-05:00  INFO 84603 --- [           main] com.jpmc.midascore.TaskTwoTests          : ...
2026-05-14T00:09:24.439-05:00  INFO 84603 --- [           main] com.jpmc.midascore.TaskTwoTests          : ...
2026-05-14T00:09:44.440-05:00  INFO 84603 --- [           main] com.jpmc.midascore.TaskTwoTests          : ...
2026-05-14T00:10:04.444-05:00  INFO 84603 --- [           main] com.jpmc.midascore.TaskTwoTests          : ...
2026-05-14T00:10:24.446-05:00  INFO 84603 --- [           main] com.jpmc.midascore.TaskTwoTests          : ...
2026-05-14T00:10:44.449-05:00  INFO 84603 --- [           main] com.jpmc.midascore.TaskTwoTests          : ...
2026-05-14T00:11:04.463-05:00  INFO 84603 --- [           main] com.jpmc.midascore.TaskTwoTests          : ...
2026-05-14T00:11:24.470-05:00  INFO 84603 --- [           main] com.jpmc.midascore.TaskTwoTests          : ...
2026-05-14T00:11:44.474-05:00  INFO 84603 --- [           main] com.jpmc.midascore.TaskTwoTests          : ...
2026-05-14T00:12:04.479-05:00  INFO 84603 --- [           main] com.jpmc.midascore.TaskTwoTests          : ...
2026-05-14T00:12:24.484-05:00  INFO 84603 --- [           main] com.jpmc.midascore.TaskTwoTests          : ...
2026-05-14T00:12:44.484-05:00  INFO 84603 --- [           main] com.jpmc.midascore.TaskTwoTests          : ...
2026-05-14T00:13:04.489-05:00  INFO 84603 --- [           main] com.jpmc.midascore.TaskTwoTests          : ...
2026-05-14T00:13:24.491-05:00  INFO 84603 --- [           main] com.jpmc.midascore.TaskTwoTests          : ...
2026-05-14T00:13:44.495-05:00  INFO 84603 --- [           main] com.jpmc.midascore.TaskTwoTests          : ...
2026-05-14T00:14:04.499-05:00  INFO 84603 --- [           main] com.jpmc.midascore.TaskTwoTests          : ...
2026-05-14T00:14:24.500-05:00  INFO 84603 --- [           main] com.jpmc.midascore.TaskTwoTests          : ...
2026-05-14T00:14:44.501-05:00  INFO 84603 --- [           main] com.jpmc.midascore.TaskTwoTests          : ...
2026-05-14T00:15:04.506-05:00  INFO 84603 --- [           main] com.jpmc.midascore.TaskTwoTests          : ...
2026-05-14T00:15:24.507-05:00  INFO 84603 --- [           main] com.jpmc.midascore.TaskTwoTests          : ...
2026-05-14T00:15:44.515-05:00  INFO 84603 --- [           main] com.jpmc.midascore.TaskTwoTests          : ...
2026-05-14T00:16:04.522-05:00  INFO 84603 --- [           main] com.jpmc.midascore.TaskTwoTests          : ...
2026-05-14T00:16:24.528-05:00  INFO 84603 --- [           main] com.jpmc.midascore.TaskTwoTests          : ...
2026-05-14T00:16:44.535-05:00  INFO 84603 --- [           main] com.jpmc.midascore.TaskTwoTests          : ...
2026-05-14T00:17:04.556-05:00  INFO 84603 --- [           main] com.jpmc.midascore.TaskTwoTests          : ...
2026-05-14T00:17:24.560-05:00  INFO 84603 --- [           main] com.jpmc.midascore.TaskTwoTests          : ...
2026-05-14T00:17:44.564-05:00  INFO 84603 --- [           main] com.jpmc.midascore.TaskTwoTests          : ...
2026-05-14T00:18:04.569-05:00  INFO 84603 --- [           main] com.jpmc.midascore.TaskTwoTests          : ...
2026-05-14T00:18:24.573-05:00  INFO 84603 --- [           main] com.jpmc.midascore.TaskTwoTests          : ...
2026-05-14T00:18:44.577-05:00  INFO 84603 --- [           main] com.jpmc.midascore.TaskTwoTests          : ...
2026-05-14T00:19:04.582-05:00  INFO 84603 --- [           main] com.jpmc.midascore.TaskTwoTests          : ...
2026-05-14T00:19:24.586-05:00  INFO 84603 --- [           main] com.jpmc.midascore.TaskTwoTests          : ...
2026-05-14T00:19:44.586-05:00  INFO 84603 --- [           main] com.jpmc.midascore.TaskTwoTests          : ...
2026-05-14T00:20:04.586-05:00  INFO 84603 --- [           main] com.jpmc.midascore.TaskTwoTests          : ...
2026-05-14T00:20:24.591-05:00  INFO 84603 --- [           main] com.jpmc.midascore.TaskTwoTests          : ...
2026-05-14T00:20:44.596-05:00  INFO 84603 --- [           main] com.jpmc.midascore.TaskTwoTests          : ...
2026-05-14T00:21:04.597-05:00  INFO 84603 --- [           main] com.jpmc.midascore.TaskTwoTests          : ...
2026-05-14T00:21:24.588-05:00  INFO 84603 --- [           main] com.jpmc.midascore.TaskTwoTests          : ...
2026-05-14T00:21:44.582-05:00  INFO 84603 --- [           main] com.jpmc.midascore.TaskTwoTests          : ...
2026-05-14T00:22:04.582-05:00  INFO 84603 --- [           main] com.jpmc.midascore.TaskTwoTests          : ...
2026-05-14T00:22:19.311-05:00  INFO 84603 --- [r-event-handler] o.a.k.image.publisher.SnapshotGenerator  : [SnapshotGenerator id=0] Creating new KRaft snapshot file snapshot 00000000000000021512-0000000001 because we have waited at least 60 minute(s).
2026-05-14T00:22:19.332-05:00  INFO 84603 --- [r-event-handler] o.a.k.image.publisher.SnapshotEmitter    : [SnapshotEmitter id=0] Successfully wrote snapshot 00000000000000021512-0000000001
2026-05-14T00:22:24.586-05:00  INFO 84603 --- [           main] com.jpmc.midascore.TaskTwoTests          : ...
2026-05-14T00:22:44.590-05:00  INFO 84603 --- [           main] com.jpmc.midascore.TaskTwoTests          : ...
2026-05-14T00:23:04.594-05:00  INFO 84603 --- [           main] com.jpmc.midascore.TaskTwoTests          : ...
2026-05-14T00:23:24.598-05:00  INFO 84603 --- [           main] com.jpmc.midascore.TaskTwoTests          : ...
2026-05-14T00:23:44.600-05:00  INFO 84603 --- [           main] com.jpmc.midascore.TaskTwoTests          : ...
2026-05-14T00:24:04.604-05:00  INFO 84603 --- [           main] com.jpmc.midascore.TaskTwoTests          : ...
2026-05-14T00:24:24.605-05:00  INFO 84603 --- [           main] com.jpmc.midascore.TaskTwoTests          : ...
2026-05-14T00:24:44.606-05:00  INFO 84603 --- [           main] com.jpmc.midascore.TaskTwoTests          : ...
2026-05-14T00:25:04.607-05:00  INFO 84603 --- [           main] com.jpmc.midascore.TaskTwoTests          : ...
2026-05-14T00:25:24.608-05:00  INFO 84603 --- [           main] com.jpmc.midascore.TaskTwoTests          : ...
2026-05-14T00:25:44.608-05:00  INFO 84603 --- [           main] com.jpmc.midascore.TaskTwoTests          : ...
2026-05-14T00:26:04.609-05:00  INFO 84603 --- [           main] com.jpmc.midascore.TaskTwoTests          : ...
2026-05-14T00:26:24.614-05:00  INFO 84603 --- [           main] com.jpmc.midascore.TaskTwoTests          : ...
2026-05-14T00:26:44.614-05:00  INFO 84603 --- [           main] com.jpmc.midascore.TaskTwoTests          : ...
2026-05-14T00:27:04.615-05:00  INFO 84603 --- [           main] com.jpmc.midascore.TaskTwoTests          : ...
2026-05-14T00:27:24.615-05:00  INFO 84603 --- [           main] com.jpmc.midascore.TaskTwoTests          : ...
2026-05-14T00:27:44.618-05:00  INFO 84603 --- [           main] com.jpmc.midascore.TaskTwoTests          : ...
2026-05-14T00:28:04.623-05:00  INFO 84603 --- [           main] com.jpmc.midascore.TaskTwoTests          : ...
2026-05-14T00:28:24.629-05:00  INFO 84603 --- [           main] com.jpmc.midascore.TaskTwoTests          : ...
2026-05-14T00:28:44.636-05:00  INFO 84603 --- [           main] com.jpmc.midascore.TaskTwoTests          : ...
2026-05-14T00:29:04.647-05:00  INFO 84603 --- [           main] com.jpmc.midascore.TaskTwoTests          : ...
2026-05-14T00:29:24.650-05:00  INFO 84603 --- [           main] com.jpmc.midascore.TaskTwoTests          : ...
2026-05-14T00:29:44.659-05:00  INFO 84603 --- [           main] com.jpmc.midascore.TaskTwoTests          : ...
2026-05-14T00:30:04.663-05:00  INFO 84603 --- [           main] com.jpmc.midascore.TaskTwoTests          : ...
2026-05-14T00:30:24.669-05:00  INFO 84603 --- [           main] com.jpmc.midascore.TaskTwoTests          : ...
2026-05-14T00:30:44.672-05:00  INFO 84603 --- [           main] com.jpmc.midascore.TaskTwoTests          : ...
2026-05-14T00:31:04.675-05:00  INFO 84603 --- [           main] com.jpmc.midascore.TaskTwoTests          : ...
2026-05-14T00:31:24.679-05:00  INFO 84603 --- [           main] com.jpmc.midascore.TaskTwoTests          : ...
2026-05-14T00:31:44.679-05:00  INFO 84603 --- [           main] com.jpmc.midascore.TaskTwoTests          : ...
2026-05-14T00:32:04.685-05:00  INFO 84603 --- [           main] com.jpmc.midascore.TaskTwoTests          : ...
2026-05-14T00:32:24.691-05:00  INFO 84603 --- [           main] com.jpmc.midascore.TaskTwoTests          : ...
2026-05-14T00:32:44.695-05:00  INFO 84603 --- [           main] com.jpmc.midascore.TaskTwoTests          : ...
2026-05-14T00:33:04.699-05:00  INFO 84603 --- [           main] com.jpmc.midascore.TaskTwoTests          : ...
2026-05-14T00:33:24.703-05:00  INFO 84603 --- [           main] com.jpmc.midascore.TaskTwoTests          : ...
2026-05-14T00:33:44.708-05:00  INFO 84603 --- [           main] com.jpmc.midascore.TaskTwoTests          : ...
2026-05-14T00:34:04.713-05:00  INFO 84603 --- [           main] com.jpmc.midascore.TaskTwoTests          : ...
2026-05-14T00:34:24.719-05:00  INFO 84603 --- [           main] com.jpmc.midascore.TaskTwoTests          : ...
2026-05-14T00:34:44.723-05:00  INFO 84603 --- [           main] com.jpmc.midascore.TaskTwoTests          : ...
2026-05-14T00:35:04.728-05:00  INFO 84603 --- [           main] com.jpmc.midascore.TaskTwoTests          : ...
2026-05-14T00:35:24.734-05:00  INFO 84603 --- [           main] com.jpmc.midascore.TaskTwoTests          : ...
2026-05-14T00:35:44.735-05:00  INFO 84603 --- [           main] com.jpmc.midascore.TaskTwoTests          : ...
2026-05-14T00:36:04.742-05:00  INFO 84603 --- [           main] com.jpmc.midascore.TaskTwoTests          : ...
2026-05-14T00:36:24.748-05:00  INFO 84603 --- [           main] com.jpmc.midascore.TaskTwoTests          : ...
2026-05-14T00:36:44.750-05:00  INFO 84603 --- [           main] com.jpmc.midascore.TaskTwoTests          : ...
2026-05-14T00:37:04.756-05:00  INFO 84603 --- [           main] com.jpmc.midascore.TaskTwoTests          : ...
2026-05-14T00:37:24.760-05:00  INFO 84603 --- [           main] com.jpmc.midascore.TaskTwoTests          : ...
2026-05-14T00:37:44.766-05:00  INFO 84603 --- [           main] com.jpmc.midascore.TaskTwoTests          : ...
2026-05-14T00:38:04.767-05:00  INFO 84603 --- [           main] com.jpmc.midascore.TaskTwoTests          : ...
2026-05-14T00:38:24.771-05:00  INFO 84603 --- [           main] com.jpmc.midascore.TaskTwoTests          : ...
2026-05-14T00:38:44.775-05:00  INFO 84603 --- [           main] com.jpmc.midascore.TaskTwoTests          : ...
2026-05-14T00:39:04.778-05:00  INFO 84603 --- [           main] com.jpmc.midascore.TaskTwoTests          : ...
2026-05-14T00:39:24.783-05:00  INFO 84603 --- [           main] com.jpmc.midascore.TaskTwoTests          : ...
2026-05-14T00:39:44.788-05:00  INFO 84603 --- [           main] com.jpmc.midascore.TaskTwoTests          : ...
2026-05-14T00:40:04.790-05:00  INFO 84603 --- [           main] com.jpmc.midascore.TaskTwoTests          : ...
2026-05-14T00:40:24.796-05:00  INFO 84603 --- [           main] com.jpmc.midascore.TaskTwoTests          : ...
2026-05-14T00:40:44.797-05:00  INFO 84603 --- [           main] com.jpmc.midascore.TaskTwoTests          : ...
2026-05-14T00:41:04.800-05:00  INFO 84603 --- [           main] com.jpmc.midascore.TaskTwoTests          : ...
2026-05-14T00:41:24.802-05:00  INFO 84603 --- [           main] com.jpmc.midascore.TaskTwoTests          : ...
2026-05-14T00:41:44.805-05:00  INFO 84603 --- [           main] com.jpmc.midascore.TaskTwoTests          : ...
2026-05-14T00:42:04.809-05:00  INFO 84603 --- [           main] com.jpmc.midascore.TaskTwoTests          : ...
2026-05-14T00:42:24.813-05:00  INFO 84603 --- [           main] com.jpmc.midascore.TaskTwoTests          : ...
2026-05-14T00:42:44.817-05:00  INFO 84603 --- [           main] com.jpmc.midascore.TaskTwoTests          : ...
2026-05-14T00:43:04.825-05:00  INFO 84603 --- [           main] com.jpmc.midascore.TaskTwoTests          : ...
2026-05-14T00:43:24.830-05:00  INFO 84603 --- [           main] com.jpmc.midascore.TaskTwoTests          : ...
2026-05-14T00:43:44.830-05:00  INFO 84603 --- [           main] com.jpmc.midascore.TaskTwoTests          : ...
2026-05-14T00:44:04.831-05:00  INFO 84603 --- [           main] com.jpmc.midascore.TaskTwoTests          : ...
2026-05-14T00:44:24.836-05:00  INFO 84603 --- [           main] com.jpmc.midascore.TaskTwoTests          : ...
2026-05-14T00:44:44.838-05:00  INFO 84603 --- [           main] com.jpmc.midascore.TaskTwoTests          : ...
2026-05-14T00:45:04.842-05:00  INFO 84603 --- [           main] com.jpmc.midascore.TaskTwoTests          : ...
2026-05-14T00:45:24.842-05:00  INFO 84603 --- [           main] com.jpmc.midascore.TaskTwoTests          : ...
2026-05-14T00:45:44.847-05:00  INFO 84603 --- [           main] com.jpmc.midascore.TaskTwoTests          : ...
2026-05-14T00:46:04.849-05:00  INFO 84603 --- [           main] com.jpmc.midascore.TaskTwoTests          : ...
2026-05-14T00:46:24.850-05:00  INFO 84603 --- [           main] com.jpmc.midascore.TaskTwoTests          : ...
2026-05-14T00:46:44.854-05:00  INFO 84603 --- [           main] com.jpmc.midascore.TaskTwoTests          : ...
2026-05-14T00:47:04.856-05:00  INFO 84603 --- [           main] com.jpmc.midascore.TaskTwoTests          : ...
2026-05-14T00:47:24.863-05:00  INFO 84603 --- [           main] com.jpmc.midascore.TaskTwoTests          : ...
2026-05-14T00:47:44.869-05:00  INFO 84603 --- [           main] com.jpmc.midascore.TaskTwoTests          : ...
2026-05-14T00:48:04.874-05:00  INFO 84603 --- [           main] com.jpmc.midascore.TaskTwoTests          : ...
2026-05-14T00:48:24.874-05:00  INFO 84603 --- [           main] com.jpmc.midascore.TaskTwoTests          : ...
2026-05-14T00:48:44.876-05:00  INFO 84603 --- [           main] com.jpmc.midascore.TaskTwoTests          : ...
2026-05-14T00:49:04.878-05:00  INFO 84603 --- [           main] com.jpmc.midascore.TaskTwoTests          : ...
2026-05-14T00:49:24.882-05:00  INFO 84603 --- [           main] com.jpmc.midascore.TaskTwoTests          : ...
2026-05-14T00:49:44.888-05:00  INFO 84603 --- [           main] com.jpmc.midascore.TaskTwoTests          : ...
2026-05-14T00:50:04.891-05:00  INFO 84603 --- [           main] com.jpmc.midascore.TaskTwoTests          : ...
2026-05-14T00:50:24.897-05:00  INFO 84603 --- [           main] com.jpmc.midascore.TaskTwoTests          : ...
2026-05-14T00:50:44.902-05:00  INFO 84603 --- [           main] com.jpmc.midascore.TaskTwoTests          : ...
2026-05-14T00:51:04.908-05:00  INFO 84603 --- [           main] com.jpmc.midascore.TaskTwoTests          : ...
2026-05-14T00:51:24.912-05:00  INFO 84603 --- [           main] com.jpmc.midascore.TaskTwoTests          : ...
2026-05-14T00:51:44.918-05:00  INFO 84603 --- [           main] com.jpmc.midascore.TaskTwoTests          : ...
2026-05-14T00:52:04.923-05:00  INFO 84603 --- [           main] com.jpmc.midascore.TaskTwoTests          : ...
2026-05-14T00:52:24.929-05:00  INFO 84603 --- [           main] com.jpmc.midascore.TaskTwoTests          : ...
2026-05-14T00:52:44.934-05:00  INFO 84603 --- [           main] com.jpmc.midascore.TaskTwoTests          : ...
2026-05-14T00:53:04.937-05:00  INFO 84603 --- [           main] com.jpmc.midascore.TaskTwoTests          : ...
2026-05-14T00:53:24.938-05:00  INFO 84603 --- [           main] com.jpmc.midascore.TaskTwoTests          : ...
2026-05-14T00:53:44.943-05:00  INFO 84603 --- [           main] com.jpmc.midascore.TaskTwoTests          : ...
2026-05-14T00:54:04.949-05:00  INFO 84603 --- [           main] com.jpmc.midascore.TaskTwoTests          : ...
2026-05-14T00:54:24.955-05:00  INFO 84603 --- [           main] com.jpmc.midascore.TaskTwoTests          : ...
2026-05-14T00:54:44.961-05:00  INFO 84603 --- [           main] com.jpmc.midascore.TaskTwoTests          : ...
2026-05-14T00:55:04.963-05:00  INFO 84603 --- [           main] com.jpmc.midascore.TaskTwoTests          : ...
2026-05-14T00:55:24.964-05:00  INFO 84603 --- [           main] com.jpmc.midascore.TaskTwoTests          : ...
2026-05-14T00:55:44.970-05:00  INFO 84603 --- [           main] com.jpmc.midascore.TaskTwoTests          : ...
2026-05-14T00:56:04.976-05:00  INFO 84603 --- [           main] com.jpmc.midascore.TaskTwoTests          : ...
2026-05-14T00:56:24.982-05:00  INFO 84603 --- [           main] com.jpmc.midascore.TaskTwoTests          : ...
2026-05-14T01:11:49.225-05:00  INFO 84603 --- [ad | midas-core] o.a.k.c.c.internals.ConsumerCoordinator  : [Consumer clientId=consumer-midas-core-1, groupId=midas-core] Group coordinator localhost:59882 (id: 2147483647 rack: null) is unavailable or invalid due to cause: session timed out without receiving a heartbeat response. isDisconnected: false. Rediscovery will be 2026-05-14T01:11:49.326-05:00  INFO 84448 --- [ad | midas-core] o.a.k.c.c.internals.ConsumerCoordinator  : [Consumer clientId=consumer-midas-core-1, groupId=midas-core] Group coordinator localhost:59705 (id: 2147483647 rack: null) is unavailable or invalid due to cause: session timed out without receiving a heartbeat response. isDisconnected: false. Rediscovery will be attempted.
2026-05-14T01:11:49.328-05:00  INFO 84448 --- [ad | midas-core] o.a.k.c.c.internals.ConsumerCoordinator  : [Consumer clientId=consumer-midas-core-1, groupId=midas-core] Requesting disconnect from last known coordinator l2026-05-14T01:11:49.421-05:00  INFO 84603 --- [ntainer#0-0-C-1] o.a.k.c.c.internals.ConsumerCoordinator  : [Consumer clientId=consumer-midas-core-1, groupId=midas-core] Discovered group coordinator localhost:59882 (id: 2147483647 rack: null)
2026-05-14T01:20:05.965-05:00  INFO 84603 --- [ntainer#0-0-C-1] org.apache.kafka.clients.NetworkClient   : [Consumer clientId=consumer-midas-core-1, groupId=midas-core] Disconnecting from node 0 due to request timeout.
2026-05-14T01:20:05.966-05:00  INFO 84603 --- [ntainer#0-0-C-1] org.apache.kafka.clients.NetworkClient   : [Consumer clientId=consumer-midas-core-1, groupId=midas-core] Cancelled in-flight FETCH request with correlation id 29998 due to node 0 being disconnected (elapsed time since creation: 491956ms, elapsed time since send: 491956ms, request timeout: 30000ms)
2026-05-14T01:20:06.070-05:00  INFO 84603 --- [ad | midas-core] o.a.k.c.c.internals.ConsumerCoordinator  : [Consumer clientId=consumer-midas-core-1, groupId=midas-core] Group coordinator localhost:59882 (id: 2147483647 rack: null) is unavailable or invalid due to cause: session timed out without receiving a heartbeat response. isDisconnected: false. Rediscovery will be attempted.
2026-05-14T01:20:06.070-05:00  INFO 84603 --- [ad | midas-core] o.a.k.c.c.internals.ConsumerCoordinator  : [Consumer clientId=consumer-midas-core-1, groupId=mid2026-05-14T01:20:06.063-05:00  INFO 84448 --- [ntainer#0-0-C-1] o.a.k.c.c.internals.ConsumerCoordinator2026-05-14T01:20:06.072-05:00  INFO 84603 --- [ad | midas-core] org.apache.kafka.clients.NetworkClient   : [Consumer clientId=consumer-mida2026-05-14T01:20:15.196-05:00  WARN 84448 --- [l-1 housekeeper] com.zaxxer.hikari.pool.HikariPool        : HikariPool-1 - Thread starvation or clock leap detected (housekeeper delta=23m46s42ms).
2026-05-14T01:20:19.802-05:00  INFO 84448 --- [           main] com.jpmc.midascore.TaskTwoTests          : ...
2026-05-14T01:21:54.638-05:00  INFO 84448 --- [ad | midas-core] o.a.k.c.c.internals.ConsumerCoordinator  : [Consumer clientId=consumer-midas-core-1, groupId=midas-core] Group coordinator localhost:59705 (id: 2147483647 rack: null) is unavailable or invalid due to cause: session timed out without receiving a heartbeat response. isDisconnected: false. Rediscovery will be attempted.
2026-05-14T01:21:54.638-05:00  INFO 84448 --- [ad | midas-core] o.a.k.c.c.internals.ConsumerCoordinator  : [Consumer clientId=consumer-midas-core-1, groupId=midas-core] Requesting disconnect from last known coordinator localhost:59705 (id: 2026-05-14T01:21:54.5692026-05-14T01:21:54.638-05:00  INFO 84448 --- [ad | midas-core] org.apache.kafka.clients.NetworkClient   : [Consumer clientId=consumer-midas-core-1, groupId=midas-core] Client requested disconnect from node 2147483647
2026-05-14T01:21:54.661-05:00  INFO 84448 --- [ntainer#0-0-C-1] o.a.k.c.c.internals.ConsumerCoordinator  : [Consumer clientId=consumer-midas-c2026-05-14T01:21:54.570-05:00  INFO 84603 --- [ad | midas-core] o.a.k.c.c.internals.ConsumerCoordina2026-05-14T01:21:54.662-05:00  INFO 84448 --- [ntainer#0-0-C-1] o.a.k.c.c.internals.ConsumerCoordinator  : [Consumer clientId=consumer-midas-core-1, groupId=midas-core] Group coordinator localhost:59705 (id: 2147483647 rack: null) is unavailable or invalid due to cause: coordinator unavailable. isDisconnected: false. Rediscovery will be attempted.
2026-05-14T01:21:54.662-05:00  INFO 84448 --- [ntainer#0-0-C-1] o.a.k.c.c.internals.ConsumerCoordinator  : [Consumer clientId=consumer-midas-core-1, groupId=midas-core] Requesting disconnect from last known coordinator localhost:59705 (id: 2147483647 rack: null)
2026-05-14T01:21:54.774-05:00  INFO 84448 --- [ntainer#0-0-C-1] o.a.k.c.c.internals.ConsumerCoordinator  : [Consumer clientId=consumer-midas-core-1, groupId=midas-core] Discovered group coordinator localhost:59705 (id: 2147483647 rack: null)
2026-05-14T01:39:38.200-05:00  INFO 84448 --- [ntainer#0-0-C-1] org.apache.kafka.clients.NetworkClient   : [Consumer clientId=consumer-midas-core-1, groupId=midas-core] Disconnecting from node 0 due to request timeout.
2026-05-14T01:39:38.214-05:00  INFO 84448 --- [ntainer#0-0-C-1] org.apache.kafka.clients.NetworkClient   : [Consumer clientId=consumer-midas-core-1, groupId=midas-core] Cancelled in-flight FETCH request with correlation id 30403 due to node 0 being disconnected (elapsed time since creation: 1054841ms, elapsed time since send: 1054841ms, request timeout: 30000ms)
2026-05-14T01:39:38.216-05:00  INFO 8442026-05-14T01:39:38.199-05:00  INFO 84603 --- [ntainer#0-0-C-1] org.apache.kafka.clients.NetworkClient   : [Consumer clientId=consumer-midas-core-1, groupId=midas-core] Disconnecting from node 0 due to request timeout.
2026-05-14T01:39:38.204-05:00  INFO 84603 --- [ntainer#0-0-C-1] org.apache.kafka.clients.NetworkClient   : [Consumer clientId=consumer-midas-core-1, groupId=midas-core] Cancelled in-flight FETCH request with correlation id 30073 due to node 0 being disconnected (elapsed time since creation: 1054862ms, elapsed time since send: 1054861ms, request timeout: 30000ms)
2026-05-14T01:39:38.206-05:00  INFO 84603 --- [ad | midas-core] o.a.k.c.c.internals.ConsumerCoordinator  : [Consumer clientId=consumer-midas-core-1, groupId=midas-core] Group coordinator localhost:59882 (id: 2147483647 rack: null) is unavailable or invalid due to cause: session timed out without receiving a heartbeat response. isDisconnected: false. Rediscovery will be attempted.
2026-05-14T01:39:38.207-05:00  INFO 84603 --- [ad | midas-core] o.a.k.c.c.internals.ConsumerCoordinator  : [Consumer clientId=consumer-midas-core-1, groupId=mid2026-05-14T01:39:38.310-05:00  INFO 84448 --- [ntainer#0-0-C-1] o.a.k.c.c.internals.ConsumerCoordinator  : [Consumer clientId=consumer-midas-core-1, groupId=midas-core] Discovered group coordinator localhost:59705 (id: 2147483647 rack: null)
2026-05-14T01:39:42.101-05:00  INFO 84448 --- [           main] com.jpmc.midascore.TaskTwoTests          : ...
2026-05-14T01:40:29.842-05:00  WARN 84448 --- [l-1 housekeeper] com.zaxxer.hikari.pool.HikariPool        : HikariPool-1 - Thread starvation or clock leap detected (housekeeper delta=20m14s649ms).
2026-05-14T01:40:46.021-05:00  INFO 84448 --- [           main] com.jpmc.midascore.TaskTwoTests          : ...
2026-05-14T01:42:24.197-05:00  INFO 84448 --- [ad | midas-core] o.a.k.c.c.internals.ConsumerCoordinator  : [Consumer clientId=consumer-midas-core-1, groupId=midas-core] Group coordinator localhost:59705 (id: 2147483647 rack: null) is unavailable or invalid due to cause: session timed out without receiving a heartbeat response. isDisconnected: false. Rediscovery will be attempted.
2026-05-14T01:42:24.198-05:00  INFO 84448 --- [ad | midas-core] o.a.k.c.c.internals.ConsumerCoordinator  : [Consumer clientId=consumer-midas-core-1, groupId=midas-core] Requesting disconnect from last known coordinator localhost:59705 (id: 2147483647 rack: null)
2026-05-14T01:42:24.198-05:00  INFO 84448 --- [ad | midas-core] org.apache.kafka.clients.NetworkClient   : [Consumer clientId=consumer-midas-core-1, groupId=midas-core]2026-05-14T01:42:24.549-05:00  INFO 84603 --- [ad | midas-core] o.a.k.c.c.internals.ConsumerCoordinator  : [Consumer clientId=consumer-midas-core-1, groupId=midas-core] Group coordinator localhost:59882 (id: 2147483647 rack: null) is unavailable or invalid due to cause: session timed out without receiving a heartbeat response. isDisconnected: false. Rediscovery will be attempted.
2026-05-14T01:42:24.550-05:00  INFO 84603 --- [ad | midas-core] o.a.k.c.c.internals.ConsumerCoordinator  : [Consumer clientId=consumer-midas-core-1, groupId=midas-core] Requesting disconnect from last known coordinator localhost:59882 (id: 2147483647 rack: null)
2026-05-14T01:42:24.550-05:00  INFO 84603 --- [ad | midas-core] org.apache.kafka.clients.NetworkClient   : [Consumer clientId=consumer-midas-core-1, groupId=midas-core] Client requested disconnect from node 2147483647
2026-05-14T01:42:24.558-05:00  INFO 84603 --- [ntainer#0-0-C-1] o.a.k.c.c.internals.ConsumerCoordinator  : [Consumer clientId=consumer-midas-core-1, groupId=midas-core] Discovered group coordinator localhost:59882 (id: 2147483647 rack: null)
2026-05-14T01:42:24.558-05:00  INFO 846032026-05-14T01:42:29.290-05:00  WARN 84448 --- [l-1 housekeeper] com.zaxxer.hikari.pool.HikariPool        : HikariPool-1 - Thread starvation or clock leap detected (housekeeper delta=1m59s448ms).
2026-05-14T01:42:37.041-05:00  INFO 84448 --- [           main] com.jpmc.midascore.TaskTwoTests          : ...
2026-05-14T01:43:28.364-05:00  INFO 84448 --- [           main] com.jpmc.midascore.TaskTwoTests          : ...
2026-05-14T01:44:09.928-05:00  WARN 84448 --- [l-1 housekeeper] com.zaxxer.hikari.pool.HikariPool        : HikariPool-1 - Thread starvation or clock leap detected (housekeeper delta=1m40s638ms).
2026-05-14T01:44:26.506-05:00  INFO 84448 --- [           main] com.jpmc.midascore.TaskTwoTests          : ...
2026-05-14T01:45:16.379-05:00  WARN 84448 --- [l-1 housekeeper] com.zaxxer.hikari.pool.HikariPool        : HikariPool-1 - Thread starvation or clock leap detected (housekeeper delta=1m6s451ms).
2026-05-14T01:45:20.986-05:00  INFO 84448 --- [           main] com.jpmc.midascore.TaskTwoTests          : ...
2026-05-14T01:47:20.263-05:00  INFO 84448 --- [ad | midas-core] o.a.k.c.c.internals.ConsumerCoordinator  : [Consumer clientId=consumer-midas-core-1, groupId=midas-core] Group coordinator localhost:59705 (id: 2147483647 rack: null) is unavailable or invalid due to cause: session timed out without receiving a heartbeat response. isDisconnected: false. Rediscovery will be attempted.
2026-05-14T01:47:20.264-05:00  INFO 84448 --- [ad | midas-core] o.a.k.c.c.internals.ConsumerCoordinator  : [Consumer clientId=consumer-midas-core-1, groupId=midas-core] Requesting disconnect from last known coordinator localhost:59705 (id: 2147483647 rack: null)
2026-05-14T01:47:20.264-05:00  INFO 84448 --- [ad | midas-core] org.apache.kafka.clients.NetworkClient   : [Consumer clientId=consumer-midas-core-1, groupId=midas-core] Client requested disconnect from node 2147483647
2026-05-14T01:47:20.267-05:00  INFO 84448 --- [ntainer#0-0-C-1] o.a.k.c.c.internals.ConsumerCoordinator  : [Consumer clientId=consumer-midas-core-1, groupId=midas-core] Discovered group coordinator localhost:59705 (id: 2147483647 rack: null)
2026-05-14T01:47:20.267-05:00  INFO 84448 --- [ntainer#0-0-C-1] o.a.k.c.c.internals.ConsumerCoordinator  : [Consumer clientId=consumer-midas-core-1, groupId=midas-core] Group coordinator localhost:59705 (id: 2147483647 rack: null) is unavailable or invalid due to cause: coordinator unavailable. isDisconnected: false. Rediscovery will be attempted.
2026-05-14T01:47:20.267-05:00  INFO 84448 --- [ntainer#0-0-C-1] o.a.k.c.c.internals.ConsumerCoordinator  : [Consumer clientId=consumer-midas-core-1, groupId=midas-core] Requesting disconnect from last known coordinator localhost:59705 (id: 2147483647 rack: null)
2026-05-14T01:47:20.371-05:00  INFO 84448 --- [ntainer#0-0-C-1] o.a.k.c.c.internals.ConsumerCoordinator  : [Consumer clientId=consumer-midas-core-1, groupId=midas-core] Discovered group coordinator localhost:59705 (id: 2147483647 rack: null)
2026-05-14T01:48:20.222-05:00  INFO 84448 --- [ad | midas-core] o.a.k.c.c.internals.ConsumerCoordinator  : [Consumer clientId=consumer-midas-core-1, groupId=midas-core] Group coordinator localhost:59705 (id: 2147483647 rack: null) is unavailable or invalid due to cause: session timed out without receiving a heartbeat response. isDisconnected: false. Rediscovery will be attempted.
2026-05-14T01:48:20.223-05:00  INFO 84448 --- [ad | midas-core] o.a.k.c.c.internals.ConsumerCoordinator  : [Consumer clientId=consumer-midas-core-1, groupId=midas-core] Requesting disconnect from last known coordinator localhost:59705 (id: 2147483647 rack: null)
2026-05-14T01:48:20.223-05:00  INFO 84448 --- [ad | midas-core] org.apache.kafka.clients.NetworkClient   : [Consumer clientId=consumer-midas-core-1, groupId=midas-core] Client requested disconnect from node 2147483647
2026-05-14T01:48:20.225-05:00  INFO 84448 --- [ntainer#0-0-C-1] o.a.k.c.c.internals.ConsumerCoordinator  : [Consumer clientId=consumer-midas-core-1, groupId=midas-core] Discovered group coordinator localhost:59705 (id: 2147483647 rack: null)
2026-05-14T01:48:20.225-05:00  INFO 84448 --- [ntainer#0-0-C-1] o.a.k.c.c.internals.ConsumerCoordinator  : [Consumer clientId=consumer-midas-core-1, groupId=midas-core] Group coordinator localhost:59705 (id: 2147483647 rack: null) is unavailable or invalid due to cause: coordinator unavailable. isDisconnected: false. Rediscovery will be attempted.
2026-05-14T01:48:20.225-05:00  INFO 84448 --- [ntainer#0-0-C-1] o.a.k.c.c.internals.ConsumerCoordinator  : [Consumer clientId=consumer-midas-core-1, groupId=midas-core] Requesting disconnect from last known coordinator localhost:59705 (id: 2147483647 rack: null)
2026-05-14T01:48:20.333-05:00  INFO 84448 --- [ntainer#0-0-C-1] o.a.k.c.c.internals.ConsumerCoordinator  : [Consumer clientId=consumer-midas-core-1, groupId=midas-core] Discovered group coordinator localhost:59705 (id: 2147483647 rack: null)
2026-05-14T01:50:19.224-05:00  INFO 84448 --- [ad | midas-core] o.a.k.c.c.internals.ConsumerCoordinator  : [Consumer clientId=consumer-midas-core-1, groupId=midas-core] Group coordinator localhost:59705 (id: 2147483647 rack: null) is unavailable or invalid due to cause: session timed out without receiving a heartbeat response. isDisconnected: false. Rediscovery will be attempted.
2026-05-14T01:50:19.224-05:00  INFO 84448 --- [ad | midas-core] o.a.k.c.c.internals.ConsumerCoordinator  : [Consumer clientId=consumer-midas-core-1, groupId=midas-core] Requesting disconnect from last known coordinator localhost:59705 (2026-05-14T01:50:19.465-05:00  WARN 84603 --- [l-1 housekeeper] com.zaxxer.hikari.pool.HikariPool        : HikariPool-1 - Thread starvation or clock leap detected (housekeeper delta=5m44s138ms).
2026-05-14T01:50:19.538-05:00  INFO 84603 --- [ad | midas-core] o.a.k.c.c.internals.ConsumerCoordinator  : [Consumer clientId=consumer-midas-core-1, groupId=midas-core] Group coordinator localhost:59882 (id: 2147483647 rack: null) is unavailable or invalid due to cause: session timed out wit2026-05-14T01:50:22.750-05:00  INFO 84448 --- [           main] com.jpmc.midascore.TaskTwoTests          : ...
2026-05-14T01:50:33.300-05:00  WARN 84448 --- [l-1 housekeeper] com.zaxxer.hikari.pool.HikariPool        : HikariPool-1 - Thread starvation or clock leap detected (housekeeper delta=5m16s921ms).
2026-05-14T01:53:18.386-05:00  INFO 84448 --- [ad | midas-core] o.a.k.c.c.internals.ConsumerCoordinator  : [Consumer clientId=consumer-midas-core-1, groupId=midas-core] Group coordinator localhost:59705 (id: 2147483647 rack: null) is unavailable or invalid due to cause: session timed out without receiving a heartbeat response. isDisconnected: false. Rediscovery will be attempted.
2026-05-14T01:53:18.387-05:00  INFO 84448 --- [ad | midas-core] o.a.k.c.c.internals.ConsumerCoordinator  : [Consumer clientId=consumer-midas-core-1, groupId=midas-core] Requesting disconnect from last known coordinator localhost:59705 (id: 2147483647 rack: null)
2026-05-14T01:53:18.387-05:00  INFO 84448 --- [ad | midas-core] org.apache.kafka.clients.NetworkClient   : [Consumer clientId=consumer-midas-core-1, groupId=midas-core] Client requested disconnect from node 2147483647
2026-05-14T01:53:18.398-05:00  INFO 84448 --- [ntainer#0-0-C-1] o.a.k.c.c.internals.ConsumerCoordinator  : [Consumer clientId=consumer-midas-core-1, groupId=midas-core] Discovered group coordinator localhost:59705 (id: 2147483647 rack: null)
2026-05-14T01:53:18.398-05:00  INFO 84448 --- [ntainer#0-0-C-1] o.a.k.c.c.internals.ConsumerCoordinator  : [Consumer clientId=consumer-midas-core-1, groupId=midas-core] Group coordinator localhost:59705 (id: 2147483647 rack: null) is unavailable or invalid due to cause: coordinator unavailable. isDisconnected: false. Rediscovery will be attempted.
2026-05-14T01:53:12026-05-14T01:53:18.693-05:00  INFO 84603 --- [ad | midas-core] o.a.k.c.c.internals.ConsumerCoordinator  : [Consumer clientId=consumer-midas-core-1, groupId=midas-core] Group coordinator localhost:59882 (id: 2147483647 rack: null) is unavailable or invalid due to cause: session timed out without receiving a heartbeat response. isDisconnected: false. Rediscovery will be attempted.
2026-05-14T01:53:18.694-05:00  INFO 84603 --- [ad | midas-core] o.a.k.c.c.internals.ConsumerCoordinator 2026-05-14T01:53:18.644-05:00  INFO 84448 --- [           main] com.jpmc.midascore.TaskTwoTests          : ...
2026-05-14T01:54:18.723-05:00  INFO 84448 --- [ad | midas-core] o.a.k.c.c.internals.ConsumerCoordinator  : [Consumer clientId=consumer-midas-core-1, groupId=midas-core] Group coordinator localhost:59705 (id: 2147483647 rack: null) is unavailable or invalid due to cause: session timed out without receiving a heartbeat response. isDisconnected: false. Rediscovery will be attempted.
2026-05-14T01:54:18.724-05:00  INFO 84448 --- [ad | midas-core] o.a.k.c.c.internals.ConsumerCoordinator  : [Consumer clientId=consumer-midas-core-1, groupId=midas-core] Requesting disconnect from last known coordinator localhost:59705 (id: 2147483647 rack: null)
2026-05-14T01:54:18.724-05:00  INFO 84448 --- [ad | midas-core] org.apache.kafka.clients.NetworkClient   : [Consumer clientId=consumer-midas-core-1, groupId=midas-core] Client requested disconnect from node 2147483647
2026-05-14T01:54:18.734-05:00  INFO 84448 --- [ntainer#0-0-C-1] o.a.k.c.c.internals.ConsumerCoordinator  : [Consumer clientId=consumer-midas-core-1, groupId=midas-core] Discovered group coordinator localhost:59705 (id: 2147483647 rack: null)
2026-05-14T01:54:18.734-05:00  INFO 84448 --- [ntainer#0-0-C-1] o.a.k.c.c.internals.ConsumerCoordinator  : [Consumer clientId=consumer-midas-core-1, groupId=midas-core] Group coordinator localhost:59705 (id: 2147483647 rack: null) is unavailable or invalid due to cause: coordinator unavailable. isDisconnected: false. Rediscovery will be attempted.
2026-05-14T01:54:18.734-05:00  INFO 84448 --- [ntainer#0-0-C-1] o.a.k.c.c.internals.ConsumerCoordinator  : [Consumer clientId=consumer-midas-core-1, groupId=midas-core] Requesting disconnect from last known coordinator localhost:59705 (id: 2147483647 rack: null)
2026-05-14T01:54:18.837-05:00  INFO 84448 --- [ntainer#0-0-C-1] o.a.k.c.c.internals.ConsumerCoordinator  : [Consumer clientId=consumer-midas-core-1, groupId=midas-core] Discovered group coordinator localhost:59705 (id: 2147483647 rack: null)
2026-05-14T01:56:16.568-05:00  WARN 84448 --- [l-1 housekeeper] com.zaxxer.hikari.pool.HikariPool        : HikariPool-1 - Thread starvation or clock leap detected (housekeeper delta=5m43s268ms).
2026-05-14T01:56:16.790-05:00  INFO 84448 --- [ad | midas-core] o.a.k.c.c.internals.ConsumerCoordinator  : [Consumer clientId=consumer-midas-core-1, groupId=midas-core] Group coordinator localhost:59705 (id: 2147483647 rack: null) is unavailable or invalid due to cause: session timed out without receiving a heartbeat response. isDisconnected: false. Rediscovery will be attempted.
2026-05-14T01:56:16.791-05:00  INFO 84448 --- [ad | midas-core] o.a.k.c.c.internals.ConsumerCoordinator  : [Consumer clientId=consumer-midas-core-1, groupId=midas-core] Requesting disconnect from last known coordinator localhost:59705 (id: 2147483647 rack: null)
2026-05-14T01:56:16.791-05:00  INFO 84448 --- [ad | midas-core] org.apache.kafka.clients.NetworkClient   : [Consumer clientId=consumer-midas-core-1, groupId=midas-core] Client requested disconnect from node 2147483647
2026-05-14T01:56:16.795-05:00  INFO 84448 --- [ntainer#0-0-C-1] o.a.k.c.c.internals.ConsumerCoordinator  : [Consumer clientId=consumer-midas-core-1, groupId=midas-core] Discovered group coordinator localhost:59705 (id: 2147483647 rack: null)
2026-05-14T01:56:16.795-05:00  INFO 84448 --- [ntainer#0-0-C-1] o.a.k.c.c.internals.ConsumerCoordinator  : [Consumer clientId=consumer-midas-core-1, groupId=midas-core] Group coordinator localhost:59705 (id: 2147483647 rack: null) is unavailable or invalid due to cause: coordinator unavailable. isDisconnected: false. Rediscovery will be attempted.
2026-05-14T01:56:16.795-05:00  INFO 84448 --- [ntainer#0-0-C-1] o.a.k.c.c.internals.ConsumerCoordinator  : [Consumer clientId=consumer-midas-core-1, groupId=midas-core] Requesting disconnect from last known coordinator localhost:59705 (id: 2147483647 rack: null)
2026-05-14T01:56:16.898-05:00  INFO 84448 --- [ntainer#0-0-C-1] o.a.k.c.c.internals.ConsumerCoordinator  : [Consumer clientId=consumer-midas-core-1, groupId=midas-core] Discovered group coordinator localhost:59705 (id: 2147483647 rack: null)
2026-05-14T01:56:21.177-05:00  INFO 84448 --- [           main] com.jpmc.midascore.TaskTwoTests          : ...
2026-05-14T01:57:16.563-05:00  INFO 84448 --- [ad | midas-core] o.a.k.c.c.internals.ConsumerCoordinator  : [Consumer clientId=consumer-midas-core-1, groupId=midas-core] Group coordinator localhost:59705 (id: 2147483647 rack: null) is unavailable or invalid due to cause: session timed out without receiving a heartbeat response. isDisconnected: false. Rediscovery will be attempted.
2026-05-14T01:57:16.563-05:00  INFO 84448 --- [ad | midas-core] o.a.k.c.c.internals.ConsumerCoordinator  : [Consumer clientId=consumer-midas-core-1, groupId=midas-core] Requesting disconnect from last known coordinator localhost:59705 2026-05-14T01:57:16.772-05:00  INFO 84603 --- [ad | midas-core] o.a.k.c.c.internals.ConsumerCoordinator  : [Consumer clientId=consumer-midas-core-1, groupId=midas-core] Group coordinator localhost:59882 (id: 2147483647 rack: null) is unavailable or invalid due to cause: session timed out without receiving a heartbeat response. isDisconnected: false. Rediscovery will be attempted.
2026-05-14T01:57:16.772-05:00  INFO 84603 --- [ad | midas-core] o.a.k.c.c.internals.ConsumerCoordinator  : [Consumer clientId=consumer-midas-core-1, groupId=midas-core] Requesting disconnect from last known coordinator localhost:59882 (id: 2147483647 rack: null)
2026-05-14T01:57:16.773-05:00  INFO 84603 --- [ad | midas-core] org.apache.kafka.clients.NetworkClient   : [Consumer clientId=consumer-midas-core-1, groupId=midas-core] Client requested disconnect from node 2147483647
2026-05-14T01:57:16.788-05:00  INFO 84603 --- [ntainer#0-0-C-1] o.a.k.c.c.internals.ConsumerCoordinator  : [Consumer clientId=consumer-midas-core-1, groupId=midas-core] Discovered group coordinator localhost:59882 (id: 2147483647 rack: null)
2026-05-14T01:57:16.788-05:00  INFO 84603 --- [ntainer#0-0-C-1] o.a.k.c.c.internals.ConsumerCoordinator  : [Consumer clientId=consumer-midas-core-1, groupId=midas-core] Group coordinator localhost:59882 (id: 2147483647 rack: null) is una2026-05-14T01:59:15.071-05:00  INFO 84448 --- [ad | midas-core] o.a.k.c.c.internals.ConsumerCoordinator  : [Consumer clientId=consumer-midas-core-1, groupId=midas-core] Group coordinator localhost:59705 (id: 2147483647 rack: null) is unavailable or invalid due to cause: session timed out without receiving a heartbeat response. isDisconnected: false. Rediscovery will be attempted.
2026-05-14T01:59:15.072-05:00  INFO 84448 --- [ad | midas-core] o.a.k.c.c.internals.ConsumerCoordinator  : [Consumer clientId=consumer-midas-core-1, groupId=midas-core] Requesting disconnect from last known coordinator localhost:59705 (id: 2147483647 rack: null)
2026-05-14T01:59:15.072-05:00  INFO 84448 --- [ad | midas-core] org.apache.kafka.clients.NetworkClient   : [Consumer clientId=consumer-midas-core-1, groupId=midas-core] Client requested disconnect from node 2147483647
2026-05-14T01:59:15.075-05:00  INFO 84448 --- [ntainer#0-0-C-1] o.a.k.c.c.internals.ConsumerCoordinator  : [Consumer clientId=consumer-midas-core-1, groupId=midas-core] Discovered group coordinator localhost:59705 (id: 2147483647 rack: null)
2026-05-14T01:59:15.075-05:00  INFO 84448 --- [ntainer#0-0-C-1] o.a.k.c.c.internals.ConsumerCoordinator  : [Consumer clientId=consumer-midas-core-1, groupId=midas-core] Group coordinator localhost:59705 (id: 2147483647 rack: null) is unavailable or invalid due to cause: coordinator unavailable. isDisconnected: false. Rediscovery will be attempted.
2026-05-14T01:59:15.075-05:00  INFO 84448 --- [ntainer#0-0-C-1] o.a.k.c.c.internals.ConsumerCoordinator  : [Consumer clientId=consumer-midas-core-1, groupId=midas-core] Requesting disconnect from last known coordinator localhost:59705 (id: 2147483647 rack: null)
2026-05-14T01:59:15.177-05:00  INFO 84448 --- [ntainer#0-0-C-1] o.a.k.c.c.internals.ConsumerCoordinator  : [Consumer clientId=consumer-midas-core-1, groupId=midas-core] Discovered group coordinator localhost:59705 (id: 2147483647 rack: null)
2026-05-14T02:00:14.928-05:00  INFO 84448 --- [ad | midas-core] o.a.k.c.c.internals.ConsumerCoordinator  : [Consumer clientId=consumer-midas-core-1, groupId=midas-core] Group coordinator localhost:59705 (id: 2147483647 rack: null) is unavailable or invalid due to cause: session timed out without receiving a heartbeat response. isDisconnected: false. Rediscovery will be attempted.
2026-05-14T02:00:14.928-05:00  INFO 84448 --- [ad | midas-core] o.a.k.c.c.internals.ConsumerCoordinator  : [Consumer clientId=consumer-midas-core-1, groupId=midas-core] Requesting disconnect from last known coordinator localhost:59705 (id: 2147483647 rack: null)
2026-05-14T02:00:14.928-05:00  INFO 84448 --- [ad | midas-core] org.apache.kafka.clients.NetworkClient   : [Consumer clientId=consumer-midas-core-1, groupId=midas-core2026-05-14T02:00:15.128-05:00  INFO 84603 --- [ad | midas-core] o.a.k.c.c.internals.ConsumerCoordinator  : [Consumer clientId=consumer-midas-core-1, groupId=midas-core] Group coordinator localhost:59882 (id: 2147483647 rack: null) is unavailable or invalid due to cause: session timed out without receiving a heartbeat response. isDisconnected: false. Rediscovery will be attempted.
2026-05-14T02:00:15.129-05:00  INFO 84603 --- [ad | midas-core] o.a.k.c.c.internals.ConsumerCoordinator  : [Consumer clientId=consumer-midas-core-1, groupId=midas-core] Requesting disconnect from last known coordinator localhost:59882 (id: 2147483647 rack: null)
2026-05-14T02:00:15.129-05:00  INFO 84603 --- [ad | midas-core] org.apache.kafka.clients.NetworkClient   : [Consumer clientId=consumer-midas-core-1, groupId=midas-core] Client requested disconnect from node 2147483647
2026-05-14T02:00:15.133-05:00  INFO 84603 --- [ntainer#0-0-C-1] o.a.k.c.c.internals.ConsumerCoordinator  : [Consumer clientId=consumer-midas-core-1, groupId=midas-core] Discovered group coordinator localhost:59882 (id: 2147483647 rack: null)
2026-05-14T02:00:15.133-05:00  INFO 84603 2026-05-14T02:00:15.722-05:00  INFO 84448 --- [           main] com.jpmc.midascore.TaskTwoTests          : ...
2026-05-14T02:00:21.105-05:00  WARN 84448 --- [l-1 housekeeper] com.zaxxer.hikari.pool.HikariPool        : HikariPool-1 - Thread starvation or clock leap detected (housekeeper delta=4m4s536ms).
2026-05-14T02:02:11.983-05:00  INFO 84448 --- [ad | midas-core] o.a.k.c.c.internals.ConsumerCoordinator  : [Consumer clientId=consumer-midas-core-1, groupId=midas-core] Group coordinator localhost:59705 (id: 2147483647 rack: null) is unavailable or invalid due to cause: session timed out without receiving a heartbeat response. isDisconnected: false. Rediscovery will be attempted.
2026-05-14T02:02:11.983-05:00  INFO 84448 --- [ad | midas-core] o.a.k.c.c.internals.ConsumerCoordinator  : [Consumer clientId=consumer-midas-core-1, groupId=midas-core] Requesting disconnect from last known coordinator localhost:59705 (2026-05-14T02:02:12.197-05:00  INFO 84603 --- [ad | midas-core] o.a.k.c.c.internals.ConsumerCoordinator  : [Consumer clientId=consumer-midas-core-1, groupId=midas-core] Group coordinator localhost:59882 (id: 2147483647 rack: null) is unavailable or invalid due to cause: session timed out without receiving a heartbeat response. isDisconnected: false. Rediscovery will be attempted.
2026-05-14T02:02:12.198-05:00  INFO 84603 --- [ad | midas-core] o.a.k.c.c.internals.ConsumerCoordinator  : [Consumer clientId=consumer-midas-core-1, groupId=midas-core] Requesting disconnect from last known coordinator localhost:59882 (id: 2147483647 rack: null)
2026-05-14T02:02:12.198-05:00  INFO 84603 --- [ad | midas-core] org.apache.kafka.clients.NetworkClient   : [Consumer clientId=consumer-midas-core-1, groupId=midas-core] Client requested disconnect from node 2147483647
2026-05-14T02:02:12.206-05:00  INFO 84603 --- [ntainer#0-0-C-1] o.a.k.c.c.internals.ConsumerCoordinator  : [Consumer clientId=consumer-midas-core-1, groupId=midas-core] Discovered group coordinator localhost:59882 (id: 2147483647 rack: null)
2026-05-14T02:02:12.206-05:00  INFO 84603 --- [ntainer#0-0-C-1] o.a.k.c.c.internals.ConsumerCoordinator  : [Consumer clientId=consumer-midas-core-1, groupId=midas-core] Group coordinator localhost:59882 (id: 2147483647 rack: null) is un2026-05-14T02:03:12.118-05:00  INFO 84448 --- [ad | midas-core] o.a.k.c.c.internals.ConsumerCoordinator  : [Consumer clientId=consumer-midas-core-1, groupId=midas-core] Group coordinator localhost:59705 (id: 2147483647 rack: null) is unavailable or invalid due to cause: session timed out without receiving a heartbeat response. isDisconnected: false. Rediscovery will be attempted.
2026-05-14T02:03:12.118-05:00  INFO 84448 --- [ad | midas-core] o.a.k.c.c.internals.ConsumerCoordinator  : [Consumer clientId=consumer-midas-core-1, groupId=midas-core] Requesting disconnect from last known coordinator localhost:59705 (2026-05-14T02:03:12.331-05:00  INFO 84603 --- [ad | midas-core] o.a.k.c.c.internals.ConsumerCoordinator  : [Consumer clientId=consumer-midas-core-1, groupId=midas-core] Group coordinator localhost:59882 (id: 2147483647 rack: null) is unavailable or invalid due to cause: session timed out without receiving a heartbeat response. isDisconnected: false. Rediscovery will be attempted.
2026-05-14T02:03:12.332-05:00  INFO 84603 --- [ad | midas-core] o.a.k.c.c.internals.ConsumerCoordinator  : [Consumer clientId=consumer-midas-core-1, groupId=midas-core] Requesting disconnect from last known coordinator localhost:59882 (id: 2147483647 rack: null)
2026-05-14T02:03:12.332-05:00  INFO 84603 --- [ad | midas-core] org.apache.kafka.clients.NetworkClient   : [Consumer clientId=consumer-midas-core-1, groupId=midas-core] Client requested disconnect from node 2147483647
2026-05-14T02:03:12.342-05:00  INFO 84603 --- [ntainer#0-0-C-1] o.a.k.c.c.internals.ConsumerCoordinator  : [Consumer clientId=consumer-midas-core-1, groupId=midas-core] Discovered group coordinator localhost:59882 (id: 2147483647 rack: null)
2026-05-14T02:03:12.342-05:00  INFO 84603 --- [ntainer#0-0-C-1] o.a.k.c.c.internals.ConsumerCoordinator  : [Consumer clientId=consumer-midas-core-1, groupId=midas-core] Group coordinator localhost:59882 (id: 2147483647 rack: null) is un2026-05-14T02:03:16.572-05:00  INFO 84448 --- [           main] com.jpmc.midascore.TaskTwoTests          : ...
2026-05-14T02:05:09.031-05:00  INFO 84448 --- [ad | midas-core] o.a.k.c.c.internals.ConsumerCoordinator  : [Consumer clientId=consumer-midas-core-1, groupId=midas-core] Group coordinator localhost:59705 (id: 2147483647 rack: null) is unavailable or invalid due to cause: session timed out without receiving a heartbeat response. isDisconnected: false. Rediscovery will be attempted.
2026-05-14T02:05:09.031-05:00  INFO 84448 --- [ad | midas-core] o.a.k.c.c.internals.ConsumerCoordinator  : [Consumer clientId=consumer-midas-core-1, groupId=midas-core] Requesting disconnect from last known coordinator localhost:59705 (2026-05-14T02:05:09.188-05:00  INFO 84603 --- [ad | midas-core] o.a.k.c.c.internals.ConsumerCoordinator  : [Consumer clientId=consumer-midas-core-1, groupId=midas-core] Group coordinator localhost:59882 (id: 2147483647 rack: null) is unavailable or invalid due to cause: session timed out without receiving a heartbeat response. isDisconnected: false. Rediscovery will be attempted.
2026-05-14T02:05:09.188-05:00  INFO 84603 --- [ad | midas-core] o.a.k.c.c.internals.ConsumerCoordinator  : [Consumer clientId=consumer-midas-core-1, groupId=midas-core] Requesting disconnect from last known coordinator localhost:59882 (id: 2147483647 rack: null)
2026-05-14T02:05:09.188-05:00  INFO 84603 --- [ad | midas-core] org.apache.kafka.clients.NetworkClient   : [Consumer clientId=consumer-midas-core-1, groupId=midas-core] Client requested disconnect from node 2147483647
2026-05-14T02:05:09.195-05:00  INFO 84603 --- [ntainer#0-0-C-1] o.a.k.c.c.internals.ConsumerCoordinator  : [Consumer clientId=consumer-midas-core-1, groupId=midas-core] Discovered group coordinator localhost:59882 (id: 2147483647 rack: null)
2026-05-14T02:05:09.195-05:00  INFO 84603 --- [ntainer#0-0-C-1] o.a.k.c.c.internals.ConsumerCoordinator  : [Consumer clientId=consumer-midas-core-1, groupId=midas-core] Group coordinator localhost:59882 (id: 2147483647 rack: null) is un2026-05-14T02:06:09.343-05:00  INFO 84448 --- [ad | midas-core] o.a.k.c.c.internals.ConsumerCoordinator  : [Consumer clientId=consumer-midas-core-1, groupId=midas-core] Group coordinator localhost:59705 (id: 2147483647 rack: null) is unavailable or invalid due to cause: session timed out without receiving a heartbeat response. isDisconnected: false. Rediscovery will be attempted.
2026-05-14T02:06:09.344-05:00  INFO 84448 --- [ad | midas-core] o.a.k.c.c.internals.ConsumerCoordinator  : [Consumer clientId=consumer-midas-core-1, groupId=midas-core] Requesting disconnect from last known coordinator localhost:59705 (id: 2147483647 rack: null)
2026-05-14T02:06:09.344-05:00  INFO 84448 --- [ad | midas-core] org.apache.kafka.clients.NetworkClient   : [Consumer clientId=consumer-midas-core-1, groupId=midas-core] Client requested disconnect from node 2147483647
2026-05-14T02:06:09.346-05:00  INFO 84448 --- [ntainer#0-0-C-1] o.a.k.c.c.internals.ConsumerCoordinator  : [Consumer clientId=consumer-midas-core-1, groupId=midas-core] Discovered group coordinator localhost:59705 (id: 2147483647 rack: null)
2026-05-14T02:06:09.346-05:00  INFO 84448 --- [ntainer#0-0-C-1] o.a.k.c.c.internals.ConsumerCoordinator  : [Consumer clientId=consumer-midas-core-1, groupId=midas-core] Group coordinator localhost:59705 (id: 2147483647 rack: null) is unavailable or invalid due to cause: coordinator unavailable. isDisconnected: false. Rediscovery will be attempted.
2026-05-14T02:06:09.346-05:00  INFO 84448 --- [ntainer#0-0-C-1] o.a.k.c.c.internals.ConsumerCoordinator  : [Consumer clientId=consumer-midas-core-1, groupId=midas-core] Requesting disconnect from last known coordinator localhost:59705 (id: 2147483647 rack: null)
2026-05-14T02:06:09.456-05:00  INFO 84448 --- [ntainer#0-0-C-1] o.a.k.c.c.internals.ConsumerCoordinator  : [Consumer clientId=consumer-midas-core-1, groupId=midas-core] Discovered group coordinator localhost:59705 (id: 2147483647 rack: null)
2026-05-14T02:06:13.285-05:00  WARN 84448 --- [l-1 housekeeper] com.zaxxer.hikari.pool.HikariPool        : HikariPool-1 - Thread starvation or clock leap detected (housekeeper delta=5m52s181ms).
2026-05-14T02:08:05.200-05:00  INFO 84448 --- [ad | midas-core] o.a.k.c.c.internals.ConsumerCoordinator  : [Consumer clientId=consumer-midas-core-1, groupId=midas-core] Group coordinator localhost:59705 (id: 2147483647 rack: null) is unavailable or invalid due to cause: session timed out without receiving a heartbeat response. isDisconnected: false. Rediscovery will be attempted.
2026-05-14T02:08:05.200-05:00  INFO 84448 --- [ad | midas-core] o.a.k.c.c.internals.ConsumerCoordinator  : [Consumer clientId=consumer-midas-core-1, groupId=midas-core] Requesting disconnect from last known coordinator localhost:59705 (2026-05-14T02:08:05.382-05:00  INFO 84603 --- [ad | midas-core] o.a.k.c.c.internals.ConsumerCoordinator  : [Consumer clientId=consumer-midas-core-1, groupId=midas-core] Group coordinator localhost:59882 (id: 2147483647 rack: null) is unavailable or invalid due to cause: session timed out without receiving a heartbeat response. isDisconnected: false. Rediscovery will be attempted.
2026-05-14T02:08:05.382-05:00  INFO 84603 --- [ad | midas-core] o.a.k.c.c.internals.ConsumerCoordinator  : [Consumer clientId=consumer-midas-core-1, groupId=midas-core] Requesting disconnect from last known coordinator localhost:59882 (id: 2147483647 rack: null)
2026-05-14T02:08:05.382-05:00  INFO 84603 --- [ntainer#0-0-C-1] org.apache.kafka.clients.NetworkClient   : [Consumer clientId=consumer-midas-core-1, groupId=midas-core] Client requested disconnect from node 2147483647
2026-05-14T02:08:05.385-05:00  INFO 84603 --- [ntainer#0-0-C-1] o.a.k.c.c.internals.ConsumerCoordinator  : [Consumer clientId=consumer-midas-core-1, groupId=midas-core] Discovered group coordinator localhost:59882 (id: 2147483647 rack: null)
2026-05-14T02:08:05.385-05:00  INFO 84603 --- [ntainer#0-0-C-1] o.a.k.c.c.internals.ConsumerCoordinator  : [Consumer clientId=consumer-midas-core-1, groupId=midas-core] Group coordinator localhost:59882 (id: 2147483647 rack: null) is un2026-05-14T02:08:06.084-05:00  INFO 84448 --- [           main] com.jpmc.midascore.TaskTwoTests          : ...
2026-05-14T02:09:05.129-05:00  INFO 84448 --- [ad | midas-core] o.a.k.c.c.internals.ConsumerCoordinator  : [Consumer clientId=consumer-midas-core-1, groupId=midas-core] Group coordinator localhost:59705 (id: 2147483647 rack: null) is unavailable or invalid due to cause: session timed out without receiving a heartbeat response. isDisconnected: false. Rediscovery will be attempted.
2026-05-14T02:09:05.130-05:00  INFO 84448 --- [ad | midas-core] o.a.k.c.c.internals.ConsumerCoordinator  : [Consumer clientId=consumer-midas-core-1, groupId=midas-core] Requesting disconnect from last known coordinator localhost:59705 (2026-05-14T02:09:05.242-05:00  INFO 84603 --- [ad | midas-core] o.a.k.c.c.internals.ConsumerCoordinator  : [Consumer clientId=consumer-midas-core-1, groupId=midas-core] Group coordinator localhost:59882 (id: 2147483647 rack: null) is unavailable or invalid due to cause: session timed out without receiving a heartbeat response. isDisconnected: false. Rediscovery will be attempted.
2026-05-14T02:09:05.258-05:00  INFO 84603 --- [ad | midas-core] o.a.k.c.c.internals.ConsumerCoordinator  : [Consumer clientId=consumer-midas-core-1, groupId=midas-core] Requesting disconnect from last known coordinator localhost:59882 (id: 2147483647 rack: null)
2026-05-14T02:09:05.260-05:00  INFO 84603 --- [ad | midas-core] org.apache.kafka.clients.NetworkClient   : [Consumer clientId=consumer-midas-core-1, groupId=midas-core] Client requested disconnect from node 2147483647
2026-05-14T02:09:05.279-05:00  INFO 84603 --- [ntainer#0-0-C-1] o.a.k.c.c.internals.ConsumerCoordinator  : [Consumer clientId=consumer-midas-core-1, groupId=midas-core] Discovered group coordinator localhost:59882 (id: 2147483647 rack: null)
2026-05-14T02:09:05.279-05:00  INFO 84603 --- [ntainer#0-0-C-1] o.a.k.c.c.internals.ConsumerCoordinator  : [Consumer clientId=consumer-midas-core-1, groupId=midas-core] Group coordinator localhost:59882 (id: 2147483647 rack: null) is un2026-05-14T02:09:18.606-05:00  INFO 84448 --- [           main] com.jpmc.midascore.TaskTwoTests          : ...
2026-05-14T02:10:32.216-05:00  INFO 84448 --- [ad | midas-core] o.a.k.c.c.internals.ConsumerCoordinator  : [Consumer clientId=consumer-midas-core-1, groupId=midas-core] Group coordinator localhost:59705 (id: 2147483647 rack: null) is unavailable or invalid due to cause: session timed out without receiving a heartbeat response. isDisconnected: false. Rediscovery will be attempted.
2026-05-14T02:10:32.216-05:00  INFO 84448 --- [ad | midas-core] o.a.k.c.c.internals.ConsumerCoordinator  : [Consumer clientId=consumer-midas-core-1, groupId=midas-core] Requesting disconnect from last known coordinator localhost:59705 (id: 2147483647 rack: null)
2026-05-14T02:10:32.216-05:00  INFO 84448 --- [ad | midas-core] org.apache.kafka.clients.NetworkClient   : [Consumer clientId=consumer-midas-core-1, groupId=midas-core2026-05-14T02:10:32.342-05:00  INFO 84603 --- [ad | midas-core] o.a.k.c.c.internals.ConsumerCoordinator  : [Consumer clientId=consumer-midas-core-1, groupId=midas-core] Group coordinator localhost:59882 (id: 2147483647 rack: null) is unavailable or invalid due to cause: session timed out without receiving a heartbeat response. isDisconnected: false. Rediscovery will be attempted.
2026-05-14T02:10:32.342-05:00  INFO 84603 --- [ad | midas-core] o.a.k.c.c.internals.ConsumerCoordinator  : [Consumer clientId=consumer-midas-core-1, groupId=midas-core] Requesting disconnect from last known coordinator localhost:59882 (id: 2147483647 rack: null)
2026-05-14T02:10:32.342-05:00  INFO 84603 --- [ad | midas-core] org.apache.kafka.clients.NetworkClient   : [Consumer clientId=consumer-midas-core-1, groupId=midas-core] Client requested disconnect from node 2147483647
2026-05-14T02:10:32.348-05:00  INFO 84603 --- [ntainer#0-0-C-1] o.a.k.c.c.internals.ConsumerCoordinator  : [Consumer clientId=consumer-midas-core-1, groupId=midas-core] Discovered group coordinator localhost:59882 (id: 2147483647 rack: null)
2026-05-14T02:10:32.348-05:00  INFO 84603 2026-05-14T02:10:34.968-05:00  WARN 84448 --- [l-1 housekeeper] com.zaxxer.hikari.pool.HikariPool        : HikariPool-1 - Thread starvation or clock leap detected (housekeeper delta=4m21s683ms).
2026-05-14T02:11:32.071-05:00  INFO 84448 --- [ad | midas-core] o.a.k.c.c.internals.ConsumerCoordinator  : [Consumer clientId=consumer-midas-core-1, groupId=midas-core] Group coordinator localhost:59705 (id: 2147483647 rack: null) is unavailable or invalid due to cause: session timed out without receiving a heartbeat response. isDisconnected: false. Rediscovery will be attempted.
2026-05-14T02:11:32.071-05:00  INFO 84448 --- [ad | midas-core] o.a.k.c.c.internals.ConsumerCoordinator  : [Consumer clientId=consumer-midas-core-1, groupId=midas-core] Requesting disconnect from last known coordinator localhost:59705 2026-05-14T02:11:32.196-05:00  INFO 84603 --- [ad | midas-core] o.a.k.c.c.internals.ConsumerCoordinator  : [Consumer clientId=consumer-midas-core-1, groupId=midas-core] Group coordinator localhost:59882 (id: 2147483647 rack: null) is unavailable or invalid due to cause: session timed out without receiving a heartbeat response. isDisconnected: false. Rediscovery will be attempted.
2026-05-14T02:11:32.196-05:00  INFO 84603 --- [ad | midas-core] o.a.k.c.c.internals.ConsumerCoordinator  : [Consumer clientId=consumer-midas-core-1, groupId=midas-core] Requesting disconnect from last known coordinator localhost:59882 (id: 2147483647 rack: null)
2026-05-14T02:11:32.196-05:00  INFO 84603 --- [ad | midas-core] org.apache.kafka.clients.NetworkClient   : [Consumer clientId=consumer-midas-core-1, groupId=midas-core] Client requested disconnect from node 2147483647
2026-05-14T02:11:32.198-05:00  INFO 84603 --- [ntainer#0-0-C-1] o.a.k.c.c.internals.ConsumerCoordinator  : [Consumer clientId=consumer-midas-core-1, groupId=midas-core] Discovered group coordinator localhost:59882 (id: 2147483647 rack: n2026-05-14T02:11:32.175-05:00  INFO 84448 --- [ntainer#0-0-C-1] o.a.k.c.c.internals.ConsumerCoordinator  : [Consumer clientId=consumer-midas-core-1, groupId=midas-core] Discovered group coordinator localhost:59705 (id: 2147483647 rack: null)
2026-05-14T02:13:28.075-05:00  INFO 84448 --- [ad | midas-core] o.a.k.c.c.internals.ConsumerCoordinator  : [Consumer clientId=consumer-midas-core-1, groupId=midas-core] Group coordinator localhost:59705 (id: 2147483647 rack: null) is unavailable or invalid due to cause: session timed out without receiving a heartbeat response. isDisconnected: false. Rediscovery will be attempted.
2026-05-14T02:13:28.077-05:00  INFO 84448 --- [ad | midas-core] o.a.k.c.c.internals.ConsumerCoordinator  : [Consumer clientId=consumer-midas-core-1, groupId=midas-core] Requesting disconnect from last known coordinator localhost:59705 2026-05-14T02:13:28.121-05:00  INFO 84603 --- [ad | midas-core] o.a.k.c.c.internals.ConsumerCoordinator  : [Consumer clientId=consumer-midas-core-1, groupId=midas-core] Group coordinator localhost:59882 (id: 2147483647 rack: null) is unavailable or invalid due to cause: session timed out without receiving a heartbeat response. isDisconnected: false. Rediscovery will be attempted.
2026-05-14T02:13:28.121-05:00  INFO 84603 --- [ad | midas-core] o.a.k.c.c.internals.ConsumerCoordinator  2026-05-14T02:13:29.537-05:00  INFO 84448 --- [           main] com.jpmc.midascore.TaskTwoTests          : ...
2026-05-14T02:14:28.348-05:00  INFO 84448 --- [ad | midas-core] o.a.k.c.c.internals.ConsumerCoordinator  : [Consumer clientId=consumer-midas-core-1, groupId=midas-core] Group coordinator localhost:59705 (id: 2147483647 rack: null) is unavailable or invalid due to cause: session timed out without receiving a heartbeat response. isDisconnected: false. Rediscovery will be attempted.
2026-05-14T02:14:28.349-05:00  INFO 84448 --- [ad | midas-core] o.a.k.c.c.internals.ConsumerCoordinator  : [Consumer clientId=consumer-midas-core-1, groupId=midas-core] Requesting disconnect from last known coordinator localhost:59705 (id: 2147483647 rack: null)
2026-05-14T02:14:28.349-05:00  INFO 84448 --- [ad | midas-core] org.apache.kafka.clients.NetworkClient   : [Consumer clientId=consumer-midas-core-1, groupId=midas-core] Client requested disconnect from node 2147483647
2026-05-14T02:14:28.354-05:00  INFO 84448 --- [ntainer#0-0-C-1] o.a.k.c.c.internals.ConsumerCoordinator  : [Consumer clientId=consumer-midas-core-1, groupId=midas-core] Discovered group coordinator localhost:59705 (id: 2147483647 rack: null)
2026-05-14T02:14:28.354-05:00  INFO 84448 --- [ntainer#0-0-C-1] o.a.k.c.c.internals.ConsumerCoordinator  : [Consumer clientId=consumer-midas-core-1, groupId=midas-core] Group coordinator localhost:59705 (id: 2147483647 rack: null) is unavailable or invalid due to cause: coordinator unavailable. isDisconnected: false. Rediscovery will be attempted.
2026-05-14T02:14:28.354-05:00  INFO 84448 --- [ntainer#0-0-C-1] o.a.k.c.c.internals.ConsumerCoordinator  : [Consumer clientId=consumer-midas-core-1, groupId=midas-core] Requesting disconnect from last known coor2026-05-14T02:14:28.440-05:00  INFO 84603 --- [ad | 2026-05-14T02:14:28.456-05:00  INFO 84448 --- [ntainer#0-0-C-1] o.a.k.c.c.internals.ConsumerCoordinator  : [Consumer clientId=consumer-midas-core-1, groupId=midas-core] Discovered group coordinator localhost:59705 (id: 2147483647 rack: null)
2026-05-14T02:15:54.109-05:00  INFO 84448 --- [ad | midas-core] o.a.k.c.c.internals.ConsumerCoordinator  : [Consumer clientId=consumer-midas-core-1, groupId=midas-core] Group coordinator localhost:59705 (id: 2147483647 rack: null) is unavailable or invalid due to cause: session timed out without receiving a heartbeat response. isDisconnected: false. Rediscovery will be attempted.
2026-05-14T02:15:54.110-05:00  INFO 84448 --- [ad | midas-core] o.a.k.c.c.internals.ConsumerCoordinator  : [Consumer clientId=consumer-midas-core-1, groupId=midas-core] Requesting disconnect from last known coordinator localhost:59705 (id: 2147483647 rack: null)
2026-05-14T02:15:54.110-05:00  INFO 84448 --- [ad | midas-core] org.apache.kafka.clients.NetworkClient   : [Consumer clientId=consumer-midas-core-1, groupId=midas-core] Client requested disconnect from node 2147483647
2026-05-14T02:15:54.122-05:00  INFO 84448 --- [ntainer#0-0-C-1] o.a.k.c.c.internals.ConsumerCoordinator  : [Consumer clientId=consumer-midas-core-1, groupId=midas-core] Discovered group coordinator localhost:59705 (id: 2147483647 rack: null)
2026-05-14T02:15:54.122-05:00  INFO 84448 --- [ntainer#0-0-C-1] o.a.k.c.c.internals.ConsumerCoordinator  : [Consumer clientId=consumer-midas-core-1, groupId=midas-core] Group coordinator localhost:59705 (id: 2147483647 rack: null) is unavailable or invalid due to cause: coordinator unavailable. isDisconnected: false. Rediscovery will be attempted.
2026-05-14T02:15:54.122-05:00  INFO 84448 --- [ntainer#0-0-C-1] o.a.k.c.c.internals.ConsumerCoordinator  : [Consumer clientId=consumer-midas-core-1, groupId=midas-core] Requesting disconnect from last known coor2026-05-14T02:15:54.225-05:00  INFO 84603 --- [ad | 2026-05-14T02:15:54.231-05:00  INFO 84448 --- [ntainer#0-0-C-1] o.a.k.c.c.internals.ConsumerCoordinator  : [Consumer clientId=consumer-midas-core-1, groupId=midas-core] Discovered group coordinator localhost:59705 (id: 2147483647 rack: null)
2026-05-14T02:15:55.132-05:00  WARN 84448 --- [l-1 housekeeper] com.zaxxer.hikari.pool.HikariPool        : HikariPool-1 - Thread starvation or clock leap detected (housekeeper delta=5m20s163ms).
2026-05-14T02:15:59.764-05:00  INFO 84448 --- [           main] com.jpmc.midascore.TaskTwoTests          : ...
2026-05-14T02:16:53.971-05:00  INFO 84448 --- [ad | midas-core] o.a.k.c.c.internals.ConsumerCoordinator  : [Consumer clientId=consumer-midas-core-1, groupId=midas-core] Group coordinator localhost:59705 (id: 2147483647 rack: null) is unavailable or invalid due to cause: session timed out without receiving a heartbeat response. isDisconnected: false. Rediscovery will be attempted.
2026-05-14T02:16:53.971-05:00  INFO 84448 --- [ad | midas-core] o.a.k.c.c.internals.ConsumerCoordinator  : [Consumer clientId=consumer-midas-core-1, groupId=midas-core] Requesting disconnect from last known coordinator localhost:59705 (id: 2147483647 rack: null)
2026-05-14T02:16:53.972-05:00  INFO 84448 --- [ad | midas-core] org.apache.kafka.clients.NetworkClient   : [Consumer clientId=consumer-midas-core-1, groupId=midas-core] Client requested disconnect from node 2147483647
2026-05-14T02:16:53.979-05:00  INFO 84448 --- [ntainer#0-0-C-1] o.a.k.c.c.internals.ConsumerCoordinator  : [Consumer clientId=consumer-midas-core-1, groupId=midas-core] Discovered group coordinator localhost:59705 (id: 2147483647 rack: null)
2026-05-14T02:16:53.979-05:00  INFO 84448 --- [ntainer#0-0-C-1] o.a.k.c.c.internals.ConsumerCoordinator  : [Consumer clientId=consumer-midas-core-1, groupId=midas-core] Group coordinator localhost:59705 (id: 2147483647 rack: null) is unavailable or invalid due to cause: coordinator unavailable. isDisconnected: false. Rediscovery will be attempted.
2026-05-14T02:162026-05-14T02:16:54.021-05:00  INFO 84603 --- [ad | midas-core] o.a.k.c.c.internals.ConsumerCoordinator  : [Consumer clientId=consumer-midas-core-1, groupId=midas-core] Group coordinator localhost:59882 (id: 2147483647 rack: null) is unavailable o2026-05-14T02:16:54.086-05:00  INFO 84448 --- [ntainer#0-0-C-1] o.a.k.c.c.internals.ConsumerCoordinator  : [Consumer clientId=consumer-midas-core-1, groupId=midas-core] Discovered group coordinator localhost:59705 (id: 2147483647 rack: null)
2026-05-14T02:18:49.299-05:00  INFO 84448 --- [ad | midas-core] o.a.k.c.c.internals.ConsumerCoordinator  : [Consumer clientId=consumer-midas-core-1, groupId=midas-core] Group coordinator localhost:59705 (id: 2147483647 rack: null) is unavailable or invalid due to cause: session timed out without receiving a heartbeat response. isDisconnected: false. Rediscovery will be attempted.
2026-05-14T02:18:49.300-05:00  INFO 84448 --- [ad | midas-core] o.a.k.c.c.internals.ConsumerCoordinator  : [Consumer clientId=consumer-midas-core-1, groupId=midas-core] Requesting disconnect from last known coordinator localhost:59705 (id: 2147483647 rack: null)
2026-05-14T02:18:49.300-05:00  INFO 84448 --- [ad | midas-core] org.apache.kafka.clients.NetworkClient   : [Consumer clientId=consumer-midas-core-1, groupId=midas-core] Client requested disconnect from node 2147483647
2026-05-14T02:18:49.312-05:00  INFO 84448 --- [ntainer#0-0-C-1] o.a.k.c.c.internals.ConsumerCoordinator  : [Consumer clientId=consumer-midas-core-1, groupId=midas-core] Discovered group coordinator localhost:59705 (id: 2147483647 rack: null)
2026-05-14T02:18:49.312-05:00  INFO 84448 --- [ntainer#0-0-C-1] o.a.k.c.c.internals.ConsumerCoordinator  : [Consumer clientId=consumer-midas-core-1, groupId=midas-core] Group coordinator localhost:59705 (id: 2147483647 rack: null) is unavailable or invalid due to cause: coordinator unavailable. isDisconnected: false. Rediscovery will be attempted.
2026-05-14T02:182026-05-14T02:18:49.351-05:00  INFO 84603 --- [ad | midas-core] o.a.k.c.c.internals.ConsumerCoordinator  : [Consumer clientId=consumer-midas-core-1, groupId=midas-core] Group coordinator localhost:59882 (id: 2147483647 rack: null) is unavailable o2026-05-14T02:18:49.414-05:00  INFO 84448 --- [ntainer#0-0-C-1] o.a.k.c.c.internals.ConsumerCoordinator  : [Consumer clientId=consumer-midas-core-1, groupId=midas-core] Discovered group coordinator localhost:59705 (id: 2147483647 rack: null)
2026-05-14T02:19:49.079-05:00  INFO 84448 --- [ad | midas-core] o.a.k.c.c.internals.ConsumerCoordinator  : [Consumer clientId=consumer-midas-core-1, groupId=midas-core] Group coordinator localhost:59705 (id: 2147483647 rack: null) is unavailable or invalid due to cause: session timed out without receiving a heartbeat response. isDisconnected: false. Rediscovery will be attempted.
2026-05-14T02:19:49.079-05:00  INFO 84448 --- [ad | midas-core] o.a.k.c.c.internals.ConsumerCoordinator  : [Consumer clientId=consumer-midas-core-1, groupId=midas-core] Requesting disconnect from last known coordinator localhost:59705 (id: 2147483647 rack: null)
2026-05-14T02:19:49.079-05:00  INFO 84448 --- [ad | midas-core] org.apache.kafka.clients.NetworkClient   : [Consumer clientId=consumer-midas-core-1, groupId=midas-core] Client requested disconnect from node 2147483647
2026-05-14T02:19:49.081-05:00  INFO 84448 --- [ntainer#0-0-C-1] o.a.k.c.c.internals.ConsumerCoordinator  : [Consumer clientId=consumer-midas-core-1, groupId=midas-core] Discovered group coordinator localhost:59705 (id: 2147483647 rack: null)
2026-05-14T02:19:49.081-05:00  INFO 84448 --- [ntainer#0-0-C-1] o.a.k.c.c.internals.ConsumerCoordinator  : [Consumer clientId=consumer-midas-core-1, groupId=midas-core] Group coordinator localhost:59705 (id: 2147483647 rack: null) is unavailable or invalid due to cause: coordinator unavailable. isDisconnected: false. Rediscovery will be attempted.
2026-05-14T02:19:49.081-05:00  INFO 84448 --- [ntainer#0-0-C-1] o.a.k.c.c.internals.ConsumerCoordinator  : [Consumer clientId=consumer-midas-core-1, groupId=midas-core] Requesting disconnect from last known coor2026-05-14T02:19:49.134-05:00  INFO 84603 --- [ad | midas-core] o.a.k.c.c.internals.ConsumerCoordinator  : [Consumer clientId=consumer-midas-core-1, groupId=midas-core] Group coordinator localhost:59882 (id: 2147483647 rack: null) is unavailable or invalid due to cause: session timed out witho2026-05-14T02:19:51.124-05:00  INFO 84448 --- [           main] com.jpmc.midascore.TaskTwoTests          : ...
2026-05-14T02:19:56.492-05:00  WARN 84448 --- [l-1 housekeeper] com.zaxxer.hikari.pool.HikariPool        : HikariPool-1 - Thread starvation or clock leap detected (housekeeper delta=4m1s361ms).
2026-05-14T02:21:43.320-05:00  INFO 84448 --- [ad | midas-core] o.a.k.c.c.internals.ConsumerCoordinator  : [Consumer clientId=consumer-midas-core-1, groupId=midas-core] Group coordinator localhost:59705 (id: 2147483647 rack: null) is unavailable or invalid due to cause: session timed out without receiving a heartbeat response. isDisconnected: false. Rediscovery will be attempted.
2026-05-14T02:21:43.320-05:00  INFO 84448 --- [ad | midas-core] o.a.k.c.c.internals.ConsumerCoordinator  : [Consumer clientId=consumer-midas-core-1, groupId=midas-core] Requesting disconnect from last known coordinator localhost:59705 (id: 2147483647 rack: null)
2026-05-14T02:21:43.320-05:00  INFO 84448 --- [ad | midas-core] org.apache.kafka.clients.NetworkClient   : [Consumer clientId=consumer-midas-core-1, groupId=midas-core] Client requested disconnect from node 2147483647
2026-05-14T02:21:43.323-05:00  INFO 84448 --- [ntainer#0-0-C-1] o.a.k.c.c.internals.ConsumerCoordinator  : [Consumer clientId=consumer-midas-core-1, groupId=midas-core] Discovered group coordinator localhost:59705 (id: 2147483647 rack: null)
2026-05-14T02:21:43.323-05:00  INFO 84448 --- [ntainer#0-0-C-1] o.a.k.c.c.internals.ConsumerCoordinator  : [Consumer clientId=consumer-midas-core-1, groupId=midas-core] Group coordinator localhost:59705 (id: 2147483647 rack: null) is unavailable or invalid due to cause: coordinator unavailable. isDisconnected: false. Rediscovery will be attempted.
2026-05-14T02:21:2026-05-14T02:21:43.378-05:00  INFO 84603 --- [ad | midas-core] o.a.k.c.c.internals.ConsumerCoordinator  : [Consumer clientId=consumer-midas-core-1, groupId=midas-core] Group coordinator localhost:59882 (id: 2147483647 rack: null) is unavailable 2026-05-14T02:21:43.424-05:00  INFO 84448 --- [ntainer#0-0-C-1] o.a.k.c.c.internals.ConsumerCoordinator  : [Consumer clientId=consumer-midas-core-1, groupId=midas-core] Discovered group coordinator localhost:59705 (id: 2147483647 rack: null)
2026-05-14T02:22:43.146-05:00  INFO 84448 --- [ad | midas-core] o.a.k.c.c.internals.ConsumerCoordinator  : [Consumer clientId=consumer-midas-core-1, groupId=midas-core] Group coordinator localhost:59705 (id: 2147483647 rack: null) is unavailable or invalid due to cause: session timed out without receiving a heartbeat response. isDisconnected: false. Rediscovery will be attempted.
2026-05-14T02:22:43.146-05:00  INFO 84448 --- [ad | midas-core] o.a.k.c.c.internals.ConsumerCoordinator  : [Consumer clientId=consumer-midas-core-1, groupId=midas-core] Requesting disconnect from last known coordinator localhost:59705 (id: 2147483647 rack: null)
2026-05-14T02:22:43.146-05:00  INFO 84448 --- [ad | midas-core] org.apache.kafka.clients.NetworkClient   : [Consumer clientId=consumer-midas-core-1, groupId=midas-core] Client requested disconnect from node 2147483647
2026-05-14T02:22:43.149-05:00  INFO 84448 --- [ntainer#0-0-C-1] o.a.k.c.c.internals.ConsumerCoordinator  : [Consumer clientId=consumer-midas-core-1, groupId=midas-core] Discovered group coordinator localhost:59705 (id: 2147483647 rack: null)
2026-05-14T02:22:43.149-05:00  INFO 84448 --- [ntainer#0-0-C-1] o.a.k.c.c.internals.ConsumerCoordinator  : [Consumer clientId=consumer-midas-core-1, groupId=midas-core] Group coordinator localhost:59705 (id: 2147483647 rack: null) is unavailable or invalid due to cause: coordinator unavailable. isDisconnected: false. Rediscovery will be attempted.
2026-05-14T02:22:2026-05-14T02:22:43.205-05:00  INFO 84603 --- [ad | midas-core] o.a.k.c.c.internals.ConsumerCoordinator  : [Consumer clientId=consumer-midas-core-1, groupId=midas-core] Group coordinator localhost:59882 (id: 2147483647 rack: null) is unavailable 2026-05-14T02:22:43.259-05:00  INFO 84448 --- [ntainer#0-0-C-1] o.a.k.c.c.internals.ConsumerCoordinator  : [Consumer clientId=consumer-midas-core-1, groupId=midas-core] Discovered group coordinator localhost:59705 (id: 2147483647 rack: null)
2026-05-14T02:22:49.354-05:00  INFO 84448 --- [           main] com.jpmc.midascore.TaskTwoTests          : ...
2026-05-14T02:24:24.620-05:00  INFO 84448 --- [ad | midas-core] o.a.k.c.c.internals.ConsumerCoordinator  : [Consumer clientId=consumer-midas-core-1, groupId=midas-core] Group coordinator localhost:59705 (id: 2147483647 rack: null) is unavailable or invalid due to cause: session timed out without receiving a heartbeat response. isDisconnected: false. Rediscovery will be attempted.
2026-05-14T02:24:24.620-05:00  INFO 84448 --- [ad | midas-core] o.a.k.c.c.internals.ConsumerCoordinator  : [Consumer clientId=consumer-midas-core-1, groupId=midas-core] Requesting disconnect from last known coordinator localhost:59705 (id: 2147483647 rack: null)
2026-05-14T02:24:24.622-05:00  INFO 84448 --- [ad | midas-core] org.apache.kafka.clients.NetworkClient   : [Consumer clientId=consumer-midas-core-1, groupId=midas-core] Client requested disconnect from node 2147483647
2026-05-14T02:24:24.629-05:00  INFO 84448 --- [ntainer#0-0-C-1] o.a.k.c.c.internals.ConsumerCoordinator  : [Consumer clientId=consumer-midas-core-1, groupId=midas-core] Discovered group coordinator localhost:59705 (id: 2147483647 rack: null)
2026-05-14T02:24:24.629-05:00  INFO 84448 --- [ntainer#0-0-C-1] o.a.k.c.c.internals.ConsumerCoordinator  : [Consumer clientId=consumer-midas-core-1, groupId=midas-core] Group coordinator localhost:59705 (id: 2147483647 rack: null) is unavailable or invalid due to cause: coordinator unavailable. isDisconnected: false. Rediscovery will be attempted.
2026-05-14T02:24:2026-05-14T02:24:24.666-05:00  INFO 84603 --- [ad | midas-core] o.a.k.c.c.internals.ConsumerCoordinator  : [Consumer clientId=consumer-midas-core-1, groupId=midas-core] Group coordinator localhost:59882 (id: 2147483647 rack: null) is unavailable 2026-05-14T02:24:24.733-05:00  INFO 84448 --- [ntainer#0-0-C-1] o.a.k.c.c.internals.ConsumerCoordinator  : [Consumer clientId=consumer-midas-core-1, groupId=midas-core] Discovered group coordinator localhost:59705 (id: 2147483647 rack: null)
2026-05-14T02:25:18.593-05:00  INFO 84448 --- [ad | midas-core] o.a.k.c.c.internals.ConsumerCoordinator  : [Consumer clientId=consumer-midas-core-1, groupId=midas-core] Group coordinator localhost:59705 (id: 2147483647 rack: null) is unavailable or invalid due to cause: session timed out without receiving a heartbeat response. isDisconnected: false. Rediscovery will be attempted.
2026-05-14T02:25:18.594-05:00  INFO 84448 --- [ad | midas-core] o.a.k.c.c.internals.ConsumerCoordinator  : [Consumer clientId=consumer-midas-core-1, groupId=midas-core] Requesting disconnect from last known coordinator localhost:59705 (id: 2147483647 rack: null)
2026-05-14T02:25:18.594-05:00  INFO 84448 --- [ad | midas-core] org.apache.kafka.clients.NetworkClient   : [Consumer clientId=consumer-midas-core-1, groupId=midas-core] Client requested disconnect from node 2147483647
2026-05-14T02:25:18.597-05:00  INFO 84448 --- [ntainer#0-0-C-1] o.a.k.c.c.internals.ConsumerCoordinator  : [Consumer clientId=consumer-midas-core-1, groupId=midas-core] Discovered group coordinator localhost:59705 (id: 2147483647 rack: null)
2026-05-14T02:25:18.597-05:00  INFO 84448 --- [ntainer#0-0-C-1] o.a.k.c.c.internals.ConsumerCoordinator  : [Consumer clientId=consumer-midas-core-1, groupId=midas-core] Group coordinator localhost:59705 (id: 2147483647 rack: null) is unavailable or invalid due to cause: coordinator unavailable. isDisconnected: false. Rediscovery will be attempted.
2026-05-14T02:25:18.597-05:00  INFO 84448 --- [ntainer#0-0-C-1] o.a.k.c.c.internals.ConsumerCoordinator  : [Consumer clientId=consumer-midas-core-1, groupId=midas-core] Requesting disconnect from last known coord2026-05-14T02:25:18.659-05:00  INFO 84603 --- [ad |2026-05-14T02:25:18.698-05:00  INFO 84448 --- [ntainer#0-0-C-1] o.a.k.c.c.internals.ConsumerCoordinator  : [Consumer clientId=consumer-midas-core-1, groupId=midas-core] Discovered group coordinator localhost:59705 (id: 2147483647 rack: null)
2026-05-14T02:25:24.820-05:00  WARN 84448 --- [l-1 housekeeper] com.zaxxer.hikari.pool.HikariPool        : HikariPool-1 - Thread starvation or clock leap detected (housekeeper delta=5m28s327ms).
2026-05-14T02:25:29.447-05:00  INFO 84448 --- [           main] com.jpmc.midascore.TaskTwoTests          : ...
2026-05-14T02:25:55.776-05:00  INFO 84448 --- [           main] com.jpmc.midascore.TaskTwoTests          : ...
2026-05-14T02:26:16.302-05:00  INFO 84448 --- [           main] com.jpmc.midascore.TaskTwoTests          : ...
2026-05-14T02:26:39.641-05:00  INFO 84448 --- [           main] com.jpmc.midascore.TaskTwoTests          : ...
2026-05-14T02:27:00.699-05:00  INFO 84448 --- [           main] com.jpmc.midascore.TaskTwoTests          : ...
2026-05-14T02:44:02.820-05:00  INFO 84448 --- [ad | midas-core] o.a.k.c.c.internals.ConsumerCoordinator  : [Consumer clientId=consumer-midas-core-1, groupId=midas-core] Group coordinator localhost:59705 (id: 2147483647 rack: null) is unavailable or invalid due to cause: session timed out without receiving a heartbeat response. isDisconnected: false. Rediscovery will be attempted.
2026-05-14T02:44:02.820-05:00  INFO 84448 --- [ad | midas-core] o.a.k.c.c.internals.ConsumerCoordinator  : [Consumer clientId=consumer-midas-core-1, groupId=midas-core] Requesting disconnect from last known coordinator localhost:59705 (id: 2147483647 rack: null)
2026-05-14T02:44:02.821-05:00  INFO 84448 --- [ad | midas-core] org.apache.kafka.clients.NetworkClient   : [Consumer clientId=consumer-midas-core-1, groupId=midas-core] Client requested disconnect from node 2147483647
2026-05-14T02:44:02.835-05:00  INFO 84448 --- [ntainer#0-0-C-1] o.a.k.c.c.internals.ConsumerCoordinator  : [Consumer clientId=consumer-midas-core-1, groupId=midas-core] Discovered group coordinator localhost:59705 (id: 2147483647 rack: null)
2026-05-14T02:44:02.835-05:00  INFO 84448 --- [ntainer#0-0-C-1] o.a.k.c.c.internals.ConsumerCoordinator  : [Consumer clientId=consumer-midas-core-1, groupId=midas-core] Group coordinator localhost:59705 (id: 2147483647 rack: null) is unavailable or invalid due to cause: coordinator unavailable. isDisconnected: false. Rediscovery will be attempted.
2026-05-14T02:44:02.835-05:00  INFO 84448 --- [ntainer#0-0-C-1] o.a.k.c.c.internals.ConsumerCoordinator  : [Consumer clientId=consumer-midas-core-1, groupId=midas-core] Requesting disconnect from last known coord2026-05-14T02:44:02.950-05:00  INFO 84603 --- [ad | midas-core] o.a.k.c.c.internals.ConsumerCoordinator  : [Consumer clientId=consumer-midas-core-1, groupId=midas-core] Group coordinator localhost:59882 (id: 2147483647 rack: null) is unavailable or invalid due to cause: session timed out with2026-05-14T02:44:04.724-05:00  WARN 84448 --- [l-1 housekeeper] com.zaxxer.hikari.pool.HikariPool        : HikariPool-1 - Thread starvation or clock leap detected (housekeeper delta=17m30s290ms).
2026-05-14T02:57:37.929-05:00  INFO 84448 --- [ad | midas-core] o.a.k.c.c.internals.ConsumerCoordinator  : [Consumer clientId=consumer-midas-core-1, groupId=midas-core] Group coordinator localhost:59705 (id: 2147483647 rack: null) is unavailable or invalid due to cause: session timed out without receiving a heartbeat response. isDisconnected: false. Rediscovery will be attempted.
2026-05-14T02:57:37.929-05:00  INFO 84448 --- [ad | midas-core] o.a.k.c.c.internals.ConsumerCoordinator  : [Consumer clientId=consumer-midas-core-1, groupId=midas-core] Requesting disconnect from last known coordinator localhost:59705 (id: 2147483647 rack: null)
2026-05-14T02:57:37.929-05:00  INFO 84448 --- [ad | midas-core] org.apache.kafka.clients.NetworkClient   : [Consumer clientId=consumer-midas-core-1, groupId=midas-core] Client requested disconnect from node 2147483647
2026-05-14T02:57:37.953-05:00  INFO 84448 --- [ntainer#0-0-C-1] o.a.k.c.c.internals.ConsumerCoordinator  : [Consumer clientId=consumer-midas-core-1, groupId=midas-core] Discovered group coordinator localhost:59705 (id: 2147483647 rack: null)
2026-05-14T02:57:37.953-05:00  INFO 84448 --- [ntainer#0-0-C-1] o.a.k.c.c.internals.ConsumerCoordinator  : [Consumer clientId=consumer-midas-core-1, groupId=midas-core] Group coordinator localhost:59705 (id: 2147483647 rack: null) is unavailable or invalid due to cause: coordinator unavailable. isDisconnected: false. Rediscovery will be attempted.
2026-05-14T02:572026-05-14T02:57:38.058-05:00  INFO 84603 --- [ad | midas-core] o.a.k.c.c.internals.ConsumerCoordinator  : [Consumer clientId=consumer-midas-core-1, groupId=midas-core] Group coordinator localhost:59882 (id: 2147483647 rack: null) is unavailable or invalid due to cause: session timed out without receiving a heartbeat response. isDisconnected: false. Rediscovery will be attempted.
2026-05-14T02:57:38.063-05:00  INFO 84603 --- [ad | midas-core] o.a.k.c.c.internals.ConsumerCoordinator  :2026-05-14T03:13:39.755-05:00  INFO 84448 --- [ad | midas-core] o.a.k.c.c.internals.ConsumerCoordinator  : [Consumer clientId=consumer-midas-core-1, groupId=midas-core] Group coordinator localhost:59705 (id: 2147483647 rack: null) is unavailable or invalid due to cause: session timed out without receiving a heartbeat response. isDisconnected: false. Rediscovery will be attempted.
2026-05-14T03:13:39.756-05:00  INFO 84448 --- [ad | midas-core] o.a.k.c.c.internals.ConsumerCoordinator  : [Consumer clientId=consumer-midas-core-1, groupId=midas-core] Requesting disconnect from last known coordinator localhost:59705 (id: 2147483647 rack: null)
2026-05-14T03:13:39.756-05:00  INFO 84448 --- [ad | midas-core] org.apache.kafka.clients.NetworkClient   : [Consumer clientId=consumer-midas-core-1, groupId=midas-core] Client requested disconnect from node 2147483647
2026-05-14T03:13:39.847-05:00  INFO 84448 --- [ntainer#0-0-C-1] o.a.k.c.c.internals.ConsumerCoordinator  : [Consumer clientId=consumer-midas-core-1, groupId=midas-core] Discovered group coordinator localhost:59705 (id: 2147483647 rack: null)
2026-05-14T03:13:42.929-05:00  INFO 84448 --- [           main] com.jpmc.midascore.TaskTwoTests          : ...
2026-05-14T03:30:19.042-05:00  INFO 84448 --- [ad | midas-core] o.a.k.c.c.internals.ConsumerCoordinator  : [Consumer clientId=consumer-midas-core-1, groupId=midas-core] Group coordinator localhost:59705 (id: 2147483647 rack: null) is unavailable or invalid due to cause: session timed out without receiving a heartbeat response. isDisconnected: false. Rediscovery will be attempted.
2026-05-14T03:30:19.044-05:00  INFO 84448 --- [ad | midas-core] o.a.k.c.c.internals.ConsumerCoordinator  : [Consumer clientId=consumer-midas-core-1, groupId=midas-core] Requesting disconnect from last known coordinator localhost:59705 (id: 2147483647 rack: null)
2026-05-14T03:30:19.045-05:00  INFO 84448 --- [ad | midas-core] org.apache.kafka.clients.NetworkClient   : [Consumer clientId=consumer-midas-core-1, groupId=midas-core] Client requested disconnect from node 2147483647
2026-05-14T03:30:19.054-05:00  INFO 84448 --- [ntainer#0-0-C-1] o.a.k.c.c.internals.ConsumerCoordinator  : [Consumer clientId=consumer-midas-core-1, groupId=midas-core] Discovered group coordinator localhost:59705 (id: 2147483647 rack: null)
2026-05-14T03:30:19.054-05:00  INFO 84448 --- [ntainer#0-0-C-1] o.a.k.c.c.internals.ConsumerCoordinator  : [Consumer clientId=consumer-midas-core-1, groupId=midas-core] Group coordinator localhost:59705 (id: 2147483647 rack: null) is unavailable or invalid due to cause: coordinator unavailable. isDisconnected: false. Rediscovery will be attempted.
2026-05-14T03:30:19.054-05:00  INFO 84448 --- [ntainer#0-0-C-1] o.a.k.c.c.internals.ConsumerCoordinator  : [Consumer clientId=consumer-midas-core-1, groupId=midas-core] Requesting disconnect from last known coordinator localhost:59705 (id: 2147483647 rack: null)
2026-05-14T03:30:19.157-05:00  INFO 84448 --- [ntainer#0-0-C-1] o.a.k.c.c.internals.ConsumerCoordinator  : [Consumer clientId=consumer-midas-core-1, groupId=midas-core] Discovered group coordinator localhost:59705 (id: 2147483647 rack: null)
2026-05-14T03:47:43.783-05:00  INFO 84448 --- [ad | midas-core] o.a.k.c.c.internals.ConsumerCoordinator  : [Consumer clientId=consumer-midas-core-1, groupId=midas-core] Group coordinator localhost:59705 (id: 2147483647 rack: null) is unavailable or invalid due to cause: session timed out without receiving a heartbeat response. isDisconnected: false. Rediscovery will be attempted.
2026-05-14T03:47:43.783-05:00  INFO 84448 --- [ad | midas-core] o.a.k.c.c.internals.ConsumerCoordinator  : [Consumer clientId=consumer-midas-core-1, groupId=midas-core] Requesting disconnect from last known coordinator localhost:59705 (id: 2147483647 rack: null)
2026-05-14T03:47:43.783-05:00  INFO 84448 --- [ad | midas-core] org.apache.kafka.clients.NetworkClient   : [Consumer clientId=consumer-midas-core-1, groupId=midas-core] Client requested disconnect from node 2147483647
2026-05-14T03:47:43.792-05:00  INFO 84448 --- [ntainer#0-0-C-1] o.a.k.c.c.internals.ConsumerCoordinator  : [Consumer clientId=consumer-midas-core-1, groupId=midas-core] Discovered group coordinator localhost:59705 (id: 2147483647 rack: null)
2026-05-14T03:47:43.793-05:00  INFO 84448 --- [ntainer#0-0-C-1] o.a.k.c.c.internals.ConsumerCoordinator  : [Consumer clientId=consumer-midas-core-1, groupId=midas-core] Group coordinator localhost:59705 (id: 2147483647 rack: null) is unavailable or invalid due to cause: coordinator unavailable. isDisconnected: false. Rediscovery will be attempted.
2026-05-14T03:47:43.793-05:00  INFO 84448 --- [ntainer#0-0-C-1] o.a.k.c.c.internals.ConsumerCoordinator  : [Consumer clientId=consumer-midas-core-1, groupId=midas-core] Requesting disconnect from last known coordinator localhost:59705 (id: 2147483647 rack: null)
2026-05-14T03:47:43.897-05:00  INFO 84448 --- [ntainer#0-0-C-1] o.a.k.c.c.internals.ConsumerCoordinator  : [Consumer clientId=consumer-midas-core-1, groupId=midas-core] Discovered group coordinator localhost:59705 (id: 2147483647 rack: null)
2026-05-14T04:05:38.992-05:00  INFO 84448 --- [ad | midas-core] o.a.k.c.c.internals.ConsumerCoordinator  : [Consumer clientId=consumer-midas-core-1, groupId=midas-core] Group coordinator localhost:59705 (id: 2147483647 rack: null) is unavailable or invalid due to cause: session timed out without receiving a heartbeat response. isDisconnected: false. Rediscovery will be attempted.
2026-05-14T04:05:38.993-05:00  INFO 84448 --- [ad | midas-core] o.a.k.c.c.internals.ConsumerCoordinator  : [Consumer clientId=consumer-midas-core-1, groupId=midas-core] Requesting disconnect from last known coordinator localhost:59705 (id: 2147483647 rack: null)
2026-05-14T04:05:38.993-05:00  INFO 84448 --- [ad | midas-core] org.apache.kafka.clients.NetworkClient   : [Consumer clientId=consumer-midas-core-1, groupId=midas-core] Client requested disconnect from node 2147483647
2026-05-14T04:05:38.999-05:00  INFO 84448 --- [ntainer#0-0-C-1] o.a.k.c.c.internals.ConsumerCoordinator  : [Consumer clientId=consumer-midas-core-1, groupId=midas-core] Discovered group coordinator localhost:59705 (id: 2147483647 rack: null)
2026-05-14T04:05:38.999-05:00  INFO 84448 --- [ntainer#0-0-C-1] o.a.k.c.c.internals.ConsumerCoordinator  : [Consumer clientId=consumer-midas-core-1, groupId=midas-core] Group coordinator localhost:59705 (id: 2147483647 rack: null) is unavailable or invalid due to cause: coordinator unavailable. isDisconnected: false. Rediscovery will be attempted.
2026-05-14T04:05:38.999-05:00  INFO 84448 --- [ntainer#0-0-C-1] o.a.k.c.c.internals.ConsumerCoordinator  : [Consumer clientId=consumer-midas-core-1, groupId=midas-core] Requesting disconnect from last known coordinator localhost:59705 (id: 2147483647 rack: null)
2026-05-14T04:05:39.109-05:00  INFO 84448 --- [ntainer#0-0-C-1] o.a.k.c.c.internals.ConsumerCoordinator  : [Consumer clientId=consumer-midas-core-1, groupId=midas-core] Discovered group coordinator localhost:59705 (id: 2147483647 rack: null)
2026-05-14T04:05:41.063-05:00  WARN 84448 --- [l-1 housekeeper] com.zaxxer.hikari.pool.HikariPool        : HikariPool-1 - Thread starvation or clock leap detected (housekeeper delta=1h21m36s339ms).
2026-05-14T04:05:46.318-05:00  INFO 84448 --- [           main] com.jpmc.midascore.TaskTwoTests          : ...
2026-05-14T04:23:08.090-05:00  INFO 84448 --- [ad | midas-core] o.a.k.c.c.internals.ConsumerCoordinator  : [Consumer clientId=consumer-midas-core-1, groupId=midas-core] Group coordinator localhost:59705 (id: 2147483647 rack: null) is unavailable or invalid due to cause: session timed out without receiving a heartbeat response. isDisconnected: false. Rediscovery will be attempted.
2026-05-14T04:23:08.090-05:00  INFO 84448 --- [ad | midas-core] o.a.k.c.c.internals.ConsumerCoordinator  : [Consumer clientId=consumer-midas-core-1, groupId=midas-core] Requesting disconnect from last known coordinator localhost:59705 (id: 2147483647 rack: null)
2026-05-14T04:23:08.090-05:00  INFO 84448 --- [ad | midas-core] org.apache.kafka.clients.NetworkClient   : [Consumer clientId=consumer-midas-core-1, groupId=midas-core] Client requested disconnect from node 2147483647
2026-05-14T04:23:08.096-05:00  INFO 84448 --- [ntainer#0-0-C-1] o.a.k.c.c.internals.ConsumerCoordinator  : [Consumer clientId=consumer-midas-core-1, groupId=midas-core] Discovered group coordinator localhost:59705 (id: 2147483647 rack: null)
2026-05-14T04:23:08.096-05:00  INFO 84448 --- [ntainer#0-0-C-1] o.a.k.c.c.internals.ConsumerCoordinator  : [Consumer clientId=consumer-midas-core-1, groupId=midas-core] Group coordinator localhost:59705 (id: 2147483647 rack: null) is unavailable or invalid due to cause: coordinator unavailable. isDisconnected: false. Rediscovery will be attempted.
2026-05-14T04:23:08.096-05:00  INFO 84448 --- [ntainer#0-0-C-1] o.a.k.c.c.internals.ConsumerCoordinator  : [Consumer clientId=consumer-midas-core-1, groupId=midas-core] Requesting disconnect from last known coordinator localhost:59705 (id: 2147483647 rack: null)
2026-05-14T04:23:08.205-05:00  INFO 84448 --- [ntainer#0-0-C-1] o.a.k.c.c.internals.ConsumerCoordinator  : [Consumer clientId=consumer-midas-core-1, groupId=midas-core] Discovered group coordinator localhost:59705 (id: 2147483647 rack: null)
2026-05-14T04:39:29.732-05:00  INFO 84448 --- [ntainer#0-0-C-1] org.apache.kafka.clients.NetworkClient   : [Consumer clientId=consumer-midas-core-1, groupId=midas-core] Disconnecting from node 0 due to request timeout.
2026-05-14T04:39:29.734-05:00  INFO 84448 --- [ntainer#0-0-C-1] org.apache.kafka.clients.NetworkClient   : [Consumer clientId=consumer-midas-core-1, groupId=midas-core] Cancelled in-flight FETCH request with correlation id 31637 due to node 0 being disconnected (elapsed time since creation: 976997ms, elapsed time since send: 976997ms, request timeout: 30000ms)
2026-05-14T04:39:29.735-05:00  INFO 84448 --- [ad | midas-core] o.a.k.c.c.internals.ConsumerCoordinator  : [Consumer clientId=consumer-midas-core-1, groupId=midas-core] Group coordinator localhost:59705 (id: 2147483647 rack: null) is unavailable or invalid due to cause: session timed out without receiving a heartbeat response. isDisconnected: false. Rediscovery will be attempted.
2026-05-14T04:39:29.735-05:00  INFO 84448 --- [ad | midas-core] o.a.k.c.c.internals.ConsumerCoordinator  : [Consumer clientId=consumer-midas-core-1, groupId=midas-core] Requesting disconnect from last known coordinator localhost:59705 (id: 2147483647 rack: null)
2026-05-14T04:39:29.735-05:00  INFO 84448 --- [ad | midas-core] org.apache.kafka.clients.NetworkClient   : [Consumer clientId=consumer-midas-core-1, groupId=midas-core] Client requested disconnect from node 2147483647
2026-05-14T04:39:29.735-05:00  INFO 84448 --- [ntainer#0-0-C-1] o.a.kafka.clients.FetchSessionHandler    : [Consumer clientId=consumer-midas-core-1, groupId=midas-core] Error sending fetch request (sessionId=1890493763, epoch=933) to node 0:

org.apache.kafka.common.errors.DisconnectException: null

2026-05-14T04:39:29.843-05:00  INFO 84448 --- [ntainer#0-0-C-1] o.a.k.c.c.internals.ConsumerCoordinator  : [Consumer clientId=consumer-midas-core-1, groupId=midas-core] Discovered group coordinator localhost:59705 (id: 2147483647 rack: null)
2026-05-14T04:56:46.033-05:00  INFO 84448 --- [ad | midas-core] o.a.k.c.c.internals.ConsumerCoordinator  : [Consumer clientId=consumer-midas-core-1, groupId=midas-core] Group coordinator localhost:59705 (id: 2147483647 rack: null) is unavailable or invalid due to cause: session timed out without receiving a heartbeat response. isDisconnected: false. Rediscovery will be attempted.
2026-05-14T04:56:46.033-05:00  INFO 84448 --- [ad | midas-core] o.a.k.c.c.internals.ConsumerCoordinator  : [Consumer clientId=consumer-midas-core-1, groupId=midas-core] Requesting disconnect from last known coordinator localhost:59705 (id: 2147483647 rack: null)
2026-05-14T04:56:46.033-05:00  INFO 84448 --- [ad | midas-core] org.apache.kafka.clients.NetworkClient   : [Consumer clientId=consumer-midas-core-1, groupId=midas-core] Client requested disconnect from node 2147483647
2026-05-14T04:56:46.037-05:00  INFO 84448 --- [ntainer#0-0-C-1] o.a.k.c.c.internals.ConsumerCoordinator  : [Consumer clientId=consumer-midas-core-1, groupId=midas-core] Discovered group coordinator localhost:59705 (id: 2147483647 rack: null)
2026-05-14T04:56:46.037-05:00  INFO 84448 --- [ntainer#0-0-C-1] o.a.k.c.c.internals.ConsumerCoordinator  : [Consumer clientId=consumer-midas-core-1, groupId=midas-core] Group coordinator localhost:59705 (id: 2147483647 rack: null) is unavailable or invalid due to cause: coordinator unavailable. isDisconnected: false. Rediscovery will be attempted.
2026-05-14T04:56:46.037-05:00  INFO 84448 --- [ntainer#0-0-C-1] o.a.k.c.c.internals.ConsumerCoordinator  : [Consumer clientId=consumer-midas-core-1, groupId=midas-core] Requesting disconnect from last known coordinator localhost:59705 (id: 2147483647 rack: null)
2026-05-14T04:56:46.147-05:00  INFO 84448 --- [ntainer#0-0-C-1] o.a.k.c.c.internals.ConsumerCoordinator  : [Consumer clientId=consumer-midas-core-1, groupId=midas-core] Discovered group coordinator localhost:59705 (id: 2147483647 rack: null)
2026-05-14T04:56:48.856-05:00  INFO 84448 --- [           main] com.jpmc.midascore.TaskTwoTests          : ...
2026-05-14T05:13:36.643-05:00  INFO 84448 --- [ntainer#0-0-C-1] org.apache.kafka.clients.NetworkClient   : [Consumer clientId=consumer-midas-core-1, groupId=midas-core] Disconnecting from node 0 due to request timeout.
2026-05-14T05:13:36.647-05:00  INFO 84448 --- [ntainer#0-0-C-1] org.apache.kafka.clients.NetworkClient   : [Consumer clientId=consumer-midas-core-1, groupId=midas-core] Cancelled in-flight FETCH request with correlation id 31670 due to node 0 being disconnected (elapsed time since creation: 1005958ms, elapsed time since send: 1005958ms, request timeout: 30000ms)
2026-05-14T05:13:36.648-05:00  INFO 84448 --- [ad | midas-core] o.a.k.c.c.internals.ConsumerCoordinator  : [Consumer clientId=consumer-midas-core-1, groupId=midas-core] Group coordinator localhost:59705 (id: 2147483647 rack: null) is unavailable or invalid due to cause: session timed out without receiving a heartbeat response. isDisconnected: false. Rediscovery will be attempted.
2026-05-14T05:13:36.648-05:00  INFO 84448 --- [ad | midas-core] o.a.k.c.c.internals.ConsumerCoordinator  : [Consumer clientId=consumer-midas-core-1, groupId=midas-core] Requesting disconnect from last known coordinator localhost:59705 (id: 2147483647 rack: null)
2026-05-14T05:13:36.648-05:00  INFO 84448 --- [ad | midas-core] org.apache.kafka.clients.NetworkClient   : [Consumer clientId=consumer-midas-core-1, groupId=midas-core] Client requested disconnect from node 2147483647
2026-05-14T05:13:36.648-05:00  INFO 84448 --- [ntainer#0-0-C-1] o.a.kafka.clients.FetchSessionHandler    : [Consumer clientId=consumer-midas-core-1, groupId=midas-core] Error sending fetch request (sessionId=399987685, epoch=20) to node 0:

org.apache.kafka.common.errors.DisconnectException: null

2026-05-14T05:13:36.886-05:00  INFO 84448 --- [ntainer#0-0-C-1] o.a.k.c.c.internals.ConsumerCoordinator  : [Consumer clientId=consumer-midas-core-1, groupId=midas-core] Discovered group coordinator localhost:59705 (id: 2147483647 rack: null)
2026-05-14T05:13:39.746-05:00  WARN 84448 --- [l-1 housekeeper] com.zaxxer.hikari.pool.HikariPool        : HikariPool-1 - Thread starvation or clock leap detected (housekeeper delta=1h7m58s683ms).
2026-05-14T05:29:48.795-05:00  INFO 84448 --- [ad | midas-core] o.a.k.c.c.internals.ConsumerCoordinator  : [Consumer clientId=consumer-midas-core-1, groupId=midas-core] Group coordinator localhost:59705 (id: 2147483647 rack: null) is unavailable or invalid due to cause: session timed out without receiving a heartbeat response. isDisconnected: false. Rediscovery will be attempted.
2026-05-14T05:29:48.796-05:00  INFO 84448 --- [ad | midas-core] o.a.k.c.c.internals.ConsumerCoordinator  : [Consumer clientId=consumer-midas-core-1, groupId=midas-core] Requesting disconnect from last known coordinator localhost:59705 (id: 2147483647 rack: null)
2026-05-14T05:29:48.796-05:00  INFO 84448 --- [ad | midas-core] org.apache.kafka.clients.NetworkClient   : [Consumer clientId=consumer-midas-core-1, groupId=midas-core] Client requested disconnect from node 2147483647
2026-05-14T05:29:48.804-05:00  INFO 84448 --- [ntainer#0-0-C-1] o.a.k.c.c.internals.ConsumerCoordinator  : [Consumer clientId=consumer-midas-core-1, groupId=midas-core] Discovered group coordinator localhost:59705 (id: 2147483647 rack: null)
2026-05-14T05:29:48.804-05:00  INFO 84448 --- [ntainer#0-0-C-1] o.a.k.c.c.internals.ConsumerCoordinator  : [Consumer clientId=consumer-midas-core-1, groupId=midas-core] Group coordinator localhost:59705 (id: 2147483647 rack: null) is unavailable or invalid due to cause: coordinator unavailable. isDisconnected: false. Rediscovery will be attempted.
2026-05-14T05:29:48.804-05:00  INFO 84448 --- [ntainer#0-0-C-1] o.a.k.c.c.internals.ConsumerCoordinator  : [Consumer clientId=consumer-midas-core-1, groupId=midas-core] Requesting disconnect from last known coordinator localhost:59705 (id: 2147483647 rack: null)
2026-05-14T05:29:48.912-05:00  INFO 84448 --- [ntainer#0-0-C-1] o.a.k.c.c.internals.ConsumerCoordinator  : [Consumer clientId=consumer-midas-core-1, groupId=midas-core] Discovered group coordinator localhost:59705 (id: 2147483647 rack: null)
2026-05-14T05:29:53.170-05:00  INFO 84448 --- [           main] com.jpmc.midascore.TaskTwoTests          : ...
2026-05-14T05:47:17.590-05:00  INFO 84448 --- [ad | midas-core] o.a.k.c.c.internals.ConsumerCoordinator  : [Consumer clientId=consumer-midas-core-1, groupId=midas-core] Group coordinator localhost:59705 (id: 2147483647 rack: null) is unavailable or invalid due to cause: session timed out without receiving a heartbeat response. isDisconnected: false. Rediscovery will be attempted.
2026-05-14T05:47:17.590-05:00  INFO 84448 --- [ad | midas-core] o.a.k.c.c.internals.ConsumerCoordinator  : [Consumer clientId=consumer-midas-core-1, groupId=midas-core] Requesting disconnect from last known coordinator localhost:59705 (id: 2147483647 rack: null)
2026-05-14T05:47:17.590-05:00  INFO 84448 --- [ad | midas-core] org.apache.kafka.clients.NetworkClient   : [Consumer clientId=consumer-midas-core-1, groupId=midas-core] Client requested disconnect from node 2147483647
2026-05-14T05:47:17.609-05:00  INFO 84448 --- [ntainer#0-0-C-1] o.a.k.c.c.internals.ConsumerCoordinator  : [Consumer clientId=consumer-midas-core-1, groupId=midas-core] Discovered group coordinator localhost:59705 (id: 2147483647 rack: null)
2026-05-14T05:47:17.610-05:00  INFO 84448 --- [ntainer#0-0-C-1] o.a.k.c.c.internals.ConsumerCoordinator  : [Consumer clientId=consumer-midas-core-1, groupId=midas-core] Group coordinator localhost:59705 (id: 2147483647 rack: null) is unavailable or invalid due to cause: coordinator unavailable. isDisconnected: false. Rediscovery will be attempted.
2026-05-14T05:47:17.610-05:00  INFO 84448 --- [ntainer#0-0-C-1] o.a.k.c.c.internals.ConsumerCoordinator  : [Consumer clientId=consumer-midas-core-1, groupId=midas-core] Requesting disconnect from last known coordinator localhost:59705 (id: 2147483647 rack: null)
2026-05-14T05:47:17.720-05:00  INFO 84448 --- [ntainer#0-0-C-1] o.a.k.c.c.internals.ConsumerCoordinator  : [Consumer clientId=consumer-midas-core-1, groupId=midas-core] Discovered group coordinator localhost:59705 (id: 2147483647 rack: null)
2026-05-14T06:04:23.580-05:00  INFO 84448 --- [ntainer#0-0-C-1] org.apache.kafka.clients.NetworkClient   : [Consumer clientId=consumer-midas-core-1, groupId=midas-core] Disconnecting from node 0 due to request timeout.
2026-05-14T06:04:23.584-05:00  INFO 84448 --- [ntainer#0-0-C-1] org.apache.kafka.clients.NetworkClient   : [Consumer clientId=consumer-midas-core-1, groupId=midas-core] Cancelled in-flight FETCH request with correlation id 31759 due to node 0 being disconnected (elapsed time since creation: 1011158ms, elapsed time since send: 1011158ms, request timeout: 30000ms)
2026-05-14T06:04:23.585-05:00  INFO 84448 --- [ad | midas-core] o.a.k.c.c.internals.ConsumerCoordinator  : [Consumer clientId=consumer-midas-core-1, groupId=midas-core] Group coordinator localhost:59705 (id: 2147483647 rack: null) is unavailable or invalid due to cause: session timed out without receiving a heartbeat response. isDisconnected: false. Rediscovery will be attempted.
2026-05-14T06:04:23.585-05:00  INFO 84448 --- [ad | midas-core] o.a.k.c.c.internals.ConsumerCoordinator  : [Consumer clientId=consumer-midas-core-1, groupId=midas-core] Requesting disconnect from last known coordinator localhost:59705 (id: 2147483647 rack: null)
2026-05-14T06:04:23.585-05:00  INFO 84448 --- [ad | midas-core] org.apache.kafka.clients.NetworkClient   : [Consumer clientId=consumer-midas-core-1, groupId=midas-core] Client requested disconnect from node 2147483647
2026-05-14T06:04:23.585-05:00  INFO 84448 --- [ntainer#0-0-C-1] o.a.kafka.clients.FetchSessionHandler    : [Consumer clientId=consumer-midas-core-1, groupId=midas-core] Error sending fetch request (sessionId=1503116297, epoch=64) to node 0:

org.apache.kafka.common.errors.DisconnectException: null

2026-05-14T06:04:23.685-05:00  INFO 84448 --- [ntainer#0-0-C-1] o.a.k.c.c.internals.ConsumerCoordinator  : [Consumer clientId=consumer-midas-core-1, groupId=midas-core] Discovered group coordinator localhost:59705 (id: 2147483647 rack: null)
2026-05-14T06:04:23.691-05:00  WARN 84448 --- [l-1 housekeeper] com.zaxxer.hikari.pool.HikariPool        : HikariPool-1 - Thread starvation or clock leap detected (housekeeper delta=50m43s945ms).
2026-05-14T06:04:28.343-05:00  INFO 84448 --- [           main] com.jpmc.midascore.TaskTwoTests          : ...
2026-05-14T06:20:22.868-05:00  INFO 84448 --- [ad | midas-core] o.a.k.c.c.internals.ConsumerCoordinator  : [Consumer clientId=consumer-midas-core-1, groupId=midas-core] Group coordinator localhost:59705 (id: 2147483647 rack: null) is unavailable or invalid due to cause: session timed out without receiving a heartbeat response. isDisconnected: false. Rediscovery will be attempted.
2026-05-14T06:20:22.869-05:00  INFO 84448 --- [ad | midas-core] o.a.k.c.c.internals.ConsumerCoordinator  : [Consumer clientId=consumer-midas-core-1, groupId=midas-core] Requesting disconnect from last known coordinator localhost:59705 (id: 2147483647 rack: null)
2026-05-14T06:20:22.869-05:00  INFO 84448 --- [ad | midas-core] org.apache.kafka.clients.NetworkClient   : [Consumer clientId=consumer-midas-core-1, groupId=midas-core] Client requested disconnect from node 2147483647
2026-05-14T06:20:22.875-05:00  INFO 84448 --- [ntainer#0-0-C-1] o.a.k.c.c.internals.ConsumerCoordinator  : [Consumer clientId=consumer-midas-core-1, groupId=midas-core] Discovered group coordinator localhost:59705 (id: 2147483647 rack: null)
2026-05-14T06:20:22.875-05:00  INFO 84448 --- [ntainer#0-0-C-1] o.a.k.c.c.internals.ConsumerCoordinator  : [Consumer clientId=consumer-midas-core-1, groupId=midas-core] Group coordinator localhost:59705 (id: 2147483647 rack: null) is unavailable or invalid due to cause: coordinator unavailable. isDisconnected: false. Rediscovery will be attempted.
2026-05-14T06:20:22.875-05:00  INFO 84448 --- [ntainer#0-0-C-1] o.a.k.c.c.internals.ConsumerCoordinator  : [Consumer clientId=consumer-midas-core-1, groupId=midas-core] Requesting disconnect from last known coordinator localhost:59705 (id: 2147483647 rack: null)
2026-05-14T06:20:22.986-05:00  INFO 84448 --- [ntainer#0-0-C-1] o.a.k.c.c.internals.ConsumerCoordinator  : [Consumer clientId=consumer-midas-core-1, groupId=midas-core] Discovered group coordinator localhost:59705 (id: 2147483647 rack: null)
2026-05-14T06:37:41.522-05:00  INFO 84448 --- [ad | midas-core] o.a.k.c.c.internals.ConsumerCoordinator  : [Consumer clientId=consumer-midas-core-1, groupId=midas-core] Group coordinator localhost:59705 (id: 2147483647 rack: null) is unavailable or invalid due to cause: session timed out without receiving a heartbeat response. isDisconnected: false. Rediscovery will be attempted.
2026-05-14T06:37:41.526-05:00  INFO 84448 --- [ad | midas-core] o.a.k.c.c.internals.ConsumerCoordinator  : [Consumer clientId=consumer-midas-core-1, groupId=midas-core] Requesting disconnect from last known coordinator localhost:59705 (id: 2147483647 rack: null)
2026-05-14T06:37:41.526-05:00  INFO 84448 --- [ad | midas-core] org.apache.kafka.clients.NetworkClient   : [Consumer clientId=consumer-midas-core-1, groupId=midas-core] Client requested disconnect from node 2147483647
2026-05-14T06:37:41.534-05:00  INFO 84448 --- [ntainer#0-0-C-1] o.a.k.c.c.internals.ConsumerCoordinator  : [Consumer clientId=consumer-midas-core-1, groupId=midas-core] Discovered group coordinator localhost:59705 (id: 2147483647 rack: null)
2026-05-14T06:37:41.534-05:00  INFO 84448 --- [ntainer#0-0-C-1] o.a.k.c.c.internals.ConsumerCoordinator  : [Consumer clientId=consumer-midas-core-1, groupId=midas-core] Group coordinator localhost:59705 (id: 2147483647 rack: null) is unavailable or invalid due to cause: coordinator unavailable. isDisconnected: false. Rediscovery will be attempted.
2026-05-14T06:37:41.534-05:00  INFO 84448 --- [ntainer#0-0-C-1] o.a.k.c.c.internals.ConsumerCoordinator  : [Consumer clientId=consumer-midas-core-1, groupId=midas-core] Requesting disconnect from last known coordinator localhost:59705 (id: 2147483647 rack: null)
2026-05-14T06:37:41.644-05:00  INFO 84448 --- [ntainer#0-0-C-1] o.a.k.c.c.internals.ConsumerCoordinator  : [Consumer clientId=consumer-midas-core-1, groupId=midas-core] Discovered group coordinator localhost:59705 (id: 2147483647 rack: null)
2026-05-14T06:52:53.484-05:00  INFO 84448 --- [ad | midas-core] o.a.k.c.c.internals.ConsumerCoordinator  : [Consumer clientId=consumer-midas-core-1, groupId=midas-core] Group coordinator localhost:59705 (id: 2147483647 rack: null) is unavailable or invalid due to cause: session timed out without receiving a heartbeat response. isDisconnected: false. Rediscovery will be attempted.
2026-05-14T06:52:53.485-05:00  INFO 84448 --- [ad | midas-core] o.a.k.c.c.internals.ConsumerCoordinator  : [Consumer clientId=consumer-midas-core-1, groupId=midas-core] Requesting disconnect from last known coordinator localhost:59705 (id: 2147483647 rack: null)
2026-05-14T06:52:53.485-05:00  INFO 84448 --- [ad | midas-core] org.apache.kafka.clients.NetworkClient   : [Consumer clientId=consumer-midas-core-1, groupId=midas-core] Client requested disconnect from node 2147483647
2026-05-14T06:52:53.513-05:00  INFO 84448 --- [ntainer#0-0-C-1] o.a.k.c.c.internals.ConsumerCoordinator  : [Consumer clientId=consumer-midas-core-1, groupId=midas-core] Discovered group coordinator localhost:59705 (id: 2147483647 rack: null)
2026-05-14T06:52:53.514-05:00  INFO 84448 --- [ntainer#0-0-C-1] o.a.k.c.c.internals.ConsumerCoordinator  : [Consumer clientId=consumer-midas-core-1, groupId=midas-core] Group coordinator localhost:59705 (id: 2147483647 rack: null) is unavailable or invalid due to cause: coordinator unavailable. isDisconnected: false. Rediscovery will be attempted.
2026-05-14T06:52:53.514-05:00  INFO 84448 --- [ntainer#0-0-C-1] o.a.k.c.c.internals.ConsumerCoordinator  : [Consumer clientId=consumer-midas-core-1, groupId=midas-core] Requesting disconnect from last known coordinator localhost:59705 (id: 2147483647 rack: null)
2026-05-14T06:52:53.617-05:00  INFO 84448 --- [ntainer#0-0-C-1] o.a.k.c.c.internals.ConsumerCoordinator  : [Consumer clientId=consumer-midas-core-1, groupId=midas-core] Discovered group coordinator localhost:59705 (id: 2147483647 rack: null)
2026-05-14T06:52:54.159-05:00  INFO 84448 --- [           main] com.jpmc.midascore.TaskTwoTests          : ...
2026-05-14T07:10:43.826-05:00  INFO 84448 --- [ad | midas-core] o.a.k.c.c.internals.ConsumerCoordinator  : [Consumer clientId=consumer-midas-core-1, groupId=midas-core] Group coordinator localhost:59705 (id: 2147483647 rack: null) is unavailable or invalid due to cause: session timed out without receiving a heartbeat response. isDisconnected: false. Rediscovery will be attempted.
2026-05-14T07:10:43.826-05:00  INFO 84448 --- [ad | midas-core] o.a.k.c.c.internals.ConsumerCoordinator  : [Consumer clientId=consumer-midas-core-1, groupId=midas-core] Requesting disconnect from last known coordinator localhost:59705 (id: 2147483647 rack: null)
2026-05-14T07:10:43.826-05:00  INFO 84448 --- [ad | midas-core] org.apache.kafka.clients.NetworkClient   : [Consumer clientId=consumer-midas-core-1, groupId=midas-core] Client requested disconnect from node 2147483647
2026-05-14T07:10:43.840-05:00  INFO 84448 --- [ntainer#0-0-C-1] o.a.k.c.c.internals.ConsumerCoordinator  : [Consumer clientId=consumer-midas-core-1, groupId=midas-core] Discovered group coordinator localhost:59705 (id: 2147483647 rack: null)
2026-05-14T07:10:43.840-05:00  INFO 84448 --- [ntainer#0-0-C-1] o.a.k.c.c.internals.ConsumerCoordinator  : [Consumer clientId=consumer-midas-core-1, groupId=midas-core] Group coordinator localhost:59705 (id: 2147483647 rack: null) is unavailable or invalid due to cause: coordinator unavailable. isDisconnected: false. Rediscovery will be attempted.
2026-05-14T07:10:43.840-05:00  INFO 84448 --- [ntainer#0-0-C-1] o.a.k.c.c.internals.ConsumerCoordinator  : [Consumer clientId=consumer-midas-core-1, groupId=midas-core] Requesting disconnect from last known coordinator localhost:59705 (id: 2147483647 rack: null)
2026-05-14T07:10:43.943-05:00  INFO 84448 --- [ntainer#0-0-C-1] o.a.k.c.c.internals.ConsumerCoordinator  : [Consumer clientId=consumer-midas-core-1, groupId=midas-core] Discovered group coordinator localhost:59705 (id: 2147483647 rack: null)
2026-05-14T07:10:44.106-05:00  WARN 84448 --- [l-1 housekeeper] com.zaxxer.hikari.pool.HikariPool        : HikariPool-1 - Thread starvation or clock leap detected (housekeeper delta=1h6m20s415ms).
2026-05-14T07:26:41.479-05:00  INFO 84448 --- [ad | midas-core] o.a.k.c.c.internals.ConsumerCoordinator  : [Consumer clientId=consumer-midas-core-1, groupId=midas-core] Group coordinator localhost:59705 (id: 2147483647 rack: null) is unavailable or invalid due to cause: session timed out without receiving a heartbeat response. isDisconnected: false. Rediscovery will be attempted.
2026-05-14T07:26:41.480-05:00  INFO 84448 --- [ad | midas-core] o.a.k.c.c.internals.ConsumerCoordinator  : [Consumer clientId=consumer-midas-core-1, groupId=midas-core] Requesting disconnect from last known coordinator localhost:59705 (id: 2147483647 rack: null)
2026-05-14T07:26:41.480-05:00  INFO 84448 --- [ad | midas-core] org.apache.kafka.clients.NetworkClient   : [Consumer clientId=consumer-midas-core-1, groupId=midas-core] Client requested disconnect from node 2147483647
2026-05-14T07:26:41.488-05:00  INFO 84448 --- [ntainer#0-0-C-1] o.a.k.c.c.internals.ConsumerCoordinator  : [Consumer clientId=consumer-midas-core-1, groupId=midas-core] Discovered group coordinator localhost:59705 (id: 2147483647 rack: null)
2026-05-14T07:26:41.488-05:00  INFO 84448 --- [ntainer#0-0-C-1] o.a.k.c.c.internals.ConsumerCoordinator  : [Consumer clientId=consumer-midas-core-1, groupId=midas-core] Group coordinator localhost:59705 (id: 2147483647 rack: null) is unavailable or invalid due to cause: coordinator unavailable. isDisconnected: false. Rediscovery will be attempted.
2026-05-14T07:26:41.488-05:00  INFO 84448 --- [ntainer#0-0-C-1] o.a.k.c.c.internals.ConsumerCoordinator  : [Consumer clientId=consumer-midas-core-1, groupId=midas-core] Requesting disconnect from last known coordinator localhost:59705 (id: 2147483647 rack: null)
2026-05-14T07:26:41.595-05:00  INFO 84448 --- [ntainer#0-0-C-1] o.a.k.c.c.internals.ConsumerCoordinator  : [Consumer clientId=consumer-midas-core-1, groupId=midas-core] Discovered group coordinator localhost:59705 (id: 2147483647 rack: null)
2026-05-14T07:42:37.691-05:00  INFO 84448 --- [ad | midas-core] o.a.k.c.c.internals.ConsumerCoordinator  : [Consumer clientId=consumer-midas-core-1, groupId=midas-core] Group coordinator localhost:59705 (id: 2147483647 rack: null) is unavailable or invalid due to cause: session timed out without receiving a heartbeat response. isDisconnected: false. Rediscovery will be attempted.
2026-05-14T07:42:37.692-05:00  INFO 84448 --- [ad | midas-core] o.a.k.c.c.internals.ConsumerCoordinator  : [Consumer clientId=consumer-midas-core-1, groupId=midas-core] Requesting disconnect from last known coordinator localhost:59705 (id: 2147483647 rack: null)
2026-05-14T07:42:37.692-05:00  INFO 84448 --- [ad | midas-core] org.apache.kafka.clients.NetworkClient   : [Consumer clientId=consumer-midas-core-1, groupId=midas-core] Client requested disconnect from node 2147483647
2026-05-14T07:42:37.694-05:00  INFO 84448 --- [ntainer#0-0-C-1] o.a.k.c.c.internals.ConsumerCoordinator  : [Consumer clientId=consumer-midas-core-1, groupId=midas-core] Discovered group coordinator localhost:59705 (id: 2147483647 rack: null)
2026-05-14T07:42:37.694-05:00  INFO 84448 --- [ntainer#0-0-C-1] o.a.k.c.c.internals.ConsumerCoordinator  : [Consumer clientId=consumer-midas-core-1, groupId=midas-core] Group coordinator localhost:59705 (id: 2147483647 rack: null) is unavailable or invalid due to cause: coordinator unavailable. isDisconnected: false. Rediscovery will be attempted.
2026-05-14T07:42:37.694-05:00  INFO 84448 --- [ntainer#0-0-C-1] o.a.k.c.c.internals.ConsumerCoordinator  : [Consumer clientId=consumer-midas-core-1, groupId=midas-core] Requesting disconnect from last known coordinator localhost:59705 (id: 2147483647 rack: null)
2026-05-14T07:42:37.795-05:00  INFO 84448 --- [ntainer#0-0-C-1] o.a.k.c.c.internals.ConsumerCoordinator  : [Consumer clientId=consumer-midas-core-1, groupId=midas-core] Discovered group coordinator localhost:59705 (id: 2147483647 rack: null)
2026-05-14T07:42:41.745-05:00  INFO 84448 --- [           main] com.jpmc.midascore.TaskTwoTests          : ...
2026-05-14T08:00:30.310-05:00  INFO 84448 --- [ntainer#0-0-C-1] org.apache.kafka.clients.NetworkClient   : [Consumer clientId=consumer-midas-core-1, groupId=midas-core] Disconnecting from node 0 due to request timeout.
2026-05-14T08:00:30.311-05:00  INFO 84448 --- [ntainer#0-0-C-1] org.apache.kafka.clients.NetworkClient   : [Consumer clientId=consumer-midas-core-1, groupId=midas-core] Cancelled in-flight FETCH request with correlation id 31893 due to node 0 being disconnected (elapsed time since creation: 1067980ms, elapsed time since send: 1067980ms, request timeout: 30000ms)
2026-05-14T08:00:30.319-05:00  INFO 84448 --- [ad | midas-core] o.a.k.c.c.internals.ConsumerCoordinator  : [Consumer clientId=consumer-midas-core-1, groupId=midas-core] Group coordinator localhost:59705 (id: 2147483647 rack: null) is unavailable or invalid due to cause: session timed out without receiving a heartbeat response. isDisconnected: false. Rediscovery will be attempted.
2026-05-14T08:00:30.319-05:00  INFO 84448 --- [ad | midas-core] o.a.k.c.c.internals.ConsumerCoordinator  : [Consumer clientId=consumer-midas-core-1, groupId=midas-core] Requesting disconnect from last known coordinator localhost:59705 (id: 2147483647 rack: null)
2026-05-14T08:00:30.319-05:00  INFO 84448 --- [ad | midas-core] org.apache.kafka.clients.NetworkClient   : [Consumer clientId=consumer-midas-core-1, groupId=midas-core] Client requested disconnect from node 2147483647
2026-05-14T08:00:30.312-05:00  INFO 84448 --- [ntainer#0-0-C-1] o.a.kafka.clients.FetchSessionHandler    : [Consumer clientId=consumer-midas-core-1, groupId=midas-core] Error sending fetch request (sessionId=850001320, epoch=88) to node 0:

org.apache.kafka.common.errors.DisconnectException: null

2026-05-14T08:00:30.411-05:00  INFO 84448 --- [ntainer#0-0-C-1] o.a.k.c.c.internals.ConsumerCoordinator  : [Consumer clientId=consumer-midas-core-1, groupId=midas-core] Discovered group coordinator localhost:59705 (id: 2147483647 rack: null)
2026-05-14T08:18:33.481-05:00  INFO 84448 --- [ad | midas-core] o.a.k.c.c.internals.ConsumerCoordinator  : [Consumer clientId=consumer-midas-core-1, groupId=midas-core] Group coordinator localhost:59705 (id: 2147483647 rack: null) is unavailable or invalid due to cause: session timed out without receiving a heartbeat response. isDisconnected: false. Rediscovery will be attempted.
2026-05-14T08:18:33.481-05:00  INFO 84448 --- [ad | midas-core] o.a.k.c.c.internals.ConsumerCoordinator  : [Consumer clientId=consumer-midas-core-1, groupId=midas-core] Requesting disconnect from last known coordinator localhost:59705 (id: 2147483647 rack: null)
2026-05-14T08:18:33.481-05:00  INFO 84448 --- [ad | midas-core] org.apache.kafka.clients.NetworkClient   : [Consumer clientId=consumer-midas-core-1, groupId=midas-core] Client requested disconnect from node 2147483647
2026-05-14T08:18:33.489-05:00  INFO 84448 --- [ntainer#0-0-C-1] o.a.k.c.c.internals.ConsumerCoordinator  : [Consumer clientId=consumer-midas-core-1, groupId=midas-core] Discovered group coordinator localhost:59705 (id: 2147483647 rack: null)
2026-05-14T08:18:33.489-05:00  INFO 84448 --- [ntainer#0-0-C-1] o.a.k.c.c.internals.ConsumerCoordinator  : [Consumer clientId=consumer-midas-core-1, groupId=midas-core] Group coordinator localhost:59705 (id: 2147483647 rack: null) is unavailable or invalid due to cause: coordinator unavailable. isDisconnected: false. Rediscovery will be attempted.
2026-05-14T08:18:33.489-05:00  INFO 84448 --- [ntainer#0-0-C-1] o.a.k.c.c.internals.ConsumerCoordinator  : [Consumer clientId=consumer-midas-core-1, groupId=midas-core] Requesting disconnect from last known coordinator localhost:59705 (id: 2147483647 rack: null)
2026-05-14T08:18:33.595-05:00  INFO 84448 --- [ntainer#0-0-C-1] o.a.k.c.c.internals.ConsumerCoordinator  : [Consumer clientId=consumer-midas-core-1, groupId=midas-core] Discovered group coordinator localhost:59705 (id: 2147483647 rack: null)
2026-05-14T08:18:34.158-05:00  WARN 84448 --- [l-1 housekeeper] com.zaxxer.hikari.pool.HikariPool        : HikariPool-1 - Thread starvation or clock leap detected (housekeeper delta=1h7m50s52ms).
2026-05-14T08:34:39.384-05:00  INFO 84448 --- [           main] com.jpmc.midascore.TaskTwoTests          : ...
2026-05-14T08:34:39.708-05:00  INFO 84448 --- [ad | midas-core] o.a.k.c.c.internals.ConsumerCoordinator  : [Consumer clientId=consumer-midas-core-1, groupId=midas-core] Group coordinator localhost:59705 (id: 2147483647 rack: null) is unavailable or invalid due to cause: session timed out without receiving a heartbeat response. isDisconnected: false. Rediscovery will be attempted.
2026-05-14T08:34:39.708-05:00  INFO 84448 --- [ad | midas-core] o.a.k.c.c.internals.ConsumerCoordinator  : [Consumer clientId=consumer-midas-core-1, groupId=midas-core] Requesting disconnect from last known coordinator localhost:59705 (id: 2147483647 rack: null)
2026-05-14T08:34:39.708-05:00  INFO 84448 --- [ad | midas-core] org.apache.kafka.clients.NetworkClient   : [Consumer clientId=consumer-midas-core-1, groupId=midas-core] Client requested disconnect from node 2147483647
2026-05-14T08:34:39.719-05:00  INFO 84448 --- [ntainer#0-0-C-1] o.a.k.c.c.internals.ConsumerCoordinator  : [Consumer clientId=consumer-midas-core-1, groupId=midas-core] Discovered group coordinator localhost:59705 (id: 2147483647 rack: null)
2026-05-14T08:34:39.719-05:00  INFO 84448 --- [ntainer#0-0-C-1] o.a.k.c.c.internals.ConsumerCoordinator  : [Consumer clientId=consumer-midas-core-1, groupId=midas-core] Group coordinator localhost:59705 (id: 2147483647 rack: null) is unavailable or invalid due to cause: coordinator unavailable. isDisconnected: false. Rediscovery will be attempted.
2026-05-14T08:34:39.719-05:00  INFO 84448 --- [ntainer#0-0-C-1] o.a.k.c.c.internals.ConsumerCoordinator  : [Consumer clientId=consumer-midas-core-1, groupId=midas-core] Requesting disconnect from last known coordinator localhost:59705 (id: 2147483647 rack: null)
2026-05-14T08:34:39.822-05:00  INFO 84448 --- [ntainer#0-0-C-1] o.a.k.c.c.internals.ConsumerCoordinator  : [Consumer clientId=consumer-midas-core-1, groupId=midas-core] Discovered group coordinator localhost:59705 (id: 2147483647 rack: null)
2026-05-14T08:50:52.345-05:00  INFO 84448 --- [ad | midas-core] o.a.k.c.c.internals.ConsumerCoordinator  : [Consumer clientId=consumer-midas-core-1, groupId=midas-core] Group coordinator localhost:59705 (id: 2147483647 rack: null) is unavailable or invalid due to cause: session timed out without receiving a heartbeat response. isDisconnected: false. Rediscovery will be attempted.
2026-05-14T08:50:52.346-05:00  INFO 84448 --- [ad | midas-core] o.a.k.c.c.internals.ConsumerCoordinator  : [Consumer clientId=consumer-midas-core-1, groupId=midas-core] Requesting disconnect from last known coordinator localhost:59705 (id: 2147483647 rack: null)
2026-05-14T08:50:52.346-05:00  INFO 84448 --- [ad | midas-core] org.apache.kafka.clients.NetworkClient   : [Consumer clientId=consumer-midas-core-1, groupId=midas-core] Client requested disconnect from node 2147483647
2026-05-14T08:50:52.348-05:00  INFO 84448 --- [ntainer#0-0-C-1] o.a.k.c.c.internals.ConsumerCoordinator  : [Consumer clientId=consumer-midas-core-1, groupId=midas-core] Discovered group coordinator localhost:59705 (id: 2147483647 rack: null)
2026-05-14T08:50:52.348-05:00  INFO 84448 --- [ntainer#0-0-C-1] o.a.k.c.c.internals.ConsumerCoordinator  : [Consumer clientId=consumer-midas-core-1, groupId=midas-core] Group coordinator localhost:59705 (id: 2147483647 rack: null) is unavailable or invalid due to cause: coordinator unavailable. isDisconnected: false. Rediscovery will be attempted.
2026-05-14T08:50:52.348-05:00  INFO 84448 --- [ntainer#0-0-C-1] o.a.k.c.c.internals.ConsumerCoordinator  : [Consumer clientId=consumer-midas-core-1, groupId=midas-core] Requesting disconnect from last known coordinator localhost:59705 (id: 2147483647 rack: null)
2026-05-14T08:50:52.455-05:00  INFO 84448 --- [ntainer#0-0-C-1] o.a.k.c.c.internals.ConsumerCoordinator  : [Consumer clientId=consumer-midas-core-1, groupId=midas-core] Discovered group coordinator localhost:59705 (id: 2147483647 rack: null)
2026-05-14T08:53:53.624-05:00  INFO 84448 --- [ad | midas-core] o.a.k.c.c.internals.ConsumerCoordinator  : [Consumer clientId=consumer-midas-core-1, groupId=midas-core] Group coordinator localhost:59705 (id: 2147483647 rack: null) is unavailable or invalid due to cause: session timed out without receiving a heartbeat response. isDisconnected: false. Rediscovery will be attempted.
2026-05-14T08:53:53.626-05:00  INFO 84448 --- [ad | midas-core] o.a.k.c.c.internals.ConsumerCoordinator  : [Consumer clientId=consumer-midas-core-1, groupId=midas-core] Requesting disconnect from last known coordinator localhost:59705 (id: 2147483647 rack: null)
2026-05-14T08:53:53.626-05:00  INFO 84448 --- [ad | midas-core] org.apache.kafka.clients.NetworkClient   : [Consumer clientId=consumer-midas-core-1, groupId=midas-core] Client requested disconnect from node 2147483647
2026-05-14T08:53:53.631-05:00  INFO 84448 --- [ntainer#0-0-C-1] o.a.k.c.c.internals.ConsumerCoordinator  : [Consumer clientId=consumer-midas-core-1, groupId=midas-core] Discovered group coordinator localhost:59705 (id: 2147483647 rack: null)
2026-05-14T08:53:53.631-05:00  INFO 84448 --- [ntainer#0-0-C-1] o.a.k.c.c.internals.ConsumerCoordinator  : [Consumer clientId=consumer-midas-core-1, groupId=midas-core] Group coordinator localhost:59705 (id: 2147483647 rack: null) is unavailable or invalid due to cause: coordinator unavailable. isDisconnected: false. Rediscovery will be attempted.
2026-05-14T08:53:53.631-05:00  INFO 84448 --- [ntainer#0-0-C-1] o.a.k.c.c.internals.ConsumerCoordinator  : [Consumer clientId=consumer-midas-core-1, groupId=midas-core] Requesting disconnect from last known coordinator localhost:59705 (id: 2147483647 rack: null)
2026-05-14T08:53:53.734-05:00  INFO 84448 --- [ntainer#0-0-C-1] o.a.k.c.c.internals.ConsumerCoordinator  : [Consumer clientId=consumer-midas-core-1, groupId=midas-core] Discovered group coordinator localhost:59705 (id: 2147483647 rack: null)
2026-05-14T09:07:43.253-05:00  INFO 84448 --- [ad | midas-core] o.a.k.c.c.internals.ConsumerCoordinator  : [Consumer clientId=consumer-midas-core-1, groupId=midas-core] Group coordinator localhost:59705 (id: 2147483647 rack: null) is unavailable or invalid due to cause: session timed out without receiving a heartbeat response. isDisconnected: false. Rediscovery will be attempted.
2026-05-14T09:07:43.256-05:00  INFO 84448 --- [ad | midas-core] o.a.k.c.c.internals.ConsumerCoordinator  : [Consumer clientId=consumer-midas-core-1, groupId=midas-core] Requesting disconnect from last known coordinator localhost:59705 (id: 2147483647 rack: null)
2026-05-14T09:07:43.345-05:00  INFO 84448 --- [ad | midas-core] org.apache.kafka.clients.NetworkClient   : [Consumer clientId=consumer-midas-core-1, groupId=midas-core] Client requested disconnect from node 2147483647
2026-05-14T09:07:43.352-05:00  INFO 84448 --- [ntainer#0-0-C-1] o.a.k.c.c.internals.ConsumerCoordinator  : [Consumer clientId=consumer-midas-core-1, groupId=midas-core] Discovered group coordinator localhost:59705 (id: 2147483647 rack: null)
2026-05-14T09:07:43.352-05:00  INFO 84448 --- [ntainer#0-0-C-1] o.a.k.c.c.internals.ConsumerCoordinator  : [Consumer clientId=consumer-midas-core-1, groupId=midas-core] Group coordinator localhost:59705 (id: 2147483647 rack: null) is unavailable or invalid due to cause: coordinator unavailable. isDisconnected: false. Rediscovery will be attempted.
2026-05-14T09:07:43.352-05:00  INFO 84448 --- [ntainer#0-0-C-1] o.a.k.c.c.internals.ConsumerCoordinator  : [Consumer clientId=consumer-midas-core-1, groupId=midas-core] Requesting disconnect from last known coordinator localhost:59705 (id: 2147483647 rack: null)
2026-05-14T09:07:43.453-05:00  INFO 84448 --- [ntainer#0-0-C-1] o.a.k.c.c.internals.ConsumerCoordinator  : [Consumer clientId=consumer-midas-core-1, groupId=midas-core] Discovered group coordinator localhost:59705 (id: 2147483647 rack: null)
2026-05-14T09:07:44.449-05:00  INFO 84448 --- [           main] com.jpmc.midascore.TaskTwoTests          : ...
2026-05-14T09:07:49.782-05:00  WARN 84448 --- [l-1 housekeeper] com.zaxxer.hikari.pool.HikariPool        : HikariPool-1 - Thread starvation or clock leap detected (housekeeper delta=49m15s623ms).
2026-05-14T09:25:36.222-05:00  INFO 84448 --- [ad | midas-core] o.a.k.c.c.internals.ConsumerCoordinator  : [Consumer clientId=consumer-midas-core-1, groupId=midas-core] Group coordinator localhost:59705 (id: 2147483647 rack: null) is unavailable or invalid due to cause: session timed out without receiving a heartbeat response. isDisconnected: false. Rediscovery will be attempted.
2026-05-14T09:25:36.222-05:00  INFO 84448 --- [ad | midas-core] o.a.k.c.c.internals.ConsumerCoordinator  : [Consumer clientId=consumer-midas-core-1, groupId=midas-core] Requesting disconnect from last known coordinator localhost:59705 (id: 2147483647 rack: null)
2026-05-14T09:25:36.223-05:00  INFO 84448 --- [ad | midas-core] org.apache.kafka.clients.NetworkClient   : [Consumer clientId=consumer-midas-core-1, groupId=midas-core] Client requested disconnect from node 2147483647
2026-05-14T09:25:36.322-05:00  INFO 84448 --- [ntainer#0-0-C-1] o.a.k.c.c.internals.ConsumerCoordinator  : [Consumer clientId=consumer-midas-core-1, groupId=midas-core] Discovered group coordinator localhost:59705 (id: 2147483647 rack: null)
2026-05-14T09:40:51.432-05:00  INFO 84448 --- [ad | midas-core] o.a.k.c.c.internals.ConsumerCoordinator  : [Consumer clientId=consumer-midas-core-1, groupId=midas-core] Group coordinator localhost:59705 (id: 2147483647 rack: null) is unavailable or invalid due to cause: session timed out without receiving a heartbeat response. isDisconnected: false. Rediscovery will be attempted.
2026-05-14T09:40:51.432-05:00  INFO 84448 --- [ad | midas-core] o.a.k.c.c.internals.ConsumerCoordinator  : [Consumer clientId=consumer-midas-core-1, groupId=midas-core] Requesting disconnect from last known coordinator localhost:59705 (id: 2147483647 rack: null)
2026-05-14T09:40:51.432-05:00  INFO 84448 --- [ad | midas-core] org.apache.kafka.clients.NetworkClient   : [Consumer clientId=consumer-midas-core-1, groupId=midas-core] Client requested disconnect from node 2147483647
2026-05-14T09:40:51.435-05:00  INFO 84448 --- [ntainer#0-0-C-1] o.a.k.c.c.internals.ConsumerCoordinator  : [Consumer clientId=consumer-midas-core-1, groupId=midas-core] Discovered group coordinator localhost:59705 (id: 2147483647 rack: null)
2026-05-14T09:40:51.435-05:00  INFO 84448 --- [ntainer#0-0-C-1] o.a.k.c.c.internals.ConsumerCoordinator  : [Consumer clientId=consumer-midas-core-1, groupId=midas-core] Group coordinator localhost:59705 (id: 2147483647 rack: null) is unavailable or invalid due to cause: coordinator unavailable. isDisconnected: false. Rediscovery will be attempted.
2026-05-14T09:40:51.435-05:00  INFO 84448 --- [ntainer#0-0-C-1] o.a.k.c.c.internals.ConsumerCoordinator  : [Consumer clientId=consumer-midas-core-1, groupId=midas-core] Requesting disconnect from last known coordinator localhost:59705 (id: 2147483647 rack: null)
2026-05-14T09:40:51.543-05:00  INFO 84448 --- [ntainer#0-0-C-1] o.a.k.c.c.internals.ConsumerCoordinator  : [Consumer clientId=consumer-midas-core-1, groupId=midas-core] Discovered group coordinator localhost:59705 (id: 2147483647 rack: null)
2026-05-14T09:40:59.162-05:00  INFO 84448 --- [           main] com.jpmc.midascore.TaskTwoTests          : ...
2026-05-14T09:54:53.201-05:00  INFO 84448 --- [ad | midas-core] o.a.k.c.c.internals.ConsumerCoordinator  : [Consumer clientId=consumer-midas-core-1, groupId=midas-core] Group coordinator localhost:59705 (id: 2147483647 rack: null) is unavailable or invalid due to cause: session timed out without receiving a heartbeat response. isDisconnected: false. Rediscovery will be attempted.
2026-05-14T09:54:53.201-05:00  INFO 84448 --- [ad | midas-core] o.a.k.c.c.internals.ConsumerCoordinator  : [Consumer clientId=consumer-midas-core-1, groupId=midas-core] Requesting disconnect from last known coordinator localhost:59705 (id: 2147483647 rack: null)
2026-05-14T09:54:53.201-05:00  INFO 84448 --- [ad | midas-core] org.apache.kafka.clients.NetworkClient   : [Consumer clientId=consumer-midas-core-1, groupId=midas-core] Client requested disconnect from node 2147483647
2026-05-14T09:54:53.202-05:00  INFO 84448 --- [ntainer#0-0-C-1] o.a.k.c.c.internals.ConsumerCoordinator  : [Consumer clientId=consumer-midas-core-1, groupId=midas-core] Discovered group coordinator localhost:59705 (id: 2147483647 rack: null)
2026-05-14T09:54:53.202-05:00  INFO 84448 --- [ntainer#0-0-C-1] o.a.k.c.c.internals.ConsumerCoordinator  : [Consumer clientId=consumer-midas-core-1, groupId=midas-core] Group coordinator localhost:59705 (id: 2147483647 rack: null) is unavailable or invalid due to cause: coordinator unavailable. isDisconnected: false. Rediscovery will be attempted.
2026-05-14T09:54:53.202-05:00  INFO 84448 --- [ntainer#0-0-C-1] o.a.k.c.c.internals.ConsumerCoordinator  : [Consumer clientId=consumer-midas-core-1, groupId=midas-core] Requesting disconnect from last known coordinator localhost:59705 (id: 2147483647 rack: null)
2026-05-14T09:54:53.313-05:00  INFO 84448 --- [ntainer#0-0-C-1] o.a.k.c.c.internals.ConsumerCoordinator  : [Consumer clientId=consumer-midas-core-1, groupId=midas-core] Discovered group coordinator localhost:59705 (id: 2147483647 rack: null)
2026-05-14T10:10:26.199-05:00  INFO 84448 --- [ad | midas-core] o.a.k.c.c.internals.ConsumerCoordinator  : [Consumer clientId=consumer-midas-core-1, groupId=midas-core] Group coordinator localhost:59705 (id: 2147483647 rack: null) is unavailable or invalid due to cause: session timed out without receiving a heartbeat response. isDisconnected: false. Rediscovery will be attempted.
2026-05-14T10:10:26.199-05:00  INFO 84448 --- [ad | midas-core] o.a.k.c.c.internals.ConsumerCoordinator  : [Consumer clientId=consumer-midas-core-1, groupId=midas-core] Requesting disconnect from last known coordinator localhost:59705 (id: 2147483647 rack: null)
2026-05-14T10:10:26.200-05:00  INFO 84448 --- [ad | midas-core] org.apache.kafka.clients.NetworkClient   : [Consumer clientId=consumer-midas-core-1, groupId=midas-core] Client requested disconnect from node 2147483647
2026-05-14T10:10:26.209-05:00  INFO 84448 --- [ntainer#0-0-C-1] o.a.k.c.c.internals.ConsumerCoordinator  : [Consumer clientId=consumer-midas-core-1, groupId=midas-core] Discovered group coordinator localhost:59705 (id: 2147483647 rack: null)
2026-05-14T10:10:26.209-05:00  INFO 84448 --- [ntainer#0-0-C-1] o.a.k.c.c.internals.ConsumerCoordinator  : [Consumer clientId=consumer-midas-core-1, groupId=midas-core] Group coordinator localhost:59705 (id: 2147483647 rack: null) is unavailable or invalid due to cause: coordinator unavailable. isDisconnected: false. Rediscovery will be attempted.
2026-05-14T10:10:26.209-05:00  INFO 84448 --- [ntainer#0-0-C-1] o.a.k.c.c.internals.ConsumerCoordinator  : [Consumer clientId=consumer-midas-core-1, groupId=midas-core] Requesting disconnect from last known coordinator localhost:59705 (id: 2147483647 rack: null)
2026-05-14T10:10:26.320-05:00  INFO 84448 --- [ntainer#0-0-C-1] o.a.k.c.c.internals.ConsumerCoordinator  : [Consumer clientId=consumer-midas-core-1, groupId=midas-core] Discovered group coordinator localhost:59705 (id: 2147483647 rack: null)
2026-05-14T10:10:31.399-05:00  WARN 84448 --- [l-1 housekeeper] com.zaxxer.hikari.pool.HikariPool        : HikariPool-1 - Thread starvation or clock leap detected (housekeeper delta=1h2m41s618ms).
2026-05-14T10:10:36.459-05:00  INFO 84448 --- [           main] com.jpmc.midascore.TaskTwoTests          : ...
2026-05-14T10:26:34.243-05:00  INFO 84448 --- [ad | midas-core] o.a.k.c.c.internals.ConsumerCoordinator  : [Consumer clientId=consumer-midas-core-1, groupId=midas-core] Group coordinator localhost:59705 (id: 2147483647 rack: null) is unavailable or invalid due to cause: session timed out without receiving a heartbeat response. isDisconnected: false. Rediscovery will be attempted.
2026-05-14T10:26:34.244-05:00  INFO 84448 --- [ad | midas-core] o.a.k.c.c.internals.ConsumerCoordinator  : [Consumer clientId=consumer-midas-core-1, groupId=midas-core] Requesting disconnect from last known coordinator localhost:59705 (id: 2147483647 rack: null)
2026-05-14T10:26:34.246-05:00  INFO 84448 --- [ntainer#0-0-C-1] org.apache.kafka.clients.NetworkClient   : [Consumer clientId=consumer-midas-core-1, groupId=midas-core] Client requested disconnect from node 2147483647
2026-05-14T10:26:34.255-05:00  INFO 84448 --- [ntainer#0-0-C-1] o.a.k.c.c.internals.ConsumerCoordinator  : [Consumer clientId=consumer-midas-core-1, groupId=midas-core] Discovered group coordinator localhost:59705 (id: 2147483647 rack: null)
2026-05-14T10:26:34.255-05:00  INFO 84448 --- [ntainer#0-0-C-1] o.a.k.c.c.internals.ConsumerCoordinator  : [Consumer clientId=consumer-midas-core-1, groupId=midas-core] Group coordinator localhost:59705 (id: 2147483647 rack: null) is unavailable or invalid due to cause: coordinator unavailable. isDisconnected: false. Rediscovery will be attempted.
2026-05-14T10:26:34.255-05:00  INFO 84448 --- [ntainer#0-0-C-1] o.a.k.c.c.internals.ConsumerCoordinator  : [Consumer clientId=consumer-midas-core-1, groupId=midas-core] Requesting disconnect from last known coordinator localhost:59705 (id: 2147483647 rack: null)
2026-05-14T10:26:34.360-05:00  INFO 84448 --- [ntainer#0-0-C-1] o.a.k.c.c.internals.ConsumerCoordinator  : [Consumer clientId=consumer-midas-core-1, groupId=midas-core] Discovered group coordinator localhost:59705 (id: 2147483647 rack: null)
2026-05-14T10:43:11.429-05:00  INFO 84448 --- [ad | midas-core] o.a.k.c.c.internals.ConsumerCoordinator  : [Consumer clientId=consumer-midas-core-1, groupId=midas-core] Group coordinator localhost:59705 (id: 2147483647 rack: null) is unavailable or invalid due to cause: session timed out without receiving a heartbeat response. isDisconnected: false. Rediscovery will be attempted.
2026-05-14T10:43:11.429-05:00  INFO 84448 --- [ad | midas-core] o.a.k.c.c.internals.ConsumerCoordinator  : [Consumer clientId=consumer-midas-core-1, groupId=midas-core] Requesting disconnect from last known coordinator localhost:59705 (id: 2147483647 rack: null)
2026-05-14T10:43:11.429-05:00  INFO 84448 --- [ad | midas-core] org.apache.kafka.clients.NetworkClient   : [Consumer clientId=consumer-midas-core-1, groupId=midas-core] Client requested disconnect from node 2147483647
2026-05-14T10:43:11.430-05:00  INFO 84448 --- [ntainer#0-0-C-1] o.a.k.c.c.internals.ConsumerCoordinator  : [Consumer clientId=consumer-midas-core-1, groupId=midas-core] Discovered group coordinator localhost:59705 (id: 2147483647 rack: null)
2026-05-14T10:43:11.430-05:00  INFO 84448 --- [ntainer#0-0-C-1] o.a.k.c.c.internals.ConsumerCoordinator  : [Consumer clientId=consumer-midas-core-1, groupId=midas-core] Group coordinator localhost:59705 (id: 2147483647 rack: null) is unavailable or invalid due to cause: coordinator unavailable. isDisconnected: false. Rediscovery will be attempted.
2026-05-14T10:43:11.430-05:00  INFO 84448 --- [ntainer#0-0-C-1] o.a.k.c.c.internals.ConsumerCoordinator  : [Consumer clientId=consumer-midas-core-1, groupId=midas-core] Requesting disconnect from last known coordinator localhost:59705 (id: 2147483647 rack: null)
2026-05-14T10:43:11.535-05:00  INFO 84448 --- [ntainer#0-0-C-1] o.a.k.c.c.internals.ConsumerCoordinator  : [Consumer clientId=consumer-midas-core-1, groupId=midas-core] Discovered group coordinator localhost:59705 (id: 2147483647 rack: null)
2026-05-14T10:55:53.063-05:00  INFO 84448 --- [ntainer#0-0-C-1] org.apache.kafka.clients.NetworkClient   : [Consumer clientId=consumer-midas-core-1, groupId=midas-core] Disconnecting from node 0 due to request timeout.
2026-05-14T10:55:53.066-05:00  INFO 84448 --- [ntainer#0-0-C-1] org.apache.kafka.clients.NetworkClient   : [Consumer clientId=consumer-midas-core-1, groupId=midas-core] Cancelled in-flight FETCH request with correlation id 32156 due to node 0 being disconnected (elapsed time since creation: 756992ms, elapsed time since send: 756992ms, request timeout: 30000ms)
2026-05-14T10:55:53.068-05:00  INFO 84448 --- [ad | midas-core] o.a.k.c.c.internals.ConsumerCoordinator  : [Consumer clientId=consumer-midas-core-1, groupId=midas-core] Group coordinator localhost:59705 (id: 2147483647 rack: null) is unavailable or invalid due to cause: session timed out without receiving a heartbeat response. isDisconnected: false. Rediscovery will be attempted.
2026-05-14T10:55:53.068-05:00  INFO 84448 --- [ad | midas-core] o.a.k.c.c.internals.ConsumerCoordinator  : [Consumer clientId=consumer-midas-core-1, groupId=midas-core] Requesting disconnect from last known coordinator localhost:59705 (id: 2147483647 rack: null)
2026-05-14T10:55:53.068-05:00  INFO 84448 --- [ad | midas-core] org.apache.kafka.clients.NetworkClient   : [Consumer clientId=consumer-midas-core-1, groupId=midas-core] Client requested disconnect from node 2147483647
2026-05-14T10:55:53.067-05:00  INFO 84448 --- [ntainer#0-0-C-1] o.a.kafka.clients.FetchSessionHandler    : [Consumer clientId=consumer-midas-core-1, groupId=midas-core] Error sending fetch request (sessionId=1262677437, epoch=181) to node 0:

org.apache.kafka.common.errors.DisconnectException: null

2026-05-14T10:55:53.180-05:00  INFO 84448 --- [ntainer#0-0-C-1] o.a.k.c.c.internals.ConsumerCoordinator  : [Consumer clientId=consumer-midas-core-1, groupId=midas-core] Discovered group coordinator localhost:59705 (id: 2147483647 rack: null)
2026-05-14T10:55:59.025-05:00  INFO 84448 --- [           main] com.jpmc.midascore.TaskTwoTests          : ...
2026-05-14T10:56:04.364-05:00  WARN 84448 --- [l-1 housekeeper] com.zaxxer.hikari.pool.HikariPool        : HikariPool-1 - Thread starvation or clock leap detected (housekeeper delta=45m32s964ms).
2026-05-14T11:12:02.375-05:00  INFO 84448 --- [ad | midas-core] o.a.k.c.c.internals.ConsumerCoordinator  : [Consumer clientId=consumer-midas-core-1, groupId=midas-core] Group coordinator localhost:59705 (id: 2147483647 rack: null) is unavailable or invalid due to cause: session timed out without receiving a heartbeat response. isDisconnected: false. Rediscovery will be attempted.
2026-05-14T11:12:02.376-05:00  INFO 84448 --- [ad | midas-core] o.a.k.c.c.internals.ConsumerCoordinator  : [Consumer clientId=consumer-midas-core-1, groupId=midas-core] Requesting disconnect from last known coordinator localhost:59705 (id: 2147483647 rack: null)
2026-05-14T11:12:02.376-05:00  INFO 84448 --- [ad | midas-core] org.apache.kafka.clients.NetworkClient   : [Consumer clientId=consumer-midas-core-1, groupId=midas-core] Client requested disconnect from node 2147483647
2026-05-14T11:12:02.384-05:00  INFO 84448 --- [ntainer#0-0-C-1] o.a.k.c.c.internals.ConsumerCoordinator  : [Consumer clientId=consumer-midas-core-1, groupId=midas-core] Discovered group coordinator localhost:59705 (id: 2147483647 rack: null)
2026-05-14T11:12:02.384-05:00  INFO 84448 --- [ntainer#0-0-C-1] o.a.k.c.c.internals.ConsumerCoordinator  : [Consumer clientId=consumer-midas-core-1, groupId=midas-core] Group coordinator localhost:59705 (id: 2147483647 rack: null) is unavailable or invalid due to cause: coordinator unavailable. isDisconnected: false. Rediscovery will be attempted.
2026-05-14T11:12:02.384-05:00  INFO 84448 --- [ntainer#0-0-C-1] o.a.k.c.c.internals.ConsumerCoordinator  : [Consumer clientId=consumer-midas-core-1, groupId=midas-core] Requesting disconnect from last known coordinator localhost:59705 (id: 2147483647 rack: null)
2026-05-14T11:12:02.490-05:00  INFO 84448 --- [ntainer#0-0-C-1] o.a.k.c.c.internals.ConsumerCoordinator  : [Consumer clientId=consumer-midas-core-1, groupId=midas-core] Discovered group coordinator localhost:59705 (id: 2147483647 rack: null)
2026-05-14T11:27:13.008-05:00  INFO 84448 --- [ntainer#0-0-C-1] org.apache.kafka.clients.NetworkClient   : [Consumer clientId=consumer-midas-core-1, groupId=midas-core] Disconnecting from node 0 due to request timeout.
2026-05-14T11:27:13.011-05:00  INFO 84448 --- [ntainer#0-0-C-1] org.apache.kafka.clients.NetworkClient   : [Consumer clientId=consumer-midas-core-1, groupId=midas-core] Cancelled in-flight FETCH request with correlation id 32216 due to node 0 being disconnected (elapsed time since creation: 905982ms, elapsed time since send: 905982ms, request timeout: 30000ms)
2026-05-14T11:27:13.013-05:00  INFO 84448 --- [ad | midas-core] o.a.k.c.c.internals.ConsumerCoordinator  : [Consumer clientId=consumer-midas-core-1, groupId=midas-core] Group coordinator localhost:59705 (id: 2147483647 rack: null) is unavailable or invalid due to cause: session timed out without receiving a heartbeat response. isDisconnected: false. Rediscovery will be attempted.
2026-05-14T11:27:13.013-05:00  INFO 84448 --- [ad | midas-core] o.a.k.c.c.internals.ConsumerCoordinator  : [Consumer clientId=consumer-midas-core-1, groupId=midas-core] Requesting disconnect from last known coordinator localhost:59705 (id: 2147483647 rack: null)
2026-05-14T11:27:13.013-05:00  INFO 84448 --- [ad | midas-core] org.apache.kafka.clients.NetworkClient   : [Consumer clientId=consumer-midas-core-1, groupId=midas-core] Client requested disconnect from node 2147483647
2026-05-14T11:27:13.012-05:00  INFO 84448 --- [ntainer#0-0-C-1] o.a.kafka.clients.FetchSessionHandler    : [Consumer clientId=consumer-midas-core-1, groupId=midas-core] Error sending fetch request (sessionId=1745257787, epoch=43) to node 0:

org.apache.kafka.common.errors.DisconnectException: null

2026-05-14T11:27:13.111-05:00  INFO 84448 --- [ntainer#0-0-C-1] o.a.k.c.c.internals.ConsumerCoordinator  : [Consumer clientId=consumer-midas-core-1, groupId=midas-core] Discovered group coordinator localhost:59705 (id: 2147483647 rack: null)
2026-05-14T11:27:16.602-05:00  INFO 84448 --- [           main] com.jpmc.midascore.TaskTwoTests          : ...
2026-05-14T11:42:49.228-05:00  INFO 84448 --- [ad | midas-core] o.a.k.c.c.internals.ConsumerCoordinator  : [Consumer clientId=consumer-midas-core-1, groupId=midas-core] Group coordinator localhost:59705 (id: 2147483647 rack: null) is unavailable or invalid due to cause: session timed out without receiving a heartbeat response. isDisconnected: false. Rediscovery will be attempted.
2026-05-14T11:42:49.228-05:00  INFO 84448 --- [ad | midas-core] o.a.k.c.c.internals.ConsumerCoordinator  : [Consumer clientId=consumer-midas-core-1, groupId=midas-core] Requesting disconnect from last known coordinator localhost:59705 (id: 2147483647 rack: null)
2026-05-14T11:42:49.228-05:00  INFO 84448 --- [ad | midas-core] org.apache.kafka.clients.NetworkClient   : [Consumer clientId=consumer-midas-core-1, groupId=midas-core] Client requested disconnect from node 2147483647
2026-05-14T11:42:49.232-05:00  INFO 84448 --- [ntainer#0-0-C-1] o.a.k.c.c.internals.ConsumerCoordinator  : [Consumer clientId=consumer-midas-core-1, groupId=midas-core] Discovered group coordinator localhost:59705 (id: 2147483647 rack: null)
2026-05-14T11:42:49.232-05:00  INFO 84448 --- [ntainer#0-0-C-1] o.a.k.c.c.internals.ConsumerCoordinator  : [Consumer clientId=consumer-midas-core-1, groupId=midas-core] Group coordinator localhost:59705 (id: 2147483647 rack: null) is unavailable or invalid due to cause: coordinator unavailable. isDisconnected: false. Rediscovery will be attempted.
2026-05-14T11:42:49.232-05:00  INFO 84448 --- [ntainer#0-0-C-1] o.a.k.c.c.internals.ConsumerCoordinator  : [Consumer clientId=consumer-midas-core-1, groupId=midas-core] Requesting disconnect from last known coordinator localhost:59705 (id: 2147483647 rack: null)
2026-05-14T11:42:49.334-05:00  INFO 84448 --- [ntainer#0-0-C-1] o.a.k.c.c.internals.ConsumerCoordinator  : [Consumer clientId=consumer-midas-core-1, groupId=midas-core] Discovered group coordinator localhost:59705 (id: 2147483647 rack: null)
2026-05-14T11:56:53.943-05:00  INFO 84448 --- [ad | midas-core] o.a.k.c.c.internals.ConsumerCoordinator  : [Consumer clientId=consumer-midas-core-1, groupId=midas-core] Group coordinator localhost:59705 (id: 2147483647 rack: null) is unavailable or invalid due to cause: session timed out without receiving a heartbeat response. isDisconnected: false. Rediscovery will be attempted.
2026-05-14T11:56:53.944-05:00  INFO 84448 --- [ad | midas-core] o.a.k.c.c.internals.ConsumerCoordinator  : [Consumer clientId=consumer-midas-core-1, groupId=midas-core] Requesting disconnect from last known coordinator localhost:59705 (id: 2147483647 rack: null)
2026-05-14T11:56:53.944-05:00  INFO 84448 --- [ad | midas-core] org.apache.kafka.clients.NetworkClient   : [Consumer clientId=consumer-midas-core-1, groupId=midas-core] Client requested disconnect from node 2147483647
2026-05-14T11:56:53.944-05:00  INFO 84448 --- [ntainer#0-0-C-1] o.a.k.c.c.internals.ConsumerCoordinator  : [Consumer clientId=consumer-midas-core-1, groupId=midas-core] Discovered group coordinator localhost:59705 (id: 2147483647 rack: null)
2026-05-14T11:56:53.944-05:00  INFO 84448 --- [ntainer#0-0-C-1] o.a.k.c.c.internals.ConsumerCoordinator  : [Consumer clientId=consumer-midas-core-1, groupId=midas-core] Group coordinator localhost:59705 (id: 2147483647 rack: null) is unavailable or invalid due to cause: coordinator unavailable. isDisconnected: false. Rediscovery will be attempted.
2026-05-14T11:56:53.944-05:00  INFO 84448 --- [ntainer#0-0-C-1] o.a.k.c.c.internals.ConsumerCoordinator  : [Consumer clientId=consumer-midas-core-1, groupId=midas-core] Requesting disconnect from last known coordinator localhost:59705 (id: 2147483647 rack: null)
2026-05-14T11:56:54.045-05:00  INFO 84448 --- [ntainer#0-0-C-1] o.a.k.c.c.internals.ConsumerCoordinator  : [Consumer clientId=consumer-midas-core-1, groupId=midas-core] Discovered group coordinator localhost:59705 (id: 2147483647 rack: null)
2026-05-14T11:57:02.071-05:00  WARN 84448 --- [l-1 housekeeper] com.zaxxer.hikari.pool.HikariPool        : HikariPool-1 - Thread starvation or clock leap detected (housekeeper delta=1h57s707ms).
2026-05-14T11:57:06.723-05:00  INFO 84448 --- [           main] com.jpmc.midascore.TaskTwoTests          : ...
2026-05-14T12:12:33.938-05:00  INFO 84448 --- [ad | midas-core] o.a.k.c.c.internals.ConsumerCoordinator  : [Consumer clientId=consumer-midas-core-1, groupId=midas-core] Group coordinator localhost:59705 (id: 2147483647 rack: null) is unavailable or invalid due to cause: session timed out without receiving a heartbeat response. isDisconnected: false. Rediscovery will be attempted.
2026-05-14T12:12:33.938-05:00  INFO 84448 --- [ad | midas-core] o.a.k.c.c.internals.ConsumerCoordinator  : [Consumer clientId=consumer-midas-core-1, groupId=midas-core] Requesting disconnect from last known coordinator localhost:59705 (id: 2147483647 rack: null)
2026-05-14T12:12:33.938-05:00  INFO 84448 --- [ad | midas-core] org.apache.kafka.clients.NetworkClient   : [Consumer clientId=consumer-midas-core-1, groupId=midas-core] Client requested disconnect from node 2147483647
2026-05-14T12:12:33.940-05:00  INFO 84448 --- [ntainer#0-0-C-1] o.a.k.c.c.internals.ConsumerCoordinator  : [Consumer clientId=consumer-midas-core-1, groupId=midas-core] Discovered group coordinator localhost:59705 (id: 2147483647 rack: null)
2026-05-14T12:12:33.940-05:00  INFO 84448 --- [ntainer#0-0-C-1] o.a.k.c.c.internals.ConsumerCoordinator  : [Consumer clientId=consumer-midas-core-1, groupId=midas-core] Group coordinator localhost:59705 (id: 2147483647 rack: null) is unavailable or invalid due to cause: coordinator unavailable. isDisconnected: false. Rediscovery will be attempted.
2026-05-14T12:12:33.940-05:00  INFO 84448 --- [ntainer#0-0-C-1] o.a.k.c.c.internals.ConsumerCoordinator  : [Consumer clientId=consumer-midas-core-1, groupId=midas-core] Requesting disconnect from last known coordinator localhost:59705 (id: 2147483647 rack: null)
2026-05-14T12:12:34.045-05:00  INFO 84448 --- [ntainer#0-0-C-1] o.a.k.c.c.internals.ConsumerCoordinator  : [Consumer clientId=consumer-midas-core-1, groupId=midas-core] Discovered group coordinator localhost:59705 (id: 2147483647 rack: null)
2026-05-14T12:12:36.968-05:00  INFO 84448 --- [           main] com.jpmc.midascore.TaskTwoTests          : ...
2026-05-14T12:28:19.129-05:00  INFO 84448 --- [ad | midas-core] o.a.k.c.c.internals.ConsumerCoordinator  : [Consumer clientId=consumer-midas-core-1, groupId=midas-core] Group coordinator localhost:59705 (id: 2147483647 rack: null) is unavailable or invalid due to cause: session timed out without receiving a heartbeat response. isDisconnected: false. Rediscovery will be attempted.
2026-05-14T12:28:19.129-05:00  INFO 84448 --- [ad | midas-core] o.a.k.c.c.internals.ConsumerCoordinator  : [Consumer clientId=consumer-midas-core-1, groupId=midas-core] Requesting disconnect from last known coordinator localhost:59705 (id: 2147483647 rack: null)
2026-05-14T12:28:19.129-05:00  INFO 84448 --- [ad | midas-core] org.apache.kafka.clients.NetworkClient   : [Consumer clientId=consumer-midas-core-1, groupId=midas-core] Client requested disconnect from node 2147483647
2026-05-14T12:28:19.133-05:00  INFO 84448 --- [ntainer#0-0-C-1] o.a.k.c.c.internals.ConsumerCoordinator  : [Consumer clientId=consumer-midas-core-1, groupId=midas-core] Discovered group coordinator localhost:59705 (id: 2147483647 rack: null)
2026-05-14T12:28:19.133-05:00  INFO 84448 --- [ntainer#0-0-C-1] o.a.k.c.c.internals.ConsumerCoordinator  : [Consumer clientId=consumer-midas-core-1, groupId=midas-core] Group coordinator localhost:59705 (id: 2147483647 rack: null) is unavailable or invalid due to cause: coordinator unavailable. isDisconnected: false. Rediscovery will be attempted.
2026-05-14T12:28:19.134-05:00  INFO 84448 --- [ntainer#0-0-C-1] o.a.k.c.c.internals.ConsumerCoordinator  : [Consumer clientId=consumer-midas-core-1, groupId=midas-core] Requesting disconnect from last known coordinator localhost:59705 (id: 2147483647 rack: null)
2026-05-14T12:28:19.236-05:00  INFO 84448 --- [ntainer#0-0-C-1] o.a.k.c.c.internals.ConsumerCoordinator  : [Consumer clientId=consumer-midas-core-1, groupId=midas-core] Discovered group coordinator localhost:59705 (id: 2147483647 rack: null)
2026-05-14T12:28:21.774-05:00  WARN 84448 --- [l-1 housekeeper] com.zaxxer.hikari.pool.HikariPool        : HikariPool-1 - Thread starvation or clock leap detected (housekeeper delta=31m19s703ms).
2026-05-14T12:45:16.050-05:00  INFO 84448 --- [ad | midas-core] o.a.k.c.c.internals.ConsumerCoordinator  : [Consumer clientId=consumer-midas-core-1, groupId=midas-core] Group coordinator localhost:59705 (id: 2147483647 rack: null) is unavailable or invalid due to cause: session timed out without receiving a heartbeat response. isDisconnected: false. Rediscovery will be attempted.
2026-05-14T12:45:16.052-05:00  INFO 84448 --- [ad | midas-core] o.a.k.c.c.internals.ConsumerCoordinator  : [Consumer clientId=consumer-midas-core-1, groupId=midas-core] Requesting disconnect from last known coordinator localhost:59705 (id: 2147483647 rack: null)
2026-05-14T12:45:16.052-05:00  INFO 84448 --- [ad | midas-core] org.apache.kafka.clients.NetworkClient   : [Consumer clientId=consumer-midas-core-1, groupId=midas-core] Client requested disconnect from node 2147483647
2026-05-14T12:45:16.067-05:00  INFO 84448 --- [ntainer#0-0-C-1] o.a.k.c.c.internals.ConsumerCoordinator  : [Consumer clientId=consumer-midas-core-1, groupId=midas-core] Discovered group coordinator localhost:59705 (id: 2147483647 rack: null)
2026-05-14T12:45:16.068-05:00  INFO 84448 --- [ntainer#0-0-C-1] o.a.k.c.c.internals.ConsumerCoordinator  : [Consumer clientId=consumer-midas-core-1, groupId=midas-core] Group coordinator localhost:59705 (id: 2147483647 rack: null) is unavailable or invalid due to cause: coordinator unavailable. isDisconnected: false. Rediscovery will be attempted.
2026-05-14T12:45:16.068-05:00  INFO 84448 --- [ntainer#0-0-C-1] o.a.k.c.c.internals.ConsumerCoordinator  : [Consumer clientId=consumer-midas-core-1, groupId=midas-core] Requesting disconnect from last known coordinator localhost:59705 (id: 2147483647 rack: null)
2026-05-14T12:45:16.172-05:00  INFO 84448 --- [ntainer#0-0-C-1] o.a.k.c.c.internals.ConsumerCoordinator  : [Consumer clientId=consumer-midas-core-1, groupId=midas-core] Discovered group coordinator localhost:59705 (id: 2147483647 rack: null)
2026-05-14T12:45:20.077-05:00  INFO 84448 --- [           main] com.jpmc.midascore.TaskTwoTests          : ...
2026-05-14T12:57:55.303-05:00  INFO 84448 --- [ad | midas-core] o.a.k.c.c.internals.ConsumerCoordinator  : [Consumer clientId=consumer-midas-core-1, groupId=midas-core] Group coordinator localhost:59705 (id: 2147483647 rack: null) is unavailable or invalid due to cause: session timed out without receiving a heartbeat response. isDisconnected: false. Rediscovery will be attempted.
2026-05-14T12:57:55.303-05:00  INFO 84448 --- [ad | midas-core] o.a.k.c.c.internals.ConsumerCoordinator  : [Consumer clientId=consumer-midas-core-1, groupId=midas-core] Requesting disconnect from last known coordinator localhost:59705 (id: 2147483647 rack: null)
2026-05-14T12:57:55.303-05:00  INFO 84448 --- [ad | midas-core] org.apache.kafka.clients.NetworkClient   : [Consumer clientId=consumer-midas-core-1, groupId=midas-core] Client requested disconnect from node 2147483647
2026-05-14T12:57:55.307-05:00  INFO 84448 --- [ntainer#0-0-C-1] o.a.k.c.c.internals.ConsumerCoordinator  : [Consumer clientId=consumer-midas-core-1, groupId=midas-core] Discovered group coordinator localhost:59705 (id: 2147483647 rack: null)
2026-05-14T12:57:55.307-05:00  INFO 84448 --- [ntainer#0-0-C-1] o.a.k.c.c.internals.ConsumerCoordinator  : [Consumer clientId=consumer-midas-core-1, groupId=midas-core] Group coordinator localhost:59705 (id: 2147483647 rack: null) is unavailable or invalid due to cause: coordinator unavailable. isDisconnected: false. Rediscovery will be attempted.
2026-05-14T12:57:55.310-05:00  INFO 84448 --- [ntainer#0-0-C-1] o.a.k.c.c.internals.ConsumerCoordinator  : [Consumer clientId=consumer-midas-core-1, groupId=midas-core] Requesting disconnect from last known coordinator localhost:59705 (id: 2147483647 rack: null)
2026-05-14T12:57:55.421-05:00  INFO 84448 --- [ntainer#0-0-C-1] o.a.k.c.c.internals.ConsumerCoordinator  : [Consumer clientId=consumer-midas-core-1, groupId=midas-core] Discovered group coordinator localhost:59705 (id: 2147483647 rack: null)
2026-05-14T13:14:05.250-05:00  INFO 84448 --- [ad | midas-core] o.a.k.c.c.internals.ConsumerCoordinator  : [Consumer clientId=consumer-midas-core-1, groupId=midas-core] Group coordinator localhost:59705 (id: 2147483647 rack: null) is unavailable or invalid due to cause: session timed out without receiving a heartbeat response. isDisconnected: false. Rediscovery will be attempted.
2026-05-14T13:14:05.251-05:00  INFO 84448 --- [ad | midas-core] o.a.k.c.c.internals.ConsumerCoordinator  : [Consumer clientId=consumer-midas-core-1, groupId=midas-core] Requesting disconnect from last known coordinator localhost:59705 (id: 2147483647 rack: null)
2026-05-14T13:14:05.251-05:00  INFO 84448 --- [ad | midas-core] org.apache.kafka.clients.NetworkClient   : [Consumer clientId=consumer-midas-core-1, groupId=midas-core] Client requested disconnect from node 2147483647
2026-05-14T13:14:05.257-05:00  INFO 84448 --- [ntainer#0-0-C-1] o.a.k.c.c.internals.ConsumerCoordinator  : [Consumer clientId=consumer-midas-core-1, groupId=midas-core] Discovered group coordinator localhost:59705 (id: 2147483647 rack: null)
2026-05-14T13:14:05.257-05:00  INFO 84448 --- [ntainer#0-0-C-1] o.a.k.c.c.internals.ConsumerCoordinator  : [Consumer clientId=consumer-midas-core-1, groupId=midas-core] Group coordinator localhost:59705 (id: 2147483647 rack: null) is unavailable or invalid due to cause: coordinator unavailable. isDisconnected: false. Rediscovery will be attempted.
2026-05-14T13:14:05.257-05:00  INFO 84448 --- [ntainer#0-0-C-1] o.a.k.c.c.internals.ConsumerCoordinator  : [Consumer clientId=consumer-midas-core-1, groupId=midas-core] Requesting disconnect from last known coordinator localhost:59705 (id: 2147483647 rack: null)
2026-05-14T13:14:05.368-05:00  INFO 84448 --- [ntainer#0-0-C-1] o.a.k.c.c.internals.ConsumerCoordinator  : [Consumer clientId=consumer-midas-core-1, groupId=midas-core] Discovered group coordinator localhost:59705 (id: 2147483647 rack: null)
2026-05-14T13:30:11.875-05:00  INFO 84448 --- [ntainer#0-0-C-1] org.apache.kafka.clients.NetworkClient   : [Consumer clientId=consumer-midas-core-1, groupId=midas-core] Disconnecting from node 0 due to request timeout.
2026-05-14T13:30:11.928-05:00  INFO 84448 --- [ntainer#0-0-C-1] org.apache.kafka.clients.NetworkClient   : [Consumer clientId=consumer-midas-core-1, groupId=midas-core] Cancelled in-flight FETCH request with correlation id 32429 due to node 0 being disconnected (elapsed time since creation: 961855ms, elapsed time since send: 961855ms, request timeout: 30000ms)
2026-05-14T13:30:11.933-05:00  INFO 84448 --- [ad | midas-core] o.a.k.c.c.internals.ConsumerCoordinator  : [Consumer clientId=consumer-midas-core-1, groupId=midas-core] Group coordinator localhost:59705 (id: 2147483647 rack: null) is unavailable or invalid due to cause: session timed out without receiving a heartbeat response. isDisconnected: false. Rediscovery will be attempted.
2026-05-14T13:30:11.937-05:00  INFO 84448 --- [ad | midas-core] o.a.k.c.c.internals.ConsumerCoordinator  : [Consumer clientId=consumer-midas-core-1, groupId=midas-core] Requesting disconnect from last known coordinator localhost:59705 (id: 2147483647 rack: null)
2026-05-14T13:30:11.937-05:00  INFO 84448 --- [ad | midas-core] org.apache.kafka.clients.NetworkClient   : [Consumer clientId=consumer-midas-core-1, groupId=midas-core] Client requested disconnect from node 2147483647
2026-05-14T13:30:11.933-05:00  INFO 84448 --- [ntainer#0-0-C-1] o.a.kafka.clients.FetchSessionHandler    : [Consumer clientId=consumer-midas-core-1, groupId=midas-core] Error sending fetch request (sessionId=695044565, epoch=152) to node 0:

org.apache.kafka.common.errors.DisconnectException: null

2026-05-14T13:30:11.943-05:00  INFO 84448 --- [ntainer#0-0-C-1] o.a.k.c.c.internals.ConsumerCoordinator  : [Consumer clientId=consumer-midas-core-1, groupId=midas-core] Discovered group coordinator localhost:59705 (id: 2147483647 rack: null)
2026-05-14T13:30:11.944-05:00  INFO 84448 --- [ntainer#0-0-C-1] o.a.k.c.c.internals.ConsumerCoordinator  : [Consumer clientId=consumer-midas-core-1, groupId=midas-core] Group coordinator localhost:59705 (id: 2147483647 rack: null) is unavailable or invalid due to cause: coordinator unavailable. isDisconnected: false. Rediscovery will be attempted.
2026-05-14T13:30:11.944-05:00  INFO 84448 --- [ntainer#0-0-C-1] o.a.k.c.c.internals.ConsumerCoordinator  : [Consumer clientId=consumer-midas-core-1, groupId=midas-core] Requesting disconnect from last known coordinator localhost:59705 (id: 2147483647 rack: null)
2026-05-14T13:30:12.045-05:00  INFO 84448 --- [ntainer#0-0-C-1] o.a.k.c.c.internals.ConsumerCoordinator  : [Consumer clientId=consumer-midas-core-1, groupId=midas-core] Discovered group coordinator localhost:59705 (id: 2147483647 rack: null)
2026-05-14T13:30:12.850-05:00  WARN 84448 --- [l-1 housekeeper] com.zaxxer.hikari.pool.HikariPool        : HikariPool-1 - Thread starvation or clock leap detected (housekeeper delta=1h1m51s77ms).
2026-05-14T13:46:03.155-05:00  INFO 84448 --- [           main] com.jpmc.midascore.TaskTwoTests          : ...
2026-05-14T13:46:03.304-05:00  INFO 84448 --- [ad | midas-core] o.a.k.c.c.internals.ConsumerCoordinator  : [Consumer clientId=consumer-midas-core-1, groupId=midas-core] Group coordinator localhost:59705 (id: 2147483647 rack: null) is unavailable or invalid due to cause: session timed out without receiving a heartbeat response. isDisconnected: false. Rediscovery will be attempted.
2026-05-14T13:46:03.304-05:00  INFO 84448 --- [ad | midas-core] o.a.k.c.c.internals.ConsumerCoordinator  : [Consumer clientId=consumer-midas-core-1, groupId=midas-core] Requesting disconnect from last known coordinator localhost:59705 (id: 2147483647 rack: null)
2026-05-14T13:46:03.304-05:00  INFO 84448 --- [ad | midas-core] org.apache.kafka.clients.NetworkClient   : [Consumer clientId=consumer-midas-core-1, groupId=midas-core] Client requested disconnect from node 2147483647
2026-05-14T13:46:03.307-05:00  INFO 84448 --- [ntainer#0-0-C-1] o.a.k.c.c.internals.ConsumerCoordinator  : [Consumer clientId=consumer-midas-core-1, groupId=midas-core] Discovered group coordinator localhost:59705 (id: 2147483647 rack: null)
2026-05-14T13:46:03.307-05:00  INFO 84448 --- [ntainer#0-0-C-1] o.a.k.c.c.internals.ConsumerCoordinator  : [Consumer clientId=consumer-midas-core-1, groupId=midas-core] Group coordinator localhost:59705 (id: 2147483647 rack: null) is unavailable or invalid due to cause: coordinator unavailable. isDisconnected: false. Rediscovery will be attempted.
2026-05-14T13:46:03.307-05:00  INFO 84448 --- [ntainer#0-0-C-1] o.a.k.c.c.internals.ConsumerCoordinator  : [Consumer clientId=consumer-midas-core-1, groupId=midas-core] Requesting disconnect from last known coordinator localhost:59705 (id: 2147483647 rack: null)
2026-05-14T13:46:03.423-05:00  INFO 84448 --- [ntainer#0-0-C-1] o.a.k.c.c.internals.ConsumerCoordinator  : [Consumer clientId=consumer-midas-core-1, groupId=midas-core] Discovered group coordinator localhost:59705 (id: 2147483647 rack: null)
2026-05-14T13:58:55.813-05:00  INFO 84448 --- [ntainer#0-0-C-1] org.apache.kafka.clients.NetworkClient   : [Consumer clientId=consumer-midas-core-1, groupId=midas-core] Disconnecting from node 0 due to request timeout.
2026-05-14T13:58:55.814-05:00  INFO 84448 --- [ntainer#0-0-C-1] org.apache.kafka.clients.NetworkClient   : [Consumer clientId=consumer-midas-core-1, groupId=midas-core] Cancelled in-flight FETCH request with correlation id 32463 due to node 0 being disconnected (elapsed time since creation: 767860ms, elapsed time since send: 767860ms, request timeout: 30000ms)
2026-05-14T13:58:55.814-05:00  INFO 84448 --- [ad | midas-core] o.a.k.c.c.internals.ConsumerCoordinator  : [Consumer clientId=consumer-midas-core-1, groupId=midas-core] Group coordinator localhost:59705 (id: 2147483647 rack: null) is unavailable or invalid due to cause: session timed out without receiving a heartbeat response. isDisconnected: false. Rediscovery will be attempted.
2026-05-14T13:58:55.814-05:00  INFO 84448 --- [ad | midas-core] o.a.k.c.c.internals.ConsumerCoordinator  : [Consumer clientId=consumer-midas-core-1, groupId=midas-core] Requesting disconnect from last known coordinator localhost:59705 (id: 2147483647 rack: null)
2026-05-14T13:58:55.814-05:00  INFO 84448 --- [ad | midas-core] org.apache.kafka.clients.NetworkClient   : [Consumer clientId=consumer-midas-core-1, groupId=midas-core] Client requested disconnect from node 2147483647
2026-05-14T13:58:55.814-05:00  INFO 84448 --- [ntainer#0-0-C-1] o.a.kafka.clients.FetchSessionHandler    : [Consumer clientId=consumer-midas-core-1, groupId=midas-core] Error sending fetch request (sessionId=808607745, epoch=20) to node 0:

org.apache.kafka.common.errors.DisconnectException: null

2026-05-14T13:58:55.922-05:00  INFO 84448 --- [ntainer#0-0-C-1] o.a.k.c.c.internals.ConsumerCoordinator  : [Consumer clientId=consumer-midas-core-1, groupId=midas-core] Discovered group coordinator localhost:59705 (id: 2147483647 rack: null)
2026-05-14T13:59:10.664-05:00  INFO 84448 --- [           main] com.jpmc.midascore.TaskTwoTests          : ...
2026-05-14T13:59:16.002-05:00  WARN 84448 --- [l-1 housekeeper] com.zaxxer.hikari.pool.HikariPool        : HikariPool-1 - Thread starvation or clock leap detected (housekeeper delta=29m3s152ms).
2026-05-14T14:13:15.827-05:00  INFO 84448 --- [ad | midas-core] o.a.k.c.c.internals.ConsumerCoordinator  : [Consumer clientId=consumer-midas-core-1, groupId=midas-core] Group coordinator localhost:59705 (id: 2147483647 rack: null) is unavailable or invalid due to cause: session timed out without receiving a heartbeat response. isDisconnected: false. Rediscovery will be attempted.
2026-05-14T14:13:15.827-05:00  INFO 84448 --- [ad | midas-core] o.a.k.c.c.internals.ConsumerCoordinator  : [Consumer clientId=consumer-midas-core-1, groupId=midas-core] Requesting disconnect from last known coordinator localhost:59705 (id: 2147483647 rack: null)
2026-05-14T14:13:15.827-05:00  INFO 84448 --- [ad | midas-core] org.apache.kafka.clients.NetworkClient   : [Consumer clientId=consumer-midas-core-1, groupId=midas-core] Client requested disconnect from node 2147483647
2026-05-14T14:13:15.837-05:00  INFO 84448 --- [ntainer#0-0-C-1] o.a.k.c.c.internals.ConsumerCoordinator  : [Consumer clientId=consumer-midas-core-1, groupId=midas-core] Discovered group coordinator localhost:59705 (id: 2147483647 rack: null)
2026-05-14T14:13:15.837-05:00  INFO 84448 --- [ntainer#0-0-C-1] o.a.k.c.c.internals.ConsumerCoordinator  : [Consumer clientId=consumer-midas-core-1, groupId=midas-core] Group coordinator localhost:59705 (id: 2147483647 rack: null) is unavailable or invalid due to cause: coordinator unavailable. isDisconnected: false. Rediscovery will be attempted.
2026-05-14T14:13:15.837-05:00  INFO 84448 --- [ntainer#0-0-C-1] o.a.k.c.c.internals.ConsumerCoordinator  : [Consumer clientId=consumer-midas-core-1, groupId=midas-core] Requesting disconnect from last known coordinator localhost:59705 (id: 2147483647 rack: null)
2026-05-14T14:13:15.948-05:00  INFO 84448 --- [ntainer#0-0-C-1] o.a.k.c.c.internals.ConsumerCoordinator  : [Consumer clientId=consumer-midas-core-1, groupId=midas-core] Discovered group coordinator localhost:59705 (id: 2147483647 rack: null)
2026-05-14T14:13:27.405-05:00  INFO 84448 --- [           main] com.jpmc.midascore.TaskTwoTests          : ...
2026-05-14T14:19:56.564-05:00  INFO 84448 --- [ad | midas-core] o.a.k.c.c.internals.ConsumerCoordinator  : [Consumer clientId=consumer-midas-core-1, groupId=midas-core] Group coordinator localhost:59705 (id: 2147483647 rack: null) is unavailable or invalid due to cause: session timed out without receiving a heartbeat response. isDisconnected: false. Rediscovery will be attempted.
2026-05-14T14:19:56.564-05:00  INFO 84448 --- [ad | midas-core] o.a.k.c.c.internals.ConsumerCoordinator  : [Consumer clientId=consumer-midas-core-1, groupId=midas-core] Requesting disconnect from last known coordinator localhost:59705 (id: 2147483647 rack: null)
2026-05-14T14:19:56.564-05:00  INFO 84448 --- [ad | midas-core] org.apache.kafka.clients.NetworkClient   : [Consumer clientId=consumer-midas-core-1, groupId=midas-core] Client requested disconnect from node 2147483647
2026-05-14T14:19:56.565-05:00  INFO 84448 --- [ntainer#0-0-C-1] o.a.k.c.c.internals.ConsumerCoordinator  : [Consumer clientId=consumer-midas-core-1, groupId=midas-core] Discovered group coordinator localhost:59705 (id: 2147483647 rack: null)
2026-05-14T14:19:56.565-05:00  INFO 84448 --- [ntainer#0-0-C-1] o.a.k.c.c.internals.ConsumerCoordinator  : [Consumer clientId=consumer-midas-core-1, groupId=midas-core] Group coordinator localhost:59705 (id: 2147483647 rack: null) is unavailable or invalid due to cause: coordinator unavailable. isDisconnected: false. Rediscovery will be attempted.
2026-05-14T14:19:56.565-05:00  INFO 84448 --- [ntainer#0-0-C-1] o.a.k.c.c.internals.ConsumerCoordinator  : [Consumer clientId=consumer-midas-core-1, groupId=midas-core] Requesting disconnect from last known coordinator localhost:59705 (id: 2147483647 rack: null)
2026-05-14T14:19:56.676-05:00  INFO 84448 --- [ntainer#0-0-C-1] o.a.k.c.c.internals.ConsumerCoordinator  : [Consumer clientId=consumer-midas-core-1, groupId=midas-core] Discovered group coordinator localhost:59705 (id: 2147483647 rack: null)
2026-05-14T14:20:03.198-05:00  WARN 84448 --- [l-1 housekeeper] com.zaxxer.hikari.pool.HikariPool        : HikariPool-1 - Thread starvation or clock leap detected (housekeeper delta=20m47s196ms).
2026-05-14T14:20:07.854-05:00  INFO 84448 --- [           main] com.jpmc.midascore.TaskTwoTests          : ...
2026-05-14T14:21:53.605-05:00  INFO 84448 --- [ad | midas-core] o.a.k.c.c.internals.ConsumerCoordinator  : [Consumer clientId=consumer-midas-core-1, groupId=midas-core] Group coordinator localhost:59705 (id: 2147483647 rack: null) is unavailable or invalid due to cause: session timed out without receiving a heartbeat response. isDisconnected: false. Rediscovery will be attempted.
2026-05-14T14:21:53.620-05:00  INFO 84448 --- [ad | midas-core] o.a.k.c.c.internals.ConsumerCoordinator  : [Consumer clientId=consumer-midas-core-1, groupId=midas-core] Requesting disconnect from last known coordinator localhost:59705 (id: 2147483647 rack: null)
2026-05-14T14:21:53.622-05:00  INFO 84448 --- [ad | midas-core] org.apache.kafka.clients.NetworkClient   : [Consumer clientId=consumer-midas-core-1, groupId=midas-core] Client requested disconnect from node 2147483647
2026-05-14T14:21:53.657-05:00  INFO 84448 --- [ntainer#0-0-C-1] o.a.k.c.c.internals.ConsumerCoordinator  : [Consumer clientId=consumer-midas-core-1, groupId=midas-core] Discovered group coordinator localhost:59705 (id: 2147483647 rack: null)
2026-05-14T14:21:53.659-05:00  INFO 84448 --- [ntainer#0-0-C-1] o.a.k.c.c.internals.ConsumerCoordinator  : [Consumer clientId=consumer-midas-core-1, groupId=midas-core] Group coordinator localhost:59705 (id: 2147483647 rack: null) is unavailable or invalid due to cause: coordinator unavailable. isDisconnected: false. Rediscovery will be attempted.
2026-05-14T14:21:53.659-05:00  INFO 84448 --- [ntainer#0-0-C-1] o.a.k.c.c.internals.ConsumerCoordinator  : [Consumer clientId=consumer-midas-core-1, groupId=midas-core] Requesting disconnect from last known coordinator localhost:59705 (id: 2147483647 rack: null)
2026-05-14T14:21:53.760-05:00  INFO 84448 --- [ntainer#0-0-C-1] o.a.k.c.c.internals.ConsumerCoordinator  : [Consumer clientId=consumer-midas-core-1, groupId=midas-core] Discovered group coordinator localhost:59705 (id: 2147483647 rack: null)
2026-05-14T14:22:07.096-05:00  INFO 84448 --- [           main] com.jpmc.midascore.TaskTwoTests          : ...
2026-05-14T14:22:12.443-05:00  WARN 84448 --- [l-1 housekeeper] com.zaxxer.hikari.pool.HikariPool        : HikariPool-1 - Thread starvation or clock leap detected (housekeeper delta=2m9s244ms).
2026-05-14T14:22:27.101-05:00  INFO 84448 --- [           main] com.jpmc.midascore.TaskTwoTests          : ...
2026-05-14T14:22:47.105-05:00  INFO 84448 --- [           main] com.jpmc.midascore.TaskTwoTests          : ...
2026-05-14T14:23:07.106-05:00  INFO 84448 --- [           main] com.jpmc.midascore.TaskTwoTests          : ...
2026-05-14T14:23:27.111-05:00  INFO 84448 --- [           main] com.jpmc.midascore.TaskTwoTests          : ...
2026-05-14T14:23:47.112-05:00  INFO 84448 --- [           main] com.jpmc.midascore.TaskTwoTests          : ...
2026-05-14T14:24:07.115-05:00  INFO 84448 --- [           main] com.jpmc.midascore.TaskTwoTests          : ...
2026-05-14T14:24:27.118-05:00  INFO 84448 --- [           main] com.jpmc.midascore.TaskTwoTests          : ...
2026-05-14T14:24:47.119-05:00  INFO 84448 --- [           main] com.jpmc.midascore.TaskTwoTests          : ...
2026-05-14T14:25:07.119-05:00  INFO 84448 --- [           main] com.jpmc.midascore.TaskTwoTests          : ...
2026-05-14T14:25:27.121-05:00  INFO 84448 --- [           main] com.jpmc.midascore.TaskTwoTests          : ...
2026-05-14T14:25:47.127-05:00  INFO 84448 --- [           main] com.jpmc.midascore.TaskTwoTests          : ...
2026-05-14T14:26:07.130-05:00  INFO 84448 --- [           main] com.jpmc.midascore.TaskTwoTests          : ...
2026-05-14T14:26:27.133-05:00  INFO 84448 --- [           main] com.jpmc.midascore.TaskTwoTests          : ...
2026-05-14T14:26:47.136-05:00  INFO 84448 --- [           main] com.jpmc.midascore.TaskTwoTests          : ...
2026-05-14T14:27:07.137-05:00  INFO 84448 --- [           main] com.jpmc.midascore.TaskTwoTests          : ...
2026-05-14T14:27:27.138-05:00  INFO 84448 --- [           main] com.jpmc.midascore.TaskTwoTests          : ...
2026-05-14T14:27:47.143-05:00  INFO 84448 --- [           main] com.jpmc.midascore.TaskTwoTests          : ...
2026-05-14T14:28:07.147-05:00  INFO 84448 --- [           main] com.jpmc.midascore.TaskTwoTests          : ...
2026-05-14T14:28:27.151-05:00  INFO 84448 --- [           main] com.jpmc.midascore.TaskTwoTests          : ...
2026-05-14T14:28:47.156-05:00  INFO 84448 --- [           main] com.jpmc.midascore.TaskTwoTests          : ...
2026-05-14T14:29:07.159-05:00  INFO 84448 --- [           main] com.jpmc.midascore.TaskTwoTests          : ...
2026-05-14T14:29:27.161-05:00  INFO 84448 --- [           main] com.jpmc.midascore.TaskTwoTests          : ...
2026-05-14T14:29:47.166-05:00  INFO 84448 --- [           main] com.jpmc.midascore.TaskTwoTests          : ...
2026-05-14T14:30:07.170-05:00  INFO 84448 --- [           main] com.jpmc.midascore.TaskTwoTests          : ...
2026-05-14T14:30:27.174-05:00  INFO 84448 --- [           main] com.jpmc.midascore.TaskTwoTests          : ...
2026-05-14T14:30:40.922-05:00  INFO 84448 --- [r-event-handler] o.a.k.image.publisher.SnapshotGenerator  : [SnapshotGenerator id=0] Creating new KRaft snapshot file snapshot 00000000000000028661-0000000001 because we have waited at least 60 minute(s).
2026-05-14T14:30:40.941-05:00  INFO 84448 --- [r-event-handler] o.a.k.image.publisher.SnapshotEmitter    : [SnapshotEmitter id=0] Successfully wrote snapshot 00000000000000028661-0000000001
2026-05-14T14:30:47.175-05:00  INFO 84448 --- [           main] com.jpmc.midascore.TaskTwoTests          : ...
2026-05-14T14:31:07.180-05:00  INFO 84448 --- [           main] com.jpmc.midascore.TaskTwoTests          : ...
2026-05-14T14:31:27.180-05:00  INFO 84448 --- [           main] com.jpmc.midascore.TaskTwoTests          : ...
2026-05-14T14:31:47.185-05:00  INFO 84448 --- [           main] com.jpmc.midascore.TaskTwoTests          : ...
2026-05-14T14:32:07.186-05:00  INFO 84448 --- [           main] com.jpmc.midascore.TaskTwoTests          : ...
2026-05-14T14:32:27.186-05:00  INFO 84448 --- [           main] com.jpmc.midascore.TaskTwoTests          : ...
2026-05-14T14:32:47.189-05:00  INFO 84448 --- [           main] com.jpmc.midascore.TaskTwoTests          : ...
2026-05-14T14:33:07.192-05:00  INFO 84448 --- [           main] com.jpmc.midascore.TaskTwoTests          : ...
2026-05-14T14:33:27.196-05:00  INFO 84448 --- [           main] com.jpmc.midascore.TaskTwoTests          : ...
2026-05-14T14:33:47.199-05:00  INFO 84448 --- [           main] com.jpmc.midascore.TaskTwoTests          : ...
2026-05-14T14:34:07.204-05:00  INFO 84448 --- [           main] com.jpmc.midascore.TaskTwoTests          : ...
2026-05-14T14:34:27.209-05:00  INFO 84448 --- [           main] com.jpmc.midascore.TaskTwoTests          : ...
2026-05-14T14:34:47.214-05:00  INFO 84448 --- [           main] com.jpmc.midascore.TaskTwoTests          : ...
2026-05-14T14:35:07.217-05:00  INFO 84448 --- [           main] com.jpmc.midascore.TaskTwoTests          : ...
2026-05-14T14:35:27.217-05:00  INFO 84448 --- [           main] com.jpmc.midascore.TaskTwoTests          : ...
2026-05-14T14:35:47.222-05:00  INFO 84448 --- [           main] com.jpmc.midascore.TaskTwoTests          : ...
2026-05-14T14:36:07.237-05:00  INFO 84448 --- [           main] com.jpmc.midascore.TaskTwoTests          : ...
2026-05-14T14:36:27.243-05:00  INFO 84448 --- [           main] com.jpmc.midascore.TaskTwoTests          : ...
2026-05-14T14:36:47.246-05:00  INFO 84448 --- [           main] com.jpmc.midascore.TaskTwoTests          : ...
2026-05-14T14:37:07.250-05:00  INFO 84448 --- [           main] com.jpmc.midascore.TaskTwoTests          : ...
2026-05-14T14:37:27.255-05:00  INFO 84448 --- [           main] com.jpmc.midascore.TaskTwoTests          : ...
2026-05-14T14:37:47.260-05:00  INFO 84448 --- [           main] com.jpmc.midascore.TaskTwoTests          : ...
2026-05-14T14:38:07.266-05:00  INFO 84448 --- [           main] com.jpmc.midascore.TaskTwoTests          : ...
2026-05-14T14:38:27.272-05:00  INFO 84448 --- [           main] com.jpmc.midascore.TaskTwoTests          : ...
2026-05-14T14:38:47.274-05:00  INFO 84448 --- [           main] com.jpmc.midascore.TaskTwoTests          : ...
2026-05-14T14:39:07.276-05:00  INFO 84448 --- [           main] com.jpmc.midascore.TaskTwoTests          : ...
2026-05-14T14:39:27.279-05:00  INFO 84448 --- [           main] com.jpmc.midascore.TaskTwoTests          : ...
2026-05-14T14:39:47.280-05:00  INFO 84448 --- [           main] com.jpmc.midascore.TaskTwoTests          : ...
2026-05-14T14:40:07.285-05:00  INFO 84448 --- [           main] com.jpmc.midascore.TaskTwoTests          : ...
2026-05-14T14:40:27.289-05:00  INFO 84448 --- [           main] com.jpmc.midascore.TaskTwoTests          : ...
2026-05-14T14:40:47.294-05:00  INFO 84448 --- [           main] com.jpmc.midascore.TaskTwoTests          : ...
2026-05-14T14:41:07.295-05:00  INFO 84448 --- [           main] com.jpmc.midascore.TaskTwoTests          : ...
2026-05-14T14:41:27.301-05:00  INFO 84448 --- [           main] com.jpmc.midascore.TaskTwoTests          : ...
2026-05-14T14:41:47.306-05:00  INFO 84448 --- [           main] com.jpmc.midascore.TaskTwoTests          : ...
2026-05-14T14:42:07.309-05:00  INFO 84448 --- [           main] com.jpmc.midascore.TaskTwoTests          : ...
2026-05-14T14:42:27.311-05:00  INFO 84448 --- [           main] com.jpmc.midascore.TaskTwoTests          : ...
2026-05-14T14:42:47.315-05:00  INFO 84448 --- [           main] com.jpmc.midascore.TaskTwoTests          : ...
2026-05-14T14:43:07.317-05:00  INFO 84448 --- [           main] com.jpmc.midascore.TaskTwoTests          : ...
2026-05-14T14:43:27.323-05:00  INFO 84448 --- [           main] com.jpmc.midascore.TaskTwoTests          : ...
2026-05-14T14:43:47.327-05:00  INFO 84448 --- [           main] com.jpmc.midascore.TaskTwoTests          : ...
2026-05-14T14:44:07.332-05:00  INFO 84448 --- [           main] com.jpmc.midascore.TaskTwoTests          : ...
2026-05-14T14:44:27.338-05:00  INFO 84448 --- [           main] com.jpmc.midascore.TaskTwoTests          : ...
2026-05-14T14:44:47.343-05:00  INFO 84448 --- [           main] com.jpmc.midascore.TaskTwoTests          : ...
2026-05-14T14:45:07.348-05:00  INFO 84448 --- [           main] com.jpmc.midascore.TaskTwoTests          : ...
2026-05-14T14:45:27.351-05:00  INFO 84448 --- [           main] com.jpmc.midascore.TaskTwoTests          : ...
2026-05-14T14:45:47.355-05:00  INFO 84448 --- [           main] com.jpmc.midascore.TaskTwoTests          : ...
2026-05-14T14:46:07.358-05:00  INFO 84448 --- [           main] com.jpmc.midascore.TaskTwoTests          : ...
2026-05-14T14:46:27.364-05:00  INFO 84448 --- [           main] com.jpmc.midascore.TaskTwoTests          : ...
2026-05-14T14:46:47.370-05:00  INFO 84448 --- [           main] com.jpmc.midascore.TaskTwoTests          : ...
2026-05-14T14:47:07.374-05:00  INFO 84448 --- [           main] com.jpmc.midascore.TaskTwoTests          : ...
2026-05-14T14:47:27.379-05:00  INFO 84448 --- [           main] com.jpmc.midascore.TaskTwoTests          : ...
2026-05-14T14:47:47.381-05:00  INFO 84448 --- [           main] com.jpmc.midascore.TaskTwoTests          : ...
2026-05-14T14:48:07.387-05:00  INFO 84448 --- [           main] com.jpmc.midascore.TaskTwoTests          : ...
2026-05-14T14:48:27.388-05:00  INFO 84448 --- [           main] com.jpmc.midascore.TaskTwoTests          : ...
2026-05-14T14:48:47.390-05:00  INFO 84448 --- [           main] com.jpmc.midascore.TaskTwoTests          : ...
2026-05-14T14:49:07.394-05:00  INFO 84448 --- [           main] com.jpmc.midascore.TaskTwoTests          : ...
2026-05-14T14:49:27.395-05:00  INFO 84448 --- [           main] com.jpmc.midascore.TaskTwoTests          : ...
2026-05-14T14:49:47.396-05:00  INFO 84448 --- [           main] com.jpmc.midascore.TaskTwoTests          : ...
2026-05-14T14:50:07.400-05:00  INFO 84448 --- [           main] com.jpmc.midascore.TaskTwoTests          : ...
2026-05-14T14:50:27.402-05:00  INFO 84448 --- [           main] com.jpmc.midascore.TaskTwoTests          : ...
2026-05-14T14:50:47.405-05:00  INFO 84448 --- [           main] com.jpmc.midascore.TaskTwoTests          : ...
2026-05-14T14:51:07.410-05:00  INFO 84448 --- [           main] com.jpmc.midascore.TaskTwoTests          : ...
2026-05-14T14:51:27.412-05:00  INFO 84448 --- [           main] com.jpmc.midascore.TaskTwoTests          : ...
2026-05-14T14:51:47.417-05:00  INFO 84448 --- [           main] com.jpmc.midascore.TaskTwoTests          : ...
2026-05-14T14:52:07.419-05:00  INFO 84448 --- [           main] com.jpmc.midascore.TaskTwoTests          : ...
2026-05-14T14:52:27.424-05:00  INFO 84448 --- [           main] com.jpmc.midascore.TaskTwoTests          : ...
2026-05-14T14:52:47.431-05:00  INFO 84448 --- [           main] com.jpmc.midascore.TaskTwoTests          : ...
2026-05-14T14:53:07.433-05:00  INFO 84448 --- [           main] com.jpmc.midascore.TaskTwoTests          : ...
2026-05-14T14:53:27.437-05:00  INFO 84448 --- [           main] com.jpmc.midascore.TaskTwoTests          : ...
2026-05-14T14:53:47.439-05:00  INFO 84448 --- [           main] com.jpmc.midascore.TaskTwoTests          : ...
2026-05-14T14:54:07.444-05:00  INFO 84448 --- [           main] com.jpmc.midascore.TaskTwoTests          : ...
2026-05-14T14:54:27.449-05:00  INFO 84448 --- [           main] com.jpmc.midascore.TaskTwoTests          : ...
2026-05-14T14:54:47.454-05:00  INFO 84448 --- [           main] com.jpmc.midascore.TaskTwoTests          : ...
2026-05-14T14:55:07.459-05:00  INFO 84448 --- [           main] com.jpmc.midascore.TaskTwoTests          : ...
2026-05-14T14:55:27.463-05:00  INFO 84448 --- [           main] com.jpmc.midascore.TaskTwoTests          : ...
2026-05-14T14:55:47.464-05:00  INFO 84448 --- [           main] com.jpmc.midascore.TaskTwoTests          : ...
2026-05-14T14:56:07.467-05:00  INFO 84448 --- [           main] com.jpmc.midascore.TaskTwoTests          : ...
2026-05-14T14:56:27.469-05:00  INFO 84448 --- [           main] com.jpmc.midascore.TaskTwoTests          : ...
2026-05-14T14:56:47.474-05:00  INFO 84448 --- [           main] com.jpmc.midascore.TaskTwoTests          : ...
2026-05-14T14:57:07.474-05:00  INFO 84448 --- [           main] com.jpmc.midascore.TaskTwoTests          : ...
2026-05-14T14:57:27.479-05:00  INFO 84448 --- [           main] com.jpmc.midascore.TaskTwoTests          : ...
2026-05-14T14:57:47.485-05:00  INFO 84448 --- [           main] com.jpmc.midascore.TaskTwoTests          : ...
2026-05-14T14:58:07.489-05:00  INFO 84448 --- [           main] com.jpmc.midascore.TaskTwoTests          : ...
2026-05-14T14:58:27.493-05:00  INFO 84448 --- [           main] com.jpmc.midascore.TaskTwoTests          : ...
2026-05-14T14:58:47.494-05:00  INFO 84448 --- [           main] com.jpmc.midascore.TaskTwoTests          : ...
2026-05-14T14:59:07.499-05:00  INFO 84448 --- [           main] com.jpmc.midascore.TaskTwoTests          : ...
2026-05-14T14:59:27.501-05:00  INFO 84448 --- [           main] com.jpmc.midascore.TaskTwoTests          : ...
2026-05-14T14:59:47.505-05:00  INFO 84448 --- [           main] com.jpmc.midascore.TaskTwoTests          : ...
2026-05-14T15:00:07.508-05:00  INFO 84448 --- [           main] com.jpmc.midascore.TaskTwoTests          : ...
2026-05-14T15:00:27.512-05:00  INFO 84448 --- [           main] com.jpmc.midascore.TaskTwoTests          : ...
2026-05-14T15:00:47.517-05:00  INFO 84448 --- [           main] com.jpmc.midascore.TaskTwoTests          : ...
2026-05-14T15:01:07.519-05:00  INFO 84448 --- [           main] com.jpmc.midascore.TaskTwoTests          : ...
2026-05-14T15:01:27.523-05:00  INFO 84448 --- [           main] com.jpmc.midascore.TaskTwoTests          : ...
2026-05-14T15:01:47.527-05:00  INFO 84448 --- [           main] com.jpmc.midascore.TaskTwoTests          : ...
2026-05-14T15:02:07.532-05:00  INFO 84448 --- [           main] com.jpmc.midascore.TaskTwoTests          : ...
2026-05-14T15:02:27.534-05:00  INFO 84448 --- [           main] com.jpmc.midascore.TaskTwoTests          : ...
2026-05-14T15:02:47.539-05:00  INFO 84448 --- [           main] com.jpmc.midascore.TaskTwoTests          : ...
2026-05-14T15:03:07.543-05:00  INFO 84448 --- [           main] com.jpmc.midascore.TaskTwoTests          : ...
2026-05-14T15:03:27.545-05:00  INFO 84448 --- [           main] com.jpmc.midascore.TaskTwoTests          : ...
2026-05-14T15:03:47.547-05:00  INFO 84448 --- [           main] com.jpmc.midascore.TaskTwoTests          : ...
2026-05-14T15:04:07.553-05:00  INFO 84448 --- [           main] com.jpmc.midascore.TaskTwoTests          : ...
2026-05-14T15:04:27.558-05:00  INFO 84448 --- [           main] com.jpmc.midascore.TaskTwoTests          : ...
2026-05-14T15:04:47.562-05:00  INFO 84448 --- [           main] com.jpmc.midascore.TaskTwoTests          : ...
2026-05-14T15:05:07.565-05:00  INFO 84448 --- [           main] com.jpmc.midascore.TaskTwoTests          : ...
2026-05-14T15:05:27.571-05:00  INFO 84448 --- [           main] com.jpmc.midascore.TaskTwoTests          : ...
2026-05-14T15:05:47.576-05:00  INFO 84448 --- [           main] com.jpmc.midascore.TaskTwoTests          : ...
2026-05-14T15:06:07.581-05:00  INFO 84448 --- [           main] com.jpmc.midascore.TaskTwoTests          : ...
2026-05-14T15:06:27.584-05:00  INFO 84448 --- [           main] com.jpmc.midascore.TaskTwoTests          : ...
2026-05-14T15:06:47.589-05:00  INFO 84448 --- [           main] com.jpmc.midascore.TaskTwoTests          : ...
2026-05-14T15:07:07.596-05:00  INFO 84448 --- [           main] com.jpmc.midascore.TaskTwoTests          : ...
2026-05-14T15:07:27.602-05:00  INFO 84448 --- [           main] com.jpmc.midascore.TaskTwoTests          : ...
2026-05-14T15:07:47.603-05:00  INFO 84448 --- [           main] com.jpmc.midascore.TaskTwoTests          : ...
2026-05-14T15:08:07.608-05:00  INFO 84448 --- [           main] com.jpmc.midascore.TaskTwoTests          : ...
2026-05-14T15:08:27.612-05:00  INFO 84448 --- [           main] com.jpmc.midascore.TaskTwoTests          : ...
2026-05-14T15:08:47.615-05:00  INFO 84448 --- [           main] com.jpmc.midascore.TaskTwoTests          : ...
2026-05-14T15:09:07.616-05:00  INFO 84448 --- [           main] com.jpmc.midascore.TaskTwoTests          : ...
2026-05-14T15:09:27.621-05:00  INFO 84448 --- [           main] com.jpmc.midascore.TaskTwoTests          : ...
2026-05-14T15:09:47.626-05:00  INFO 84448 --- [           main] com.jpmc.midascore.TaskTwoTests          : ...
2026-05-14T15:10:07.629-05:00  INFO 84448 --- [           main] com.jpmc.midascore.TaskTwoTests          : ...
2026-05-14T15:10:27.633-05:00  INFO 84448 --- [           main] com.jpmc.midascore.TaskTwoTests          : ...
2026-05-14T15:10:47.639-05:00  INFO 84448 --- [           main] com.jpmc.midascore.TaskTwoTests          : ...
2026-05-14T15:11:07.643-05:00  INFO 84448 --- [           main] com.jpmc.midascore.TaskTwoTests          : ...
2026-05-14T15:11:37.032-05:00  INFO 84448 --- [           main] com.jpmc.midascore.TaskTwoTests          : ...
2026-05-14T15:11:57.063-05:00  INFO 84448 --- [           main] com.jpmc.midascore.TaskTwoTests          : ...
2026-05-14T15:12:17.074-05:00  INFO 84448 --- [           main] com.jpmc.midascore.TaskTwoTests          : ...
2026-05-14T15:12:37.079-05:00  INFO 84448 --- [           main] com.jpmc.midascore.TaskTwoTests          : ...
2026-05-14T15:12:57.085-05:00  INFO 84448 --- [           main] com.jpmc.midascore.TaskTwoTests          : ...
2026-05-14T15:13:17.089-05:00  INFO 84448 --- [           main] com.jpmc.midascore.TaskTwoTests          : ...
2026-05-14T15:13:37.094-05:00  INFO 84448 --- [           main] com.jpmc.midascore.TaskTwoTests          : ...
2026-05-14T15:13:57.097-05:00  INFO 84448 --- [           main] com.jpmc.midascore.TaskTwoTests          : ...
2026-05-14T15:14:17.103-05:00  INFO 84448 --- [           main] com.jpmc.midascore.TaskTwoTests          : ...
2026-05-14T15:14:37.103-05:00  INFO 84448 --- [           main] com.jpmc.midascore.TaskTwoTests          : ...
2026-05-14T15:14:57.108-05:00  INFO 84448 --- [           main] com.jpmc.midascore.TaskTwoTests          : ...
2026-05-14T15:15:17.114-05:00  INFO 84448 --- [           main] com.jpmc.midascore.TaskTwoTests          : ...
2026-05-14T15:15:37.120-05:00  INFO 84448 --- [           main] com.jpmc.midascore.TaskTwoTests          : ...
2026-05-14T15:15:57.123-05:00  INFO 84448 --- [           main] com.jpmc.midascore.TaskTwoTests          : ...
2026-05-14T15:16:17.131-05:00  INFO 84448 --- [           main] com.jpmc.midascore.TaskTwoTests          : ...
2026-05-14T15:16:37.136-05:00  INFO 84448 --- [           main] com.jpmc.midascore.TaskTwoTests          : ...
2026-05-14T15:16:57.146-05:00  INFO 84448 --- [           main] com.jpmc.midascore.TaskTwoTests          : ...
2026-05-14T15:17:17.151-05:00  INFO 84448 --- [           main] com.jpmc.midascore.TaskTwoTests          : ...
2026-05-14T15:17:37.157-05:00  INFO 84448 --- [           main] com.jpmc.midascore.TaskTwoTests          : ...
2026-05-14T15:17:57.163-05:00  INFO 84448 --- [           main] com.jpmc.midascore.TaskTwoTests          : ...
2026-05-14T15:18:17.171-05:00  INFO 84448 --- [           main] com.jpmc.midascore.TaskTwoTests          : ...
2026-05-14T15:18:37.180-05:00  INFO 84448 --- [           main] com.jpmc.midascore.TaskTwoTests          : ...
2026-05-14T15:18:57.191-05:00  INFO 84448 --- [           main] com.jpmc.midascore.TaskTwoTests          : ...
2026-05-14T15:19:17.199-05:00  INFO 84448 --- [           main] com.jpmc.midascore.TaskTwoTests          : ...
2026-05-14T15:19:37.214-05:00  INFO 84448 --- [           main] com.jpmc.midascore.TaskTwoTests          : ...
2026-05-14T15:19:57.229-05:00  INFO 84448 --- [           main] com.jpmc.midascore.TaskTwoTests          : ...
2026-05-14T15:20:17.235-05:00  INFO 84448 --- [           main] com.jpmc.midascore.TaskTwoTests          : ...
2026-05-14T15:20:37.241-05:00  INFO 84448 --- [           main] com.jpmc.midascore.TaskTwoTests          : ...
2026-05-14T15:20:57.245-05:00  INFO 84448 --- [           main] com.jpmc.midascore.TaskTwoTests          : ...
2026-05-14T15:21:17.252-05:00  INFO 84448 --- [           main] com.jpmc.midascore.TaskTwoTests          : ...
2026-05-14T15:21:37.254-05:00  INFO 84448 --- [           main] com.jpmc.midascore.TaskTwoTests          : ...
2026-05-14T15:21:57.259-05:00  INFO 84448 --- [           main] com.jpmc.midascore.TaskTwoTests          : ...
2026-05-14T15:22:17.266-05:00  INFO 84448 --- [           main] com.jpmc.midascore.TaskTwoTests          : ...
2026-05-14T15:22:37.269-05:00  INFO 84448 --- [           main] com.jpmc.midascore.TaskTwoTests          : ...
2026-05-14T15:22:57.274-05:00  INFO 84448 --- [           main] com.jpmc.midascore.TaskTwoTests          : ...
2026-05-14T15:23:17.279-05:00  INFO 84448 --- [           main] com.jpmc.midascore.TaskTwoTests          : ...
2026-05-14T15:23:37.284-05:00  INFO 84448 --- [           main] com.jpmc.midascore.TaskTwoTests          : ...
2026-05-14T15:23:57.290-05:00  INFO 84448 --- [           main] com.jpmc.midascore.TaskTwoTests          : ...
2026-05-14T15:24:17.296-05:00  INFO 84448 --- [           main] com.jpmc.midascore.TaskTwoTests          : ...
2026-05-14T15:24:37.300-05:00  INFO 84448 --- [           main] com.jpmc.midascore.TaskTwoTests          : ...
2026-05-14T15:24:57.306-05:00  INFO 84448 --- [           main] com.jpmc.midascore.TaskTwoTests          : ...
2026-05-14T15:25:17.318-05:00  INFO 84448 --- [           main] com.jpmc.midascore.TaskTwoTests          : ...
2026-05-14T15:25:37.322-05:00  INFO 84448 --- [           main] com.jpmc.midascore.TaskTwoTests          : ...
2026-05-14T15:25:57.327-05:00  INFO 84448 --- [           main] com.jpmc.midascore.TaskTwoTests          : ...
2026-05-14T15:26:17.333-05:00  INFO 84448 --- [           main] com.jpmc.midascore.TaskTwoTests          : ...
2026-05-14T15:26:37.344-05:00  INFO 84448 --- [           main] com.jpmc.midascore.TaskTwoTests          : ...
2026-05-14T15:26:57.351-05:00  INFO 84448 --- [           main] com.jpmc.midascore.TaskTwoTests          : ...
2026-05-14T15:27:17.357-05:00  INFO 84448 --- [           main] com.jpmc.midascore.TaskTwoTests          : ...
2026-05-14T15:27:37.364-05:00  INFO 84448 --- [           main] com.jpmc.midascore.TaskTwoTests          : ...
2026-05-14T15:27:57.373-05:00  INFO 84448 --- [           main] com.jpmc.midascore.TaskTwoTests          : ...
2026-05-14T15:28:17.378-05:00  INFO 84448 --- [           main] com.jpmc.midascore.TaskTwoTests          : ...
2026-05-14T15:28:37.384-05:00  INFO 84448 --- [           main] com.jpmc.midascore.TaskTwoTests          : ...
2026-05-14T15:28:57.391-05:00  INFO 84448 --- [           main] com.jpmc.midascore.TaskTwoTests          : ...
2026-05-14T15:29:17.389-05:00  INFO 84448 --- [           main] com.jpmc.midascore.TaskTwoTests          : ...
2026-05-14T15:29:37.387-05:00  INFO 84448 --- [           main] com.jpmc.midascore.TaskTwoTests          : ...
2026-05-14T15:29:57.393-05:00  INFO 84448 --- [           main] com.jpmc.midascore.TaskTwoTests          : ...
2026-05-14T15:30:17.397-05:00  INFO 84448 --- [           main] com.jpmc.midascore.TaskTwoTests          : ...
2026-05-14T15:30:37.414-05:00  INFO 84448 --- [           main] com.jpmc.midascore.TaskTwoTests          : ...
2026-05-14T15:30:50.268-05:00  INFO 84448 --- [r-event-handler] o.a.k.image.publisher.SnapshotGenerator  : [SnapshotGenerator id=0] Creating new KRaft snapshot file snapshot 00000000000000035817-0000000001 because we have waited at least 60 minute(s).
2026-05-14T15:30:50.339-05:00  INFO 84448 --- [r-event-handler] o.a.k.image.publisher.SnapshotEmitter    : [SnapshotEmitter id=0] Successfully wrote snapshot 00000000000000035817-0000000001
2026-05-14T15:30:57.430-05:00  INFO 84448 --- [           main] com.jpmc.midascore.TaskTwoTests          : ...
2026-05-14T15:31:17.440-05:00  INFO 84448 --- [           main] com.jpmc.midascore.TaskTwoTests          : ...
2026-05-14T15:31:37.445-05:00  INFO 84448 --- [           main] com.jpmc.midascore.TaskTwoTests          : ...
2026-05-14T15:31:57.454-05:00  INFO 84448 --- [           main] com.jpmc.midascore.TaskTwoTests          : ...
2026-05-14T15:32:17.460-05:00  INFO 84448 --- [           main] com.jpmc.midascore.TaskTwoTests          : ...
2026-05-14T15:32:37.466-05:00  INFO 84448 --- [           main] com.jpmc.midascore.TaskTwoTests          : ...
2026-05-14T15:32:57.472-05:00  INFO 84448 --- [           main] com.jpmc.midascore.TaskTwoTests          : ...
2026-05-14T15:33:17.477-05:00  INFO 84448 --- [           main] com.jpmc.midascore.TaskTwoTests          : ...
2026-05-14T15:33:37.484-05:00  INFO 84448 --- [           main] com.jpmc.midascore.TaskTwoTests          : ...
2026-05-14T15:33:57.491-05:00  INFO 84448 --- [           main] com.jpmc.midascore.TaskTwoTests          : ...
2026-05-14T15:34:17.493-05:00  INFO 84448 --- [           main] com.jpmc.midascore.TaskTwoTests          : ...
2026-05-14T15:34:37.495-05:00  INFO 84448 --- [           main] com.jpmc.midascore.TaskTwoTests          : ...
2026-05-14T15:34:57.501-05:00  INFO 84448 --- [           main] com.jpmc.midascore.TaskTwoTests          : ...
2026-05-14T15:35:17.506-05:00  INFO 84448 --- [           main] com.jpmc.midascore.TaskTwoTests          : ...
2026-05-14T15:35:37.512-05:00  INFO 84448 --- [           main] com.jpmc.midascore.TaskTwoTests          : ...
2026-05-14T15:35:57.528-05:00  INFO 84448 --- [           main] com.jpmc.midascore.TaskTwoTests          : ...
2026-05-14T15:36:17.529-05:00  INFO 84448 --- [           main] com.jpmc.midascore.TaskTwoTests          : ...
2026-05-14T15:36:37.533-05:00  INFO 84448 --- [           main] com.jpmc.midascore.TaskTwoTests          : ...
2026-05-14T15:36:57.540-05:00  INFO 84448 --- [           main] com.jpmc.midascore.TaskTwoTests          : ...
2026-05-14T15:37:17.547-05:00  INFO 84448 --- [           main] com.jpmc.midascore.TaskTwoTests          : ...
2026-05-14T15:37:37.550-05:00  INFO 84448 --- [           main] com.jpmc.midascore.TaskTwoTests          : ...
2026-05-14T15:37:57.556-05:00  INFO 84448 --- [           main] com.jpmc.midascore.TaskTwoTests          : ...
2026-05-14T15:38:17.559-05:00  INFO 84448 --- [           main] com.jpmc.midascore.TaskTwoTests          : ...
2026-05-14T15:38:37.563-05:00  INFO 84448 --- [           main] com.jpmc.midascore.TaskTwoTests          : ...
2026-05-14T15:38:57.566-05:00  INFO 84448 --- [           main] com.jpmc.midascore.TaskTwoTests          : ...
2026-05-14T15:39:17.570-05:00  INFO 84448 --- [           main] com.jpmc.midascore.TaskTwoTests          : ...
2026-05-14T15:39:37.574-05:00  INFO 84448 --- [           main] com.jpmc.midascore.TaskTwoTests          : ...
2026-05-14T15:39:57.577-05:00  INFO 84448 --- [           main] com.jpmc.midascore.TaskTwoTests          : ...
2026-05-14T15:40:17.584-05:00  INFO 84448 --- [           main] com.jpmc.midascore.TaskTwoTests          : ...
2026-05-14T15:40:37.590-05:00  INFO 84448 --- [           main] com.jpmc.midascore.TaskTwoTests          : ...
2026-05-14T15:40:57.595-05:00  INFO 84448 --- [           main] com.jpmc.midascore.TaskTwoTests          : ...
2026-05-14T15:41:17.606-05:00  INFO 84448 --- [           main] com.jpmc.midascore.TaskTwoTests          : ...
2026-05-14T15:41:37.611-05:00  INFO 84448 --- [           main] com.jpmc.midascore.TaskTwoTests          : ...
2026-05-14T15:41:57.618-05:00  INFO 84448 --- [           main] com.jpmc.midascore.TaskTwoTests          : ...
2026-05-14T15:42:17.625-05:00  INFO 84448 --- [           main] com.jpmc.midascore.TaskTwoTests          : ...
2026-05-14T15:42:37.631-05:00  INFO 84448 --- [           main] com.jpmc.midascore.TaskTwoTests          : ...
2026-05-14T15:42:57.636-05:00  INFO 84448 --- [           main] com.jpmc.midascore.TaskTwoTests          : ...
2026-05-14T15:43:17.643-05:00  INFO 84448 --- [           main] com.jpmc.midascore.TaskTwoTests          : ...
2026-05-14T15:43:37.647-05:00  INFO 84448 --- [           main] com.jpmc.midascore.TaskTwoTests          : ...
2026-05-14T15:43:57.650-05:00  INFO 84448 --- [           main] com.jpmc.midascore.TaskTwoTests          : ...
2026-05-14T15:44:17.653-05:00  INFO 84448 --- [           main] com.jpmc.midascore.TaskTwoTests          : ...
2026-05-14T15:44:37.659-05:00  INFO 84448 --- [           main] com.jpmc.midascore.TaskTwoTests          : ...
2026-05-14T15:44:57.661-05:00  INFO 84448 --- [           main] com.jpmc.midascore.TaskTwoTests          : ...
2026-05-14T15:45:17.667-05:00  INFO 84448 --- [           main] com.jpmc.midascore.TaskTwoTests          : ...
2026-05-14T15:45:37.672-05:00  INFO 84448 --- [           main] com.jpmc.midascore.TaskTwoTests          : ...
2026-05-14T15:45:57.677-05:00  INFO 84448 --- [           main] com.jpmc.midascore.TaskTwoTests          : ...
2026-05-14T15:46:17.682-05:00  INFO 84448 --- [           main] com.jpmc.midascore.TaskTwoTests          : ...
2026-05-14T15:46:37.688-05:00  INFO 84448 --- [           main] com.jpmc.midascore.TaskTwoTests          : ...
2026-05-14T15:46:57.692-05:00  INFO 84448 --- [           main] com.jpmc.midascore.TaskTwoTests          : ...
2026-05-14T15:47:17.699-05:00  INFO 84448 --- [           main] com.jpmc.midascore.TaskTwoTests          : ...
2026-05-14T15:47:37.704-05:00  INFO 84448 --- [           main] com.jpmc.midascore.TaskTwoTests          : ...
2026-05-14T15:47:57.708-05:00  INFO 84448 --- [           main] com.jpmc.midascore.TaskTwoTests          : ...
2026-05-14T15:48:17.714-05:00  INFO 84448 --- [           main] com.jpmc.midascore.TaskTwoTests          : ...
2026-05-14T15:48:37.717-05:00  INFO 84448 --- [           main] com.jpmc.midascore.TaskTwoTests          : ...
2026-05-14T15:48:57.722-05:00  INFO 84448 --- [           main] com.jpmc.midascore.TaskTwoTests          : ...
2026-05-14T15:49:17.726-05:00  INFO 84448 --- [           main] com.jpmc.midascore.TaskTwoTests          : ...
2026-05-14T15:49:37.731-05:00  INFO 84448 --- [           main] com.jpmc.midascore.TaskTwoTests          : ...
2026-05-14T15:49:57.738-05:00  INFO 84448 --- [           main] com.jpmc.midascore.TaskTwoTests          : ...
2026-05-14T15:50:17.741-05:00  INFO 84448 --- [           main] com.jpmc.midascore.TaskTwoTests          : ...
2026-05-14T15:50:37.748-05:00  INFO 84448 --- [           main] com.jpmc.midascore.TaskTwoTests          : ...
2026-05-14T15:50:57.750-05:00  INFO 84448 --- [           main] com.jpmc.midascore.TaskTwoTests          : ...
2026-05-14T15:51:17.757-05:00  INFO 84448 --- [           main] com.jpmc.midascore.TaskTwoTests          : ...
2026-05-14T15:51:37.762-05:00  INFO 84448 --- [           main] com.jpmc.midascore.TaskTwoTests          : ...
2026-05-14T15:51:57.769-05:00  INFO 84448 --- [           main] com.jpmc.midascore.TaskTwoTests          : ...
2026-05-14T15:52:17.775-05:00  INFO 84448 --- [           main] com.jpmc.midascore.TaskTwoTests          : ...
2026-05-14T15:52:37.781-05:00  INFO 84448 --- [           main] com.jpmc.midascore.TaskTwoTests          : ...
2026-05-14T15:52:57.788-05:00  INFO 84448 --- [           main] com.jpmc.midascore.TaskTwoTests          : ...
2026-05-14T15:53:17.792-05:00  INFO 84448 --- [           main] com.jpmc.midascore.TaskTwoTests          : ...
2026-05-14T15:53:37.795-05:00  INFO 84448 --- [           main] com.jpmc.midascore.TaskTwoTests          : ...
2026-05-14T15:53:57.796-05:00  INFO 84448 --- [           main] com.jpmc.midascore.TaskTwoTests          : ...
2026-05-14T15:54:17.801-05:00  INFO 84448 --- [           main] com.jpmc.midascore.TaskTwoTests          : ...
2026-05-14T15:54:37.806-05:00  INFO 84448 --- [           main] com.jpmc.midascore.TaskTwoTests          : ...
2026-05-14T15:54:57.809-05:00  INFO 84448 --- [           main] com.jpmc.midascore.TaskTwoTests          : ...
2026-05-14T15:55:17.814-05:00  INFO 84448 --- [           main] com.jpmc.midascore.TaskTwoTests          : ...
2026-05-14T15:55:37.821-05:00  INFO 84448 --- [           main] com.jpmc.midascore.TaskTwoTests          : ...
2026-05-14T15:55:57.827-05:00  INFO 84448 --- [           main] com.jpmc.midascore.TaskTwoTests          : ...
2026-05-14T15:56:17.833-05:00  INFO 84448 --- [           main] com.jpmc.midascore.TaskTwoTests          : ...
2026-05-14T15:56:37.837-05:00  INFO 84448 --- [           main] com.jpmc.midascore.TaskTwoTests          : ...
2026-05-14T15:56:57.841-05:00  INFO 84448 --- [           main] com.jpmc.midascore.TaskTwoTests          : ...
2026-05-14T16:00:27.145-05:00  INFO 84448 --- [ad | midas-core] o.a.k.c.c.internals.ConsumerCoordinator  : [Consumer clientId=consumer-midas-core-1, groupId=midas-core] Group coordinator localhost:59705 (id: 2147483647 rack: null) is unavailable or invalid due to cause: session timed out without receiving a heartbeat response. isDisconnected: false. Rediscovery will be attempted.
2026-05-14T16:00:27.157-05:00  INFO 84448 --- [ad | midas-core] o.a.k.c.c.internals.ConsumerCoordinator  : [Consumer clientId=consumer-midas-core-1, groupId=midas-core] Requesting disconnect from last known coordinator localhost:59705 (id: 2147483647 rack: null)
2026-05-14T16:00:27.160-05:00  INFO 84448 --- [ad | midas-core] org.apache.kafka.clients.NetworkClient   : [Consumer clientId=consumer-midas-core-1, groupId=midas-core] Client requested disconnect from node 2147483647
2026-05-14T16:00:27.494-05:00  INFO 84448 --- [ntainer#0-0-C-1] o.a.k.c.c.internals.ConsumerCoordinator  : [Consumer clientId=consumer-midas-core-1, groupId=midas-core] Discovered group coordinator localhost:59705 (id: 2147483647 rack: null)
2026-05-14T16:00:28.868-05:00  INFO 84448 --- [           main] com.jpmc.midascore.TaskTwoTests          : ...
2026-05-14T16:00:33.390-05:00  WARN 84448 --- [l-1 housekeeper] com.zaxxer.hikari.pool.HikariPool        : HikariPool-1 - Thread starvation or clock leap detected (housekeeper delta=3m41s29ms).
2026-05-14T16:00:48.873-05:00  INFO 84448 --- [           main] com.jpmc.midascore.TaskTwoTests          : ...
2026-05-14T16:01:08.881-05:00  INFO 84448 --- [           main] com.jpmc.midascore.TaskTwoTests          : ...
2026-05-14T16:01:28.937-05:00  INFO 84448 --- [           main] com.jpmc.midascore.TaskTwoTests          : ...
2026-05-14T16:01:48.948-05:00  INFO 84448 --- [           main] com.jpmc.midascore.TaskTwoTests          : ...
2026-05-14T16:02:08.961-05:00  INFO 84448 --- [           main] com.jpmc.midascore.TaskTwoTests          : ...
2026-05-14T16:02:28.981-05:00  INFO 84448 --- [           main] com.jpmc.midascore.TaskTwoTests          : ...
2026-05-14T16:02:49.026-05:00  INFO 84448 --- [           main] com.jpmc.midascore.TaskTwoTests          : ...
2026-05-14T16:03:09.100-05:00  INFO 84448 --- [           main] com.jpmc.midascore.TaskTwoTests          : ...
2026-05-14T16:03:29.116-05:00  INFO 84448 --- [           main] com.jpmc.midascore.TaskTwoTests          : ...
2026-05-14T16:03:49.125-05:00  INFO 84448 --- [           main] com.jpmc.midascore.TaskTwoTests          : ...
2026-05-14T16:04:09.136-05:00  INFO 84448 --- [           main] com.jpmc.midascore.TaskTwoTests          : ...
2026-05-14T16:04:29.155-05:00  INFO 84448 --- [           main] com.jpmc.midascore.TaskTwoTests          : ...
2026-05-14T16:04:49.174-05:00  INFO 84448 --- [           main] com.jpmc.midascore.TaskTwoTests          : ...
2026-05-14T16:05:09.187-05:00  INFO 84448 --- [           main] com.jpmc.midascore.TaskTwoTests          : ...
2026-05-14T16:05:29.205-05:00  INFO 84448 --- [           main] com.jpmc.midascore.TaskTwoTests          : ...
2026-05-14T16:05:49.249-05:00  INFO 84448 --- [           main] com.jpmc.midascore.TaskTwoTests          : ...
2026-05-14T16:06:09.263-05:00  INFO 84448 --- [           main] com.jpmc.midascore.TaskTwoTests          : ...
2026-05-14T16:06:29.267-05:00  INFO 84448 --- [           main] com.jpmc.midascore.TaskTwoTests          : ...
2026-05-14T16:06:49.274-05:00  INFO 84448 --- [           main] com.jpmc.midascore.TaskTwoTests          : ...
2026-05-14T16:07:09.288-05:00  INFO 84448 --- [           main] com.jpmc.midascore.TaskTwoTests          : ...
2026-05-14T16:07:29.322-05:00  INFO 84448 --- [           main] com.jpmc.midascore.TaskTwoTests          : ...
2026-05-14T16:07:49.330-05:00  INFO 84448 --- [           main] com.jpmc.midascore.TaskTwoTests          : ...
2026-05-14T16:08:09.337-05:00  INFO 84448 --- [           main] com.jpmc.midascore.TaskTwoTests          : ...
2026-05-14T16:08:29.344-05:00  INFO 84448 --- [           main] com.jpmc.midascore.TaskTwoTests          : ...
2026-05-14T16:08:49.355-05:00  INFO 84448 --- [           main] com.jpmc.midascore.TaskTwoTests          : ...
2026-05-14T16:09:09.364-05:00  INFO 84448 --- [           main] com.jpmc.midascore.TaskTwoTests          : ...
2026-05-14T16:09:29.369-05:00  INFO 84448 --- [           main] com.jpmc.midascore.TaskTwoTests          : ...
2026-05-14T16:09:49.381-05:00  INFO 84448 --- [           main] com.jpmc.midascore.TaskTwoTests          : ...
2026-05-14T16:10:09.391-05:00  INFO 84448 --- [           main] com.jpmc.midascore.TaskTwoTests          : ...
2026-05-14T16:10:29.403-05:00  INFO 84448 --- [           main] com.jpmc.midascore.TaskTwoTests          : ...
2026-05-14T16:10:49.415-05:00  INFO 84448 --- [           main] com.jpmc.midascore.TaskTwoTests          : ...
2026-05-14T16:11:09.423-05:00  INFO 84448 --- [           main] com.jpmc.midascore.TaskTwoTests          : ...
2026-05-14T16:11:29.428-05:00  INFO 84448 --- [           main] com.jpmc.midascore.TaskTwoTests          : ...
2026-05-14T16:11:49.433-05:00  INFO 84448 --- [           main] com.jpmc.midascore.TaskTwoTests          : ...
2026-05-14T16:12:09.444-05:00  INFO 84448 --- [           main] com.jpmc.midascore.TaskTwoTests          : ...
2026-05-14T16:12:29.453-05:00  INFO 84448 --- [           main] com.jpmc.midascore.TaskTwoTests          : ...
2026-05-14T16:12:49.459-05:00  INFO 84448 --- [           main] com.jpmc.midascore.TaskTwoTests          : ...
2026-05-14T16:13:09.468-05:00  INFO 84448 --- [           main] com.jpmc.midascore.TaskTwoTests          : ...
2026-05-14T16:13:29.471-05:00  INFO 84448 --- [           main] com.jpmc.midascore.TaskTwoTests          : ...
2026-05-14T16:13:49.481-05:00  INFO 84448 --- [           main] com.jpmc.midascore.TaskTwoTests          : ...
2026-05-14T16:14:09.487-05:00  INFO 84448 --- [           main] com.jpmc.midascore.TaskTwoTests          : ...
2026-05-14T16:14:29.492-05:00  INFO 84448 --- [           main] com.jpmc.midascore.TaskTwoTests          : ...
2026-05-14T16:14:49.504-05:00  INFO 84448 --- [           main] com.jpmc.midascore.TaskTwoTests          : ...
2026-05-14T16:15:09.518-05:00  INFO 84448 --- [           main] com.jpmc.midascore.TaskTwoTests          : ...
2026-05-14T16:15:29.542-05:00  INFO 84448 --- [           main] com.jpmc.midascore.TaskTwoTests          : ...
2026-05-14T16:15:49.575-05:00  INFO 84448 --- [           main] com.jpmc.midascore.TaskTwoTests          : ...
2026-05-14T16:16:09.589-05:00  INFO 84448 --- [           main] com.jpmc.midascore.TaskTwoTests          : ...
2026-05-14T16:16:29.598-05:00  INFO 84448 --- [           main] com.jpmc.midascore.TaskTwoTests          : ...
2026-05-14T16:16:49.610-05:00  INFO 84448 --- [           main] com.jpmc.midascore.TaskTwoTests          : ...
2026-05-14T16:17:09.620-05:00  INFO 84448 --- [           main] com.jpmc.midascore.TaskTwoTests          : ...
2026-05-14T16:17:29.624-05:00  INFO 84448 --- [           main] com.jpmc.midascore.TaskTwoTests          : ...
2026-05-14T16:17:49.637-05:00  INFO 84448 --- [           main] com.jpmc.midascore.TaskTwoTests          : ...
2026-05-14T16:18:09.646-05:00  INFO 84448 --- [           main] com.jpmc.midascore.TaskTwoTests          : ...
2026-05-14T16:18:29.662-05:00  INFO 84448 --- [           main] com.jpmc.midascore.TaskTwoTests          : ...
2026-05-14T16:18:49.682-05:00  INFO 84448 --- [           main] com.jpmc.midascore.TaskTwoTests          : ...
2026-05-14T16:19:09.693-05:00  INFO 84448 --- [           main] com.jpmc.midascore.TaskTwoTests          : ...
2026-05-14T16:19:29.700-05:00  INFO 84448 --- [           main] com.jpmc.midascore.TaskTwoTests          : ...
2026-05-14T16:19:49.709-05:00  INFO 84448 --- [           main] com.jpmc.midascore.TaskTwoTests          : ...
2026-05-14T16:20:09.716-05:00  INFO 84448 --- [           main] com.jpmc.midascore.TaskTwoTests          : ...
2026-05-14T16:20:29.719-05:00  INFO 84448 --- [           main] com.jpmc.midascore.TaskTwoTests          : ...
2026-05-14T16:20:49.760-05:00  INFO 84448 --- [           main] com.jpmc.midascore.TaskTwoTests          : ...
2026-05-14T16:21:09.772-05:00  INFO 84448 --- [           main] com.jpmc.midascore.TaskTwoTests          : ...
2026-05-14T16:21:29.778-05:00  INFO 84448 --- [           main] com.jpmc.midascore.TaskTwoTests          : ...
2026-05-14T16:21:49.782-05:00  INFO 84448 --- [           main] com.jpmc.midascore.TaskTwoTests          : ...
2026-05-14T16:22:09.794-05:00  INFO 84448 --- [           main] com.jpmc.midascore.TaskTwoTests          : ...
2026-05-14T16:22:29.805-05:00  INFO 84448 --- [           main] com.jpmc.midascore.TaskTwoTests          : ...
2026-05-14T16:22:49.814-05:00  INFO 84448 --- [           main] com.jpmc.midascore.TaskTwoTests          : ...
2026-05-14T16:23:09.822-05:00  INFO 84448 --- [           main] com.jpmc.midascore.TaskTwoTests          : ...
2026-05-14T16:23:29.827-05:00  INFO 84448 --- [           main] com.jpmc.midascore.TaskTwoTests          : ...
2026-05-14T16:23:49.833-05:00  INFO 84448 --- [           main] com.jpmc.midascore.TaskTwoTests          : ...
2026-05-14T16:24:09.910-05:00  INFO 84448 --- [           main] com.jpmc.midascore.TaskTwoTests          : ...
2026-05-14T16:24:29.943-05:00  INFO 84448 --- [           main] com.jpmc.midascore.TaskTwoTests          : ...
2026-05-14T16:24:49.952-05:00  INFO 84448 --- [           main] com.jpmc.midascore.TaskTwoTests          : ...
2026-05-14T16:25:09.966-05:00  INFO 84448 --- [           main] com.jpmc.midascore.TaskTwoTests          : ...
2026-05-14T16:25:29.977-05:00  INFO 84448 --- [           main] com.jpmc.midascore.TaskTwoTests          : ...
2026-05-14T16:25:49.983-05:00  INFO 84448 --- [           main] com.jpmc.midascore.TaskTwoTests          : ...
2026-05-14T16:26:09.994-05:00  INFO 84448 --- [           main] com.jpmc.midascore.TaskTwoTests          : ...
2026-05-14T16:26:30.005-05:00  INFO 84448 --- [           main] com.jpmc.midascore.TaskTwoTests          : ...
2026-05-14T16:26:50.026-05:00  INFO 84448 --- [           main] com.jpmc.midascore.TaskTwoTests          : ...
2026-05-14T16:27:10.031-05:00  INFO 84448 --- [           main] com.jpmc.midascore.TaskTwoTests          : ...
2026-05-14T16:27:30.036-05:00  INFO 84448 --- [           main] com.jpmc.midascore.TaskTwoTests          : ...
2026-05-14T16:27:50.042-05:00  INFO 84448 --- [           main] com.jpmc.midascore.TaskTwoTests          : ...
2026-05-14T16:28:10.051-05:00  INFO 84448 --- [           main] com.jpmc.midascore.TaskTwoTests          : ...
2026-05-14T16:28:30.065-05:00  INFO 84448 --- [           main] com.jpmc.midascore.TaskTwoTests          : ...
2026-05-14T16:28:50.072-05:00  INFO 84448 --- [           main] com.jpmc.midascore.TaskTwoTests          : ...
2026-05-14T16:29:10.081-05:00  INFO 84448 --- [           main] com.jpmc.midascore.TaskTwoTests          : ...
2026-05-14T16:29:30.084-05:00  INFO 84448 --- [           main] com.jpmc.midascore.TaskTwoTests          : ...
2026-05-14T16:29:50.090-05:00  INFO 84448 --- [           main] com.jpmc.midascore.TaskTwoTests          : ...
2026-05-14T16:30:10.100-05:00  INFO 84448 --- [           main] com.jpmc.midascore.TaskTwoTests          : ...
2026-05-14T16:30:30.109-05:00  INFO 84448 --- [           main] com.jpmc.midascore.TaskTwoTests          : ...
2026-05-14T16:30:50.116-05:00  INFO 84448 --- [           main] com.jpmc.midascore.TaskTwoTests          : ...
2026-05-14T16:31:10.123-05:00  INFO 84448 --- [           main] com.jpmc.midascore.TaskTwoTests          : ...
2026-05-14T16:31:30.140-05:00  INFO 84448 --- [           main] com.jpmc.midascore.TaskTwoTests          : ...
2026-05-14T16:31:50.182-05:00  INFO 84448 --- [           main] com.jpmc.midascore.TaskTwoTests          : ...
2026-05-14T16:32:10.197-05:00  INFO 84448 --- [           main] com.jpmc.midascore.TaskTwoTests          : ...
2026-05-14T16:32:30.202-05:00  INFO 84448 --- [           main] com.jpmc.midascore.TaskTwoTests          : ...
2026-05-14T16:32:50.211-05:00  INFO 84448 --- [           main] com.jpmc.midascore.TaskTwoTests          : ...
2026-05-14T16:33:10.220-05:00  INFO 84448 --- [           main] com.jpmc.midascore.TaskTwoTests          : ...
2026-05-14T16:33:30.222-05:00  INFO 84448 --- [           main] com.jpmc.midascore.TaskTwoTests          : ...
2026-05-14T16:33:50.236-05:00  INFO 84448 --- [           main] com.jpmc.midascore.TaskTwoTests          : ...
2026-05-14T16:34:01.374-05:00  INFO 84448 --- [r-event-handler] o.a.k.image.publisher.SnapshotGenerator  : [SnapshotGenerator id=0] Creating new KRaft snapshot file snapshot 00000000000000042968-0000000001 because we have waited at least 60 minute(s).
2026-05-14T16:34:01.461-05:00  INFO 84448 --- [r-event-handler] o.a.k.image.publisher.SnapshotEmitter    : [SnapshotEmitter id=0] Successfully wrote snapshot 00000000000000042968-0000000001
2026-05-14T16:34:10.255-05:00  INFO 84448 --- [           main] com.jpmc.midascore.TaskTwoTests          : ...
2026-05-14T16:34:30.265-05:00  INFO 84448 --- [           main] com.jpmc.midascore.TaskTwoTests          : ...
2026-05-14T16:34:50.269-05:00  INFO 84448 --- [           main] com.jpmc.midascore.TaskTwoTests          : ...
2026-05-14T16:35:10.303-05:00  INFO 84448 --- [           main] com.jpmc.midascore.TaskTwoTests          : ...
2026-05-14T16:35:30.312-05:00  INFO 84448 --- [           main] com.jpmc.midascore.TaskTwoTests          : ...
2026-05-14T16:35:50.316-05:00  INFO 84448 --- [           main] com.jpmc.midascore.TaskTwoTests          : ...
2026-05-14T16:36:10.329-05:00  INFO 84448 --- [           main] com.jpmc.midascore.TaskTwoTests          : ...
2026-05-14T16:36:30.350-05:00  INFO 84448 --- [           main] com.jpmc.midascore.TaskTwoTests          : ...
2026-05-14T16:36:50.356-05:00  INFO 84448 --- [           main] com.jpmc.midascore.TaskTwoTests          : ...
2026-05-14T16:37:10.376-05:00  INFO 84448 --- [           main] com.jpmc.midascore.TaskTwoTests          : ...
2026-05-14T16:37:30.380-05:00  INFO 84448 --- [           main] com.jpmc.midascore.TaskTwoTests          : ...
2026-05-14T16:37:50.385-05:00  INFO 84448 --- [           main] com.jpmc.midascore.TaskTwoTests          : ...
2026-05-14T16:38:10.394-05:00  INFO 84448 --- [           main] com.jpmc.midascore.TaskTwoTests          : ...
2026-05-14T16:38:30.402-05:00  INFO 84448 --- [           main] com.jpmc.midascore.TaskTwoTests          : ...
2026-05-14T16:38:50.407-05:00  INFO 84448 --- [           main] com.jpmc.midascore.TaskTwoTests          : ...
2026-05-14T16:39:10.412-05:00  INFO 84448 --- [           main] com.jpmc.midascore.TaskTwoTests          : ...
2026-05-14T16:39:30.419-05:00  INFO 84448 --- [           main] com.jpmc.midascore.TaskTwoTests          : ...
2026-05-14T16:39:50.428-05:00  INFO 84448 --- [           main] com.jpmc.midascore.TaskTwoTests          : ...
2026-05-14T16:40:10.440-05:00  INFO 84448 --- [           main] com.jpmc.midascore.TaskTwoTests          : ...
2026-05-14T16:40:30.446-05:00  INFO 84448 --- [           main] com.jpmc.midascore.TaskTwoTests          : ...
2026-05-14T16:40:50.450-05:00  INFO 84448 --- [           main] com.jpmc.midascore.TaskTwoTests          : ...
2026-05-14T16:41:10.452-05:00  INFO 84448 --- [           main] com.jpmc.midascore.TaskTwoTests          : ...
2026-05-14T16:41:30.457-05:00  INFO 84448 --- [           main] com.jpmc.midascore.TaskTwoTests          : ...
2026-05-14T16:41:50.464-05:00  INFO 84448 --- [           main] com.jpmc.midascore.TaskTwoTests          : ...
2026-05-14T16:42:10.483-05:00  INFO 84448 --- [           main] com.jpmc.midascore.TaskTwoTests          : ...
2026-05-14T16:42:30.535-05:00  INFO 84448 --- [           main] com.jpmc.midascore.TaskTwoTests          : ...
2026-05-14T16:42:50.580-05:00  INFO 84448 --- [           main] com.jpmc.midascore.TaskTwoTests          : ...
2026-05-14T16:43:10.643-05:00  INFO 84448 --- [           main] com.jpmc.midascore.TaskTwoTests          : ...
2026-05-14T16:43:30.660-05:00  INFO 84448 --- [           main] com.jpmc.midascore.TaskTwoTests          : ...
2026-05-14T16:43:50.666-05:00  INFO 84448 --- [           main] com.jpmc.midascore.TaskTwoTests          : ...
2026-05-14T16:44:10.672-05:00  INFO 84448 --- [           main] com.jpmc.midascore.TaskTwoTests          : ...
2026-05-14T16:44:30.680-05:00  INFO 84448 --- [           main] com.jpmc.midascore.TaskTwoTests          : ...
2026-05-14T16:44:50.693-05:00  INFO 84448 --- [           main] com.jpmc.midascore.TaskTwoTests          : ...
2026-05-14T16:45:10.702-05:00  INFO 84448 --- [           main] com.jpmc.midascore.TaskTwoTests          : ...
2026-05-14T16:45:30.714-05:00  INFO 84448 --- [           main] com.jpmc.midascore.TaskTwoTests          : ...
2026-05-14T16:45:50.751-05:00  INFO 84448 --- [           main] com.jpmc.midascore.TaskTwoTests          : ...
2026-05-14T16:46:10.769-05:00  INFO 84448 --- [           main] com.jpmc.midascore.TaskTwoTests          : ...
2026-05-14T16:46:31.057-05:00  INFO 84448 --- [           main] com.jpmc.midascore.TaskTwoTests          : ...
2026-05-14T16:46:51.128-05:00  INFO 84448 --- [           main] com.jpmc.midascore.TaskTwoTests          : ...
2026-05-14T16:47:11.134-05:00  INFO 84448 --- [           main] com.jpmc.midascore.TaskTwoTests          : ...
2026-05-14T16:47:31.140-05:00  INFO 84448 --- [           main] com.jpmc.midascore.TaskTwoTests          : ...
2026-05-14T16:47:51.148-05:00  INFO 84448 --- [           main] com.jpmc.midascore.TaskTwoTests          : ...
 84603 --- [           main] com.jpmc.midascore.TaskTwoTests          : ...
2026-05-14T16:38:51.596-05:00  INFO 84603 --- [           main] com.jpmc.midascore.TaskTwoTests          : ...
2026-05-14T16:39:11.599-05:00  INFO 84603 --- [           main] com.jpmc.midascore.TaskTwoTests          : ...
2026-05-14T16:39:31.841-05:00  INFO 84603 --- [           main] com.jpmc.midascore.TaskTwoTests          : ...
2026-05-14T16:39:51.853-05:00  INFO 84603 --- [           main] com.jpmc.midascore.TaskTwoTests          : ...
2026-05-14T16:40:11.859-05:00  INFO 84603 --- [           main] com.jpmc.midascore.TaskTwoTests          : ...
2026-05-14T16:40:31.882-05:00  INFO 84603 --- [           main] com.jpmc.midascore.TaskTwoTests          : ...
2026-05-14T16:40:51.885-05:00  INFO 84603 --- [           main] com.jpmc.midascore.TaskTwoTests          : ...
2026-05-14T16:41:11.889-05:00  INFO 84603 --- [           main] com.jpmc.midascore.TaskTwoTests          : ...
2026-05-14T16:41:31.896-05:00  INFO 84603 --- [           main] com.jpmc.midascore.TaskTwoTests          : ...
2026-05-14T16:41:51.905-05:00  INFO 84603 --- [           main] com.jpmc.midascore.TaskTwoTests          : ...
2026-05-14T16:42:11.916-05:00  INFO 84603 --- [           main] com.jpmc.midascore.TaskTwoTests          : ...
2026-05-14T16:42:31.941-05:00  INFO 84603 --- [           main] com.jpmc.midascore.TaskTwoTests          : ...
2026-05-14T16:42:52.127-05:00  INFO 84603 --- [           main] com.jpmc.midascore.TaskTwoTests          : ...
2026-05-14T16:43:12.628-05:00  INFO 84603 --- [           main] com.jpmc.midascore.TaskTwoTests          : ...
2026-05-14T16:43:32.651-05:00  INFO 84603 --- [           main] com.jpmc.midascore.TaskTwoTests          : ...
2026-05-14T16:43:52.656-05:00  INFO 84603 --- [           main] com.jpmc.midascore.TaskTwoTests          : ...
2026-05-14T16:44:12.660-05:00  INFO 84603 --- [           main] com.jpmc.midascore.TaskTwoTests          : ...
2026-05-14T16:44:32.672-05:00  INFO 84603 --- [           main] com.jpmc.midascore.TaskTwoTests          : ...
2026-05-14T16:44:52.678-05:00  INFO 84603 --- [           main] com.jpmc.midascore.TaskTwoTests          : ...
2026-05-14T16:45:12.685-05:00  INFO 84603 --- [           main] com.jpmc.midascore.TaskTwoTests          : ...
2026-05-14T16:45:32.691-05:00  INFO 84603 --- [           main] com.jpmc.midascore.TaskTwoTests          : ...
2026-05-14T16:45:52.725-05:00  INFO 84603 --- [           main] com.jpmc.midascore.TaskTwoTests          : ...
2026-05-14T16:46:12.754-05:00  INFO 84603 --- [           main] com.jpmc.midascore.TaskTwoTests          : ...
2026-05-14T16:46:32.761-05:00  INFO 84603 --- [           main] com.jpmc.midascore.TaskTwoTests          : ...
2026-05-14T16:46:52.778-05:00  INFO 84603 --- [           main] com.jpmc.midascore.TaskTwoTests          : ...
2026-05-14T16:47:12.811-05:00  INFO 84603 --- [           main] com.jpmc.midascore.TaskTwoTests          : ...
2026-05-14T16:47:32.814-05:00  INFO 84603 --- [           main] com.jpmc.midascore.TaskTwoTests          : ...
2026-05-14T16:47:52.823-05:00  INFO 84603 --- [           main] com.jpmc.midascore.TaskTwoTests          : ...
